
> gensparx@2026.2.4 test C:\Users\Shubham\OneDrive\Desktop\openclaw
> node scripts/test-parallel.mjs


[1m[46m RUN [49m[22m [36mv4.0.18 [39m[90mC:/Users/Shubham/OneDrive/Desktop/openclaw[39m


[1m[46m RUN [49m[22m [36mv4.0.18 [39m[90mC:/Users/Shubham/OneDrive/Desktop/openclaw[39m

 [32mΓ£ô[39m extensions/twitch/src/probe.test.ts [2m([22m[2m10 tests[22m[2m)[22m[32m 220[2mms[22m[39m
 [32mΓ£ô[39m extensions/lobster/src/lobster-tool.test.ts [2m([22m[2m9 tests[22m[2m)[22m[33m 1624[2mms[22m[39m
     [33m[2mΓ£ô[22m[39m runs lobster and returns parsed envelope in details [33m 342[2mms[22m[39m
     [33m[2mΓ£ô[22m[39m tolerates noisy stdout before the JSON envelope [33m 317[2mms[22m[39m
     [33m[2mΓ£ô[22m[39m uses pluginConfig.lobsterPath when provided [33m 343[2mms[22m[39m
     [33m[2mΓ£ô[22m[39m rejects invalid JSON from lobster [33m 604[2mms[22m[39m
 [32mΓ£ô[39m src/cli/update-cli.test.ts [2m([22m[2m20 tests[22m[2m)[22m[33m 2078[2mms[22m[39m
     [33m[2mΓ£ô[22m[39m exports updateCommand and registerUpdateCli [33m 1269[2mms[22m[39m
 [32mΓ£ô[39m extensions/matrix/src/matrix/send.test.ts [2m([22m[2m3 tests[22m[2m)[22m[33m 1793[2mms[22m[39m
 [32mΓ£ô[39m extensions/msteams/src/attachments.test.ts [2m([22m[2m19 tests[22m[2m)[22m[33m 708[2mms[22m[39m
       [33m[2mΓ£ô[22m[39m returns empty string when no attachments [33m 666[2mms[22m[39m
 [32mΓ£ô[39m src/commands/auth-choice.test.ts [2m([22m[2m13 tests[22m[2m)[22m[33m 326[2mms[22m[39m
[90mstdout[2m | src/telegram/send.returns-undefined-empty-input.test.ts[2m > [22m[2msendMessageTelegram[2m > [22m[2mpasses timeoutSeconds to grammY client when configured
[22m[39m[34m[telegram][39m [36mautoSelectFamily=false (default-node22)[39m

node.exe : [90mstderr[2m | 
src/telegram/send.returns-undefined-empty-input.test.ts[2m > 
[22m[2msendMessageTelegram[2m > [22m[2mfalls back to plain text when 
Telegram rejects HTML
At C:\Users\Shubham\AppData\Roaming\npm\pnpm.ps1:24 char:5
+     & "node$exe"  "$basedir/node_modules/pnpm/bin/pnpm.cjs" $args
+     ~~~~~~~~~~~~~~~~~~~~~~~~~~~~~~~~~~~~~~~~~~~~~~~~~~~~~~~~~~~~~
    + CategoryInfo          : NotSpecified: ([90mstderr[2m...am rejects 
HTML:String) [], RemoteException
    + FullyQualifiedErrorId : NativeCommandError
 
[22m[39m[34m[telegram][39m [31mmessage failed: 400: Bad Request: can't 
parse entities: Can't find end of the entity starting at byte offset 9[39m

[90mstderr[2m | src/telegram/send.returns-undefined-empty-input.test.ts[2m 
> [22m[2msendMessageTelegram[2m > [22m[2mfalls back to plain text when 
Telegram rejects HTML
[22m[39mtelegram HTML parse failed, retrying as plain text: 400: Bad 
Request: can't parse entities: Can't find end of the entity starting at byte 
offset 9

[90mstderr[2m | src/telegram/send.returns-undefined-empty-input.test.ts[2m 
> [22m[2msendMessageTelegram[2m > [22m[2mkeeps link_preview_options on 
plain-text fallback when disabled
[22m[39m[34m[telegram][39m [31mmessage failed: 400: Bad Request: can't 
parse entities: Can't find end of the entity starting at byte offset 9[39m

[90mstderr[2m | src/telegram/send.returns-undefined-empty-input.test.ts[2m 
> [22m[2msendMessageTelegram[2m > [22m[2mwraps chat-not-found with 
actionable context
[22m[39m[34m[telegram][39m [31mmessage failed: 400: Bad Request: chat not 
found[39m

[90mstderr[2m | src/telegram/send.returns-undefined-empty-input.test.ts[2m 
> [22m[2msendMessageTelegram[2m > [22m[2mwraps chat-not-found with 
actionable context
[22m[39m[34m[telegram][39m [31mmessage failed: 400: Bad Request: chat not 
found[39m

[90mstderr[2m | src/telegram/send.returns-undefined-empty-input.test.ts[2m 
> [22m[2msendMessageTelegram[2m > [22m[2mdoes not retry on non-transient 
errors
[22m[39m[34m[telegram][39m [31mmessage failed: 400: Bad Request[39m

 [32mΓ£ô[39m src/telegram/send.returns-undefined-empty-input.test.ts [2m([22m[2m31 tests[22m[2m)[22m[32m 167[2mms[22m[39m
 [32mΓ£ô[39m src/media-understanding/apply.test.ts [2m([22m[2m22 tests[22m[2m)[22m[33m 5701[2mms[22m[39m
     [33m[2mΓ£ô[22m[39m sets Transcript and replaces Body when audio transcription succeeds [33m 5566[2mms[22m[39m
 [32mΓ£ô[39m extensions/llm-task/src/llm-task-tool.test.ts [2m([22m[2m8 tests[22m[2m)[22m[32m 277[2mms[22m[39m
 [32mΓ£ô[39m src/infra/provider-usage.fetch.antigravity.test.ts [2m([22m[2m18 tests[22m[2m)[22m[32m 253[2mms[22m[39m
[90mstdout[2m | src/telegram/bot.test.ts[2m > [22m[2mcreateTelegramBot[2m > [22m[2minstalls grammY throttler
[22m[39m[34m[telegram][39m [36mautoSelectFamily=false (default-node22)[39m

 [32mΓ£ô[39m src/agents/openclaw-tools.sessions.test.ts [2m([22m[2m8 tests[22m[2m)[22m[32m 99[2mms[22m[39m
[90mstdout[2m | src/telegram/bot.media.downloads-media-file-path-no-file-download.test.ts[2m > [22m[2mtelegram inbound media[2m > [22m[2mdownloads media via file_path (no file.download)
[22m[39m[34m[telegram][39m [36mautoSelectFamily=false (default-node22)[39m

 [32mΓ£ô[39m src/discord/monitor.tool-result.accepts-guild-messages-mentionpatterns-match.test.ts [2m([22m[2m7 tests[22m[2m)[22m[33m 17713[2mms[22m[39m
     [33m[2mΓ£ô[22m[39m accepts guild messages when mentionPatterns match [33m 17585[2mms[22m[39m
 [32mΓ£ô[39m src/discord/monitor.test.ts [2m([22m[2m40 tests[22m[2m)[22m[32m 52[2mms[22m[39m
[90mstderr[2m | src/agents/pi-embedded-runner.run-embedded-pi-agent.auth-prof
ile-rotation.test.ts[2m > [22m[2mrunEmbeddedPiAgent auth profile 
rotation[2m > [22m[2mrotates for auto-pinned profiles
[22m[39m[33m[agent/embedded][39m [33mlow context window: openai/mock-1 
ctx=16000 (warn<32000) source=modelsConfig[39m

 [32mΓ£ô[39m src/infra/heartbeat-runner.returns-default-unset.test.ts [2m([22m[2m32 tests[22m[2m)[22m[33m 544[2mms[22m[39m
[90mstderr[2m | src/agents/pi-embedded-runner.run-embedded-pi-agent.auth-prof
ile-rotation.test.ts[2m > [22m[2mrunEmbeddedPiAgent auth profile 
rotation[2m > [22m[2mdoes not rotate for user-pinned profiles
[22m[39m[33m[agent/embedded][39m [33mlow context window: openai/mock-1 
ctx=16000 (warn<32000) source=modelsConfig[39m

[90mstderr[2m | src/agents/pi-embedded-runner.run-embedded-pi-agent.auth-prof
ile-rotation.test.ts[2m > [22m[2mrunEmbeddedPiAgent auth profile 
rotation[2m > [22m[2mhonors user-pinned profiles even when in cooldown
[22m[39m[33m[agent/embedded][39m [33mlow context window: openai/mock-1 
ctx=16000 (warn<32000) source=modelsConfig[39m

[90mstderr[2m | src/agents/pi-embedded-runner.run-embedded-pi-agent.auth-prof
ile-rotation.test.ts[2m > [22m[2mrunEmbeddedPiAgent auth profile 
rotation[2m > [22m[2mignores user-locked profile when provider mismatches
[22m[39m[33m[agent/embedded][39m [33mlow context window: openai/mock-1 
ctx=16000 (warn<32000) source=modelsConfig[39m

 [32mΓ£ô[39m src/telegram/bot.media.downloads-media-file-path-no-file-download.test.ts [2m([22m[2m10 tests[22m[2m)[22m[33m 19304[2mms[22m[39m
     [33m[2mΓ£ô[22m[39m downloads media via file_path (no file.download) [33m 17124[2mms[22m[39m
     [33m[2mΓ£ô[22m[39m buffers messages with same media_group_id and processes them together [33m 342[2mms[22m[39m
[90mstderr[2m | src/agents/pi-embedded-runner.run-embedded-pi-agent.auth-prof
ile-rotation.test.ts[2m > [22m[2mrunEmbeddedPiAgent auth profile 
rotation[2m > [22m[2mskips profiles in cooldown during initial selection
[22m[39m[33m[agent/embedded][39m [33mlow context window: openai/mock-1 
ctx=16000 (warn<32000) source=modelsConfig[39m

[90mstderr[2m | src/agents/pi-embedded-runner.run-embedded-pi-agent.auth-prof
ile-rotation.test.ts[2m > [22m[2mrunEmbeddedPiAgent auth profile 
rotation[2m > [22m[2mfails over when all profiles are in cooldown and 
fallbacks are configured
[22m[39m[33m[agent/embedded][39m [33mlow context window: openai/mock-1 
ctx=16000 (warn<32000) source=modelsConfig[39m

[90mstderr[2m | src/agents/pi-embedded-runner.run-embedded-pi-agent.auth-prof
ile-rotation.test.ts[2m > [22m[2mrunEmbeddedPiAgent auth profile 
rotation[2m > [22m[2mfails over when all profiles are in cooldown and 
fallbacks are configured
[22m[39m[31m[diagnostic][39m [31mlane task error: lane=main durationMs=0 
error="FailoverError: No available auth profile for openai (all in cooldown or 
unavailable)."[39m

[90mstderr[2m | src/agents/pi-embedded-runner.run-embedded-pi-agent.auth-prof
ile-rotation.test.ts[2m > [22m[2mrunEmbeddedPiAgent auth profile 
rotation[2m > [22m[2mfails over when all profiles are in cooldown and 
fallbacks are configured
[22m[39m[31m[diagnostic][39m [31mlane task error: 
lane=session:agent:test:cooldown-failover durationMs=0 error="FailoverError: 
No available auth profile for openai (all in cooldown or unavailable)."[39m

 [32mΓ£ô[39m src/security/audit.test.ts [2m([22m[2m40 tests[22m[2m)[22m[33m 977[2mms[22m[39m
     [33m[2mΓ£ô[22m[39m flags group/world-readable config include files [33m 351[2mms[22m[39m
[90mstderr[2m | src/agents/pi-embedded-runner.run-embedded-pi-agent.auth-prof
ile-rotation.test.ts[2m > [22m[2mrunEmbeddedPiAgent auth profile 
rotation[2m > [22m[2mfails over when auth is unavailable and fallbacks are 
configured
[22m[39m[33m[agent/embedded][39m [33mlow context window: openai/mock-1 
ctx=16000 (warn<32000) source=modelsConfig[39m

[90mstderr[2m | src/agents/pi-embedded-runner.run-embedded-pi-agent.auth-prof
ile-rotation.test.ts[2m > [22m[2mrunEmbeddedPiAgent auth profile 
rotation[2m > [22m[2mfails over when auth is unavailable and fallbacks are 
configured
[22m[39m[31m[diagnostic][39m [31mlane task error: lane=main durationMs=39 
error="FailoverError: No API key found for provider "openai". Auth store: 
C:\Users\Shubham\AppData\Local\Temp\openclaw-agent-nCfTVw\auth-profiles.json 
(agentDir: C:\Users\Shubham\AppData\Local\Temp\openclaw-agent-nCfTVw). 
Configure auth for this agent (openclaw agents add <id>) or copy 
auth-profiles.json from the main agentDir."[39m

[90mstderr[2m | src/agents/pi-embedded-runner.run-embedded-pi-agent.auth-prof
ile-rotation.test.ts[2m > [22m[2mrunEmbeddedPiAgent auth profile 
rotation[2m > [22m[2mfails over when auth is unavailable and fallbacks are 
configured
[22m[39m[31m[diagnostic][39m [31mlane task error: 
lane=session:agent:test:auth-unavailable durationMs=47 error="FailoverError: 
No API key found for provider "openai". Auth store: 
C:\Users\Shubham\AppData\Local\Temp\openclaw-agent-nCfTVw\auth-profiles.json 
(agentDir: C:\Users\Shubham\AppData\Local\Temp\openclaw-agent-nCfTVw). 
Configure auth for this agent (openclaw agents add <id>) or copy 
auth-profiles.json from the main agentDir."[39m

[90mstderr[2m | src/agents/pi-embedded-runner.run-embedded-pi-agent.auth-prof
ile-rotation.test.ts[2m > [22m[2mrunEmbeddedPiAgent auth profile 
rotation[2m > [22m[2mskips profiles in cooldown when rotating after failure
[22m[39m[33m[agent/embedded][39m [33mlow context window: openai/mock-1 
ctx=16000 (warn<32000) source=modelsConfig[39m

 [32mΓ£ô[39m src/agents/pi-embedded-runner.run-embedded-pi-agent.auth-profile-rotation.test.ts [2m([22m[2m8 tests[22m[2m)[22m[33m 10330[2mms[22m[39m
     [33m[2mΓ£ô[22m[39m honors user-pinned profiles even when in cooldown [33m 379[2mms[22m[39m
 [32mΓ£ô[39m src/infra/exec-approvals.test.ts [2m([22m[2m38 tests[22m[2m)[22m[32m 179[2mms[22m[39m
 [32mΓ£ô[39m src/telegram/bot.test.ts [2m([22m[2m81 tests[22m[2m)[22m[33m 3931[2mms[22m[39m
     [33m[2mΓ£ô[22m[39m routes DMs by telegram accountId binding [33m 357[2mms[22m[39m
     [33m[2mΓ£ô[22m[39m allows direct messages regardless of groupPolicy [33m 415[2mms[22m[39m
     [33m[2mΓ£ô[22m[39m dedupes duplicate message updates by update_id [33m 698[2mms[22m[39m
 [32mΓ£ô[39m src/tts/tts.test.ts [2m([22m[2m33 tests[22m[2m)[22m[32m 40[2mms[22m[39m
[90mstderr[2m | src/memory/manager.batch.test.ts[2m > [22m[2mmemory 
indexing with OpenAI batches[2m > [22m[2muses OpenAI batch uploads when 
enabled
[22m[39m[31m[memory][39m [33mfts unavailable: no such module: fts5[39m

[90mstderr[2m | src/memory/manager.batch.test.ts[2m > [22m[2mmemory 
indexing with OpenAI batches[2m > [22m[2muses OpenAI batch uploads when 
enabled
[22m[39m[31m[memory][39m [33mfts unavailable: no such module: fts5[39m

[90mstderr[2m | src/memory/manager.batch.test.ts[2m > [22m[2mmemory 
indexing with OpenAI batches[2m > [22m[2muses OpenAI batch uploads when 
enabled
[22m[39m[31m[memory][39m [33mfts unavailable: no such module: fts5[39m

[90mstderr[2m | src/memory/manager.batch.test.ts[2m > [22m[2mmemory 
indexing with OpenAI batches[2m > [22m[2mretries OpenAI batch create on 
transient failures
[22m[39m[31m[memory][39m [33mfts unavailable: no such module: fts5[39m

[90mstdout[2m | src/browser/server.covers-additional-endpoint-branches.test.ts[2m > [22m[2mbrowser control server[2m > [22m[2mcovers additional endpoint branches
[22m[39m[36m[browser/server][39m [36mBrowser control listening on http://127.0.0.1:62645/[39m

[90mstderr[2m | src/memory/manager.batch.test.ts[2m > [22m[2mmemory 
indexing with OpenAI batches[2m > [22m[2mretries OpenAI batch create on 
transient failures
[22m[39m[31m[memory][39m [33mfts unavailable: no such module: fts5[39m

[90mstderr[2m | src/memory/manager.batch.test.ts[2m > [22m[2mmemory 
indexing with OpenAI batches[2m > [22m[2mretries OpenAI batch create on 
transient failures
[22m[39m[31m[memory][39m [33mfts unavailable: no such module: fts5[39m

[90mstdout[2m | src/browser/server.covers-additional-endpoint-branches.test.ts[2m > [22m[2mbackward compatibility (profile parameter)[2m > [22m[2mGET / without profile uses default profile
[22m[39m[36m[browser/server][39m [36mBrowser control listening on http://127.0.0.1:62648/[39m

[90mstderr[2m | src/memory/manager.batch.test.ts[2m > [22m[2mmemory 
indexing with OpenAI batches[2m > [22m[2mfalls back to non-batch on failure 
and resets failures after success
[22m[39m[31m[memory][39m [33mfts unavailable: no such module: fts5[39m

[90mstderr[2m | src/memory/manager.batch.test.ts[2m > [22m[2mmemory 
indexing with OpenAI batches[2m > [22m[2mfalls back to non-batch on failure 
and resets failures after success
[22m[39m[31m[memory][39m [33mfts unavailable: no such module: fts5[39m

[90mstderr[2m | src/memory/manager.batch.test.ts[2m > [22m[2mmemory 
indexing with OpenAI batches[2m > [22m[2mfalls back to non-batch on failure 
and resets failures after success
[22m[39m[31m[memory][39m [33membeddings: openai batch failed (1/2); 
keeping batch enabled; falling back to non-batch embeddings: openai batch 
create failed: 500 batch failed[39m

[90mstderr[2m | src/memory/manager.batch.test.ts[2m > [22m[2mmemory 
indexing with OpenAI batches[2m > [22m[2mfalls back to non-batch on failure 
and resets failures after success
[22m[39m[31m[memory][39m [33mfts unavailable: no such module: fts5[39m

[90mstderr[2m | src/memory/manager.batch.test.ts[2m > [22m[2mmemory 
indexing with OpenAI batches[2m > [22m[2mfalls back to non-batch on failure 
and resets failures after success
[22m[39m[31m[memory][39m [33mfts unavailable: no such module: fts5[39m

[90mstderr[2m | src/memory/manager.batch.test.ts[2m > [22m[2mmemory 
indexing with OpenAI batches[2m > [22m[2mfalls back to non-batch on failure 
and resets failures after success
[22m[39m[31m[memory][39m [33mfts unavailable: no such module: fts5[39m

[90mstderr[2m | src/memory/manager.batch.test.ts[2m > [22m[2mmemory 
indexing with OpenAI batches[2m > [22m[2mdisables batch after repeated 
failures and skips batch thereafter
[22m[39m[31m[memory][39m [33mfts unavailable: no such module: fts5[39m

[90mstderr[2m | src/memory/manager.batch.test.ts[2m > [22m[2mmemory 
indexing with OpenAI batches[2m > [22m[2mdisables batch after repeated 
failures and skips batch thereafter
[22m[39m[31m[memory][39m [33mfts unavailable: no such module: fts5[39m

[90mstderr[2m | src/memory/manager.batch.test.ts[2m > [22m[2mmemory 
indexing with OpenAI batches[2m > [22m[2mdisables batch after repeated 
failures and skips batch thereafter
[22m[39m[31m[memory][39m [33membeddings: openai batch failed (1/2); 
keeping batch enabled; falling back to non-batch embeddings: openai batch 
create failed: 500 batch failed[39m

[90mstdout[2m | src/browser/server.covers-additional-endpoint-branches.test.ts[2m > [22m[2mbackward compatibility (profile parameter)[2m > [22m[2mPOST /start without profile uses default profile
[22m[39m[36m[browser/server][39m [36mBrowser control listening on http://127.0.0.1:62650/[39m

[90mstderr[2m | src/memory/manager.batch.test.ts[2m > [22m[2mmemory 
indexing with OpenAI batches[2m > [22m[2mdisables batch after repeated 
failures and skips batch thereafter
[22m[39m[31m[memory][39m [33mfts unavailable: no such module: fts5[39m

[90mstdout[2m | src/browser/server.covers-additional-endpoint-branches.test.ts[2m > [22m[2mbackward compatibility (profile parameter)[2m > [22m[2mPOST /stop without profile uses default profile
[22m[39m[36m[browser/server][39m [36mBrowser control listening on http://127.0.0.1:62652/[39m

[90mstdout[2m | src/browser/server.covers-additional-endpoint-branches.test.ts[2m > [22m[2mbackward compatibility (profile parameter)[2m > [22m[2mGET /tabs without profile uses default profile
[22m[39m[36m[browser/server][39m [36mBrowser control listening on http://127.0.0.1:62655/[39m

[90mstdout[2m | src/browser/server.covers-additional-endpoint-branches.test.ts[2m > [22m[2mbackward compatibility (profile parameter)[2m > [22m[2mPOST /tabs/open without profile uses default profile
[22m[39m[36m[browser/server][39m [36mBrowser control listening on http://127.0.0.1:62658/[39m

[90mstderr[2m | src/memory/manager.batch.test.ts[2m > [22m[2mmemory 
indexing with OpenAI batches[2m > [22m[2mdisables batch after repeated 
failures and skips batch thereafter
[22m[39m[31m[memory][39m [33mfts unavailable: no such module: fts5[39m

[90mstdout[2m | src/browser/server.covers-additional-endpoint-branches.test.ts[2m > [22m[2mbackward compatibility (profile parameter)[2m > [22m[2mGET /profiles returns list of profiles
[22m[39m[36m[browser/server][39m [36mBrowser control listening on http://127.0.0.1:62661/[39m

[90mstdout[2m | src/browser/server.covers-additional-endpoint-branches.test.ts[2m > [22m[2mbackward compatibility (profile parameter)[2m > [22m[2mGET /tabs?profile=openclaw returns tabs for specified profile
[22m[39m[36m[browser/server][39m [36mBrowser control listening on http://127.0.0.1:62663/[39m

[90mstderr[2m | src/memory/manager.batch.test.ts[2m > [22m[2mmemory 
indexing with OpenAI batches[2m > [22m[2mdisables batch after repeated 
failures and skips batch thereafter
[22m[39m[31m[memory][39m [33membeddings: openai batch failed (2/2); 
disabling batch; falling back to non-batch embeddings: openai batch create 
failed: 500 batch failed[39m

[90mstdout[2m | src/browser/server.covers-additional-endpoint-branches.test.ts[2m > [22m[2mbackward compatibility (profile parameter)[2m > [22m[2mPOST /tabs/open?profile=openclaw opens tab in specified profile
[22m[39m[36m[browser/server][39m [36mBrowser control listening on http://127.0.0.1:62666/[39m

[90mstderr[2m | src/memory/manager.batch.test.ts[2m > [22m[2mmemory 
indexing with OpenAI batches[2m > [22m[2mdisables batch after repeated 
failures and skips batch thereafter
[22m[39m[31m[memory][39m [33mfts unavailable: no such module: fts5[39m

[90mstdout[2m | src/browser/server.covers-additional-endpoint-branches.test.ts[2m > [22m[2mbackward compatibility (profile parameter)[2m > [22m[2mGET /tabs?profile=unknown returns 404
[22m[39m[36m[browser/server][39m [36mBrowser control listening on http://127.0.0.1:62669/[39m

 [32mΓ£ô[39m src/browser/server.covers-additional-endpoint-branches.test.ts [2m([22m[2m10 tests[22m[2m)[22m[33m 1407[2mms[22m[39m
     [33m[2mΓ£ô[22m[39m covers additional endpoint branches [33m 559[2mms[22m[39m
     [33m[2mΓ£ô[22m[39m GET / without profile uses default profile [33m 617[2mms[22m[39m
[90mstderr[2m | src/memory/manager.batch.test.ts[2m > [22m[2mmemory 
indexing with OpenAI batches[2m > [22m[2mdisables batch after repeated 
failures and skips batch thereafter
[22m[39m[31m[memory][39m [33mfts unavailable: no such module: fts5[39m

[90mstderr[2m | src/memory/manager.batch.test.ts[2m > [22m[2mmemory 
indexing with OpenAI batches[2m > [22m[2mdisables batch after repeated 
failures and skips batch thereafter
[22m[39m[31m[memory][39m [33mfts unavailable: no such module: fts5[39m

 [32mΓ£ô[39m src/memory/manager.batch.test.ts [2m([22m[2m4 tests[22m[2m)[22m[33m 1622[2mms[22m[39m
     [33m[2mΓ£ô[22m[39m uses OpenAI batch uploads when enabled [33m 374[2mms[22m[39m
     [33m[2mΓ£ô[22m[39m falls back to non-batch on failure and resets failures after success [33m 413[2mms[22m[39m
     [33m[2mΓ£ô[22m[39m disables batch after repeated failures and skips batch thereafter [33m 563[2mms[22m[39m
 [32mΓ£ô[39m src/agents/tools/web-tools.enabled-defaults.test.ts [2m([22m[2m21 tests[22m[2m)[22m[32m 48[2mms[22m[39m
 [32mΓ£ô[39m src/infra/outbound/message-action-runner.test.ts [2m([22m[2m24 tests[22m[2m)[22m[32m 281[2mms[22m[39m
[90mstdout[2m | src/infra/heartbeat-runner.respects-ackmaxchars-heartbeat-acks.test.ts[2m > [22m[2mresolveHeartbeatIntervalMs[2m > [22m[2mskips WhatsApp delivery when not linked or running
[22m[39m[36m[heartbeat][39m [36mchannel not ready[39m

[90mstdout[2m | src/infra/heartbeat-runner.respects-ackmaxchars-heartbeat-acks.test.ts[2m > [22m[2mresolveHeartbeatIntervalMs[2m > [22m[2muses explicit heartbeat accountId for telegram delivery
[22m[39m[36m[heartbeat][39m [36musing explicit accountId[39m

 [32mΓ£ô[39m src/infra/heartbeat-runner.respects-ackmaxchars-heartbeat-acks.test.ts [2m([22m[2m9 tests[22m[2m)[22m[33m 335[2mms[22m[39m
 [32mΓ£ô[39m src/agents/tools/discord-actions.test.ts [2m([22m[2m27 tests[22m[2m)[22m[32m 42[2mms[22m[39m
[90mstdout[2m | src/slack/monitor.tool-result.sends-tool-summaries-responseprefix.test.ts[2m > [22m[2mmonitorSlackProvider tool results[2m > [22m[2mskips tool summaries with responsePrefix
[22m[39mslack socket mode connected

[90mstdout[2m | src/slack/monitor.tool-result.sends-tool-summaries-responseprefix.test.ts[2m > [22m[2mmonitorSlackProvider tool results[2m > [22m[2mskips tool summaries with responsePrefix
[22m[39mdelivered reply to user:U1

[90mstdout[2m | src/slack/monitor.tool-result.sends-tool-summaries-responseprefix.test.ts[2m > [22m[2mmonitorSlackProvider tool results[2m > [22m[2mdrops events with mismatched api_app_id
[22m[39mslack socket mode connected

[90mstdout[2m | src/slack/monitor.tool-result.sends-tool-summaries-responseprefix.test.ts[2m > [22m[2mmonitorSlackProvider tool results[2m > [22m[2mdoes not derive responsePrefix from routed agent identity when unset
[22m[39mslack: groupPolicy defaults to "open" when channels.slack is missing; set channels.slack.groupPolicy (or channels.defaults.groupPolicy) or add channels.slack.channels to restrict access.

[90mstdout[2m | src/slack/monitor.tool-result.sends-tool-summaries-responseprefix.test.ts[2m > [22m[2mmonitorSlackProvider tool results[2m > [22m[2mdoes not derive responsePrefix from routed agent identity when unset
[22m[39mslack socket mode connected

[90mstdout[2m | src/slack/monitor.tool-result.sends-tool-summaries-responseprefix.test.ts[2m > [22m[2mmonitorSlackProvider tool results[2m > [22m[2mdoes not derive responsePrefix from routed agent identity when unset
[22m[39mdelivered reply to user:U1

[90mstdout[2m | src/slack/monitor.tool-result.sends-tool-summaries-responseprefix.test.ts[2m > [22m[2mmonitorSlackProvider tool results[2m > [22m[2mpreserves RawBody without injecting processed room history
[22m[39mslack socket mode connected

[90mstdout[2m | src/slack/monitor.tool-result.sends-tool-summaries-responseprefix.test.ts[2m > [22m[2mmonitorSlackProvider tool results[2m > [22m[2mscopes thread history to the thread by default
[22m[39mslack channels unresolved: C1
slack socket mode connected

[90mstdout[2m | src/slack/monitor.tool-result.sends-tool-summaries-responseprefix.test.ts[2m > [22m[2mmonitorSlackProvider tool results[2m > [22m[2mupdates assistant thread status when replies start
[22m[39mslack socket mode connected

[90mstdout[2m | src/slack/monitor.tool-result.sends-tool-summaries-responseprefix.test.ts[2m > [22m[2mmonitorSlackProvider tool results[2m > [22m[2mupdates assistant thread status when replies start
[22m[39mdelivered reply to user:U1

[90mstdout[2m | src/slack/monitor.tool-result.sends-tool-summaries-responseprefix.test.ts[2m > [22m[2mmonitorSlackProvider tool results[2m > [22m[2maccepts channel messages when mentionPatterns match
[22m[39mslack channels unresolved: C1
slack socket mode connected

[90mstdout[2m | src/slack/monitor.tool-result.sends-tool-summaries-responseprefix.test.ts[2m > [22m[2mmonitorSlackProvider tool results[2m > [22m[2maccepts channel messages when mentionPatterns match
[22m[39mdelivered reply to channel:C1

[90mstdout[2m | src/slack/monitor.tool-result.sends-tool-summaries-responseprefix.test.ts[2m > [22m[2mmonitorSlackProvider tool results[2m > [22m[2maccepts channel messages when mentionPatterns match even if another user is mentioned
[22m[39mslack channels unresolved: C1
slack socket mode connected

[90mstdout[2m | src/slack/monitor.tool-result.sends-tool-summaries-responseprefix.test.ts[2m > [22m[2mmonitorSlackProvider tool results[2m > [22m[2maccepts channel messages when mentionPatterns match even if another user is mentioned
[22m[39mdelivered reply to channel:C1

[90mstdout[2m | src/slack/monitor.tool-result.sends-tool-summaries-responseprefix.test.ts[2m > [22m[2mmonitorSlackProvider tool results[2m > [22m[2mtreats replies to bot threads as implicit mentions
[22m[39mslack channels unresolved: C1
slack socket mode connected

[90mstdout[2m | src/slack/monitor.tool-result.sends-tool-summaries-responseprefix.test.ts[2m > [22m[2mmonitorSlackProvider tool results[2m > [22m[2mtreats replies to bot threads as implicit mentions
[22m[39mdelivered reply to channel:C1

[90mstdout[2m | src/slack/monitor.tool-result.sends-tool-summaries-responseprefix.test.ts[2m > [22m[2mmonitorSlackProvider tool results[2m > [22m[2maccepts channel messages without mention when channels.slack.requireMention is false
[22m[39mslack socket mode connected

[90mstdout[2m | src/slack/monitor.tool-result.sends-tool-summaries-responseprefix.test.ts[2m > [22m[2mmonitorSlackProvider tool results[2m > [22m[2maccepts channel messages without mention when channels.slack.requireMention is false
[22m[39mdelivered reply to channel:C1

[90mstdout[2m | src/slack/monitor.tool-result.sends-tool-summaries-responseprefix.test.ts[2m > [22m[2mmonitorSlackProvider tool results[2m > [22m[2mtreats control commands as mentions for group bypass
[22m[39mslack socket mode connected

[90mstdout[2m | src/slack/monitor.tool-result.sends-tool-summaries-responseprefix.test.ts[2m > [22m[2mmonitorSlackProvider tool results[2m > [22m[2mtreats control commands as mentions for group bypass
[22m[39mdelivered reply to channel:C1

 [32mΓ£ô[39m src/config/config.legacy-config-detection.rejects-routing-allowfrom.test.ts [2m([22m[2m30 tests[22m[2m)[22m[33m 5722[2mms[22m[39m
[90mstdout[2m | src/slack/monitor.tool-result.sends-tool-summaries-responseprefix.test.ts[2m > [22m[2mmonitorSlackProvider tool results[2m > [22m[2mthreads replies when incoming message is in a thread
[22m[39mslack: groupPolicy defaults to "open" when channels.slack is missing; set channels.slack.groupPolicy (or channels.defaults.groupPolicy) or add channels.slack.channels to restrict access.

[90mstdout[2m | src/slack/monitor.tool-result.sends-tool-summaries-responseprefix.test.ts[2m > [22m[2mmonitorSlackProvider tool results[2m > [22m[2mthreads replies when incoming message is in a thread
[22m[39mslack socket mode connected

[90mstdout[2m | src/slack/monitor.tool-result.sends-tool-summaries-responseprefix.test.ts[2m > [22m[2mmonitorSlackProvider tool results[2m > [22m[2mthreads replies when incoming message is in a thread
[22m[39mdelivered reply to user:U1

 [32mΓ£ô[39m src/slack/monitor.tool-result.sends-tool-summaries-responseprefix.test.ts [2m([22m[2m12 tests[22m[2m)[22m[32m 285[2mms[22m[39m
 [32mΓ£ô[39m extensions/twitch/src/onboarding.test.ts [2m([22m[2m15 tests[22m[2m)[22m[33m 29788[2mms[22m[39m
       [33m[2mΓ£ô[22m[39m should return existing token when user confirms to keep it [33m 29769[2mms[22m[39m
 [32mΓ£ô[39m extensions/memory-lancedb/index.test.ts [2m([22m[2m7 tests[22m[2m | [22m[33m1 skipped[39m[2m)[22m[33m 29790[2mms[22m[39m
     [33m[2mΓ£ô[22m[39m memory plugin registers and initializes correctly [33m 29771[2mms[22m[39m
 [32mΓ£ô[39m extensions/nostr/src/nostr-profile.test.ts [2m([22m[2m31 tests[22m[2m)[22m[32m 178[2mms[22m[39m
 [32mΓ£ô[39m extensions/nostr/src/nostr-bus.fuzz.test.ts [2m([22m[2m76 tests[22m[2m)[22m[32m 74[2mms[22m[39m
 [32mΓ£ô[39m extensions/nostr/src/types.test.ts [2m([22m[2m12 tests[22m[2m)[22m[32m 155[2mms[22m[39m
 [32mΓ£ô[39m extensions/nostr/src/nostr-bus.test.ts [2m([22m[2m32 tests[22m[2m)[22m[32m 177[2mms[22m[39m
[90mstderr[2m | src/memory/index.test.ts[2m > [22m[2mmemory index[2m > 
[22m[2mindexes memory files and searches by vector
[22m[39m[31m[memory][39m [33mfts unavailable: no such module: fts5[39m

 [32mΓ£ô[39m extensions/nostr/src/nostr-profile.fuzz.test.ts [2m([22m[2m51 tests[22m[2m)[22m[33m 1183[2mms[22m[39m
     [33m[2mΓ£ô[22m[39m handles rapid sequential events with monotonic timestamps [33m 1030[2mms[22m[39m
[90mstderr[2m | src/memory/index.test.ts[2m > [22m[2mmemory index[2m > 
[22m[2mindexes memory files and searches by vector
[22m[39m[31m[memory][39m [33mfts unavailable: no such module: fts5[39m

[90mstderr[2m | src/memory/index.test.ts[2m > [22m[2mmemory index[2m > 
[22m[2mindexes memory files and searches by vector
[22m[39m[31m[memory][39m [33mfts unavailable: no such module: fts5[39m

[90mstderr[2m | src/memory/index.test.ts[2m > [22m[2mmemory index[2m > 
[22m[2mreindexes when the embedding model changes
[22m[39m[31m[memory][39m [33mfts unavailable: no such module: fts5[39m

[90mstderr[2m | src/memory/index.test.ts[2m > [22m[2mmemory index[2m > 
[22m[2mreindexes when the embedding model changes
[22m[39m[31m[memory][39m [33mfts unavailable: no such module: fts5[39m

[90mstderr[2m | src/memory/index.test.ts[2m > [22m[2mmemory index[2m > 
[22m[2mreindexes when the embedding model changes
[22m[39m[31m[memory][39m [33mfts unavailable: no such module: fts5[39m

[90mstderr[2m | src/memory/index.test.ts[2m > [22m[2mmemory index[2m > 
[22m[2mreindexes when the embedding model changes
[22m[39m[31m[memory][39m [33mfts unavailable: no such module: fts5[39m

[90mstderr[2m | src/memory/index.test.ts[2m > [22m[2mmemory index[2m > 
[22m[2mreindexes when the embedding model changes
[22m[39m[31m[memory][39m [33mfts unavailable: no such module: fts5[39m

[90mstderr[2m | src/memory/index.test.ts[2m > [22m[2mmemory index[2m > 
[22m[2mreindexes when the embedding model changes
[22m[39m[31m[memory][39m [33mfts unavailable: no such module: fts5[39m

[90mstderr[2m | src/memory/index.test.ts[2m > [22m[2mmemory index[2m > 
[22m[2mreuses cached embeddings on forced reindex
[22m[39m[31m[memory][39m [33mfts unavailable: no such module: fts5[39m

[90mstderr[2m | src/memory/index.test.ts[2m > [22m[2mmemory index[2m > 
[22m[2mreuses cached embeddings on forced reindex
[22m[39m[31m[memory][39m [33mfts unavailable: no such module: fts5[39m

[90mstderr[2m | src/memory/index.test.ts[2m > [22m[2mmemory index[2m > 
[22m[2mreuses cached embeddings on forced reindex
[22m[39m[31m[memory][39m [33mfts unavailable: no such module: fts5[39m

[90mstderr[2m | src/memory/index.test.ts[2m > [22m[2mmemory index[2m > 
[22m[2mreuses cached embeddings on forced reindex
[22m[39m[31m[memory][39m [33mfts unavailable: no such module: fts5[39m

[90mstderr[2m | src/memory/index.test.ts[2m > [22m[2mmemory index[2m > 
[22m[2mreuses cached embeddings on forced reindex
[22m[39m[31m[memory][39m [33mfts unavailable: no such module: fts5[39m

[90mstderr[2m | src/memory/index.test.ts[2m > [22m[2mmemory index[2m > 
[22m[2mpreserves existing index when forced reindex fails
[22m[39m[31m[memory][39m [33mfts unavailable: no such module: fts5[39m

[90mstderr[2m | src/memory/index.test.ts[2m > [22m[2mmemory index[2m > 
[22m[2mpreserves existing index when forced reindex fails
[22m[39m[31m[memory][39m [33mfts unavailable: no such module: fts5[39m

[90mstderr[2m | src/memory/index.test.ts[2m > [22m[2mmemory index[2m > 
[22m[2mpreserves existing index when forced reindex fails
[22m[39m[31m[memory][39m [33mfts unavailable: no such module: fts5[39m

[90mstderr[2m | src/memory/index.test.ts[2m > [22m[2mmemory index[2m > 
[22m[2mpreserves existing index when forced reindex fails
[22m[39m[31m[memory][39m [33mfts unavailable: no such module: fts5[39m

[90mstderr[2m | src/memory/index.test.ts[2m > [22m[2mmemory index[2m > 
[22m[2mfinds keyword matches via hybrid search when query embedding is zero
[22m[39m[31m[memory][39m [33mfts unavailable: no such module: fts5[39m

[90mstderr[2m | src/memory/index.test.ts[2m > [22m[2mmemory index[2m > 
[22m[2mhybrid weights can favor vector-only matches over keyword-only matches
[22m[39m[31m[memory][39m [33mfts unavailable: no such module: fts5[39m

[90mstderr[2m | src/memory/index.test.ts[2m > [22m[2mmemory index[2m > 
[22m[2mhybrid weights can favor keyword matches when text weight dominates
[22m[39m[31m[memory][39m [33mfts unavailable: no such module: fts5[39m

[90mstderr[2m | src/memory/index.test.ts[2m > [22m[2mmemory index[2m > 
[22m[2mreports vector availability after probe
[22m[39m[31m[memory][39m [33mfts unavailable: no such module: fts5[39m

[90mstderr[2m | extensions/bluebubbles/src/monitor.test.ts[2m > 
[22m[2mBlueBubbles webhook monitor[2m > [22m[2mwebhook parsing + auth 
handling[2m > [22m[2mrejects requests with invalid JSON
[22m[39m[bluebubbles] webhook rejected: invalid json

[90mstderr[2m | extensions/bluebubbles/src/monitor.test.ts[2m > 
[22m[2mBlueBubbles webhook monitor[2m > [22m[2mwebhook parsing + auth 
handling[2m > [22m[2mrejects unauthorized requests with wrong password
[22m[39m[bluebubbles] webhook rejected: unauthorized guid=wr***en

[90mstderr[2m | src/memory/index.test.ts[2m > [22m[2mmemory index[2m > 
[22m[2mrejects reading non-memory paths
[22m[39m[31m[memory][39m [33mfts unavailable: no such module: fts5[39m

[90mstderr[2m | src/memory/index.test.ts[2m > [22m[2mmemory index[2m > 
[22m[2mallows reading from additional memory paths and blocks symlinks
[22m[39m[31m[memory][39m [33mfts unavailable: no such module: fts5[39m

 [32mΓ£ô[39m src/memory/index.test.ts [2m([22m[2m10 tests[22m[2m)[22m[33m 2055[2mms[22m[39m
     [33m[2mΓ£ô[22m[39m indexes memory files and searches by vector [33m 347[2mms[22m[39m
     [33m[2mΓ£ô[22m[39m reindexes when the embedding model changes [33m 449[2mms[22m[39m
     [33m[2mΓ£ô[22m[39m reuses cached embeddings on forced reindex [33m 414[2mms[22m[39m
 [32mΓ£ô[39m src/agents/pi-tools.create-openclaw-coding-tools.adds-claude-style-aliases-schemas-without-dropping.test.ts [2m([22m[2m21 tests[22m[2m)[22m[32m 76[2mms[22m[39m
 [32mΓ£ô[39m extensions/bluebubbles/src/monitor.test.ts [2m([22m[2m50 tests[22m[2m)[22m[33m 362[2mms[22m[39m
 [32mΓ£ô[39m src/discord/monitor.tool-result.sends-status-replies-responseprefix.test.ts [2m([22m[2m6 tests[22m[2m)[22m[32m 266[2mms[22m[39m
 [32mΓ£ô[39m extensions/google-gemini-cli-auth/oauth.test.ts [2m([22m[2m5 tests[22m[2m)[22m[32m 122[2mms[22m[39m
 [32mΓ£ô[39m extensions/msteams/src/conversation-store-fs.test.ts [2m([22m[2m1 test[22m[2m)[22m[32m 40[2mms[22m[39m
 [32mΓ£ô[39m extensions/voice-call/src/media-stream.test.ts [2m([22m[2m2 tests[22m[2m)[22m[32m 34[2mms[22m[39m
[90mstderr[2m | extensions/voice-call/src/webhook-security.test.ts[2m > 
[22m[2mverifyTwilioWebhook[2m > [22m[2mallows invalid signatures for 
ngrok free tier only on loopback
[22m[39m[voice-call] Twilio signature validation failed (ngrok free tier 
compatibility, loopback only)

 [32mΓ£ô[39m extensions/voice-call/src/webhook-security.test.ts [2m([22m[2m11 tests[22m[2m)[22m[32m 46[2mms[22m[39m
[90mstdout[2m | src/signal/monitor.tool-result.sends-tool-summaries-responseprefix.test.ts[2m > [22m[2mmonitorSignalProvider tool results[2m > [22m[2mskips tool summaries with responsePrefix
[22m[39mdelivered reply to signal:+15550001111

[90mstdout[2m | src/signal/monitor.tool-result.sends-tool-summaries-responseprefix.test.ts[2m > [22m[2mmonitorSignalProvider tool results[2m > [22m[2mprocesses messages when reaction metadata is present
[22m[39mdelivered reply to signal:+15550001111

 [32mΓ£ô[39m src/signal/monitor.tool-result.sends-tool-summaries-responseprefix.test.ts [2m([22m[2m11 tests[22m[2m)[22m[33m 306[2mms[22m[39m
 [32mΓ£ô[39m extensions/nostr/src/nostr-state-store.test.ts [2m([22m[2m7 tests[22m[2m)[22m[32m 38[2mms[22m[39m
 [32mΓ£ô[39m src/memory/embeddings.test.ts [2m([22m[2m12 tests[22m[2m)[22m[32m 155[2mms[22m[39m
 [32mΓ£ô[39m extensions/twitch/src/twitch-client.test.ts [2m([22m[2m30 tests[22m[2m)[22m[32m 42[2mms[22m[39m
[90mstdout[2m | src/web/auto-reply.web-auto-reply.requires-mention-group-chats-injects-history-replying.test.ts[2m > [22m[2mweb auto-reply[2m > [22m[2mrequires mention in group chats and injects history when replying
[22m[39m[35m[whatsapp][39m [36mListening for personal WhatsApp inbound messages.[39m

 [32mΓ£ô[39m extensions/bluebubbles/src/send.test.ts [2m([22m[2m30 tests[22m[2m)[22m[32m 46[2mms[22m[39m
[90mstdout[2m | src/web/auto-reply.web-auto-reply.requires-mention-group-chats-injects-history-replying.test.ts[2m > [22m[2mweb auto-reply[2m > [22m[2mrequires mention in group chats and injects history when replying
[22m[39m[35m[whatsapp][39m [36mInbound message 123@g.us -> +2 (group, 193 chars)[39m

[90mstdout[2m | src/web/auto-reply.web-auto-reply.requires-mention-group-chats-injects-history-replying.test.ts[2m > [22m[2mweb auto-reply[2m > [22m[2mrequires mention in group chats and injects history when replying
[22m[39m[35m[whatsapp][39m [36mAuto-replied to 123@g.us[39m

[90mstdout[2m | src/web/auto-reply.web-auto-reply.requires-mention-group-chats-injects-history-replying.test.ts[2m > [22m[2mweb auto-reply[2m > [22m[2mbypasses mention gating for owner /new in group chats
[22m[39m[35m[whatsapp][39m [36mListening for personal WhatsApp inbound messages.[39m

[90mstdout[2m | src/web/auto-reply.web-auto-reply.requires-mention-group-chats-injects-history-replying.test.ts[2m > [22m[2mweb auto-reply[2m > [22m[2mbypasses mention gating for owner /new in group chats
[22m[39m[35m[whatsapp][39m [36mInbound message 123@g.us -> +2 (group, 38 chars)[39m

[90mstdout[2m | src/web/auto-reply.web-auto-reply.requires-mention-group-chats-injects-history-replying.test.ts[2m > [22m[2mweb auto-reply[2m > [22m[2mbypasses mention gating for owner /new in group chats
[22m[39m[35m[whatsapp][39m [36mAuto-replied to 123@g.us[39m

[90mstdout[2m | src/web/auto-reply.web-auto-reply.requires-mention-group-chats-injects-history-replying.test.ts[2m > [22m[2mweb auto-reply[2m > [22m[2mdoes not bypass mention gating for non-owner /new in group chats
[22m[39m[35m[whatsapp][39m [36mListening for personal WhatsApp inbound messages.[39m

[90mstdout[2m | src/web/auto-reply.web-auto-reply.requires-mention-group-chats-injects-history-replying.test.ts[2m > [22m[2mweb auto-reply[2m > [22m[2mbypasses mention gating for owner /status in group chats
[22m[39m[35m[whatsapp][39m [36mListening for personal WhatsApp inbound messages.[39m

[90mstdout[2m | src/web/auto-reply.web-auto-reply.requires-mention-group-chats-injects-history-replying.test.ts[2m > [22m[2mweb auto-reply[2m > [22m[2mbypasses mention gating for owner /status in group chats
[22m[39m[35m[whatsapp][39m [36mInbound message 123@g.us -> +2 (group, 41 chars)[39m

[90mstdout[2m | src/web/auto-reply.web-auto-reply.requires-mention-group-chats-injects-history-replying.test.ts[2m > [22m[2mweb auto-reply[2m > [22m[2mbypasses mention gating for owner /status in group chats
[22m[39m[35m[whatsapp][39m [36mAuto-replied to 123@g.us[39m

[90mstdout[2m | src/web/auto-reply.web-auto-reply.requires-mention-group-chats-injects-history-replying.test.ts[2m > [22m[2mweb auto-reply[2m > [22m[2mpasses conversation id through as From for group replies
[22m[39m[35m[whatsapp][39m [36mListening for personal WhatsApp inbound messages.[39m

[90mstdout[2m | src/web/auto-reply.web-auto-reply.requires-mention-group-chats-injects-history-replying.test.ts[2m > [22m[2mweb auto-reply[2m > [22m[2mpasses conversation id through as From for group replies
[22m[39m[35m[whatsapp][39m [36mInbound message 123@g.us -> +2 (group, 41 chars)[39m

[90mstdout[2m | src/web/auto-reply.web-auto-reply.requires-mention-group-chats-injects-history-replying.test.ts[2m > [22m[2mweb auto-reply[2m > [22m[2mpasses conversation id through as From for group replies
[22m[39m[35m[whatsapp][39m [36mAuto-replied to 123@g.us[39m

[90mstdout[2m | src/web/auto-reply.web-auto-reply.requires-mention-group-chats-injects-history-replying.test.ts[2m > [22m[2mweb auto-reply[2m > [22m[2mdetects LID mentions using authDir mapping
[22m[39m[35m[whatsapp][39m [36mListening for personal WhatsApp inbound messages.[39m

[90mstdout[2m | src/web/auto-reply.web-auto-reply.requires-mention-group-chats-injects-history-replying.test.ts[2m > [22m[2mweb auto-reply[2m > [22m[2mdetects LID mentions using authDir mapping
[22m[39m[35m[whatsapp][39m [36mInbound message 123@g.us -> +2 (group, 193 chars)[39m

 [32mΓ£ô[39m extensions/msteams/src/polls.test.ts [2m([22m[2m3 tests[22m[2m)[22m[32m 40[2mms[22m[39m
[90mstdout[2m | src/web/auto-reply.web-auto-reply.requires-mention-group-chats-injects-history-replying.test.ts[2m > [22m[2mweb auto-reply[2m > [22m[2mdetects LID mentions using authDir mapping
[22m[39m[35m[whatsapp][39m [36mAuto-replied to 123@g.us[39m

[90mstdout[2m | extensions/voice-call/src/manager.test.ts[2m > [22m[2mCallManager[2m > [22m[2mupgrades providerCallId mapping when provider ID changes
[22m[39m[voice-call] Starting max duration timer (300s) for call 0f9d972c-7ec8-48bf-8bf5-875d1283353f

[90mstdout[2m | extensions/voice-call/src/manager.test.ts[2m > [22m[2mCallManager[2m > [22m[2mspeaks initial message on answered for notify mode (non-Twilio)
[22m[39m[voice-call] Using inline TwiML for notify mode (voice: Polly.Joanna)

[90mstdout[2m | extensions/voice-call/src/manager.test.ts[2m > [22m[2mCallManager[2m > [22m[2mspeaks initial message on answered for notify mode (non-Twilio)
[22m[39m[voice-call] Starting max duration timer (300s) for call ecd8f137-1773-4fbd-b83f-63a2a9cd5665
[voice-call] Speaking initial message for call ecd8f137-1773-4fbd-b83f-63a2a9cd5665 (mode: notify)

[90mstdout[2m | extensions/voice-call/src/manager.test.ts[2m > [22m[2mCallManager[2m > [22m[2mspeaks initial message on answered for notify mode (non-Twilio)
[22m[39m[voice-call] Notify mode: auto-hangup in 3s for call ecd8f137-1773-4fbd-b83f-63a2a9cd5665

[90mstdout[2m | extensions/voice-call/src/manager.test.ts[2m > [22m[2mCallManager[2m > [22m[2mrejects inbound calls with missing caller ID when allowlist enabled
[22m[39m[voice-call] Inbound call rejected: missing caller ID

[90mstdout[2m | extensions/voice-call/src/manager.test.ts[2m > [22m[2mCallManager[2m > [22m[2mrejects inbound calls with anonymous caller ID when allowlist enabled
[22m[39m[voice-call] Inbound call rejected: missing caller ID

[90mstdout[2m | extensions/voice-call/src/manager.test.ts[2m > [22m[2mCallManager[2m > [22m[2mrejects inbound calls that only match allowlist suffixes
[22m[39m[voice-call] Inbound call rejected: +99915550001234 not in allowlist

[90mstdout[2m | extensions/voice-call/src/manager.test.ts[2m > [22m[2mCallManager[2m > [22m[2maccepts inbound calls that exactly match the allowlist
[22m[39m[voice-call] Inbound call accepted: +15550001234 is in allowlist
[voice-call] Created inbound call record: f77f02f1-f3f1-4527-92f9-71c841b67e21 from +15550001234

 [32mΓ£ô[39m extensions/voice-call/src/manager.test.ts [2m([22m[2m6 tests[22m[2m)[22m[32m 35[2mms[22m[39m
[90mstdout[2m | src/web/auto-reply.web-auto-reply.requires-mention-group-chats-injects-history-replying.test.ts[2m > [22m[2mweb auto-reply[2m > [22m[2mderives self E.164 from LID selfJid for mention gating
[22m[39m[35m[whatsapp][39m [36mListening for personal WhatsApp inbound messages.[39m

[90mstdout[2m | src/web/auto-reply.web-auto-reply.requires-mention-group-chats-injects-history-replying.test.ts[2m > [22m[2mweb auto-reply[2m > [22m[2mderives self E.164 from LID selfJid for mention gating
[22m[39m[35m[whatsapp][39m [36mInbound message 123@g.us -> +2 (group, 42 chars)[39m

[90mstdout[2m | src/web/auto-reply.web-auto-reply.requires-mention-group-chats-injects-history-replying.test.ts[2m > [22m[2mweb auto-reply[2m > [22m[2mderives self E.164 from LID selfJid for mention gating
[22m[39m[35m[whatsapp][39m [36mAuto-replied to 123@g.us[39m

[90mstdout[2m | src/web/auto-reply.web-auto-reply.requires-mention-group-chats-injects-history-replying.test.ts[2m > [22m[2mweb auto-reply[2m > [22m[2msets OriginatingTo to the sender for queued routing
[22m[39m[35m[whatsapp][39m [36mListening for personal WhatsApp inbound messages.[39m

[90mstdout[2m | src/web/auto-reply.web-auto-reply.requires-mention-group-chats-injects-history-replying.test.ts[2m > [22m[2mweb auto-reply[2m > [22m[2msets OriginatingTo to the sender for queued routing
[22m[39m[35m[whatsapp][39m [36mInbound message +15551234567 -> +19998887777 (undefined, 29 chars)[39m

[90mstdout[2m | src/web/auto-reply.web-auto-reply.requires-mention-group-chats-injects-history-replying.test.ts[2m > [22m[2mweb auto-reply[2m > [22m[2msets OriginatingTo to the sender for queued routing
[22m[39m[35m[whatsapp][39m [36mAuto-replied to +15551234567[39m

 [32mΓ£ô[39m src/web/auto-reply.web-auto-reply.requires-mention-group-chats-injects-history-replying.test.ts [2m([22m[2m8 tests[22m[2m)[22m[33m 854[2mms[22m[39m
 [32mΓ£ô[39m src/auto-reply/reply/commands.test.ts [2m([22m[2m21 tests[22m[2m)[22m[32m 242[2mms[22m[39m
 [32mΓ£ô[39m src/agents/pi-extensions/context-pruning.test.ts [2m([22m[2m11 tests[22m[2m)[22m[32m 18[2mms[22m[39m
 [32mΓ£ô[39m extensions/tlon/src/urbit/send.test.ts [2m([22m[2m1 test[22m[2m)[22m[32m 42[2mms[22m[39m
 [32mΓ£ô[39m src/auto-reply/reply/session.test.ts [2m([22m[2m14 tests[22m[2m)[22m[32m 267[2mms[22m[39m
 [32mΓ£ô[39m extensions/bluebubbles/src/actions.test.ts [2m([22m[2m27 tests[22m[2m)[22m[32m 53[2mms[22m[39m
 [31mΓ¥»[39m src/agents/system-prompt.test.ts [2m([22m[2m30 tests[22m[2m | [22m[31m2 failed[39m[2m)[22m[32m 69[2mms[22m[39m
     [32mΓ£ô[39m includes owner numbers when provided[32m 5[2mms[22m[39m
     [32mΓ£ô[39m omits owner section when numbers are missing[32m 1[2mms[22m[39m
     [32mΓ£ô[39m omits extended sections in minimal prompt mode[32m 2[2mms[22m[39m
     [32mΓ£ô[39m includes safety guardrails in full prompts[32m 1[2mms[22m[39m
     [32mΓ£ô[39m includes voice hint when provided[32m 1[2mms[22m[39m
     [32mΓ£ô[39m adds reasoning tag hint when enabled[32m 0[2mms[22m[39m
[31m     [31m├ù[31m includes a CLI quick reference section[39m[32m 25[2mms[22m[39m
     [32mΓ£ô[39m lists available tools when provided[32m 1[2mms[22m[39m
     [32mΓ£ô[39m preserves tool casing in the prompt[32m 1[2mms[22m[39m
     [32mΓ£ô[39m includes docs guidance when docsPath is provided[32m 1[2mms[22m[39m
     [32mΓ£ô[39m includes workspace notes when provided[32m 0[2mms[22m[39m
     [32mΓ£ô[39m includes user timezone when provided (12-hour)[32m 0[2mms[22m[39m
     [32mΓ£ô[39m includes user timezone when provided (24-hour)[32m 0[2mms[22m[39m
     [32mΓ£ô[39m shows timezone when only timezone is provided[32m 0[2mms[22m[39m
     [32mΓ£ô[39m hints to use session_status for current date/time[32m 0[2mms[22m[39m
     [32mΓ£ô[39m does NOT include a date or time in the system prompt (cache stability)[32m 0[2mms[22m[39m
     [32mΓ£ô[39m includes model alias guidance when aliases are provided[32m 0[2mms[22m[39m
[31m     [31m├ù[31m adds ClaudeBot self-update guidance when gateway tool is available[39m[32m 19[2mms[22m[39m
     [32mΓ£ô[39m includes skills guidance when skills prompt is present[32m 0[2mms[22m[39m
     [32mΓ£ô[39m appends available skills when provided[32m 0[2mms[22m[39m
     [32mΓ£ô[39m omits skills section when no skills prompt is provided[32m 0[2mms[22m[39m
     [32mΓ£ô[39m renders project context files when provided[32m 0[2mms[22m[39m
     [32mΓ£ô[39m adds SOUL guidance when a soul file is present[32m 0[2mms[22m[39m
     [32mΓ£ô[39m summarizes the message tool when available[32m 0[2mms[22m[39m
     [32mΓ£ô[39m includes runtime provider capabilities when present[32m 0[2mms[22m[39m
     [32mΓ£ô[39m includes agent id in runtime when provided[32m 0[2mms[22m[39m
     [32mΓ£ô[39m includes reasoning visibility hint[32m 0[2mms[22m[39m
     [32mΓ£ô[39m builds runtime line with agent and channel details[32m 1[2mms[22m[39m
     [32mΓ£ô[39m describes sandboxed runtime and elevated when allowed[32m 0[2mms[22m[39m
     [32mΓ£ô[39m includes reaction guidance when provided[32m 0[2mms[22m[39m
 [32mΓ£ô[39m extensions/zalo/src/monitor.webhook.test.ts [2m([22m[2m1 test[22m[2m)[22m[32m 57[2mms[22m[39m
 [32mΓ£ô[39m src/commands/status.test.ts [2m([22m[2m5 tests[22m[2m)[22m[32m 272[2mms[22m[39m
 [32mΓ£ô[39m extensions/nostr/src/nostr-profile-http.test.ts [2m([22m[2m12 tests[22m[2m)[22m[32m 37[2mms[22m[39m
 [32mΓ£ô[39m extensions/bluebubbles/src/chat.test.ts [2m([22m[2m31 tests[22m[2m)[22m[32m 39[2mms[22m[39m
 [32mΓ£ô[39m extensions/msteams/src/polls-store.test.ts [2m([22m[2m2 tests[22m[2m)[22m[32m 32[2mms[22m[39m
[90mstdout[2m | src/browser/server.post-tabs-open-profile-unknown-returns-404.test.ts[2m > [22m[2mbrowser control server[2m > [22m[2mPOST /tabs/open?profile=unknown returns 404
[22m[39m[36m[browser/server][39m [36mBrowser control listening on http://127.0.0.1:62686/[39m

[90mstdout[2m | src/browser/server.post-tabs-open-profile-unknown-returns-404.test.ts[2m > [22m[2mprofile CRUD endpoints[2m > [22m[2mPOST /profiles/create returns 400 for missing name
[22m[39m[36m[browser/server][39m [36mBrowser control listening on http://127.0.0.1:62688/[39m

[90mstdout[2m | src/browser/server.post-tabs-open-profile-unknown-returns-404.test.ts[2m > [22m[2mprofile CRUD endpoints[2m > [22m[2mPOST /profiles/create returns 400 for invalid name format
[22m[39m[36m[browser/server][39m [36mBrowser control listening on http://127.0.0.1:62690/[39m

[90mstdout[2m | src/browser/server.post-tabs-open-profile-unknown-returns-404.test.ts[2m > [22m[2mprofile CRUD endpoints[2m > [22m[2mPOST /profiles/create returns 409 for duplicate name
[22m[39m[36m[browser/server][39m [36mBrowser control listening on http://127.0.0.1:62692/[39m

[90mstdout[2m | src/browser/server.post-tabs-open-profile-unknown-returns-404.test.ts[2m > [22m[2mprofile CRUD endpoints[2m > [22m[2mPOST /profiles/create accepts cdpUrl for remote profiles
[22m[39m[36m[browser/server][39m [36mBrowser control listening on http://127.0.0.1:62694/[39m

[90mstdout[2m | src/browser/server.post-tabs-open-profile-unknown-returns-404.test.ts[2m > [22m[2mprofile CRUD endpoints[2m > [22m[2mPOST /profiles/create returns 400 for invalid cdpUrl
[22m[39m[36m[browser/server][39m [36mBrowser control listening on http://127.0.0.1:62696/[39m

[90mstdout[2m | src/browser/server.post-tabs-open-profile-unknown-returns-404.test.ts[2m > [22m[2mprofile CRUD endpoints[2m > [22m[2mDELETE /profiles/:name returns 404 for non-existent profile
[22m[39m[36m[browser/server][39m [36mBrowser control listening on http://127.0.0.1:62698/[39m

[90mstdout[2m | src/browser/server.post-tabs-open-profile-unknown-returns-404.test.ts[2m > [22m[2mprofile CRUD endpoints[2m > [22m[2mDELETE /profiles/:name returns 400 for default profile deletion
[22m[39m[36m[browser/server][39m [36mBrowser control listening on http://127.0.0.1:62700/[39m

[90mstdout[2m | src/browser/server.post-tabs-open-profile-unknown-returns-404.test.ts[2m > [22m[2mprofile CRUD endpoints[2m > [22m[2mDELETE /profiles/:name returns 400 for invalid name format
[22m[39m[36m[browser/server][39m [36mBrowser control listening on http://127.0.0.1:62702/[39m

 [32mΓ£ô[39m src/browser/server.post-tabs-open-profile-unknown-returns-404.test.ts [2m([22m[2m9 tests[22m[2m)[22m[33m 752[2mms[22m[39m
     [33m[2mΓ£ô[22m[39m POST /tabs/open?profile=unknown returns 404 [33m 513[2mms[22m[39m
 [32mΓ£ô[39m src/commands/onboard-auth.test.ts [2m([22m[2m26 tests[22m[2m)[22m[32m 65[2mms[22m[39m
 [32mΓ£ô[39m src/cron/isolated-agent.uses-last-non-empty-agent-text-as.test.ts [2m([22m[2m12 tests[22m[2m)[22m[33m 18636[2mms[22m[39m
     [33m[2mΓ£ô[22m[39m uses last non-empty agent text as summary [33m 2209[2mms[22m[39m
     [33m[2mΓ£ô[22m[39m appends current time after the cron header line [33m 1404[2mms[22m[39m
     [33m[2mΓ£ô[22m[39m uses agentId for workspace, session key, and store paths [33m 865[2mms[22m[39m
     [33m[2mΓ£ô[22m[39m uses model override when provided [33m 1158[2mms[22m[39m
     [33m[2mΓ£ô[22m[39m uses hooks.gmail.model for Gmail hook sessions [33m 1042[2mms[22m[39m
     [33m[2mΓ£ô[22m[39m wraps external hook content by default [33m 882[2mms[22m[39m
     [33m[2mΓ£ô[22m[39m skips external content wrapping when hooks.gmail opts out [33m 1728[2mms[22m[39m
     [33m[2mΓ£ô[22m[39m ignores hooks.gmail.model when not in the allowlist [33m 1221[2mms[22m[39m
     [33m[2mΓ£ô[22m[39m rejects invalid model override [33m 1818[2mms[22m[39m
     [33m[2mΓ£ô[22m[39m defaults thinking to low for reasoning-capable models [33m 1746[2mms[22m[39m
     [33m[2mΓ£ô[22m[39m truncates long summaries [33m 1912[2mms[22m[39m
     [33m[2mΓ£ô[22m[39m starts a fresh session id for each cron run [33m 2646[2mms[22m[39m
 [31mΓ¥»[39m src/config/config.legacy-config-detection.accepts-imessage-dmpolicy.test.ts [2m([22m[2m23 tests[22m[2m | [22m[31m8 failed[39m[2m)[22m[33m 6034[2mms[22m[39m
     [32mΓ£ô[39m accepts imessage.dmPolicy="open" with allowFrom "*"[32m 234[2mms[22m[39m
     [32mΓ£ô[39m defaults imessage.dmPolicy to pairing when imessage section exists[32m 239[2mms[22m[39m
     [32mΓ£ô[39m defaults imessage.groupPolicy to allowlist when imessage section exists[32m 189[2mms[22m[39m
     [32mΓ£ô[39m defaults discord.groupPolicy to allowlist when discord section exists[32m 239[2mms[22m[39m
     [32mΓ£ô[39m defaults slack.groupPolicy to allowlist when slack section exists[32m 239[2mms[22m[39m
     [32mΓ£ô[39m defaults msteams.groupPolicy to allowlist when msteams section exists[32m 267[2mms[22m[39m
     [32mΓ£ô[39m rejects unsafe executable config values[32m 219[2mms[22m[39m
     [32mΓ£ô[39m accepts tools audio transcription without cli[32m 234[2mms[22m[39m
     [32mΓ£ô[39m accepts path-like executable values with spaces[32m 265[2mms[22m[39m
     [32mΓ£ô[39m rejects discord.dm.policy="open" without allowFrom "*"[32m 226[2mms[22m[39m
     [32mΓ£ô[39m rejects slack.dm.policy="open" without allowFrom "*"[32m 200[2mms[22m[39m
     [32mΓ£ô[39m rejects legacy agent.model string[32m 190[2mms[22m[39m
     [33m[2mΓ£ô[22m[39m migrates telegram.requireMention to channels.telegram.groups.*.requireMention [33m 320[2mms[22m[39m
     [32mΓ£ô[39m migrates messages.tts.enabled to messages.tts.auto[32m 279[2mms[22m[39m
     [33m[2mΓ£ô[22m[39m migrates legacy model config to agent.models + model lists [33m 305[2mms[22m[39m
[31m     [31m├ù[31m flags legacy config in snapshot[39m[33m 464[2mms[22m[39m
[31m     [31m├ù[31m does not auto-migrate claude-cli auth profile mode on load[39m[32m 199[2mms[22m[39m
[31m     [31m├ù[31m flags legacy provider sections in snapshot[39m[32m 274[2mms[22m[39m
[31m     [31m├ù[31m flags routing.allowFrom in snapshot[39m[32m 274[2mms[22m[39m
[31m     [31m├ù[31m rejects bindings[].match.provider on load[39m[33m 316[2mms[22m[39m
[31m     [31m├ù[31m rejects bindings[].match.accountID on load[39m[33m 366[2mms[22m[39m
[31m     [31m├ù[31m rejects session.sendPolicy.rules[].match.provider on load[39m[32m 248[2mms[22m[39m
[31m     [31m├ù[31m rejects messages.queue.byProvider on load[39m[32m 242[2mms[22m[39m
 [32mΓ£ô[39m extensions/bluebubbles/src/reactions.test.ts [2m([22m[2m46 tests[22m[2m)[22m[32m 37[2mms[22m[39m
 [32mΓ£ô[39m extensions/bluebubbles/src/attachments.test.ts [2m([22m[2m18 tests[22m[2m)[22m[32m 36[2mms[22m[39m
 [32mΓ£ô[39m extensions/matrix/src/matrix/format.test.ts [2m([22m[2m5 tests[22m[2m)[22m[32m 26[2mms[22m[39m
[90mstdout[2m | src/browser/server.skips-default-maxchars-explicitly-set-zero.test.ts[2m > [22m[2mbrowser control server[2m > [22m[2mskips default maxChars when explicitly set to zero
[22m[39m[36m[browser/server][39m [36mBrowser control listening on http://127.0.0.1:62705/[39m

[90mstdout[2m | src/browser/server.skips-default-maxchars-explicitly-set-zero.test.ts[2m > [22m[2mbrowser control server[2m > [22m[2mvalidates agent inputs (agent routes)
[22m[39m[36m[browser/server][39m [36mBrowser control listening on http://127.0.0.1:62708/[39m

 [32mΓ£ô[39m src/infra/update-runner.test.ts [2m([22m[2m10 tests[22m[2m)[22m[33m 2311[2mms[22m[39m
     [33m[2mΓ£ô[22m[39m cleans stale npm rename dirs before global update [33m 582[2mms[22m[39m
     [33m[2mΓ£ô[22m[39m updates global npm installs with tag override [33m 461[2mms[22m[39m
     [33m[2mΓ£ô[22m[39m updates global bun installs when detected [33m 907[2mms[22m[39m
[90mstdout[2m | src/browser/server.skips-default-maxchars-explicitly-set-zero.test.ts[2m > [22m[2mbrowser control server[2m > [22m[2mcovers common error branches
[22m[39m[36m[browser/server][39m [36mBrowser control listening on http://127.0.0.1:62711/[39m

 [32mΓ£ô[39m extensions/nostr/src/nostr-bus.integration.test.ts [2m([22m[2m26 tests[22m[2m)[22m[32m 34[2mms[22m[39m
 [32mΓ£ô[39m extensions/matrix/src/matrix/send/targets.test.ts [2m([22m[2m5 tests[22m[2m)[22m[32m 25[2mms[22m[39m
[90mstdout[2m | src/browser/server.skips-default-maxchars-explicitly-set-zero.test.ts[2m > [22m[2mbrowser control server[2m > [22m[2mopens tabs via CDP createTarget path
[22m[39m[36m[browser/server][39m [36mBrowser control listening on http://127.0.0.1:62721/[39m

 [32mΓ£ô[39m src/browser/server.skips-default-maxchars-explicitly-set-zero.test.ts [2m([22m[2m5 tests[22m[2m)[22m[33m 1274[2mms[22m[39m
     [33m[2mΓ£ô[22m[39m skips default maxChars when explicitly set to zero [33m 410[2mms[22m[39m
     [33m[2mΓ£ô[22m[39m allows attachOnly servers to ensure reachability via callback [33m 616[2mms[22m[39m
 [32mΓ£ô[39m src/agents/model-fallback.test.ts [2m([22m[2m19 tests[22m[2m)[22m[32m 141[2mms[22m[39m
 [31mΓ¥»[39m src/agents/model-auth.test.ts [2m([22m[2m9 tests[22m[2m | [22m[31m1 failed[39m[2m)[22m[33m 420[2mms[22m[39m
[31m     [31m├ù[31m migrates legacy oauth.json into auth-profiles.json[39m[32m 42[2mms[22m[39m
     [32mΓ£ô[39m suggests openai-codex when only Codex OAuth is configured[32m 181[2mms[22m[39m
     [32mΓ£ô[39m throws when ZAI API key is missing[32m 13[2mms[22m[39m
     [32mΓ£ô[39m accepts legacy Z_AI_API_KEY for zai[32m 14[2mms[22m[39m
     [32mΓ£ô[39m resolves Synthetic API key from env[32m 65[2mms[22m[39m
     [32mΓ£ô[39m resolves Vercel AI Gateway API key from env[32m 14[2mms[22m[39m
     [32mΓ£ô[39m prefers Bedrock bearer token over access keys and profile[32m 42[2mms[22m[39m
     [32mΓ£ô[39m prefers Bedrock access keys over profile[32m 30[2mms[22m[39m
     [32mΓ£ô[39m uses Bedrock profile when access keys are missing[32m 14[2mms[22m[39m
 [32mΓ£ô[39m src/web/monitor-inbox.blocks-messages-from-unauthorized-senders-not-allowfrom.test.ts [2m([22m[2m9 tests[22m[2m)[22m[32m 272[2mms[22m[39m
 [32mΓ£ô[39m extensions/twitch/src/outbound.test.ts [2m([22m[2m21 tests[22m[2m)[22m[32m 30[2mms[22m[39m
 [32mΓ£ô[39m extensions/msteams/src/file-consent-helpers.test.ts [2m([22m[2m16 tests[22m[2m)[22m[32m 23[2mms[22m[39m
 [32mΓ£ô[39m extensions/nostr/src/channel.test.ts [2m([22m[2m21 tests[22m[2m)[22m[32m 37[2mms[22m[39m
 [32mΓ£ô[39m extensions/bluebubbles/src/targets.test.ts [2m([22m[2m24 tests[22m[2m)[22m[32m 21[2mms[22m[39m
 [32mΓ£ô[39m extensions/twitch/src/send.test.ts [2m([22m[2m9 tests[22m[2m)[22m[32m 20[2mms[22m[39m
[90mstderr[2m | src/agents/pi-tools-agent-config.test.ts[2m > 
[22m[2mAgent-specific tool filtering[2m > [22m[2mshould apply 
provider-specific tool profile overrides
[22m[39m[34m[tools][39m [33mtools.profile (coding) allowlist contains 
unknown entries (group:memory). These entries won't match any tool unless the 
plugin is enabled.[39m

 [31mΓ¥»[39m src/auto-reply/status.test.ts [2m([22m[2m19 tests[22m[2m | [22m[31m1 failed[39m[2m)[22m[33m 719[2mms[22m[39m
     [32mΓ£ô[39m summarizes agent readiness and context usage[32m 13[2mms[22m[39m
     [32mΓ£ô[39m uses per-agent sandbox config when config and session key are provided[32m 2[2mms[22m[39m
     [32mΓ£ô[39m shows verbose/elevated labels only when enabled[32m 1[2mms[22m[39m
     [32mΓ£ô[39m includes media understanding decisions when present[32m 2[2mms[22m[39m
     [32mΓ£ô[39m omits media line when all decisions are none[32m 1[2mms[22m[39m
     [32mΓ£ô[39m does not show elevated label when session explicitly disables it[32m 1[2mms[22m[39m
     [32mΓ£ô[39m prefers model overrides over last-run model[32m 1[2mms[22m[39m
     [32mΓ£ô[39m keeps provider prefix from configured model[32m 1[2mms[22m[39m
     [32mΓ£ô[39m handles missing agent config gracefully[32m 1[2mms[22m[39m
     [32mΓ£ô[39m includes group activation for group sessions[32m 1[2mms[22m[39m
     [32mΓ£ô[39m shows queue details when overridden[32m 1[2mms[22m[39m
     [32mΓ£ô[39m inserts usage summary beneath context line[32m 1[2mms[22m[39m
     [32mΓ£ô[39m hides cost when not using an API key[32m 1[2mms[22m[39m
[31m     [31m├ù[31m prefers cached prompt tokens from the session log[39m[33m 681[2mms[22m[39m
     [32mΓ£ô[39m lists commands with aliases and text-only hints[32m 4[2mms[22m[39m
     [32mΓ£ô[39m includes skill commands when provided[32m 1[2mms[22m[39m
     [32mΓ£ô[39m hides config/debug when disabled[32m 0[2mms[22m[39m
     [32mΓ£ô[39m formats telegram output with pages[32m 1[2mms[22m[39m
     [32mΓ£ô[39m includes plugin commands in the paginated list[32m 1[2mms[22m[39m
 [32mΓ£ô[39m src/agents/tools/slack-actions.test.ts [2m([22m[2m22 tests[22m[2m)[22m[32m 35[2mms[22m[39m
[90mstdout[2m | src/browser/server.agent-contract-form-layout-act-commands.test.ts[2m > [22m[2mbrowser control server[2m > [22m[2magent contract: form + layout act commands
[22m[39m[36m[browser/server][39m [36mBrowser control listening on http://127.0.0.1:62726/[39m

 [32mΓ£ô[39m extensions/line/src/channel.sendPayload.test.ts [2m([22m[2m7 tests[22m[2m)[22m[32m 27[2mms[22m[39m
[90mstdout[2m | src/browser/server.agent-contract-form-layout-act-commands.test.ts[2m > [22m[2mbrowser control server[2m > [22m[2mblocks act:evaluate when browser.evaluateEnabled=false
[22m[39m[36m[browser/server][39m [36mBrowser control listening on http://127.0.0.1:62729/[39m

[90mstdout[2m | src/browser/server.agent-contract-form-layout-act-commands.test.ts[2m > [22m[2mbrowser control server[2m > [22m[2magent contract: hooks + response + downloads + screenshot
[22m[39m[36m[browser/server][39m [36mBrowser control listening on http://127.0.0.1:62732/[39m

[90mstdout[2m | src/browser/server.agent-contract-form-layout-act-commands.test.ts[2m > [22m[2mbrowser control server[2m > [22m[2magent contract: stop endpoint
[22m[39m[36m[browser/server][39m [36mBrowser control listening on http://127.0.0.1:62735/[39m

 [32mΓ£ô[39m src/browser/server.agent-contract-form-layout-act-commands.test.ts [2m([22m[2m4 tests[22m[2m)[22m[33m 585[2mms[22m[39m
     [33m[2mΓ£ô[22m[39m agent contract: form + layout act commands [33m 433[2mms[22m[39m
 [32mΓ£ô[39m src/cli/cron-cli.test.ts [2m([22m[2m15 tests[22m[2m)[22m[33m 1528[2mms[22m[39m
     [33m[2mΓ£ô[22m[39m trims model and thinking on cron add [33m 1488[2mms[22m[39m
 [32mΓ£ô[39m extensions/msteams/src/media-helpers.test.ts [2m([22m[2m36 tests[22m[2m)[22m[32m 33[2mms[22m[39m
 [31mΓ¥»[39m src/config/sessions.test.ts [2m([22m[2m26 tests[22m[2m | [22m[31m2 failed[39m[2m)[22m[33m 1242[2mms[22m[39m
     [32mΓ£ô[39m returns normalized per-sender key[32m 5[2mms[22m[39m
     [32mΓ£ô[39m falls back to unknown when sender missing[32m 1[2mms[22m[39m
     [32mΓ£ô[39m global scope returns global[32m 1[2mms[22m[39m
     [32mΓ£ô[39m keeps group chats distinct[32m 1[2mms[22m[39m
     [32mΓ£ô[39m prefixes group keys with provider when available[32m 1[2mms[22m[39m
     [32mΓ£ô[39m keeps explicit provider when provided in group key[32m 1[2mms[22m[39m
     [32mΓ£ô[39m builds discord display name with guild+channel slugs[32m 1[2mms[22m[39m
     [32mΓ£ô[39m collapses direct chats to main by default[32m 0[2mms[22m[39m
     [32mΓ£ô[39m collapses direct chats to main even when sender missing[32m 1[2mms[22m[39m
     [32mΓ£ô[39m maps direct chats to main key when provided[32m 0[2mms[22m[39m
     [32mΓ£ô[39m uses custom main key when provided[32m 0[2mms[22m[39m
     [32mΓ£ô[39m keeps global scope untouched[32m 0[2mms[22m[39m
     [32mΓ£ô[39m leaves groups untouched even with main key[32m 0[2mms[22m[39m
     [32mΓ£ô[39m updateLastRoute persists channel and target[32m 16[2mms[22m[39m
     [32mΓ£ô[39m updateLastRoute prefers explicit deliveryContext[32m 7[2mms[22m[39m
     [32mΓ£ô[39m updateLastRoute records origin + group metadata when ctx is provided[32m 8[2mms[22m[39m
     [32mΓ£ô[39m updateSessionStoreEntry preserves existing fields when patching[32m 6[2mms[22m[39m
     [32mΓ£ô[39m updateSessionStore preserves concurrent additions[32m 89[2mms[22m[39m
     [33m[2mΓ£ô[22m[39m recovers from array-backed session stores [33m 303[2mms[22m[39m
     [32mΓ£ô[39m normalizes last route fields on write[32m 206[2mms[22m[39m
     [32mΓ£ô[39m updateSessionStore keeps deletions when concurrent writes happen[32m 268[2mms[22m[39m
     [32mΓ£ô[39m loadSessionStore auto-migrates legacy provider keys to channel keys[32m 23[2mms[22m[39m
     [32mΓ£ô[39m derives session transcripts dir from OPENCLAW_STATE_DIR[32m 1[2mms[22m[39m
[31m     [31m├ù[31m includes topic ids in session transcript filenames[39m[32m 13[2mms[22m[39m
[31m     [31m├ù[31m uses agent id when resolving session file fallback paths[39m[32m 2[2mms[22m[39m
     [32mΓ£ô[39m updateSessionStoreEntry merges concurrent patches[32m 284[2mms[22m[39m
 [32mΓ£ô[39m extensions/voice-call/src/config.test.ts [2m([22m[2m14 tests[22m[2m)[22m[32m 20[2mms[22m[39m
 [32mΓ£ô[39m extensions/twitch/src/access-control.test.ts [2m([22m[2m31 tests[22m[2m)[22m[32m 23[2mms[22m[39m
 [32mΓ£ô[39m src/agents/pi-tools-agent-config.test.ts [2m([22m[2m15 tests[22m[2m)[22m[33m 2270[2mms[22m[39m
     [33m[2mΓ£ô[22m[39m should run exec synchronously when process is denied [33m 2171[2mms[22m[39m
 [32mΓ£ô[39m src/commands/channels.adds-non-default-telegram-account.test.ts [2m([22m[2m16 tests[22m[2m)[22m[32m 38[2mms[22m[39m
 [32mΓ£ô[39m extensions/twitch/src/token.test.ts [2m([22m[2m9 tests[22m[2m)[22m[32m 16[2mms[22m[39m
 [32mΓ£ô[39m src/infra/provider-usage.test.ts [2m([22m[2m10 tests[22m[2m)[22m[32m 124[2mms[22m[39m
 [32mΓ£ô[39m extensions/googlechat/src/api.test.ts [2m([22m[2m2 tests[22m[2m)[22m[32m 16[2mms[22m[39m
 [32mΓ£ô[39m src/agents/tools/web-tools.fetch.test.ts [2m([22m[2m11 tests[22m[2m)[22m[33m 615[2mms[22m[39m
     [33m[2mΓ£ô[22m[39m falls back to firecrawl when readability returns no content [33m 573[2mms[22m[39m
 [32mΓ£ô[39m extensions/msteams/src/policy.test.ts [2m([22m[2m15 tests[22m[2m)[22m[32m 20[2mms[22m[39m
 [32mΓ£ô[39m extensions/twitch/src/status.test.ts [2m([22m[2m12 tests[22m[2m)[22m[32m 17[2mms[22m[39m
 [32mΓ£ô[39m extensions/matrix/src/matrix/monitor/media.test.ts [2m([22m[2m2 tests[22m[2m)[22m[32m 17[2mms[22m[39m
 [32mΓ£ô[39m extensions/msteams/src/probe.test.ts [2m([22m[2m3 tests[22m[2m)[22m[32m 17[2mms[22m[39m
 [32mΓ£ô[39m src/auto-reply/chunk.test.ts [2m([22m[2m44 tests[22m[2m)[22m[32m 33[2mms[22m[39m
[90mstdout[2m | src/telegram/bot.create-telegram-bot.installs-grammy-throttler.test.ts[2m > [22m[2mcreateTelegramBot[2m > [22m[2minstalls grammY throttler
[22m[39m[34m[telegram][39m [36mautoSelectFamily=false (default-node22)[39m

 [32mΓ£ô[39m src/agents/pi-embedded-utils.test.ts [2m([22m[2m35 tests[22m[2m)[22m[32m 29[2mms[22m[39m
 [32mΓ£ô[39m extensions/zalouser/src/status-issues.test.ts [2m([22m[2m4 tests[22m[2m)[22m[32m 13[2mms[22m[39m
 [32mΓ£ô[39m extensions/msteams/src/messenger.test.ts [2m([22m[2m10 tests[22m[2m)[22m[32m 25[2mms[22m[39m
 [32mΓ£ô[39m extensions/diagnostics-otel/src/service.test.ts [2m([22m[2m1 test[22m[2m)[22m[32m 19[2mms[22m[39m
[90mstderr[2m | src/agents/pi-embedded-runner.test.ts[2m > 
[22m[2mrunEmbeddedPiAgent[2m > [22m[2mpersists the user message when 
prompt fails before assistant output
[22m[39m[33m[agent/embedded][39m [33mlow context window: 
openai/mock-error ctx=16000 (warn<32000) source=modelsConfig[39m

 [32mΓ£ô[39m extensions/msteams/src/inbound.test.ts [2m([22m[2m8 tests[22m[2m)[22m[32m 14[2mms[22m[39m
 [32mΓ£ô[39m src/agents/tools/image-tool.test.ts [2m([22m[2m14 tests[22m[2m)[22m[33m 927[2mms[22m[39m
     [33m[2mΓ£ô[22m[39m rewrites inbound absolute paths into sandbox media/inbound [33m 550[2mms[22m[39m
[90mstdout[2m | src/telegram/bot.create-telegram-bot.accepts-group-messages-mentionpatterns-match-without-botusername.test.ts[2m > [22m[2mcreateTelegramBot[2m > [22m[2maccepts group messages when mentionPatterns match (without @botUsername)
[22m[39m[34m[telegram][39m [36mautoSelectFamily=false (default-node22)[39m

 [32mΓ£ô[39m src/telegram/bot.create-telegram-bot.installs-grammy-throttler.test.ts [2m([22m[2m10 tests[22m[2m)[22m[33m 3723[2mms[22m[39m
     [33m[2mΓ£ô[22m[39m installs grammY throttler [33m 514[2mms[22m[39m
     [33m[2mΓ£ô[22m[39m uses wrapped fetch when global fetch is available [33m 453[2mms[22m[39m
     [33m[2mΓ£ô[22m[39m sequentializes updates by chat and thread [33m 329[2mms[22m[39m
     [33m[2mΓ£ô[22m[39m routes callback_query payloads as messages and answers callbacks [33m 596[2mms[22m[39m
     [33m[2mΓ£ô[22m[39m triggers typing cue via onReplyStart [33m 563[2mms[22m[39m
 [32mΓ£ô[39m extensions/msteams/src/errors.test.ts [2m([22m[2m6 tests[22m[2m)[22m[32m 12[2mms[22m[39m
[90mstderr[2m | src/agents/pi-embedded-runner.test.ts[2m > 
[22m[2mrunEmbeddedPiAgent[2m > [22m[2mappends new user + assistant after 
existing transcript entries
[22m[39m[33m[agent/embedded][39m [33mlow context window: openai/mock-1 
ctx=16000 (warn<32000) source=modelsConfig[39m

 [32mΓ£ô[39m extensions/mattermost/src/channel.test.ts [2m([22m[2m5 tests[22m[2m)[22m[32m 14[2mms[22m[39m
 [32mΓ£ô[39m extensions/twitch/src/config.test.ts [2m([22m[2m9 tests[22m[2m)[22m[32m 12[2mms[22m[39m
[90mstderr[2m | src/plugins/loader.test.ts[2m > 
[22m[2mloadOpenClawPlugins[2m > [22m[2mfails fast on invalid plugin config
[22m[39m[35m[plugins][39m [31mconfigurable invalid config: <root>: must 
be object[39m

 [32mΓ£ô[39m src/cron/service.runs-one-shot-main-job-disables-it.test.ts [2m([22m[2m9 tests[22m[2m)[22m[33m 1055[2mms[22m[39m
     [33m[2mΓ£ô[22m[39m runs an isolated job and posts summary to main [33m 742[2mms[22m[39m
[90mstderr[2m | src/agents/pi-embedded-runner.test.ts[2m > 
[22m[2mrunEmbeddedPiAgent[2m > [22m[2mpersists multi-turn user/assistant 
ordering across runs
[22m[39m[33m[agent/embedded][39m [33mlow context window: openai/mock-1 
ctx=16000 (warn<32000) source=modelsConfig[39m

 [32mΓ£ô[39m src/plugins/loader.test.ts [2m([22m[2m14 tests[22m[2m)[22m[33m 822[2mms[22m[39m
     [33m[2mΓ£ô[22m[39m disables bundled plugins by default [33m 318[2mms[22m[39m
 [32mΓ£ô[39m src/telegram/bot.create-telegram-bot.accepts-group-messages-mentionpatterns-match-without-botusername.test.ts [2m([22m[2m8 tests[22m[2m)[22m[33m 2858[2mms[22m[39m
     [33m[2mΓ£ô[22m[39m accepts group messages when mentionPatterns match (without @botUsername) [33m 441[2mms[22m[39m
     [33m[2mΓ£ô[22m[39m keeps group envelope headers stable (sender identity is separate) [33m 338[2mms[22m[39m
     [33m[2mΓ£ô[22m[39m includes reply-to context when a Telegram reply is received [33m 1013[2mms[22m[39m
[90mstderr[2m | src/agents/pi-embedded-runner.test.ts[2m > 
[22m[2mrunEmbeddedPiAgent[2m > [22m[2mpersists multi-turn user/assistant 
ordering across runs
[22m[39m[33m[agent/embedded][39m [33mlow context window: openai/mock-1 
ctx=16000 (warn<32000) source=modelsConfig[39m

 [32mΓ£ô[39m extensions/line/src/channel.logout.test.ts [2m([22m[2m2 tests[22m[2m)[22m[32m 15[2mms[22m[39m
[90mstderr[2m | src/agents/pi-embedded-runner.test.ts[2m > 
[22m[2mrunEmbeddedPiAgent[2m > [22m[2mrepairs orphaned user messages and 
continues
[22m[39m[33m[agent/embedded][39m [33mlow context window: openai/mock-1 
ctx=16000 (warn<32000) source=modelsConfig[39m

 [32mΓ£ô[39m extensions/voice-call/src/providers/twilio.test.ts [2m([22m[2m3 tests[22m[2m)[22m[32m 11[2mms[22m[39m
 [32mΓ£ô[39m extensions/nostr/src/nostr-profile-import.test.ts [2m([22m[2m7 tests[22m[2m)[22m[32m 14[2mms[22m[39m
[90mstderr[2m | src/agents/pi-embedded-runner.test.ts[2m > 
[22m[2mrunEmbeddedPiAgent[2m > [22m[2mrepairs orphaned single-user 
sessions and continues
[22m[39m[33m[agent/embedded][39m [33mlow context window: openai/mock-1 
ctx=16000 (warn<32000) source=modelsConfig[39m

 [32mΓ£ô[39m extensions/tlon/src/urbit/sse-client.test.ts [2m([22m[2m1 test[22m[2m)[22m[32m 12[2mms[22m[39m
 [32mΓ£ô[39m src/agents/tools/telegram-actions.test.ts [2m([22m[2m25 tests[22m[2m)[22m[32m 40[2mms[22m[39m
 [32mΓ£ô[39m src/line/flex-templates.test.ts [2m([22m[2m43 tests[22m[2m)[22m[32m 26[2mms[22m[39m
 [32mΓ£ô[39m src/agents/pi-embedded-runner.test.ts [2m([22m[2m7 tests[22m[2m | [22m[33m1 skipped[39m[2m)[22m[33m 11790[2mms[22m[39m
     [33m[2mΓ£ô[22m[39m persists the user message when prompt fails before assistant output [33m 2977[2mms[22m[39m
     [33m[2mΓ£ô[22m[39m appends new user + assistant after existing transcript entries [33m 825[2mms[22m[39m
     [33m[2mΓ£ô[22m[39m persists multi-turn user/assistant ordering across runs [33m 2295[2mms[22m[39m
     [33m[2mΓ£ô[22m[39m repairs orphaned user messages and continues [33m 429[2mms[22m[39m
     [33m[2mΓ£ô[22m[39m repairs orphaned single-user sessions and continues [33m 1396[2mms[22m[39m
 [32mΓ£ô[39m extensions/matrix/src/channel.directory.test.ts [2m([22m[2m1 test[22m[2m)[22m[32m 14[2mms[22m[39m
 [32mΓ£ô[39m src/commands/doctor-state-migrations.test.ts [2m([22m[2m14 tests[22m[2m)[22m[32m 222[2mms[22m[39m
 [32mΓ£ô[39m extensions/zalo/src/channel.directory.test.ts [2m([22m[2m1 test[22m[2m)[22m[32m 12[2mms[22m[39m
 [32mΓ£ô[39m extensions/msteams/src/channel.directory.test.ts [2m([22m[2m1 test[22m[2m)[22m[32m 14[2mms[22m[39m
 [32mΓ£ô[39m extensions/googlechat/src/targets.test.ts [2m([22m[2m4 tests[22m[2m)[22m[32m 11[2mms[22m[39m
[90mstdout[2m | src/imessage/monitor.skips-group-messages-without-mention-by-default.test.ts[2m > [22m[2mmonitorIMessageProvider[2m > [22m[2mallows group messages when imessage groups default disables mention gating
[22m[39mimessage: delivered reply to chat_id:123

[90mstdout[2m | src/imessage/monitor.skips-group-messages-without-mention-by-default.test.ts[2m > [22m[2mmonitorIMessageProvider[2m > [22m[2mallows group messages when requireMention is true but no mentionPatterns exist
[22m[39mimessage: delivered reply to chat_id:777

[90mstdout[2m | src/imessage/monitor.skips-group-messages-without-mention-by-default.test.ts[2m > [22m[2mmonitorIMessageProvider[2m > [22m[2mtreats configured chat_id as a group session even when is_group is false
[22m[39mimessage: delivered reply to chat_id:2

[90mstdout[2m | src/imessage/monitor.skips-group-messages-without-mention-by-default.test.ts[2m > [22m[2mmonitorIMessageProvider[2m > [22m[2mprefixes final replies with responsePrefix
[22m[39mimessage: delivered reply to imessage:+15550001111

[90mstdout[2m | src/imessage/monitor.skips-group-messages-without-mention-by-default.test.ts[2m > [22m[2mmonitorIMessageProvider[2m > [22m[2mdelivers group replies when mentioned
[22m[39mimessage: delivered reply to chat_id:42

[90mstdout[2m | src/imessage/monitor.skips-group-messages-without-mention-by-default.test.ts[2m > [22m[2mmonitorIMessageProvider[2m > [22m[2mprefixes group message bodies with sender
[22m[39mimessage: delivered reply to chat_id:99

[90mstdout[2m | src/imessage/monitor.skips-group-messages-without-mention-by-default.test.ts[2m > [22m[2mmonitorIMessageProvider[2m > [22m[2mincludes reply context when imessage reply metadata is present
[22m[39mimessage: delivered reply to imessage:+15550001111

 [32mΓ£ô[39m src/imessage/monitor.skips-group-messages-without-mention-by-default.test.ts [2m([22m[2m12 tests[22m[2m)[22m[33m 359[2mms[22m[39m
 [32mΓ£ô[39m extensions/voice-call/src/providers/plivo.test.ts [2m([22m[2m1 test[22m[2m)[22m[32m 11[2mms[22m[39m
 [32mΓ£ô[39m extensions/matrix/src/matrix/monitor/allowlist.test.ts [2m([22m[2m3 tests[22m[2m)[22m[32m 10[2mms[22m[39m
 [32mΓ£ô[39m src/web/monitor-inbox.allows-messages-from-senders-allowfrom-list.test.ts [2m([22m[2m7 tests[22m[2m)[22m[32m 168[2mms[22m[39m
 [32mΓ£ô[39m src/agents/subagent-announce.format.test.ts [2m([22m[2m9 tests[22m[2m)[22m[33m 1942[2mms[22m[39m
     [33m[2mΓ£ô[22m[39m sends instructional message to main agent with status and findings [33m 1797[2mms[22m[39m
 [32mΓ£ô[39m src/auto-reply/reply/dispatch-from-config.test.ts [2m([22m[2m12 tests[22m[2m)[22m[32m 41[2mms[22m[39m
 [32mΓ£ô[39m extensions/tlon/src/monitor/processed-messages.test.ts [2m([22m[2m1 test[22m[2m)[22m[32m 8[2mms[22m[39m
 [32mΓ£ô[39m extensions/matrix/src/resolve-targets.test.ts [2m([22m[2m2 tests[22m[2m)[22m[32m 10[2mms[22m[39m
 [32mΓ£ô[39m extensions/matrix/src/matrix/client.test.ts [2m([22m[2m2 tests[22m[2m)[22m[32m 10[2mms[22m[39m
 [32mΓ£ô[39m extensions/nextcloud-talk/src/policy.test.ts [2m([22m[2m3 tests[22m[2m)[22m[32m 12[2mms[22m[39m
 [32mΓ£ô[39m extensions/tlon/src/config-schema.test.ts [2m([22m[2m2 tests[22m[2m)[22m[32m 13[2mms[22m[39m
 [32mΓ£ô[39m src/auto-reply/reply/route-reply.test.ts [2m([22m[2m16 tests[22m[2m)[22m[32m 59[2mms[22m[39m
 [31mΓ¥»[39m src/agents/bash-tools.test.ts [2m([22m[2m17 tests[22m[2m | [22m[31m1 failed[39m[2m)[22m[33m 13100[2mms[22m[39m
     [33m[2mΓ£ô[22m[39m backgrounds after yield and can be polled [33m 2229[2mms[22m[39m
     [32mΓ£ô[39m supports explicit background[32m 15[2mms[22m[39m
     [32mΓ£ô[39m derives a session name from the command[32m 50[2mms[22m[39m
     [33m[2mΓ£ô[22m[39m uses default timeout when timeout is omitted [33m 1629[2mms[22m[39m
     [32mΓ£ô[39m rejects elevated requests when not allowed[32m 5[2mms[22m[39m
[31m     [31m├ù[31m does not default to elevated when not allowed[39m[33m 1051[2mms[22m[39m
     [33m[2mΓ£ô[22m[39m logs line-based slices and defaults to last lines [33m 2162[2mms[22m[39m
     [33m[2mΓ£ô[22m[39m supports line offsets for log slices [33m 1846[2mms[22m[39m
     [32mΓ£ô[39m scopes process sessions by scopeKey[32m 22[2mms[22m[39m
     [33m[2mΓ£ô[22m[39m enqueues a system event when a backgrounded exec exits [33m 2168[2mms[22m[39m
     [33m[2mΓ£ô[22m[39m prepends configured path entries [33m 1912[2mms[22m[39m
     [32mΓ£ô[39m prepends custom PATH after login shell sourcing to preserve both custom and system tools[32m 1[2mms[22m[39m
     [32mΓ£ô[39m does not interpolate PATH into the shell command[32m 1[2mms[22m[39m
     [32mΓ£ô[39m does not add PATH export when PATH is not in env[32m 0[2mms[22m[39m
     [32mΓ£ô[39m includes workdir flag when specified[32m 1[2mms[22m[39m
     [32mΓ£ô[39m uses login shell for consistent environment[32m 1[2mms[22m[39m
     [32mΓ£ô[39m includes tty flag when requested[32m 0[2mms[22m[39m
 [32mΓ£ô[39m extensions/matrix/src/matrix/accounts.test.ts [2m([22m[2m3 tests[22m[2m)[22m[32m 11[2mms[22m[39m
 [32mΓ£ô[39m extensions/msteams/src/sent-message-cache.test.ts [2m([22m[2m1 test[22m[2m)[22m[32m 10[2mms[22m[39m
 [32mΓ£ô[39m src/discord/send.sends-basic-channel-messages.test.ts [2m([22m[2m20 tests[22m[2m)[22m[32m 263[2mms[22m[39m
 [32mΓ£ô[39m extensions/matrix/src/matrix/poll-types.test.ts [2m([22m[2m1 test[22m[2m)[22m[32m 10[2mms[22m[39m
 [32mΓ£ô[39m src/auto-reply/inbound.test.ts [2m([22m[2m30 tests[22m[2m)[22m[32m 139[2mms[22m[39m
 [32mΓ£ô[39m src/commands/doctor.migrates-routing-allowfrom-channels-whatsapp-allowfrom.test.ts [2m([22m[2m3 tests[22m[2m)[22m[33m 3234[2mms[22m[39m
     [33m[2mΓ£ô[22m[39m migrates routing.allowFrom to channels.whatsapp.allowFrom [33m 3188[2mms[22m[39m
 [32mΓ£ô[39m src/commands/doctor.runs-legacy-state-migrations-yes-mode-without.test.ts [2m([22m[2m3 tests[22m[2m)[22m[33m 7347[2mms[22m[39m
     [33m[2mΓ£ô[22m[39m runs legacy state migrations in yes mode without prompting [33m 7278[2mms[22m[39m
[90mstdout[2m | src/web/auto-reply.web-auto-reply.prefixes-body-same-phone-marker-from.test.ts[2m > [22m[2mweb auto-reply[2m > [22m[2mprefixes body with same-phone marker when from === to
[22m[39m[35m[whatsapp][39m [36mListening for personal WhatsApp inbound messages.[39m

 [32mΓ£ô[39m src/auto-reply/reply/line-directives.test.ts [2m([22m[2m36 tests[22m[2m)[22m[32m 26[2mms[22m[39m
[90mstdout[2m | src/web/auto-reply.web-auto-reply.prefixes-body-same-phone-marker-from.test.ts[2m > [22m[2mweb auto-reply[2m > [22m[2mprefixes body with same-phone marker when from === to
[22m[39m[35m[whatsapp][39m [36mInbound message +1555 -> +1555 (undefined, 35 chars)[39m

[90mstdout[2m | src/web/auto-reply.web-auto-reply.prefixes-body-same-phone-marker-from.test.ts[2m > [22m[2mweb auto-reply[2m > [22m[2mprefixes body with same-phone marker when from === to
[22m[39m[35m[whatsapp][39m [36mAuto-replied to +1555[39m

[90mstdout[2m | src/web/auto-reply.web-auto-reply.prefixes-body-same-phone-marker-from.test.ts[2m > [22m[2mweb auto-reply[2m > [22m[2mdoes not prefix body when from !== to
[22m[39m[35m[whatsapp][39m [36mListening for personal WhatsApp inbound messages.[39m

[90mstdout[2m | src/web/auto-reply.web-auto-reply.prefixes-body-same-phone-marker-from.test.ts[2m > [22m[2mweb auto-reply[2m > [22m[2mdoes not prefix body when from !== to
[22m[39m[35m[whatsapp][39m [36mInbound message +1555 -> +2666 (undefined, 22 chars)[39m

[90mstdout[2m | src/web/auto-reply.web-auto-reply.prefixes-body-same-phone-marker-from.test.ts[2m > [22m[2mweb auto-reply[2m > [22m[2mdoes not prefix body when from !== to
[22m[39m[35m[whatsapp][39m [36mAuto-replied to +1555[39m

[90mstdout[2m | src/web/auto-reply.web-auto-reply.prefixes-body-same-phone-marker-from.test.ts[2m > [22m[2mweb auto-reply[2m > [22m[2mforwards reply-to context to resolver
[22m[39m[35m[whatsapp][39m [36mListening for personal WhatsApp inbound messages.[39m

[90mstdout[2m | src/web/auto-reply.web-auto-reply.prefixes-body-same-phone-marker-from.test.ts[2m > [22m[2mweb auto-reply[2m > [22m[2mforwards reply-to context to resolver
[22m[39m[35m[whatsapp][39m [36mInbound message +1555 -> +2666 (undefined, 70 chars)[39m

[90mstdout[2m | src/web/auto-reply.web-auto-reply.prefixes-body-same-phone-marker-from.test.ts[2m > [22m[2mweb auto-reply[2m > [22m[2mforwards reply-to context to resolver
[22m[39m[35m[whatsapp][39m [36mAuto-replied to +1555[39m

[90mstdout[2m | src/web/auto-reply.web-auto-reply.prefixes-body-same-phone-marker-from.test.ts[2m > [22m[2mweb auto-reply[2m > [22m[2mapplies responsePrefix to regular replies
[22m[39m[35m[whatsapp][39m [36mListening for personal WhatsApp inbound messages.[39m

[90mstdout[2m | src/web/auto-reply.web-auto-reply.prefixes-body-same-phone-marker-from.test.ts[2m > [22m[2mweb auto-reply[2m > [22m[2mapplies responsePrefix to regular replies
[22m[39m[35m[whatsapp][39m [36mInbound message +1555 -> +2666 (undefined, 19 chars)[39m

[90mstdout[2m | src/web/auto-reply.web-auto-reply.prefixes-body-same-phone-marker-from.test.ts[2m > [22m[2mweb auto-reply[2m > [22m[2mapplies responsePrefix to regular replies
[22m[39m[35m[whatsapp][39m [36mAuto-replied to +1555[39m

[90mstdout[2m | src/web/auto-reply.web-auto-reply.prefixes-body-same-phone-marker-from.test.ts[2m > [22m[2mweb auto-reply[2m > [22m[2mapplies channel responsePrefix override to replies
[22m[39m[35m[whatsapp][39m [36mListening for personal WhatsApp inbound messages.[39m

[90mstdout[2m | src/web/auto-reply.web-auto-reply.prefixes-body-same-phone-marker-from.test.ts[2m > [22m[2mweb auto-reply[2m > [22m[2mapplies channel responsePrefix override to replies
[22m[39m[35m[whatsapp][39m [36mInbound message +1555 -> +2666 (undefined, 19 chars)[39m

[90mstdout[2m | src/web/auto-reply.web-auto-reply.prefixes-body-same-phone-marker-from.test.ts[2m > [22m[2mweb auto-reply[2m > [22m[2mapplies channel responsePrefix override to replies
[22m[39m[35m[whatsapp][39m [36mAuto-replied to +1555[39m

 [32mΓ£ô[39m src/line/template-messages.test.ts [2m([22m[2m35 tests[22m[2m)[22m[32m 21[2mms[22m[39m
[90mstdout[2m | src/web/auto-reply.web-auto-reply.prefixes-body-same-phone-marker-from.test.ts[2m > [22m[2mweb auto-reply[2m > [22m[2mdefaults responsePrefix for self-chat replies when unset
[22m[39m[35m[whatsapp][39m [36mListening for personal WhatsApp inbound messages.[39m

[90mstdout[2m | src/web/auto-reply.web-auto-reply.prefixes-body-same-phone-marker-from.test.ts[2m > [22m[2mweb auto-reply[2m > [22m[2mdefaults responsePrefix for self-chat replies when unset
[22m[39m[35m[whatsapp][39m [36mInbound message +1555 -> +1555 (direct, 19 chars)[39m

[90mstdout[2m | src/web/auto-reply.web-auto-reply.prefixes-body-same-phone-marker-from.test.ts[2m > [22m[2mweb auto-reply[2m > [22m[2mdefaults responsePrefix for self-chat replies when unset
[22m[39m[35m[whatsapp][39m [36mAuto-replied to +1555[39m

[90mstdout[2m | src/web/auto-reply.web-auto-reply.prefixes-body-same-phone-marker-from.test.ts[2m > [22m[2mweb auto-reply[2m > [22m[2mdoes not deliver HEARTBEAT_OK responses
[22m[39m[35m[whatsapp][39m [36mListening for personal WhatsApp inbound messages.[39m

[90mstdout[2m | src/web/auto-reply.web-auto-reply.prefixes-body-same-phone-marker-from.test.ts[2m > [22m[2mweb auto-reply[2m > [22m[2mdoes not deliver HEARTBEAT_OK responses
[22m[39m[35m[whatsapp][39m [36mInbound message +1555 -> +2666 (undefined, 21 chars)[39m

[90mstdout[2m | src/web/auto-reply.web-auto-reply.prefixes-body-same-phone-marker-from.test.ts[2m > [22m[2mweb auto-reply[2m > [22m[2mdoes not double-prefix if responsePrefix already present
[22m[39m[35m[whatsapp][39m [36mListening for personal WhatsApp inbound messages.[39m

[90mstdout[2m | src/web/auto-reply.web-auto-reply.prefixes-body-same-phone-marker-from.test.ts[2m > [22m[2mweb auto-reply[2m > [22m[2mdoes not double-prefix if responsePrefix already present
[22m[39m[35m[whatsapp][39m [36mInbound message +1555 -> +2666 (undefined, 21 chars)[39m

[90mstdout[2m | src/web/auto-reply.web-auto-reply.prefixes-body-same-phone-marker-from.test.ts[2m > [22m[2mweb auto-reply[2m > [22m[2mdoes not double-prefix if responsePrefix already present
[22m[39m[35m[whatsapp][39m [36mAuto-replied to +1555[39m

 [32mΓ£ô[39m src/web/auto-reply.web-auto-reply.prefixes-body-same-phone-marker-from.test.ts [2m([22m[2m8 tests[22m[2m)[22m[32m 295[2mms[22m[39m
[90mstdout[2m | src/hooks/bundled/session-memory/handler.test.ts[2m > [22m[2msession-memory hook[2m > [22m[2mcreates memory file with session content on /new command
[22m[39m[session-memory] Hook triggered for /new command

[90mstdout[2m | src/hooks/bundled/session-memory/handler.test.ts[2m > [22m[2msession-memory hook[2m > [22m[2mcreates memory file with session content on /new command
[22m[39m[session-memory] Current sessionId: test-123
[session-memory] Current sessionFile: C:\Users\Shubham\AppData\Local\Temp\openclaw-session-memory-vNGnU7\sessions\test-session.jsonl
[session-memory] cfg present: [33mtrue[39m

[90mstdout[2m | src/hooks/bundled/session-memory/handler.test.ts[2m > [22m[2msession-memory hook[2m > [22m[2mcreates memory file with session content on /new command
[22m[39m[session-memory] sessionContent length: [33m91[39m
[session-memory] Calling generateSlugViaLLM...

 [32mΓ£ô[39m extensions/matrix/src/matrix/monitor/rooms.test.ts [2m([22m[2m1 test[22m[2m)[22m[32m 9[2mms[22m[39m
 [32mΓ£ô[39m extensions/googlechat/src/monitor.test.ts [2m([22m[2m4 tests[22m[2m)[22m[32m 11[2mms[22m[39m
[90mstdout[2m | src/browser/server.agent-contract-snapshot-endpoints.test.ts[2m > [22m[2mbrowser control server[2m > [22m[2magent contract: snapshot endpoints
[22m[39m[36m[browser/server][39m [36mBrowser control listening on http://127.0.0.1:62762/[39m

[90mstdout[2m | src/browser/server.agent-contract-snapshot-endpoints.test.ts[2m > [22m[2mbrowser control server[2m > [22m[2magent contract: navigation + common act commands
[22m[39m[36m[browser/server][39m [36mBrowser control listening on http://127.0.0.1:62765/[39m

 [32mΓ£ô[39m src/browser/server.agent-contract-snapshot-endpoints.test.ts [2m([22m[2m2 tests[22m[2m)[22m[33m 374[2mms[22m[39m
 [32mΓ£ô[39m src/infra/bonjour.test.ts [2m([22m[2m7 tests[22m[2m)[22m[32m 44[2mms[22m[39m
 [32mΓ£ô[39m src/line/markdown-to-line.test.ts [2m([22m[2m38 tests[22m[2m)[22m[32m 23[2mms[22m[39m
 [32mΓ£ô[39m src/commands/agent.test.ts [2m([22m[2m16 tests[22m[2m)[22m[33m 16889[2mms[22m[39m
     [33m[2mΓ£ô[22m[39m creates a session entry when deriving from --to [33m 2103[2mms[22m[39m
     [33m[2mΓ£ô[22m[39m persists thinking and verbose overrides [33m 1803[2mms[22m[39m
     [33m[2mΓ£ô[22m[39m resumes when session-id is provided [33m 2421[2mms[22m[39m
     [33m[2mΓ£ô[22m[39m does not duplicate agent events from embedded runs [33m 2898[2mms[22m[39m
     [33m[2mΓ£ô[22m[39m uses provider/model from agents.defaults.model.primary [33m 2196[2mms[22m[39m
     [33m[2mΓ£ô[22m[39m keeps explicit sessionKey even when sessionId exists elsewhere [33m 1520[2mms[22m[39m
     [33m[2mΓ£ô[22m[39m derives session key from --agent when no routing target is provided [33m 1113[2mms[22m[39m
     [33m[2mΓ£ô[22m[39m defaults thinking to low for reasoning-capable models [33m 369[2mms[22m[39m
     [33m[2mΓ£ô[22m[39m prints JSON payload when requested [33m 400[2mms[22m[39m
     [33m[2mΓ£ô[22m[39m passes the message through as the agent prompt [33m 360[2mms[22m[39m
     [33m[2mΓ£ô[22m[39m passes through telegram accountId when delivering [33m 365[2mms[22m[39m
     [33m[2mΓ£ô[22m[39m uses reply channel as the message channel context [33m 344[2mms[22m[39m
     [33m[2mΓ£ô[22m[39m prefers runContext for embedded routing [33m 335[2mms[22m[39m
     [33m[2mΓ£ô[22m[39m forwards accountId to embedded runs [33m 328[2mms[22m[39m
     [33m[2mΓ£ô[22m[39m logs output when delivery is disabled [33m 320[2mms[22m[39m
 [32mΓ£ô[39m extensions/zalouser/src/channel.test.ts [2m([22m[2m1 test[22m[2m)[22m[32m 8[2mms[22m[39m
 [32mΓ£ô[39m src/commands/doctor.warns-state-directory-is-missing.test.ts [2m([22m[2m3 tests[22m[2m)[22m[33m 1733[2mms[22m[39m
     [33m[2mΓ£ô[22m[39m warns when the state directory is missing [33m 1666[2mms[22m[39m
 [32mΓ£ô[39m extensions/twitch/src/plugin.test.ts [2m([22m[2m1 test[22m[2m)[22m[32m 6[2mms[22m[39m

[2m Test Files [22m [1m[32m77 passed[39m[22m[90m (77)[39m
[2m      Tests [22m [1m[32m902 passed[39m[22m[2m | [22m[33m1 skipped[39m[90m (903)[39m
[2m   Start at [22m 01:20:29
[2m   Duration [22m 87.73s[2m (transform 221.75s, setup 238.85s, import 313.01s, tests 67.88s, environment 21ms)[22m

 [32mΓ£ô[39m src/commands/doctor.warns-per-agent-sandbox-docker-browser-prune.test.ts [2m([22m[2m2 tests[22m[2m)[22m[33m 1580[2mms[22m[39m
     [33m[2mΓ£ô[22m[39m warns when per-agent sandbox docker/browser/prune overrides are ignored under shared scope [33m 1545[2mms[22m[39m
[90mstdout[2m | src/cli/memory-cli.test.ts[2m > [22m[2mmemory cli[2m > [22m[2menables verbose logging with --verbose
[22m[39mMemory Search (main)
Provider: openai (requested: openai)
Model: text-embedding-3-small
Indexed: 0/0 files ┬╖ 0 chunks
Dirty: no
Store: /tmp/memory.sqlite
Workspace: /tmp/openclaw
Vector: ready
Issues:
  memory directory missing (\tmp\openclaw\memory)


[90mstdout[2m | src/cli/memory-cli.test.ts[2m > [22m[2mmemory cli[2m > [22m[2mlogs close failure after status
[22m[39mMemory Search (main)
Provider: openai (requested: openai)
Model: text-embedding-3-small
Indexed: 1/0 files ┬╖ 1 chunks
Dirty: no
Store: /tmp/memory.sqlite
Workspace: /tmp/openclaw
Issues:
  memory directory missing (\tmp\openclaw\memory)


[90mstdout[2m | src/cli/memory-cli.test.ts[2m > [22m[2mmemory cli[2m > [22m[2mlogs close failures without failing the command
[22m[39mMemory index updated (main).

[90mstdout[2m | src/cli/memory-cli.test.ts[2m > [22m[2mmemory cli[2m > [22m[2mlogs close failure after search
[22m[39m0.500 memory/2026-01-12.md:1-2
Hello

 [32mΓ£ô[39m src/cli/memory-cli.test.ts [2m([22m[2m10 tests[22m[2m)[22m[32m 82[2mms[22m[39m
 [32mΓ£ô[39m src/config/includes.test.ts [2m([22m[2m25 tests[22m[2m)[22m[32m 19[2mms[22m[39m
 [32mΓ£ô[39m src/security/windows-acl.test.ts [2m([22m[2m26 tests[22m[2m)[22m[32m 17[2mms[22m[39m
[90mstderr[2m | src/hooks/bundled/session-memory/handler.test.ts[2m > 
[22m[2msession-memory hook[2m > [22m[2mcreates memory file with session 
content on /new command
[22m[39m[31m[diagnostic][39m [31mlane task error: lane=main durationMs=6 
error="Error: No API key found for provider "anthropic". Auth store: C:\Users\S
hubham\AppData\Local\Temp\gensparx-test-home-XnzVhg\.gensparx\agents\main\agent
\auth-profiles.json (agentDir: C:\Users\Shubham\AppData\Local\Temp\gensparx-tes
t-home-XnzVhg\.gensparx\agents\main\agent). Configure auth for this agent 
(openclaw agents add <id>) or copy auth-profiles.json from the main 
agentDir."[39m

[90mstderr[2m | src/hooks/bundled/session-memory/handler.test.ts[2m > 
[22m[2msession-memory hook[2m > [22m[2mcreates memory file with session 
content on /new command
[22m[39m[31m[diagnostic][39m [31mlane task error: 
lane=session:temp:slug-generator durationMs=15 error="Error: No API key found 
for provider "anthropic". Auth store: C:\Users\Shubham\AppData\Local\Temp\gensp
arx-test-home-XnzVhg\.gensparx\agents\main\agent\auth-profiles.json (agentDir: 
C:\Users\Shubham\AppData\Local\Temp\gensparx-test-home-XnzVhg\.gensparx\agents\
main\agent). Configure auth for this agent (openclaw agents add <id>) or copy 
auth-profiles.json from the main agentDir."[39m

[90mstderr[2m | src/hooks/bundled/session-memory/handler.test.ts[2m > 
[22m[2msession-memory hook[2m > [22m[2mcreates memory file with session 
content on /new command
[22m[39m[llm-slug-generator] Failed to generate slug: Error: No API key 
found for provider "anthropic". Auth store: C:\Users\Shubham\AppData\Local\Temp
\gensparx-test-home-XnzVhg\.gensparx\agents\main\agent\auth-profiles.json 
(agentDir: C:\Users\Shubham\AppData\Local\Temp\gensparx-test-home-XnzVhg\.gensp
arx\agents\main\agent). Configure auth for this agent (openclaw agents add 
<id>) or copy auth-profiles.json from the main agentDir.
    at resolveApiKeyForProvider 
(C:/Users/Shubham/OneDrive/Desktop/openclaw/src/agents/model-auth.ts:223:9)
    at getApiKeyForModel 
(C:/Users/Shubham/OneDrive/Desktop/openclaw/src/agents/model-auth.ts:376:10)
    at resolveApiKeyForCandidate (C:/Users/Shubham/OneDrive/Desktop/openclaw/sr
c/agents/pi-embedded-runner/run.ts:215:16)
    at applyApiKeyInfo (C:/Users/Shubham/OneDrive/Desktop/openclaw/src/agents/p
i-embedded-runner/run.ts:225:28)
    at C:/Users/Shubham/OneDrive/Desktop/openclaw/src/agents/pi-embedded-runner
/run.ts:287:17
    at 
C:/Users/Shubham/OneDrive/Desktop/openclaw/src/process/command-queue.ts:66:26

[90mstdout[2m | src/hooks/bundled/session-memory/handler.test.ts[2m > [22m[2msession-memory hook[2m > [22m[2mcreates memory file with session content on /new command
[22m[39m[session-memory] Generated slug: [1mnull[22m
[session-memory] Using fallback timestamp slug: 1951
[session-memory] Generated filename: 2026-02-06-1951.md
[session-memory] Full path: C:\Users\Shubham\AppData\Local\Temp\openclaw-session-memory-vNGnU7\memory\2026-02-06-1951.md

[90mstdout[2m | src/hooks/bundled/session-memory/handler.test.ts[2m > [22m[2msession-memory hook[2m > [22m[2mcreates memory file with session content on /new command
[22m[39m[session-memory] Memory file written successfully
[session-memory] Session context saved to C:\Users\Shubham\AppData\Local\Temp\openclaw-session-memory-vNGnU7\memory\2026-02-06-1951.md

[90mstdout[2m | src/hooks/bundled/session-memory/handler.test.ts[2m > [22m[2msession-memory hook[2m > [22m[2mfilters out non-message entries (tool calls, system)
[22m[39m[session-memory] Hook triggered for /new command

[90mstdout[2m | src/hooks/bundled/session-memory/handler.test.ts[2m > [22m[2msession-memory hook[2m > [22m[2mfilters out non-message entries (tool calls, system)
[22m[39m[session-memory] Current sessionId: test-123
[session-memory] Current sessionFile: C:\Users\Shubham\AppData\Local\Temp\openclaw-session-memory-UyHbFv\sessions\test-session.jsonl
[session-memory] cfg present: [33mtrue[39m

[90mstdout[2m | src/hooks/bundled/session-memory/handler.test.ts[2m > [22m[2msession-memory hook[2m > [22m[2mfilters out non-message entries (tool calls, system)
[22m[39m[session-memory] sessionContent length: [33m41[39m
[session-memory] Calling generateSlugViaLLM...

[90mstderr[2m | src/hooks/bundled/session-memory/handler.test.ts[2m > 
[22m[2msession-memory hook[2m > [22m[2mfilters out non-message entries 
(tool calls, system)
[22m[39m[31m[diagnostic][39m [31mlane task error: lane=main durationMs=1 
error="Error: No API key found for provider "anthropic". Auth store: C:\Users\S
hubham\AppData\Local\Temp\gensparx-test-home-XnzVhg\.gensparx\agents\main\agent
\auth-profiles.json (agentDir: C:\Users\Shubham\AppData\Local\Temp\gensparx-tes
t-home-XnzVhg\.gensparx\agents\main\agent). Configure auth for this agent 
(openclaw agents add <id>) or copy auth-profiles.json from the main 
agentDir."[39m

[90mstderr[2m | src/hooks/bundled/session-memory/handler.test.ts[2m > 
[22m[2msession-memory hook[2m > [22m[2mfilters out non-message entries 
(tool calls, system)
[22m[39m[31m[diagnostic][39m [31mlane task error: 
lane=session:temp:slug-generator durationMs=7 error="Error: No API key found 
for provider "anthropic". Auth store: C:\Users\Shubham\AppData\Local\Temp\gensp
arx-test-home-XnzVhg\.gensparx\agents\main\agent\auth-profiles.json (agentDir: 
C:\Users\Shubham\AppData\Local\Temp\gensparx-test-home-XnzVhg\.gensparx\agents\
main\agent). Configure auth for this agent (openclaw agents add <id>) or copy 
auth-profiles.json from the main agentDir."[39m

[90mstderr[2m | src/hooks/bundled/session-memory/handler.test.ts[2m > 
[22m[2msession-memory hook[2m > [22m[2mfilters out non-message entries 
(tool calls, system)
[22m[39m[llm-slug-generator] Failed to generate slug: Error: No API key 
found for provider "anthropic". Auth store: C:\Users\Shubham\AppData\Local\Temp
\gensparx-test-home-XnzVhg\.gensparx\agents\main\agent\auth-profiles.json 
(agentDir: C:\Users\Shubham\AppData\Local\Temp\gensparx-test-home-XnzVhg\.gensp
arx\agents\main\agent). Configure auth for this agent (openclaw agents add 
<id>) or copy auth-profiles.json from the main agentDir.
    at resolveApiKeyForProvider 
(C:/Users/Shubham/OneDrive/Desktop/openclaw/src/agents/model-auth.ts:223:9)
    at getApiKeyForModel 
(C:/Users/Shubham/OneDrive/Desktop/openclaw/src/agents/model-auth.ts:376:10)
    at resolveApiKeyForCandidate (C:/Users/Shubham/OneDrive/Desktop/openclaw/sr
c/agents/pi-embedded-runner/run.ts:215:16)
    at applyApiKeyInfo (C:/Users/Shubham/OneDrive/Desktop/openclaw/src/agents/p
i-embedded-runner/run.ts:225:28)
    at C:/Users/Shubham/OneDrive/Desktop/openclaw/src/agents/pi-embedded-runner
/run.ts:287:17
    at 
C:/Users/Shubham/OneDrive/Desktop/openclaw/src/process/command-queue.ts:66:26

[90mstdout[2m | src/hooks/bundled/session-memory/handler.test.ts[2m > [22m[2msession-memory hook[2m > [22m[2mfilters out non-message entries (tool calls, system)
[22m[39m[session-memory] Generated slug: [1mnull[22m
[session-memory] Using fallback timestamp slug: 1951
[session-memory] Generated filename: 2026-02-06-1951.md
[session-memory] Full path: C:\Users\Shubham\AppData\Local\Temp\openclaw-session-memory-UyHbFv\memory\2026-02-06-1951.md

[90mstdout[2m | src/hooks/bundled/session-memory/handler.test.ts[2m > [22m[2msession-memory hook[2m > [22m[2mfilters out non-message entries (tool calls, system)
[22m[39m[session-memory] Memory file written successfully
[session-memory] Session context saved to C:\Users\Shubham\AppData\Local\Temp\openclaw-session-memory-UyHbFv\memory\2026-02-06-1951.md

[90mstdout[2m | src/hooks/bundled/session-memory/handler.test.ts[2m > [22m[2msession-memory hook[2m > [22m[2mfilters out command messages starting with /
[22m[39m[session-memory] Hook triggered for /new command

[90mstdout[2m | src/hooks/bundled/session-memory/handler.test.ts[2m > [22m[2msession-memory hook[2m > [22m[2mfilters out command messages starting with /
[22m[39m[session-memory] Current sessionId: test-123
[session-memory] Current sessionFile: C:\Users\Shubham\AppData\Local\Temp\openclaw-session-memory-TESop6\sessions\test-session.jsonl
[session-memory] cfg present: [33mtrue[39m

[90mstdout[2m | src/hooks/bundled/session-memory/handler.test.ts[2m > [22m[2msession-memory hook[2m > [22m[2mfilters out command messages starting with /
[22m[39m[session-memory] sessionContent length: [33m49[39m
[session-memory] Calling generateSlugViaLLM...

[90mstderr[2m | src/hooks/bundled/session-memory/handler.test.ts[2m > 
[22m[2msession-memory hook[2m > [22m[2mfilters out command messages 
starting with /
[22m[39m[31m[diagnostic][39m [31mlane task error: lane=main durationMs=2 
error="Error: No API key found for provider "anthropic". Auth store: C:\Users\S
hubham\AppData\Local\Temp\gensparx-test-home-XnzVhg\.gensparx\agents\main\agent
\auth-profiles.json (agentDir: C:\Users\Shubham\AppData\Local\Temp\gensparx-tes
t-home-XnzVhg\.gensparx\agents\main\agent). Configure auth for this agent 
(openclaw agents add <id>) or copy auth-profiles.json from the main 
agentDir."[39m

[90mstderr[2m | src/hooks/bundled/session-memory/handler.test.ts[2m > 
[22m[2msession-memory hook[2m > [22m[2mfilters out command messages 
starting with /
[22m[39m[31m[diagnostic][39m [31mlane task error: 
lane=session:temp:slug-generator durationMs=9 error="Error: No API key found 
for provider "anthropic". Auth store: C:\Users\Shubham\AppData\Local\Temp\gensp
arx-test-home-XnzVhg\.gensparx\agents\main\agent\auth-profiles.json (agentDir: 
C:\Users\Shubham\AppData\Local\Temp\gensparx-test-home-XnzVhg\.gensparx\agents\
main\agent). Configure auth for this agent (openclaw agents add <id>) or copy 
auth-profiles.json from the main agentDir."[39m

[90mstderr[2m | src/hooks/bundled/session-memory/handler.test.ts[2m > 
[22m[2msession-memory hook[2m > [22m[2mfilters out command messages 
starting with /
[22m[39m[llm-slug-generator] Failed to generate slug: Error: No API key 
found for provider "anthropic". Auth store: C:\Users\Shubham\AppData\Local\Temp
\gensparx-test-home-XnzVhg\.gensparx\agents\main\agent\auth-profiles.json 
(agentDir: C:\Users\Shubham\AppData\Local\Temp\gensparx-test-home-XnzVhg\.gensp
arx\agents\main\agent). Configure auth for this agent (openclaw agents add 
<id>) or copy auth-profiles.json from the main agentDir.
    at resolveApiKeyForProvider 
(C:/Users/Shubham/OneDrive/Desktop/openclaw/src/agents/model-auth.ts:223:9)
    at getApiKeyForModel 
(C:/Users/Shubham/OneDrive/Desktop/openclaw/src/agents/model-auth.ts:376:10)
    at resolveApiKeyForCandidate (C:/Users/Shubham/OneDrive/Desktop/openclaw/sr
c/agents/pi-embedded-runner/run.ts:215:16)
    at applyApiKeyInfo (C:/Users/Shubham/OneDrive/Desktop/openclaw/src/agents/p
i-embedded-runner/run.ts:225:28)
    at C:/Users/Shubham/OneDrive/Desktop/openclaw/src/agents/pi-embedded-runner
/run.ts:287:17
    at 
C:/Users/Shubham/OneDrive/Desktop/openclaw/src/process/command-queue.ts:66:26

[90mstdout[2m | src/hooks/bundled/session-memory/handler.test.ts[2m > [22m[2msession-memory hook[2m > [22m[2mfilters out command messages starting with /
[22m[39m[session-memory] Generated slug: [1mnull[22m
[session-memory] Using fallback timestamp slug: 1951
[session-memory] Generated filename: 2026-02-06-1951.md
[session-memory] Full path: C:\Users\Shubham\AppData\Local\Temp\openclaw-session-memory-TESop6\memory\2026-02-06-1951.md

[90mstdout[2m | src/hooks/bundled/session-memory/handler.test.ts[2m > [22m[2msession-memory hook[2m > [22m[2mfilters out command messages starting with /
[22m[39m[session-memory] Memory file written successfully
[session-memory] Session context saved to C:\Users\Shubham\AppData\Local\Temp\openclaw-session-memory-TESop6\memory\2026-02-06-1951.md

[90mstdout[2m | src/hooks/bundled/session-memory/handler.test.ts[2m > [22m[2msession-memory hook[2m > [22m[2mrespects custom messages config (limits to N messages)
[22m[39m[session-memory] Hook triggered for /new command

[90mstdout[2m | src/hooks/bundled/session-memory/handler.test.ts[2m > [22m[2msession-memory hook[2m > [22m[2mrespects custom messages config (limits to N messages)
[22m[39m[session-memory] Current sessionId: test-123
[session-memory] Current sessionFile: C:\Users\Shubham\AppData\Local\Temp\openclaw-session-memory-Q8Expd\sessions\test-session.jsonl
[session-memory] cfg present: [33mtrue[39m

[90mstdout[2m | src/hooks/bundled/session-memory/handler.test.ts[2m > [22m[2msession-memory hook[2m > [22m[2mrespects custom messages config (limits to N messages)
[22m[39m[session-memory] sessionContent length: [33m48[39m
[session-memory] Calling generateSlugViaLLM...

[90mstderr[2m | src/hooks/bundled/session-memory/handler.test.ts[2m > 
[22m[2msession-memory hook[2m > [22m[2mrespects custom messages config 
(limits to N messages)
[22m[39m[31m[diagnostic][39m [31mlane task error: lane=main durationMs=1 
error="Error: No API key found for provider "anthropic". Auth store: C:\Users\S
hubham\AppData\Local\Temp\gensparx-test-home-XnzVhg\.gensparx\agents\main\agent
\auth-profiles.json (agentDir: C:\Users\Shubham\AppData\Local\Temp\gensparx-tes
t-home-XnzVhg\.gensparx\agents\main\agent). Configure auth for this agent 
(openclaw agents add <id>) or copy auth-profiles.json from the main 
agentDir."[39m

[90mstderr[2m | src/hooks/bundled/session-memory/handler.test.ts[2m > 
[22m[2msession-memory hook[2m > [22m[2mrespects custom messages config 
(limits to N messages)
[22m[39m[31m[diagnostic][39m [31mlane task error: 
lane=session:temp:slug-generator durationMs=9 error="Error: No API key found 
for provider "anthropic". Auth store: C:\Users\Shubham\AppData\Local\Temp\gensp
arx-test-home-XnzVhg\.gensparx\agents\main\agent\auth-profiles.json (agentDir: 
C:\Users\Shubham\AppData\Local\Temp\gensparx-test-home-XnzVhg\.gensparx\agents\
main\agent). Configure auth for this agent (openclaw agents add <id>) or copy 
auth-profiles.json from the main agentDir."[39m

[90mstderr[2m | src/hooks/bundled/session-memory/handler.test.ts[2m > 
[22m[2msession-memory hook[2m > [22m[2mrespects custom messages config 
(limits to N messages)
[22m[39m[llm-slug-generator] Failed to generate slug: Error: No API key 
found for provider "anthropic". Auth store: C:\Users\Shubham\AppData\Local\Temp
\gensparx-test-home-XnzVhg\.gensparx\agents\main\agent\auth-profiles.json 
(agentDir: C:\Users\Shubham\AppData\Local\Temp\gensparx-test-home-XnzVhg\.gensp
arx\agents\main\agent). Configure auth for this agent (openclaw agents add 
<id>) or copy auth-profiles.json from the main agentDir.
    at resolveApiKeyForProvider 
(C:/Users/Shubham/OneDrive/Desktop/openclaw/src/agents/model-auth.ts:223:9)
    at getApiKeyForModel 
(C:/Users/Shubham/OneDrive/Desktop/openclaw/src/agents/model-auth.ts:376:10)
    at resolveApiKeyForCandidate (C:/Users/Shubham/OneDrive/Desktop/openclaw/sr
c/agents/pi-embedded-runner/run.ts:215:16)
    at applyApiKeyInfo (C:/Users/Shubham/OneDrive/Desktop/openclaw/src/agents/p
i-embedded-runner/run.ts:225:28)
    at C:/Users/Shubham/OneDrive/Desktop/openclaw/src/agents/pi-embedded-runner
/run.ts:287:17
    at 
C:/Users/Shubham/OneDrive/Desktop/openclaw/src/process/command-queue.ts:66:26

[90mstdout[2m | src/hooks/bundled/session-memory/handler.test.ts[2m > [22m[2msession-memory hook[2m > [22m[2mrespects custom messages config (limits to N messages)
[22m[39m[session-memory] Generated slug: [1mnull[22m
[session-memory] Using fallback timestamp slug: 1951
[session-memory] Generated filename: 2026-02-06-1951.md
[session-memory] Full path: C:\Users\Shubham\AppData\Local\Temp\openclaw-session-memory-Q8Expd\memory\2026-02-06-1951.md

[90mstdout[2m | src/hooks/bundled/session-memory/handler.test.ts[2m > [22m[2msession-memory hook[2m > [22m[2mrespects custom messages config (limits to N messages)
[22m[39m[session-memory] Memory file written successfully
[session-memory] Session context saved to C:\Users\Shubham\AppData\Local\Temp\openclaw-session-memory-Q8Expd\memory\2026-02-06-1951.md

[90mstdout[2m | src/hooks/bundled/session-memory/handler.test.ts[2m > [22m[2msession-memory hook[2m > [22m[2mfilters messages before slicing (fix for #2681)
[22m[39m[session-memory] Hook triggered for /new command

[90mstdout[2m | src/hooks/bundled/session-memory/handler.test.ts[2m > [22m[2msession-memory hook[2m > [22m[2mfilters messages before slicing (fix for #2681)
[22m[39m[session-memory] Current sessionId: test-123
[session-memory] Current sessionFile: C:\Users\Shubham\AppData\Local\Temp\openclaw-session-memory-NGfkAI\sessions\test-session.jsonl
[session-memory] cfg present: [33mtrue[39m

[90mstdout[2m | src/hooks/bundled/session-memory/handler.test.ts[2m > [22m[2msession-memory hook[2m > [22m[2mfilters messages before slicing (fix for #2681)
[22m[39m[session-memory] sessionContent length: [33m71[39m
[session-memory] Calling generateSlugViaLLM...

 [32mΓ£ô[39m src/web/monitor-inbox.streams-inbound-messages.test.ts [2m([22m[2m8 tests[22m[2m)[22m[32m 87[2mms[22m[39m
[90mstderr[2m | src/hooks/bundled/session-memory/handler.test.ts[2m > 
[22m[2msession-memory hook[2m > [22m[2mfilters messages before slicing 
(fix for #2681)
[22m[39m[31m[diagnostic][39m [31mlane task error: lane=main durationMs=1 
error="Error: No API key found for provider "anthropic". Auth store: C:\Users\S
hubham\AppData\Local\Temp\gensparx-test-home-XnzVhg\.gensparx\agents\main\agent
\auth-profiles.json (agentDir: C:\Users\Shubham\AppData\Local\Temp\gensparx-tes
t-home-XnzVhg\.gensparx\agents\main\agent). Configure auth for this agent 
(openclaw agents add <id>) or copy auth-profiles.json from the main 
agentDir."[39m

[90mstderr[2m | src/hooks/bundled/session-memory/handler.test.ts[2m > 
[22m[2msession-memory hook[2m > [22m[2mfilters messages before slicing 
(fix for #2681)
[22m[39m[31m[diagnostic][39m [31mlane task error: 
lane=session:temp:slug-generator durationMs=8 error="Error: No API key found 
for provider "anthropic". Auth store: C:\Users\Shubham\AppData\Local\Temp\gensp
arx-test-home-XnzVhg\.gensparx\agents\main\agent\auth-profiles.json (agentDir: 
C:\Users\Shubham\AppData\Local\Temp\gensparx-test-home-XnzVhg\.gensparx\agents\
main\agent). Configure auth for this agent (openclaw agents add <id>) or copy 
auth-profiles.json from the main agentDir."[39m

[90mstderr[2m | src/hooks/bundled/session-memory/handler.test.ts[2m > 
[22m[2msession-memory hook[2m > [22m[2mfilters messages before slicing 
(fix for #2681)
[22m[39m[llm-slug-generator] Failed to generate slug: Error: No API key 
found for provider "anthropic". Auth store: C:\Users\Shubham\AppData\Local\Temp
\gensparx-test-home-XnzVhg\.gensparx\agents\main\agent\auth-profiles.json 
(agentDir: C:\Users\Shubham\AppData\Local\Temp\gensparx-test-home-XnzVhg\.gensp
arx\agents\main\agent). Configure auth for this agent (openclaw agents add 
<id>) or copy auth-profiles.json from the main agentDir.
    at resolveApiKeyForProvider 
(C:/Users/Shubham/OneDrive/Desktop/openclaw/src/agents/model-auth.ts:223:9)
    at getApiKeyForModel 
(C:/Users/Shubham/OneDrive/Desktop/openclaw/src/agents/model-auth.ts:376:10)
    at resolveApiKeyForCandidate (C:/Users/Shubham/OneDrive/Desktop/openclaw/sr
c/agents/pi-embedded-runner/run.ts:215:16)
    at applyApiKeyInfo (C:/Users/Shubham/OneDrive/Desktop/openclaw/src/agents/p
i-embedded-runner/run.ts:225:28)
    at C:/Users/Shubham/OneDrive/Desktop/openclaw/src/agents/pi-embedded-runner
/run.ts:287:17
    at 
C:/Users/Shubham/OneDrive/Desktop/openclaw/src/process/command-queue.ts:66:26

[90mstdout[2m | src/hooks/bundled/session-memory/handler.test.ts[2m > [22m[2msession-memory hook[2m > [22m[2mfilters messages before slicing (fix for #2681)
[22m[39m[session-memory] Generated slug: [1mnull[22m
[session-memory] Using fallback timestamp slug: 1951
[session-memory] Generated filename: 2026-02-06-1951.md
[session-memory] Full path: C:\Users\Shubham\AppData\Local\Temp\openclaw-session-memory-NGfkAI\memory\2026-02-06-1951.md

[90mstdout[2m | src/hooks/bundled/session-memory/handler.test.ts[2m > [22m[2msession-memory hook[2m > [22m[2mfilters messages before slicing (fix for #2681)
[22m[39m[session-memory] Memory file written successfully
[session-memory] Session context saved to C:\Users\Shubham\AppData\Local\Temp\openclaw-session-memory-NGfkAI\memory\2026-02-06-1951.md

[90mstdout[2m | src/hooks/bundled/session-memory/handler.test.ts[2m > [22m[2msession-memory hook[2m > [22m[2mhandles empty session files gracefully
[22m[39m[session-memory] Hook triggered for /new command

[90mstdout[2m | src/hooks/bundled/session-memory/handler.test.ts[2m > [22m[2msession-memory hook[2m > [22m[2mhandles empty session files gracefully
[22m[39m[session-memory] Current sessionId: test-123
[session-memory] Current sessionFile: C:\Users\Shubham\AppData\Local\Temp\openclaw-session-memory-XYvjcG\sessions\test-session.jsonl
[session-memory] cfg present: [33mtrue[39m

[90mstdout[2m | src/hooks/bundled/session-memory/handler.test.ts[2m > [22m[2msession-memory hook[2m > [22m[2mhandles empty session files gracefully
[22m[39m[session-memory] sessionContent length: [33m0[39m
[session-memory] Using fallback timestamp slug: 1951
[session-memory] Generated filename: 2026-02-06-1951.md
[session-memory] Full path: C:\Users\Shubham\AppData\Local\Temp\openclaw-session-memory-XYvjcG\memory\2026-02-06-1951.md

[90mstdout[2m | src/hooks/bundled/session-memory/handler.test.ts[2m > [22m[2msession-memory hook[2m > [22m[2mhandles empty session files gracefully
[22m[39m[session-memory] Memory file written successfully
[session-memory] Session context saved to C:\Users\Shubham\AppData\Local\Temp\openclaw-session-memory-XYvjcG\memory\2026-02-06-1951.md

[90mstdout[2m | src/hooks/bundled/session-memory/handler.test.ts[2m > [22m[2msession-memory hook[2m > [22m[2mhandles session files with fewer messages than requested
[22m[39m[session-memory] Hook triggered for /new command

[90mstdout[2m | src/hooks/bundled/session-memory/handler.test.ts[2m > [22m[2msession-memory hook[2m > [22m[2mhandles session files with fewer messages than requested
[22m[39m[session-memory] Current sessionId: test-123
[session-memory] Current sessionFile: C:\Users\Shubham\AppData\Local\Temp\openclaw-session-memory-iJDFxB\sessions\test-session.jsonl
[session-memory] cfg present: [33mtrue[39m

[90mstdout[2m | src/hooks/bundled/session-memory/handler.test.ts[2m > [22m[2msession-memory hook[2m > [22m[2mhandles session files with fewer messages than requested
[22m[39m[session-memory] sessionContent length: [33m46[39m
[session-memory] Calling generateSlugViaLLM...

[90mstderr[2m | src/hooks/bundled/session-memory/handler.test.ts[2m > 
[22m[2msession-memory hook[2m > [22m[2mhandles session files with fewer 
messages than requested
[22m[39m[31m[diagnostic][39m [31mlane task error: lane=main durationMs=2 
error="Error: No API key found for provider "anthropic". Auth store: C:\Users\S
hubham\AppData\Local\Temp\gensparx-test-home-XnzVhg\.gensparx\agents\main\agent
\auth-profiles.json (agentDir: C:\Users\Shubham\AppData\Local\Temp\gensparx-tes
t-home-XnzVhg\.gensparx\agents\main\agent). Configure auth for this agent 
(openclaw agents add <id>) or copy auth-profiles.json from the main 
agentDir."[39m

[90mstderr[2m | src/hooks/bundled/session-memory/handler.test.ts[2m > 
[22m[2msession-memory hook[2m > [22m[2mhandles session files with fewer 
messages than requested
[22m[39m[31m[diagnostic][39m [31mlane task error: 
lane=session:temp:slug-generator durationMs=9 error="Error: No API key found 
for provider "anthropic". Auth store: C:\Users\Shubham\AppData\Local\Temp\gensp
arx-test-home-XnzVhg\.gensparx\agents\main\agent\auth-profiles.json (agentDir: 
C:\Users\Shubham\AppData\Local\Temp\gensparx-test-home-XnzVhg\.gensparx\agents\
main\agent). Configure auth for this agent (openclaw agents add <id>) or copy 
auth-profiles.json from the main agentDir."[39m

[90mstderr[2m | src/hooks/bundled/session-memory/handler.test.ts[2m > 
[22m[2msession-memory hook[2m > [22m[2mhandles session files with fewer 
messages than requested
[22m[39m[llm-slug-generator] Failed to generate slug: Error: No API key 
found for provider "anthropic". Auth store: C:\Users\Shubham\AppData\Local\Temp
\gensparx-test-home-XnzVhg\.gensparx\agents\main\agent\auth-profiles.json 
(agentDir: C:\Users\Shubham\AppData\Local\Temp\gensparx-test-home-XnzVhg\.gensp
arx\agents\main\agent). Configure auth for this agent (openclaw agents add 
<id>) or copy auth-profiles.json from the main agentDir.
    at resolveApiKeyForProvider 
(C:/Users/Shubham/OneDrive/Desktop/openclaw/src/agents/model-auth.ts:223:9)
    at getApiKeyForModel 
(C:/Users/Shubham/OneDrive/Desktop/openclaw/src/agents/model-auth.ts:376:10)
    at resolveApiKeyForCandidate (C:/Users/Shubham/OneDrive/Desktop/openclaw/sr
c/agents/pi-embedded-runner/run.ts:215:16)
    at applyApiKeyInfo (C:/Users/Shubham/OneDrive/Desktop/openclaw/src/agents/p
i-embedded-runner/run.ts:225:28)
    at C:/Users/Shubham/OneDrive/Desktop/openclaw/src/agents/pi-embedded-runner
/run.ts:287:17
    at 
C:/Users/Shubham/OneDrive/Desktop/openclaw/src/process/command-queue.ts:66:26

[90mstdout[2m | src/hooks/bundled/session-memory/handler.test.ts[2m > [22m[2msession-memory hook[2m > [22m[2mhandles session files with fewer messages than requested
[22m[39m[session-memory] Generated slug: [1mnull[22m
[session-memory] Using fallback timestamp slug: 1951
[session-memory] Generated filename: 2026-02-06-1951.md
[session-memory] Full path: C:\Users\Shubham\AppData\Local\Temp\openclaw-session-memory-iJDFxB\memory\2026-02-06-1951.md

[90mstdout[2m | src/hooks/bundled/session-memory/handler.test.ts[2m > [22m[2msession-memory hook[2m > [22m[2mhandles session files with fewer messages than requested
[22m[39m[session-memory] Memory file written successfully
[session-memory] Session context saved to C:\Users\Shubham\AppData\Local\Temp\openclaw-session-memory-iJDFxB\memory\2026-02-06-1951.md

 [32mΓ£ô[39m src/hooks/bundled/session-memory/handler.test.ts [2m([22m[2m9 tests[22m[2m)[22m[33m 3894[2mms[22m[39m
     [33m[2mΓ£ô[22m[39m creates memory file with session content on /new command [33m 3744[2mms[22m[39m
 [32mΓ£ô[39m src/providers/google-shared.preserves-parameters-type-is-missing.test.ts [2m([22m[2m9 tests[22m[2m)[22m[32m 16[2mms[22m[39m
 [32mΓ£ô[39m src/commands/sandbox.test.ts [2m([22m[2m19 tests[22m[2m)[22m[32m 22[2mms[22m[39m
 [32mΓ£ô[39m src/auto-reply/reply/session-resets.test.ts [2m([22m[2m9 tests[22m[2m)[22m[32m 63[2mms[22m[39m
 [32mΓ£ô[39m src/cli/program.nodes-media.test.ts [2m([22m[2m7 tests[22m[2m)[22m[33m 348[2mms[22m[39m
 [32mΓ£ô[39m src/routing/resolve-route.test.ts [2m([22m[2m19 tests[22m[2m)[22m[32m 10[2mms[22m[39m
 [32mΓ£ô[39m src/infra/outbound/deliver.test.ts [2m([22m[2m12 tests[22m[2m)[22m[32m 39[2mms[22m[39m
[90mstdout[2m | src/telegram/send.caption-split.test.ts[2m > [22m[2msendMessageTelegram caption splitting[2m > [22m[2msplits long captions into media + text messages when text exceeds 1024 chars
[22m[39m[34m[telegram][39m [36mautoSelectFamily=false (default-node22)[39m

[90mstderr[2m | src/telegram/send.caption-split.test.ts[2m > 
[22m[2msendMessageTelegram caption splitting[2m > [22m[2mwraps 
chat-not-found errors from follow-up message
[22m[39m[34m[telegram][39m [31mmessage failed: 400: Bad Request: chat not 
found[39m

 [32mΓ£ô[39m src/telegram/send.caption-split.test.ts [2m([22m[2m9 tests[22m[2m)[22m[32m 98[2mms[22m[39m
 [32mΓ£ô[39m src/commands/doctor.falls-back-legacy-sandbox-image-missing.test.ts [2m([22m[2m1 test[22m[2m)[22m[33m 1721[2mms[22m[39m
     [33m[2mΓ£ô[22m[39m runs legacy state migrations in non-interactive mode without prompting [33m 1711[2mms[22m[39m
[90mstdout[2m | src/telegram/bot.create-telegram-bot.blocks-all-group-messages-grouppolicy-is.test.ts[2m > [22m[2mcreateTelegramBot[2m > [22m[2mblocks all group messages when groupPolicy is 'disabled'
[22m[39m[34m[telegram][39m [36mautoSelectFamily=false (default-node22)[39m

[90mstdout[2m | src/telegram/bot.create-telegram-bot.sends-replies-without-native-reply-threading.test.ts[2m > [22m[2mcreateTelegramBot[2m > [22m[2msends replies without native reply threading
[22m[39m[34m[telegram][39m [36mautoSelectFamily=false (default-node22)[39m

[90mstdout[2m | src/telegram/bot.create-telegram-bot.matches-tg-prefixed-allowfrom-entries-case-insensitively.test.ts[2m > [22m[2mcreateTelegramBot[2m > [22m[2mmatches tg:-prefixed allowFrom entries case-insensitively in group allowlist
[22m[39m[34m[telegram][39m [36mautoSelectFamily=false (default-node22)[39m

 [32mΓ£ô[39m src/telegram/bot.create-telegram-bot.blocks-all-group-messages-grouppolicy-is.test.ts [2m([22m[2m7 tests[22m[2m)[22m[33m 1753[2mms[22m[39m
     [33m[2mΓ£ô[22m[39m blocks all group messages when groupPolicy is 'disabled' [33m 324[2mms[22m[39m
[90mstderr[2m | 
src/agents/pi-embedded-runner.google-sanitize-thinking.test.ts[2m > 
[22m[2msanitizeSessionHistory (google thinking)[2m > [22m[2msanitizes 
tool call ids for Google APIs
[22m[39m[33m[agent/embedded][39m [33mgoogle turn ordering fixup: 
prepended user bootstrap (sessionId=session:google)[39m

 [32mΓ£ô[39m src/agents/pi-embedded-runner.google-sanitize-thinking.test.ts [2m([22m[2m11 tests[22m[2m)[22m[32m 66[2mms[22m[39m
 [32mΓ£ô[39m src/telegram/bot.create-telegram-bot.matches-tg-prefixed-allowfrom-entries-case-insensitively.test.ts [2m([22m[2m6 tests[22m[2m)[22m[33m 1515[2mms[22m[39m
     [33m[2mΓ£ô[22m[39m matches tg:-prefixed allowFrom entries case-insensitively in group allowlist [33m 372[2mms[22m[39m
 [32mΓ£ô[39m src/telegram/bot.create-telegram-bot.sends-replies-without-native-reply-threading.test.ts [2m([22m[2m7 tests[22m[2m)[22m[33m 2067[2mms[22m[39m
     [33m[2mΓ£ô[22m[39m sends replies without native reply threading [33m 491[2mms[22m[39m
     [33m[2mΓ£ô[22m[39m honors replyToMode=first for threaded replies [33m 317[2mms[22m[39m
     [33m[2mΓ£ô[22m[39m prefixes final replies with responsePrefix [33m 332[2mms[22m[39m
 [32mΓ£ô[39m src/telegram/model-buttons.test.ts [2m([22m[2m28 tests[22m[2m)[22m[32m 28[2mms[22m[39m
[90mstdout[2m | src/telegram/bot.create-telegram-bot.matches-usernames-case-insensitively-grouppolicy-is.test.ts[2m > [22m[2mcreateTelegramBot[2m > [22m[2mmatches usernames case-insensitively when groupPolicy is 'allowlist'
[22m[39m[34m[telegram][39m [36mautoSelectFamily=false (default-node22)[39m

 [32mΓ£ô[39m src/telegram/bot.create-telegram-bot.matches-usernames-case-insensitively-grouppolicy-is.test.ts [2m([22m[2m7 tests[22m[2m)[22m[33m 2160[2mms[22m[39m
     [33m[2mΓ£ô[22m[39m matches usernames case-insensitively when groupPolicy is 'allowlist' [33m 405[2mms[22m[39m
     [33m[2mΓ£ô[22m[39m allows direct messages regardless of groupPolicy [33m 424[2mms[22m[39m
     [33m[2mΓ£ô[22m[39m allows direct messages with tg/Telegram-prefixed allowFrom entries [33m 409[2mms[22m[39m
[90mstdout[2m | src/web/auto-reply.web-auto-reply.reconnects-after-connection-close.test.ts[2m > [22m[2mweb auto-reply[2m > [22m[2mreconnects after a connection close
[22m[39m[35m[whatsapp][39m [36mListening for personal WhatsApp inbound messages.[39m

[90mstdout[2m | src/web/auto-reply.web-auto-reply.reconnects-after-connection-close.test.ts[2m > [22m[2mweb auto-reply[2m > [22m[2mreconnects after a connection close
[22m[39m[35m[whatsapp][39m [36mListening for personal WhatsApp inbound messages.[39m

[90mstdout[2m | src/web/auto-reply.web-auto-reply.reconnects-after-connection-close.test.ts[2m > [22m[2mweb auto-reply[2m > [22m[2mforces reconnect when watchdog closes without onClose
[22m[39m[35m[whatsapp][39m [36mListening for personal WhatsApp inbound messages.[39m

[90mstdout[2m | src/web/auto-reply.web-auto-reply.reconnects-after-connection-close.test.ts[2m > [22m[2mweb auto-reply[2m > [22m[2mforces reconnect when watchdog closes without onClose
[22m[39m[35m[whatsapp][39m [36mInbound message +1 -> +2 (undefined, 16 chars)[39m

[90mstdout[2m | src/web/auto-reply.web-auto-reply.reconnects-after-connection-close.test.ts[2m > [22m[2mweb auto-reply[2m > [22m[2mforces reconnect when watchdog closes without onClose
[22m[39m[35m[whatsapp][39m [36mAuto-replied to +1[39m

 [32mΓ£ô[39m src/discord/send.creates-thread.test.ts [2m([22m[2m16 tests[22m[2m)[22m[32m 206[2mms[22m[39m
[90mstderr[2m | src/web/auto-reply.web-auto-reply.reconnects-after-connection
-close.test.ts[2m > [22m[2mweb auto-reply[2m > [22m[2mforces reconnect 
when watchdog closes without onClose
[22m[39m[35m[whatsapp][39m [33mNo messages received in 31m - restarting 
connection[39m

[90mstdout[2m | src/web/auto-reply.web-auto-reply.reconnects-after-connection-close.test.ts[2m > [22m[2mweb auto-reply[2m > [22m[2mforces reconnect when watchdog closes without onClose
[22m[39m[35m[whatsapp][39m [36mListening for personal WhatsApp inbound messages.[39m

[90mstdout[2m | src/web/auto-reply.web-auto-reply.reconnects-after-connection-close.test.ts[2m > [22m[2mweb auto-reply[2m > [22m[2mstops after hitting max reconnect attempts
[22m[39m[35m[whatsapp][39m [36mListening for personal WhatsApp inbound messages.[39m

[90mstdout[2m | src/web/auto-reply.web-auto-reply.reconnects-after-connection-close.test.ts[2m > [22m[2mweb auto-reply[2m > [22m[2mstops after hitting max reconnect attempts
[22m[39m[35m[whatsapp][39m [36mListening for personal WhatsApp inbound messages.[39m

[90mstdout[2m | src/web/auto-reply.web-auto-reply.reconnects-after-connection-close.test.ts[2m > [22m[2mweb auto-reply[2m > [22m[2mprocesses inbound messages without batching and preserves timestamps
[22m[39m[35m[whatsapp][39m [36mListening for personal WhatsApp inbound messages.[39m

[90mstdout[2m | src/web/auto-reply.web-auto-reply.reconnects-after-connection-close.test.ts[2m > [22m[2mweb auto-reply[2m > [22m[2mprocesses inbound messages without batching and preserves timestamps
[22m[39m[35m[whatsapp][39m [36mInbound message +1 -> +2 (undefined, 48 chars)[39m

[90mstdout[2m | src/web/auto-reply.web-auto-reply.reconnects-after-connection-close.test.ts[2m > [22m[2mweb auto-reply[2m > [22m[2mprocesses inbound messages without batching and preserves timestamps
[22m[39m[35m[whatsapp][39m [36mAuto-replied to +1[39m

[90mstdout[2m | src/web/auto-reply.web-auto-reply.reconnects-after-connection-close.test.ts[2m > [22m[2mweb auto-reply[2m > [22m[2mprocesses inbound messages without batching and preserves timestamps
[22m[39m[35m[whatsapp][39m [36mInbound message +1 -> +2 (undefined, 49 chars)[39m

[90mstdout[2m | src/web/auto-reply.web-auto-reply.reconnects-after-connection-close.test.ts[2m > [22m[2mweb auto-reply[2m > [22m[2mprocesses inbound messages without batching and preserves timestamps
[22m[39m[35m[whatsapp][39m [36mAuto-replied to +1[39m

 [32mΓ£ô[39m src/web/auto-reply.web-auto-reply.reconnects-after-connection-close.test.ts [2m([22m[2m4 tests[22m[2m)[22m[33m 2199[2mms[22m[39m
     [33m[2mΓ£ô[22m[39m forces reconnect when watchdog closes without onClose [33m 2001[2mms[22m[39m
 [32mΓ£ô[39m src/commands/gateway-status.test.ts [2m([22m[2m7 tests[22m[2m)[22m[32m 166[2mms[22m[39m
[90mstdout[2m | src/telegram/bot.create-telegram-bot.applies-topic-skill-filters-system-prompts.test.ts[2m > [22m[2mcreateTelegramBot[2m > [22m[2mapplies topic skill filters and system prompts
[22m[39m[34m[telegram][39m [36mautoSelectFamily=false (default-node22)[39m

[90mstdout[2m | src/web/auto-reply.partial-reply-gating.test.ts[2m > [22m[2mpartial reply gating[2m > [22m[2mdoes not send partial replies for WhatsApp provider
[22m[39m[35m[whatsapp][39m [36mInbound message +1000 -> +2000 (direct, 48 chars)[39m

[90mstdout[2m | src/web/auto-reply.partial-reply-gating.test.ts[2m > [22m[2mpartial reply gating[2m > [22m[2mdoes not send partial replies for WhatsApp provider
[22m[39m[35m[whatsapp][39m [36mAuto-replied to +1000[39m

[90mstdout[2m | src/web/auto-reply.partial-reply-gating.test.ts[2m > [22m[2mpartial reply gating[2m > [22m[2mdoes not send partial replies for WhatsApp provider
[22m[39m[35m[whatsapp][39m [36mListening for personal WhatsApp inbound messages.[39m

[90mstdout[2m | src/web/auto-reply.partial-reply-gating.test.ts[2m > [22m[2mpartial reply gating[2m > [22m[2mfalls back from empty senderJid to senderE164 for SenderId
[22m[39m[35m[whatsapp][39m [36mInbound message +1000 -> +2000 (direct, 52 chars)[39m

[90mstdout[2m | src/web/auto-reply.partial-reply-gating.test.ts[2m > [22m[2mpartial reply gating[2m > [22m[2mfalls back from empty senderJid to senderE164 for SenderId
[22m[39m[35m[whatsapp][39m [36mAuto-replied to +1000[39m

[90mstdout[2m | src/web/auto-reply.partial-reply-gating.test.ts[2m > [22m[2mpartial reply gating[2m > [22m[2mfalls back from empty senderJid to senderE164 for SenderId
[22m[39m[35m[whatsapp][39m [36mListening for personal WhatsApp inbound messages.[39m

[90mstdout[2m | src/web/auto-reply.web-auto-reply.compresses-common-formats-jpeg-cap.test.ts[2m > [22m[2mweb auto-reply[2m > [22m[2mcompresses common formats to jpeg under the cap
[22m[39m[35m[whatsapp][39m [36mListening for personal WhatsApp inbound messages.[39m

[90mstdout[2m | src/web/auto-reply.web-auto-reply.compresses-common-formats-jpeg-cap.test.ts[2m > [22m[2mweb auto-reply[2m > [22m[2mcompresses common formats to jpeg under the cap
[22m[39m[35m[whatsapp][39m [36mInbound message +1 -> +2 (undefined, 30 chars)[39m

[90mstdout[2m | src/web/auto-reply.partial-reply-gating.test.ts[2m > [22m[2mpartial reply gating[2m > [22m[2mupdates last-route for direct chats without senderE164
[22m[39m[35m[whatsapp][39m [36mInbound message +1000 -> +2000 (direct, 52 chars)[39m

[90mstdout[2m | src/web/auto-reply.partial-reply-gating.test.ts[2m > [22m[2mpartial reply gating[2m > [22m[2mupdates last-route for direct chats without senderE164
[22m[39m[35m[whatsapp][39m [36mListening for personal WhatsApp inbound messages.[39m

[90mstdout[2m | src/web/auto-reply.partial-reply-gating.test.ts[2m > [22m[2mpartial reply gating[2m > [22m[2mupdates last-route for group chats with account id
[22m[39m[35m[whatsapp][39m [36mListening for personal WhatsApp inbound messages.[39m

 [32mΓ£ô[39m src/cli/gateway-cli.coverage.test.ts [2m([22m[2m9 tests[22m[2m)[22m[33m 6821[2mms[22m[39m
     [33m[2mΓ£ô[22m[39m registers call/health commands and routes to callGateway [33m 5474[2mms[22m[39m
     [33m[2mΓ£ô[22m[39m prints stop hints on GatewayLockError when service is loaded [33m 589[2mms[22m[39m
     [33m[2mΓ£ô[22m[39m uses env/config port when --port is omitted [33m 713[2mms[22m[39m
[90mstdout[2m | src/telegram/bot.create-telegram-bot.routes-dms-by-telegram-accountid-binding.test.ts[2m > [22m[2mcreateTelegramBot[2m > [22m[2mroutes DMs by telegram accountId binding
[22m[39m[34m[telegram][39m [36mautoSelectFamily=false (default-node22)[39m

 [32mΓ£ô[39m src/web/auto-reply.partial-reply-gating.test.ts [2m([22m[2m5 tests[22m[2m)[22m[33m 917[2mms[22m[39m
     [33m[2mΓ£ô[22m[39m defaults to self-only when no config is present [33m 559[2mms[22m[39m
 [32mΓ£ô[39m src/telegram/bot.create-telegram-bot.applies-topic-skill-filters-system-prompts.test.ts [2m([22m[2m5 tests[22m[2m)[22m[33m 1399[2mms[22m[39m
     [33m[2mΓ£ô[22m[39m applies topic skill filters and system prompts [33m 348[2mms[22m[39m
     [33m[2mΓ£ô[22m[39m dedupes duplicate message updates by update_id [33m 375[2mms[22m[39m
[90mstdout[2m | src/web/auto-reply.web-auto-reply.compresses-common-formats-jpeg-cap.test.ts[2m > [22m[2mweb auto-reply[2m > [22m[2mcompresses common formats to jpeg under the cap
[22m[39m[35m[whatsapp][39m [36mSent media reply to +1 (0.74MB)[39m

[90mstdout[2m | src/web/auto-reply.web-auto-reply.compresses-common-formats-jpeg-cap.test.ts[2m > [22m[2mweb auto-reply[2m > [22m[2mcompresses common formats to jpeg under the cap
[22m[39m[35m[whatsapp][39m [36mAuto-replied to +1 (media)[39m

[90mstdout[2m | src/web/auto-reply.web-auto-reply.compresses-common-formats-jpeg-cap.test.ts[2m > [22m[2mweb auto-reply[2m > [22m[2mcompresses common formats to jpeg under the cap
[22m[39m[35m[whatsapp][39m [36mListening for personal WhatsApp inbound messages.[39m

[90mstdout[2m | src/web/auto-reply.web-auto-reply.compresses-common-formats-jpeg-cap.test.ts[2m > [22m[2mweb auto-reply[2m > [22m[2mcompresses common formats to jpeg under the cap
[22m[39m[35m[whatsapp][39m [36mInbound message +1 -> +2 (undefined, 30 chars)[39m

 [32mΓ£ô[39m src/web/monitor-inbox.captures-media-path-image-messages.test.ts [2m([22m[2m8 tests[22m[2m)[22m[32m 109[2mms[22m[39m
 [32mΓ£ô[39m src/telegram/bot.create-telegram-bot.routes-dms-by-telegram-accountid-binding.test.ts [2m([22m[2m6 tests[22m[2m)[22m[33m 1661[2mms[22m[39m
     [33m[2mΓ£ô[22m[39m allows per-group requireMention override [33m 348[2mms[22m[39m
     [33m[2mΓ£ô[22m[39m sends GIF replies as animations [33m 438[2mms[22m[39m
 [32mΓ£ô[39m src/agents/pi-embedded-helpers.validate-turns.test.ts [2m([22m[2m17 tests[22m[2m)[22m[32m 21[2mms[22m[39m
[90mstdout[2m | src/web/auto-reply.web-auto-reply.compresses-common-formats-jpeg-cap.test.ts[2m > [22m[2mweb auto-reply[2m > [22m[2mcompresses common formats to jpeg under the cap
[22m[39m[35m[whatsapp][39m [36mSent media reply to +1 (0.69MB)[39m

[90mstdout[2m | src/web/auto-reply.web-auto-reply.compresses-common-formats-jpeg-cap.test.ts[2m > [22m[2mweb auto-reply[2m > [22m[2mcompresses common formats to jpeg under the cap
[22m[39m[35m[whatsapp][39m [36mAuto-replied to +1 (media)[39m

[90mstdout[2m | src/web/auto-reply.web-auto-reply.compresses-common-formats-jpeg-cap.test.ts[2m > [22m[2mweb auto-reply[2m > [22m[2mcompresses common formats to jpeg under the cap
[22m[39m[35m[whatsapp][39m [36mListening for personal WhatsApp inbound messages.[39m

[90mstdout[2m | src/web/auto-reply.web-auto-reply.compresses-common-formats-jpeg-cap.test.ts[2m > [22m[2mweb auto-reply[2m > [22m[2mcompresses common formats to jpeg under the cap
[22m[39m[35m[whatsapp][39m [36mInbound message +1 -> +2 (undefined, 30 chars)[39m

 [32mΓ£ô[39m src/browser/extension-relay.test.ts [2m([22m[2m4 tests[22m[2m)[22m[32m 147[2mms[22m[39m
[90mstdout[2m | src/web/auto-reply.web-auto-reply.compresses-common-formats-jpeg-cap.test.ts[2m > [22m[2mweb auto-reply[2m > [22m[2mcompresses common formats to jpeg under the cap
[22m[39m[35m[whatsapp][39m [36mSent media reply to +1 (0.69MB)[39m

[90mstdout[2m | src/web/auto-reply.web-auto-reply.compresses-common-formats-jpeg-cap.test.ts[2m > [22m[2mweb auto-reply[2m > [22m[2mcompresses common formats to jpeg under the cap
[22m[39m[35m[whatsapp][39m [36mAuto-replied to +1 (media)[39m

[90mstdout[2m | src/web/auto-reply.web-auto-reply.compresses-common-formats-jpeg-cap.test.ts[2m > [22m[2mweb auto-reply[2m > [22m[2mhonors mediaMaxMb from config
[22m[39m[35m[whatsapp][39m [36mListening for personal WhatsApp inbound messages.[39m

[90mstdout[2m | src/web/auto-reply.web-auto-reply.compresses-common-formats-jpeg-cap.test.ts[2m > [22m[2mweb auto-reply[2m > [22m[2mhonors mediaMaxMb from config
[22m[39m[35m[whatsapp][39m [36mInbound message +1 -> +2 (undefined, 30 chars)[39m

[90mstdout[2m | src/web/auto-reply.web-auto-reply.compresses-common-formats-jpeg-cap.test.ts[2m > [22m[2mweb auto-reply[2m > [22m[2mhonors mediaMaxMb from config
[22m[39m[35m[whatsapp][39m [36mSent media reply to +1 (0.01MB)[39m

[90mstdout[2m | src/web/auto-reply.web-auto-reply.compresses-common-formats-jpeg-cap.test.ts[2m > [22m[2mweb auto-reply[2m > [22m[2mhonors mediaMaxMb from config
[22m[39m[35m[whatsapp][39m [36mAuto-replied to +1 (media)[39m

[90mstdout[2m | src/web/auto-reply.web-auto-reply.compresses-common-formats-jpeg-cap.test.ts[2m > [22m[2mweb auto-reply[2m > [22m[2mfalls back to text when media is unsupported
[22m[39m[35m[whatsapp][39m [36mListening for personal WhatsApp inbound messages.[39m

[90mstdout[2m | src/web/auto-reply.web-auto-reply.compresses-common-formats-jpeg-cap.test.ts[2m > [22m[2mweb auto-reply[2m > [22m[2mfalls back to text when media is unsupported
[22m[39m[35m[whatsapp][39m [36mInbound message +1 -> +2 (undefined, 19 chars)[39m

[90mstdout[2m | src/web/auto-reply.web-auto-reply.compresses-common-formats-jpeg-cap.test.ts[2m > [22m[2mweb auto-reply[2m > [22m[2mfalls back to text when media is unsupported
[22m[39m[35m[whatsapp][39m [36mSent media reply to +1 (0.01MB)[39m

[90mstdout[2m | src/web/auto-reply.web-auto-reply.compresses-common-formats-jpeg-cap.test.ts[2m > [22m[2mweb auto-reply[2m > [22m[2mfalls back to text when media is unsupported
[22m[39m[35m[whatsapp][39m [36mAuto-replied to +1 (media)[39m

 [32mΓ£ô[39m src/web/auto-reply.web-auto-reply.compresses-common-formats-jpeg-cap.test.ts [2m([22m[2m3 tests[22m[2m)[22m[33m 4495[2mms[22m[39m
     [33m[2mΓ£ô[22m[39m compresses common formats to jpeg under the cap [33m 3946[2mms[22m[39m
     [33m[2mΓ£ô[22m[39m honors mediaMaxMb from config [33m 479[2mms[22m[39m
 [32mΓ£ô[39m src/agents/identity.per-channel-prefix.test.ts [2m([22m[2m23 tests[22m[2m)[22m[32m 17[2mms[22m[39m
[90mstdout[2m | src/browser/server.serves-status-starts-browser-requested.test.ts[2m > [22m[2mbrowser control server[2m > [22m[2mserves status + starts browser when requested
[22m[39m[36m[browser/server][39m [36mBrowser control listening on http://127.0.0.1:62800/[39m

[90mstdout[2m | src/browser/server.serves-status-starts-browser-requested.test.ts[2m > [22m[2mbrowser control server[2m > [22m[2mhandles tabs: list, open, focus conflict on ambiguous prefix
[22m[39m[36m[browser/server][39m [36mBrowser control listening on http://127.0.0.1:62803/[39m

 [31mΓ¥»[39m src/daemon/launchd.test.ts [2m([22m[2m14 tests[22m[2m | [22m[31m10 failed[39m[2m)[22m[33m 2547[2mms[22m[39m
     [32mΓ£ô[39m parses state, pid, and exit status[32m 5[2mms[22m[39m
[31m     [31m├ù[31m detects the resolved label in launchctl list[39m[33m 318[2mms[22m[39m
     [32mΓ£ô[39m returns false when the label is missing[32m 271[2mms[22m[39m
[31m     [31m├ù[31m bootstraps and kickstarts the resolved label[39m[33m 527[2mms[22m[39m
[31m     [31m├ù[31m enables service before bootstrap (clears persisted disabled state)[39m[33m 1408[2mms[22m[39m
[31m     [31m├ù[31m uses default label when OPENCLAW_PROFILE is default[39m[32m 4[2mms[22m[39m
[31m     [31m├ù[31m uses default label when OPENCLAW_PROFILE is unset[39m[32m 2[2mms[22m[39m
[31m     [31m├ù[31m uses profile-specific label when OPENCLAW_PROFILE is set to a custom value[39m[32m 1[2mms[22m[39m
     [32mΓ£ô[39m prefers OPENCLAW_LAUNCHD_LABEL over OPENCLAW_PROFILE[32m 1[2mms[22m[39m
     [32mΓ£ô[39m trims whitespace from OPENCLAW_LAUNCHD_LABEL[32m 0[2mms[22m[39m
[31m     [31m├ù[31m ignores empty OPENCLAW_LAUNCHD_LABEL and falls back to profile[39m[32m 1[2mms[22m[39m
[31m     [31m├ù[31m handles case-insensitive 'Default' profile[39m[32m 1[2mms[22m[39m
[31m     [31m├ù[31m handles case-insensitive 'DEFAULT' profile[39m[32m 1[2mms[22m[39m
[31m     [31m├ù[31m trims whitespace from OPENCLAW_PROFILE[39m[32m 1[2mms[22m[39m
 [32mΓ£ô[39m src/browser/server.serves-status-starts-browser-requested.test.ts [2m([22m[2m2 tests[22m[2m)[22m[33m 751[2mms[22m[39m
     [33m[2mΓ£ô[22m[39m serves status + starts browser when requested [33m 693[2mms[22m[39m
 [32mΓ£ô[39m src/auto-reply/commands-registry.test.ts [2m([22m[2m16 tests[22m[2m)[22m[32m 36[2mms[22m[39m
[90mstdout[2m | src/slack/monitor.tool-result.threads-top-level-replies-replytomode-is-all.test.ts[2m > [22m[2mmonitorSlackProvider tool results[2m > [22m[2mthreads top-level replies when replyToMode is all
[22m[39mslack: groupPolicy defaults to "open" when channels.slack is missing; set channels.slack.groupPolicy (or channels.defaults.groupPolicy) or add channels.slack.channels to restrict access.

[90mstdout[2m | src/slack/monitor.tool-result.threads-top-level-replies-replytomode-is-all.test.ts[2m > [22m[2mmonitorSlackProvider tool results[2m > [22m[2mthreads top-level replies when replyToMode is all
[22m[39mslack socket mode connected

[90mstdout[2m | src/slack/monitor.tool-result.threads-top-level-replies-replytomode-is-all.test.ts[2m > [22m[2mmonitorSlackProvider tool results[2m > [22m[2mthreads top-level replies when replyToMode is all
[22m[39mdelivered reply to user:U1

[90mstdout[2m | src/slack/monitor.tool-result.threads-top-level-replies-replytomode-is-all.test.ts[2m > [22m[2mmonitorSlackProvider tool results[2m > [22m[2mtreats parent_user_id as a thread reply even when thread_ts matches ts
[22m[39mslack socket mode connected

[90mstdout[2m | src/slack/monitor.tool-result.threads-top-level-replies-replytomode-is-all.test.ts[2m > [22m[2mmonitorSlackProvider tool results[2m > [22m[2mtreats parent_user_id as a thread reply even when thread_ts matches ts
[22m[39mdelivered reply to user:U1

[90mstdout[2m | src/slack/monitor.tool-result.threads-top-level-replies-replytomode-is-all.test.ts[2m > [22m[2mmonitorSlackProvider tool results[2m > [22m[2mkeeps thread parent inheritance opt-in
[22m[39mslack channels unresolved: C1
slack socket mode connected

[90mstdout[2m | src/slack/monitor.tool-result.threads-top-level-replies-replytomode-is-all.test.ts[2m > [22m[2mmonitorSlackProvider tool results[2m > [22m[2mkeeps thread parent inheritance opt-in
[22m[39mdelivered reply to channel:C1

[90mstdout[2m | src/slack/monitor.tool-result.threads-top-level-replies-replytomode-is-all.test.ts[2m > [22m[2mmonitorSlackProvider tool results[2m > [22m[2minjects starter context for thread replies
[22m[39mslack channels unresolved: C1
slack socket mode connected

[90mstdout[2m | src/slack/monitor.tool-result.threads-top-level-replies-replytomode-is-all.test.ts[2m > [22m[2mmonitorSlackProvider tool results[2m > [22m[2minjects starter context for thread replies
[22m[39mdelivered reply to channel:C1

[90mstdout[2m | src/slack/monitor.tool-result.threads-top-level-replies-replytomode-is-all.test.ts[2m > [22m[2mmonitorSlackProvider tool results[2m > [22m[2mscopes thread session keys to the routed agent
[22m[39mslack channels unresolved: C1
slack socket mode connected

[90mstdout[2m | src/slack/monitor.tool-result.threads-top-level-replies-replytomode-is-all.test.ts[2m > [22m[2mmonitorSlackProvider tool results[2m > [22m[2mscopes thread session keys to the routed agent
[22m[39mdelivered reply to channel:C1

[90mstdout[2m | src/slack/monitor.tool-result.threads-top-level-replies-replytomode-is-all.test.ts[2m > [22m[2mmonitorSlackProvider tool results[2m > [22m[2mkeeps replies in channel root when message is not threaded (replyToMode off)
[22m[39mslack: groupPolicy defaults to "open" when channels.slack is missing; set channels.slack.groupPolicy (or channels.defaults.groupPolicy) or add channels.slack.channels to restrict access.

[90mstdout[2m | src/slack/monitor.tool-result.threads-top-level-replies-replytomode-is-all.test.ts[2m > [22m[2mmonitorSlackProvider tool results[2m > [22m[2mkeeps replies in channel root when message is not threaded (replyToMode off)
[22m[39mslack socket mode connected

[90mstdout[2m | src/slack/monitor.tool-result.threads-top-level-replies-replytomode-is-all.test.ts[2m > [22m[2mmonitorSlackProvider tool results[2m > [22m[2mkeeps replies in channel root when message is not threaded (replyToMode off)
[22m[39mdelivered reply to user:U1

[90mstdout[2m | src/slack/monitor.tool-result.threads-top-level-replies-replytomode-is-all.test.ts[2m > [22m[2mmonitorSlackProvider tool results[2m > [22m[2mthreads first reply when replyToMode is first and message is not threaded
[22m[39mslack: groupPolicy defaults to "open" when channels.slack is missing; set channels.slack.groupPolicy (or channels.defaults.groupPolicy) or add channels.slack.channels to restrict access.

[90mstdout[2m | src/slack/monitor.tool-result.threads-top-level-replies-replytomode-is-all.test.ts[2m > [22m[2mmonitorSlackProvider tool results[2m > [22m[2mthreads first reply when replyToMode is first and message is not threaded
[22m[39mslack socket mode connected

[90mstdout[2m | src/slack/monitor.tool-result.threads-top-level-replies-replytomode-is-all.test.ts[2m > [22m[2mmonitorSlackProvider tool results[2m > [22m[2mthreads first reply when replyToMode is first and message is not threaded
[22m[39mdelivered reply to user:U1

 [32mΓ£ô[39m src/slack/monitor.tool-result.threads-top-level-replies-replytomode-is-all.test.ts [2m([22m[2m7 tests[22m[2m)[22m[32m 158[2mms[22m[39m
[90mstdout[2m | src/web/auto-reply.web-auto-reply.supports-always-group-activation-silent-token-preserves.test.ts[2m > [22m[2mweb auto-reply[2m > [22m[2msupports always-on group activation with silent token and clears pending history
[22m[39m[35m[whatsapp][39m [36mListening for personal WhatsApp inbound messages.[39m

[90mstdout[2m | src/web/auto-reply.web-auto-reply.supports-always-group-activation-silent-token-preserves.test.ts[2m > [22m[2mweb auto-reply[2m > [22m[2msupports always-on group activation with silent token and clears pending history
[22m[39m[35m[whatsapp][39m [36mInbound message 123@g.us -> +2 (group, 50 chars)[39m

[90mstdout[2m | src/web/auto-reply.web-auto-reply.supports-always-group-activation-silent-token-preserves.test.ts[2m > [22m[2mweb auto-reply[2m > [22m[2msupports always-on group activation with silent token and clears pending history
[22m[39m[35m[whatsapp][39m [36mInbound message 123@g.us -> +2 (group, 49 chars)[39m

[90mstdout[2m | src/web/auto-reply.web-auto-reply.supports-always-group-activation-silent-token-preserves.test.ts[2m > [22m[2mweb auto-reply[2m > [22m[2msupports always-on group activation with silent token and clears pending history
[22m[39m[35m[whatsapp][39m [36mAuto-replied to 123@g.us[39m

[90mstdout[2m | src/web/auto-reply.web-auto-reply.supports-always-group-activation-silent-token-preserves.test.ts[2m > [22m[2mweb auto-reply[2m > [22m[2mignores JID mentions in self-chat mode (group chats)
[22m[39m[35m[whatsapp][39m [36mListening for personal WhatsApp inbound messages.[39m

[90mstdout[2m | src/web/auto-reply.web-auto-reply.supports-always-group-activation-silent-token-preserves.test.ts[2m > [22m[2mweb auto-reply[2m > [22m[2mignores JID mentions in self-chat mode (group chats)
[22m[39m[35m[whatsapp][39m [36mInbound message 123@g.us -> +2 (group, 203 chars)[39m

[90mstdout[2m | src/web/auto-reply.web-auto-reply.supports-always-group-activation-silent-token-preserves.test.ts[2m > [22m[2mweb auto-reply[2m > [22m[2mignores JID mentions in self-chat mode (group chats)
[22m[39m[35m[whatsapp][39m [36mAuto-replied to 123@g.us[39m

[90mstdout[2m | src/web/auto-reply.web-auto-reply.supports-always-group-activation-silent-token-preserves.test.ts[2m > [22m[2mweb auto-reply[2m > [22m[2memits heartbeat logs with connection metadata
[22m[39m[35m[whatsapp][39m [36mListening for personal WhatsApp inbound messages.[39m

[90mstdout[2m | src/web/auto-reply.web-auto-reply.supports-always-group-activation-silent-token-preserves.test.ts[2m > [22m[2mweb auto-reply[2m > [22m[2mlogs outbound replies to file
[22m[39m[35m[whatsapp][39m [36mListening for personal WhatsApp inbound messages.[39m

[90mstdout[2m | src/web/auto-reply.web-auto-reply.supports-always-group-activation-silent-token-preserves.test.ts[2m > [22m[2mweb auto-reply[2m > [22m[2mlogs outbound replies to file
[22m[39m[35m[whatsapp][39m [36mInbound message +1 -> +2 (undefined, 19 chars)[39m

[90mstdout[2m | src/web/auto-reply.web-auto-reply.supports-always-group-activation-silent-token-preserves.test.ts[2m > [22m[2mweb auto-reply[2m > [22m[2mlogs outbound replies to file
[22m[39m[35m[whatsapp][39m [36mAuto-replied to +1[39m

 [32mΓ£ô[39m src/web/auto-reply.web-auto-reply.supports-always-group-activation-silent-token-preserves.test.ts [2m([22m[2m4 tests[22m[2m)[22m[33m 317[2mms[22m[39m
 [32mΓ£ô[39m src/cli/program.nodes-basic.test.ts [2m([22m[2m8 tests[22m[2m)[22m[33m 373[2mms[22m[39m
 [31mΓ¥»[39m src/config/config.identity-defaults.test.ts [2m([22m[2m9 tests[22m[2m | [22m[31m7 failed[39m[2m)[22m[33m 2031[2mms[22m[39m
     [32mΓ£ô[39m does not derive mentionPatterns when identity is set[32m 231[2mms[22m[39m
[31m     [31m├ù[31m defaults ackReactionScope without setting ackReaction[39m[32m 254[2mms[22m[39m
[31m     [31m├ù[31m keeps ackReaction unset when identity is missing[39m[32m 223[2mms[22m[39m
[31m     [31m├ù[31m does not override explicit values[39m[32m 225[2mms[22m[39m
[31m     [31m├ù[31m supports provider textChunkLimit config[39m[32m 228[2mms[22m[39m
[31m     [31m├ù[31m accepts blank model provider apiKey values[39m[32m 210[2mms[22m[39m
[31m     [31m├ù[31m respects empty responsePrefix to disable identity defaults[39m[32m 226[2mms[22m[39m
[31m     [31m├ù[31m does not synthesize agent list/session when absent[39m[32m 215[2mms[22m[39m
     [32mΓ£ô[39m does not derive responsePrefix from identity emoji[32m 215[2mms[22m[39m
 [32mΓ£ô[39m src/plugins/install.test.ts [2m([22m[2m7 tests[22m[2m)[22m[33m 10746[2mms[22m[39m
     [33m[2mΓ£ô[22m[39m installs into ~/.openclaw/extensions and uses unscoped id [33m 2372[2mms[22m[39m
     [33m[2mΓ£ô[22m[39m rejects installing when plugin already exists [33m 1299[2mms[22m[39m
     [33m[2mΓ£ô[22m[39m allows updates when mode is update [33m 2962[2mms[22m[39m
     [33m[2mΓ£ô[22m[39m rejects traversal-like plugin names [33m 1253[2mms[22m[39m
     [33m[2mΓ£ô[22m[39m rejects reserved plugin ids [33m 1403[2mms[22m[39m
     [33m[2mΓ£ô[22m[39m rejects packages without openclaw.extensions [33m 1418[2mms[22m[39m
 [32mΓ£ô[39m src/security/external-content.test.ts [2m([22m[2m28 tests[22m[2m)[22m[32m 25[2mms[22m[39m
 [31mΓ¥»[39m src/media/store.test.ts [2m([22m[2m14 tests[22m[2m | [22m[31m1 failed[39m[2m)[22m[32m 139[2mms[22m[39m
[31m     [31m├ù[31m creates and returns media directory[39m[32m 16[2mms[22m[39m
     [32mΓ£ô[39m saves buffers and enforces size limit[32m 21[2mms[22m[39m
     [32mΓ£ô[39m copies local files and cleans old media[32m 13[2mms[22m[39m
     [32mΓ£ô[39m sets correct mime for xlsx by extension[32m 6[2mms[22m[39m
     [32mΓ£ô[39m renames media based on detected mime even when extension is wrong[32m 9[2mms[22m[39m
     [32mΓ£ô[39m sniffs xlsx mime for zip buffers and renames extension[32m 44[2mms[22m[39m
       [32mΓ£ô[39m extracts original filename from embedded pattern[32m 1[2mms[22m[39m
       [32mΓ£ô[39m handles uppercase UUID pattern[32m 0[2mms[22m[39m
       [32mΓ£ô[39m falls back to basename for non-matching patterns[32m 1[2mms[22m[39m
       [32mΓ£ô[39m preserves original name with special characters[32m 1[2mms[22m[39m
       [32mΓ£ô[39m embeds original filename in stored path when provided[32m 4[2mms[22m[39m
       [32mΓ£ô[39m sanitizes unsafe characters in original filename[32m 2[2mms[22m[39m
       [32mΓ£ô[39m truncates long original filenames[32m 5[2mms[22m[39m
       [32mΓ£ô[39m falls back to UUID-only when originalFilename not provided[32m 3[2mms[22m[39m
 [32mΓ£ô[39m src/tui/tui-event-handlers.test.ts [2m([22m[2m10 tests[22m[2m)[22m[32m 22[2mms[22m[39m
 [32mΓ£ô[39m src/agents/pi-embedded-subscribe.subscribe-embedded-pi-session.subscribeembeddedpisession.test.ts [2m([22m[2m13 tests[22m[2m)[22m[32m 43[2mms[22m[39m
 [32mΓ£ô[39m src/browser/chrome.test.ts [2m([22m[2m14 tests[22m[2m)[22m[33m 317[2mms[22m[39m
[90mstderr[2m | src/auto-reply/reply/agent-runner.heartbeat-typing.runreplyag
ent-typing-heartbeat.retries-after-compaction-failure-by-resetting-session.test
.ts[2m > [22m[2mrunReplyAgent typing (heartbeat)[2m > [22m[2mretries 
after compaction failure by resetting the session
[22m[39mAuto-compaction failed (Context overflow: Summarization failed: 400 
{"message":"prompt is too long"}). Restarting session main -> 
91b6a2f8-974f-41e4-a8ca-66f67337f297 and retrying.

[90mstderr[2m | src/auto-reply/reply/agent-runner.heartbeat-typing.runreplyag
ent-typing-heartbeat.retries-after-compaction-failure-by-resetting-session.test
.ts[2m > [22m[2mrunReplyAgent typing (heartbeat)[2m > [22m[2mretries 
after context overflow payload by resetting the session
[22m[39mAuto-compaction failed (Context overflow: Summarization failed: 400 
{"message":"prompt is too long"}). Restarting session main -> 
2875852e-39c9-410f-834e-0566aed481e0 and retrying.

[90mstderr[2m | src/auto-reply/reply/agent-runner.heartbeat-typing.runreplyag
ent-typing-heartbeat.retries-after-compaction-failure-by-resetting-session.test
.ts[2m > [22m[2mrunReplyAgent typing (heartbeat)[2m > [22m[2mresets the 
session after role ordering payloads
[22m[39mRole ordering conflict (messages: roles must alternate between 
"user" and "assistant"). Restarting session main -> 
407b04c1-d0cf-4616-9c8b-87b1984a8604.

 [32mΓ£ô[39m src/auto-reply/reply/agent-runner.heartbeat-typing.runreplyagent-typing-heartbeat.retries-after-compaction-failure-by-resetting-session.test.ts [2m([22m[2m3 tests[22m[2m)[22m[32m 75[2mms[22m[39m
 [32mΓ£ô[39m src/agents/openclaw-tools.subagents.sessions-spawn-normalizes-allowlisted-agent-ids.test.ts [2m([22m[2m4 tests[22m[2m)[22m[32m 100[2mms[22m[39m
[90mstdout[2m | src/web/auto-reply.web-auto-reply.uses-per-agent-mention-patterns-group-gating.test.ts[2m > [22m[2mweb auto-reply[2m > [22m[2muses per-agent mention patterns for group gating
[22m[39m[35m[whatsapp][39m [36mListening for personal WhatsApp inbound messages.[39m

[90mstdout[2m | src/web/auto-reply.web-auto-reply.uses-per-agent-mention-patterns-group-gating.test.ts[2m > [22m[2mweb auto-reply[2m > [22m[2muses per-agent mention patterns for group gating
[22m[39m[35m[whatsapp][39m [36mInbound message 123@g.us -> +2 (group, 198 chars)[39m

[90mstdout[2m | src/web/auto-reply.web-auto-reply.uses-per-agent-mention-patterns-group-gating.test.ts[2m > [22m[2mweb auto-reply[2m > [22m[2muses per-agent mention patterns for group gating
[22m[39m[35m[whatsapp][39m [36mAuto-replied to 123@g.us[39m

[90mstdout[2m | src/web/auto-reply.web-auto-reply.uses-per-agent-mention-patterns-group-gating.test.ts[2m > [22m[2mweb auto-reply[2m > [22m[2mallows group messages when whatsapp groups default disables mention gating
[22m[39m[35m[whatsapp][39m [36mListening for personal WhatsApp inbound messages.[39m

[90mstdout[2m | src/web/auto-reply.web-auto-reply.uses-per-agent-mention-patterns-group-gating.test.ts[2m > [22m[2mweb auto-reply[2m > [22m[2mallows group messages when whatsapp groups default disables mention gating
[22m[39m[35m[whatsapp][39m [36mInbound message 123@g.us -> +2 (group, 45 chars)[39m

[90mstdout[2m | src/web/auto-reply.web-auto-reply.uses-per-agent-mention-patterns-group-gating.test.ts[2m > [22m[2mweb auto-reply[2m > [22m[2mallows group messages when whatsapp groups default disables mention gating
[22m[39m[35m[whatsapp][39m [36mAuto-replied to 123@g.us[39m

[90mstdout[2m | src/web/auto-reply.web-auto-reply.uses-per-agent-mention-patterns-group-gating.test.ts[2m > [22m[2mweb auto-reply[2m > [22m[2mblocks group messages when whatsapp groups is set without a wildcard
[22m[39m[35m[whatsapp][39m [36mListening for personal WhatsApp inbound messages.[39m

 [31mΓ¥»[39m src/commands/onboard-non-interactive.gateway.test.ts [2m([22m[2m3 tests[22m[2m | [22m[31m1 failed[39m[2m)[22m[33m 6112[2mms[22m[39m
[31m     [31m├ù[31m writes gateway token auth into config and gateway enforces it[39m[33m 5986[2mms[22m[39m
     [32mΓ£ô[39m writes gateway.remote url/token and callGateway uses them[32m 103[2mms[22m[39m
     [32mΓ£ô[39m auto-generates token auth when binding LAN and persists the token[32m 1[2mms[22m[39m
[90mstdout[2m | src/web/auto-reply.web-auto-reply.uses-per-agent-mention-patterns-group-gating.test.ts[2m > [22m[2mweb auto-reply[2m > [22m[2mhonors per-group mention overrides when conversationId uses session key
[22m[39m[35m[whatsapp][39m [36mListening for personal WhatsApp inbound messages.[39m

[90mstdout[2m | src/web/auto-reply.web-auto-reply.uses-per-agent-mention-patterns-group-gating.test.ts[2m > [22m[2mweb auto-reply[2m > [22m[2mhonors per-group mention overrides when conversationId uses session key
[22m[39m[35m[whatsapp][39m [36mInbound message whatsapp:group:123@g.us -> +2 (group, 60 chars)[39m

[90mstdout[2m | src/web/auto-reply.web-auto-reply.uses-per-agent-mention-patterns-group-gating.test.ts[2m > [22m[2mweb auto-reply[2m > [22m[2mhonors per-group mention overrides when conversationId uses session key
[22m[39m[35m[whatsapp][39m [36mAuto-replied to whatsapp:group:123@g.us[39m

 [32mΓ£ô[39m src/web/auto-reply.web-auto-reply.uses-per-agent-mention-patterns-group-gating.test.ts [2m([22m[2m4 tests[22m[2m)[22m[32m 226[2mms[22m[39m
 [32mΓ£ô[39m src/agents/tool-call-id.test.ts [2m([22m[2m7 tests[22m[2m)[22m[32m 18[2mms[22m[39m
 [32mΓ£ô[39m src/agents/skills.test.ts [2m([22m[2m9 tests[22m[2m)[22m[33m 1471[2mms[22m[39m
     [33m[2mΓ£ô[22m[39m includes tool-dispatch metadata from frontmatter [33m 330[2mms[22m[39m
     [33m[2mΓ£ô[22m[39m loads skills from workspace skills/ [33m 429[2mms[22m[39m
[90mstdout[2m | src/web/auto-reply.broadcast-groups.broadcasts-sequentially-configured-order.test.ts[2m > [22m[2mbroadcast groups[2m > [22m[2mbroadcasts sequentially in configured order
[22m[39m[35m[whatsapp][39m [36mListening for personal WhatsApp inbound messages.[39m

[90mstdout[2m | src/web/auto-reply.broadcast-groups.broadcasts-sequentially-configured-order.test.ts[2m > [22m[2mbroadcast groups[2m > [22m[2mbroadcasts sequentially in configured order
[22m[39m[35m[whatsapp][39m [36mBroadcasting message to 2 agents (sequential)[39m
[35m[whatsapp][39m [36mInbound message +1000 -> +2000 (direct, 48 chars)[39m

[90mstdout[2m | src/web/auto-reply.broadcast-groups.broadcasts-sequentially-configured-order.test.ts[2m > [22m[2mbroadcast groups[2m > [22m[2mbroadcasts sequentially in configured order
[22m[39m[35m[whatsapp][39m [36mAuto-replied to +1000[39m

[90mstdout[2m | src/web/auto-reply.broadcast-groups.broadcasts-sequentially-configured-order.test.ts[2m > [22m[2mbroadcast groups[2m > [22m[2mbroadcasts sequentially in configured order
[22m[39m[35m[whatsapp][39m [36mInbound message +1000 -> +2000 (direct, 48 chars)[39m

[90mstdout[2m | src/web/auto-reply.broadcast-groups.broadcasts-sequentially-configured-order.test.ts[2m > [22m[2mbroadcast groups[2m > [22m[2mbroadcasts sequentially in configured order
[22m[39m[35m[whatsapp][39m [36mAuto-replied to +1000[39m

[90mstdout[2m | src/web/auto-reply.broadcast-groups.broadcasts-sequentially-configured-order.test.ts[2m > [22m[2mbroadcast groups[2m > [22m[2mshares group history across broadcast agents and clears after replying
[22m[39m[35m[whatsapp][39m [36mListening for personal WhatsApp inbound messages.[39m

[90mstdout[2m | src/web/auto-reply.broadcast-groups.broadcasts-sequentially-configured-order.test.ts[2m > [22m[2mbroadcast groups[2m > [22m[2mshares group history across broadcast agents and clears after replying
[22m[39m[35m[whatsapp][39m [36mBroadcasting message to 2 agents (sequential)[39m
[35m[whatsapp][39m [36mInbound message 123@g.us -> +2 (group, 193 chars)[39m

[90mstdout[2m | src/web/auto-reply.broadcast-groups.broadcasts-sequentially-configured-order.test.ts[2m > [22m[2mbroadcast groups[2m > [22m[2mshares group history across broadcast agents and clears after replying
[22m[39m[35m[whatsapp][39m [36mAuto-replied to 123@g.us[39m

[90mstdout[2m | src/web/auto-reply.broadcast-groups.broadcasts-sequentially-configured-order.test.ts[2m > [22m[2mbroadcast groups[2m > [22m[2mshares group history across broadcast agents and clears after replying
[22m[39m[35m[whatsapp][39m [36mInbound message 123@g.us -> +2 (group, 193 chars)[39m

[90mstdout[2m | src/web/auto-reply.broadcast-groups.broadcasts-sequentially-configured-order.test.ts[2m > [22m[2mbroadcast groups[2m > [22m[2mshares group history across broadcast agents and clears after replying
[22m[39m[35m[whatsapp][39m [36mAuto-replied to 123@g.us[39m

[90mstdout[2m | src/web/auto-reply.broadcast-groups.broadcasts-sequentially-configured-order.test.ts[2m > [22m[2mbroadcast groups[2m > [22m[2mshares group history across broadcast agents and clears after replying
[22m[39m[35m[whatsapp][39m [36mBroadcasting message to 2 agents (sequential)[39m
[35m[whatsapp][39m [36mInbound message 123@g.us -> +2 (group, 45 chars)[39m

[90mstdout[2m | src/web/auto-reply.broadcast-groups.broadcasts-sequentially-configured-order.test.ts[2m > [22m[2mbroadcast groups[2m > [22m[2mshares group history across broadcast agents and clears after replying
[22m[39m[35m[whatsapp][39m [36mAuto-replied to 123@g.us[39m

[90mstdout[2m | src/web/auto-reply.broadcast-groups.broadcasts-sequentially-configured-order.test.ts[2m > [22m[2mbroadcast groups[2m > [22m[2mshares group history across broadcast agents and clears after replying
[22m[39m[35m[whatsapp][39m [36mInbound message 123@g.us -> +2 (group, 45 chars)[39m

[90mstdout[2m | src/web/auto-reply.broadcast-groups.broadcasts-sequentially-configured-order.test.ts[2m > [22m[2mbroadcast groups[2m > [22m[2mshares group history across broadcast agents and clears after replying
[22m[39m[35m[whatsapp][39m [36mAuto-replied to 123@g.us[39m

[90mstdout[2m | src/web/auto-reply.broadcast-groups.broadcasts-sequentially-configured-order.test.ts[2m > [22m[2mbroadcast groups[2m > [22m[2mbroadcasts in parallel by default
[22m[39m[35m[whatsapp][39m [36mListening for personal WhatsApp inbound messages.[39m

[90mstdout[2m | src/web/auto-reply.broadcast-groups.broadcasts-sequentially-configured-order.test.ts[2m > [22m[2mbroadcast groups[2m > [22m[2mbroadcasts in parallel by default
[22m[39m[35m[whatsapp][39m [36mBroadcasting message to 2 agents (parallel)[39m
[35m[whatsapp][39m [36mInbound message +1000 -> +2000 (direct, 48 chars)[39m
[35m[whatsapp][39m [36mInbound message +1000 -> +2000 (direct, 48 chars)[39m

[90mstdout[2m | src/web/auto-reply.broadcast-groups.broadcasts-sequentially-configured-order.test.ts[2m > [22m[2mbroadcast groups[2m > [22m[2mbroadcasts in parallel by default
[22m[39m[35m[whatsapp][39m [36mAuto-replied to +1000[39m
[35m[whatsapp][39m [36mAuto-replied to +1000[39m

 [32mΓ£ô[39m src/web/auto-reply.broadcast-groups.broadcasts-sequentially-configured-order.test.ts [2m([22m[2m3 tests[22m[2m)[22m[33m 320[2mms[22m[39m
 [32mΓ£ô[39m src/slack/monitor/slash.policy.test.ts [2m([22m[2m6 tests[22m[2m)[22m[32m 33[2mms[22m[39m
[90mstderr[2m | src/memory/manager.embedding-batches.test.ts[2m > 
[22m[2mmemory embedding batches[2m > [22m[2msplits large files across 
multiple embedding batches
[22m[39m[31m[memory][39m [33mfts unavailable: no such module: fts5[39m

[90mstderr[2m | src/memory/manager.embedding-batches.test.ts[2m > 
[22m[2mmemory embedding batches[2m > [22m[2msplits large files across 
multiple embedding batches
[22m[39m[31m[memory][39m [33mfts unavailable: no such module: fts5[39m

 [32mΓ£ô[39m src/slack/monitor/media.test.ts [2m([22m[2m12 tests[22m[2m)[22m[32m 192[2mms[22m[39m
[90mstderr[2m | src/memory/manager.embedding-batches.test.ts[2m > 
[22m[2mmemory embedding batches[2m > [22m[2msplits large files across 
multiple embedding batches
[22m[39m[31m[memory][39m [33mfts unavailable: no such module: fts5[39m

[90mstderr[2m | src/memory/manager.embedding-batches.test.ts[2m > 
[22m[2mmemory embedding batches[2m > [22m[2mkeeps small files in a single 
embedding batch
[22m[39m[31m[memory][39m [33mfts unavailable: no such module: fts5[39m

[90mstderr[2m | src/memory/manager.embedding-batches.test.ts[2m > 
[22m[2mmemory embedding batches[2m > [22m[2mkeeps small files in a single 
embedding batch
[22m[39m[31m[memory][39m [33mfts unavailable: no such module: fts5[39m

[90mstderr[2m | src/memory/manager.embedding-batches.test.ts[2m > 
[22m[2mmemory embedding batches[2m > [22m[2mkeeps small files in a single 
embedding batch
[22m[39m[31m[memory][39m [33mfts unavailable: no such module: fts5[39m

[90mstderr[2m | src/memory/manager.embedding-batches.test.ts[2m > 
[22m[2mmemory embedding batches[2m > [22m[2mreports sync progress totals
[22m[39m[31m[memory][39m [33mfts unavailable: no such module: fts5[39m

 [32mΓ£ô[39m src/cli/daemon-cli.coverage.test.ts [2m([22m[2m7 tests[22m[2m)[22m[33m 1512[2mms[22m[39m
     [33m[2mΓ£ô[22m[39m probes gateway status by default [33m 1419[2mms[22m[39m
[90mstderr[2m | src/memory/manager.embedding-batches.test.ts[2m > 
[22m[2mmemory embedding batches[2m > [22m[2mreports sync progress totals
[22m[39m[31m[memory][39m [33mfts unavailable: no such module: fts5[39m

[90mstderr[2m | src/memory/manager.embedding-batches.test.ts[2m > 
[22m[2mmemory embedding batches[2m > [22m[2mreports sync progress totals
[22m[39m[31m[memory][39m [33mfts unavailable: no such module: fts5[39m

[90mstderr[2m | src/memory/manager.embedding-batches.test.ts[2m > 
[22m[2mmemory embedding batches[2m > [22m[2mretries embeddings on rate 
limit errors
[22m[39m[31m[memory][39m [33mfts unavailable: no such module: fts5[39m

[90mstderr[2m | src/memory/manager.embedding-batches.test.ts[2m > 
[22m[2mmemory embedding batches[2m > [22m[2mretries embeddings on rate 
limit errors
[22m[39m[31m[memory][39m [33mfts unavailable: no such module: fts5[39m

[90mstderr[2m | src/memory/manager.embedding-batches.test.ts[2m > 
[22m[2mmemory embedding batches[2m > [22m[2mretries embeddings on rate 
limit errors
[22m[39m[31m[memory][39m [33membeddings rate limited; retrying in 
546ms[39m

[90mstderr[2m | src/memory/manager.embedding-batches.test.ts[2m > 
[22m[2mmemory embedding batches[2m > [22m[2mretries embeddings on rate 
limit errors
[22m[39m[31m[memory][39m [33membeddings rate limited; retrying in 
1149ms[39m

[90mstderr[2m | src/memory/manager.embedding-batches.test.ts[2m > 
[22m[2mmemory embedding batches[2m > [22m[2mretries embeddings on rate 
limit errors
[22m[39m[31m[memory][39m [33mfts unavailable: no such module: fts5[39m

[90mstderr[2m | src/memory/manager.embedding-batches.test.ts[2m > 
[22m[2mmemory embedding batches[2m > [22m[2mretries embeddings on 
transient 5xx errors
[22m[39m[31m[memory][39m [33mfts unavailable: no such module: fts5[39m

[90mstderr[2m | src/memory/manager.embedding-batches.test.ts[2m > 
[22m[2mmemory embedding batches[2m > [22m[2mretries embeddings on 
transient 5xx errors
[22m[39m[31m[memory][39m [33mfts unavailable: no such module: fts5[39m

[90mstderr[2m | src/memory/manager.embedding-batches.test.ts[2m > 
[22m[2mmemory embedding batches[2m > [22m[2mretries embeddings on 
transient 5xx errors
[22m[39m[31m[memory][39m [33membeddings rate limited; retrying in 
536ms[39m

[90mstderr[2m | src/memory/manager.embedding-batches.test.ts[2m > 
[22m[2mmemory embedding batches[2m > [22m[2mretries embeddings on 
transient 5xx errors
[22m[39m[31m[memory][39m [33membeddings rate limited; retrying in 
1009ms[39m

[90mstderr[2m | src/memory/manager.embedding-batches.test.ts[2m > 
[22m[2mmemory embedding batches[2m > [22m[2mretries embeddings on 
transient 5xx errors
[22m[39m[31m[memory][39m [33mfts unavailable: no such module: fts5[39m

[90mstderr[2m | src/memory/manager.embedding-batches.test.ts[2m > 
[22m[2mmemory embedding batches[2m > [22m[2mskips empty chunks so 
embeddings input stays valid
[22m[39m[31m[memory][39m [33mfts unavailable: no such module: fts5[39m

[90mstderr[2m | src/memory/manager.embedding-batches.test.ts[2m > 
[22m[2mmemory embedding batches[2m > [22m[2mskips empty chunks so 
embeddings input stays valid
[22m[39m[31m[memory][39m [33mfts unavailable: no such module: fts5[39m

[90mstderr[2m | src/memory/manager.embedding-batches.test.ts[2m > 
[22m[2mmemory embedding batches[2m > [22m[2mskips empty chunks so 
embeddings input stays valid
[22m[39m[31m[memory][39m [33mfts unavailable: no such module: fts5[39m

 [32mΓ£ô[39m src/memory/manager.embedding-batches.test.ts [2m([22m[2m6 tests[22m[2m)[22m[33m 1732[2mms[22m[39m
     [33m[2mΓ£ô[22m[39m splits large files across multiple embedding batches [33m 680[2mms[22m[39m
 [32mΓ£ô[39m src/infra/bonjour-discovery.test.ts [2m([22m[2m4 tests[22m[2m)[22m[32m 21[2mms[22m[39m
 [32mΓ£ô[39m src/browser/server-context.remote-tab-ops.test.ts [2m([22m[2m6 tests[22m[2m)[22m[32m 113[2mms[22m[39m
 [32mΓ£ô[39m src/wizard/onboarding.test.ts [2m([22m[2m5 tests[22m[2m)[22m[32m 227[2mms[22m[39m
 [31mΓ¥»[39m src/config/config.nix-integration-u3-u5-u9.test.ts [2m([22m[2m17 tests[22m[2m | [22m[31m8 failed[39m[2m)[22m[33m 3415[2mms[22m[39m
       [32mΓ£ô[39m isNixMode is false when OPENCLAW_NIX_MODE is not set[32m 175[2mms[22m[39m
       [32mΓ£ô[39m isNixMode is false when OPENCLAW_NIX_MODE is empty[32m 230[2mms[22m[39m
       [32mΓ£ô[39m isNixMode is false when OPENCLAW_NIX_MODE is not '1'[32m 185[2mms[22m[39m
       [32mΓ£ô[39m isNixMode is true when OPENCLAW_NIX_MODE=1[32m 181[2mms[22m[39m
[31m       [31m├ù[31m STATE_DIR defaults to ~/.openclaw when env not set[39m[32m 203[2mms[22m[39m
[31m       [31m├ù[31m STATE_DIR respects OPENCLAW_STATE_DIR override[39m[32m 188[2mms[22m[39m
[31m       [31m├ù[31m CONFIG_PATH defaults to ~/.openclaw/openclaw.json when env not set[39m[32m 150[2mms[22m[39m
       [32mΓ£ô[39m CONFIG_PATH respects OPENCLAW_CONFIG_PATH override[32m 169[2mms[22m[39m
       [32mΓ£ô[39m CONFIG_PATH expands ~ in OPENCLAW_CONFIG_PATH override[32m 194[2mms[22m[39m
[31m       [31m├ù[31m CONFIG_PATH uses STATE_DIR when only state dir is overridden[39m[32m 176[2mms[22m[39m
[31m       [31m├ù[31m expands ~ in common path-ish config fields[39m[33m 357[2mms[22m[39m
       [32mΓ£ô[39m uses default when env and config are unset[32m 150[2mms[22m[39m
       [32mΓ£ô[39m prefers OPENCLAW_GATEWAY_PORT over config[32m 160[2mms[22m[39m
       [32mΓ£ô[39m falls back to config when env is invalid[32m 113[2mms[22m[39m
[31m       [31m├ù[31m accepts config with only botToken[39m[32m 246[2mms[22m[39m
[31m       [31m├ù[31m accepts config with only tokenFile[39m[32m 291[2mms[22m[39m
[31m       [31m├ù[31m accepts config with both botToken and tokenFile[39m[32m 243[2mms[22m[39m
 [32mΓ£ô[39m src/auto-reply/reply.block-streaming.test.ts [2m([22m[2m5 tests[22m[2m)[22m[33m 4417[2mms[22m[39m
     [33m[2mΓ£ô[22m[39m waits for block replies before returning final payloads [33m 920[2mms[22m[39m
     [33m[2mΓ£ô[22m[39m preserves block reply ordering when typing start is slow [33m 901[2mms[22m[39m
     [33m[2mΓ£ô[22m[39m drops final payloads when block replies streamed [33m 1199[2mms[22m[39m
     [33m[2mΓ£ô[22m[39m falls back to final payloads when block reply send times out [33m 654[2mms[22m[39m
     [33m[2mΓ£ô[22m[39m does not enable block streaming for telegram streamMode block [33m 739[2mms[22m[39m
 [32mΓ£ô[39m src/config/env-substitution.test.ts [2m([22m[2m31 tests[22m[2m)[22m[32m 22[2mms[22m[39m
 [31mΓ¥»[39m src/security/fix.test.ts [2m([22m[2m5 tests[22m[2m | [22m[31m4 failed[39m[2m)[22m[32m 124[2mms[22m[39m
[31m     [31m├ù[31m tightens groupPolicy + filesystem perms[39m[32m 31[2mms[22m[39m
[31m     [31m├ù[31m applies allowlist per-account and seeds WhatsApp groupAllowFrom from store[39m[32m 12[2mms[22m[39m
[31m     [31m├ù[31m does not seed WhatsApp groupAllowFrom if allowFrom is set[39m[32m 13[2mms[22m[39m
[31m     [31m├ù[31m returns ok=false for invalid config but still tightens perms[39m[32m 25[2mms[22m[39m
     [32mΓ£ô[39m tightens perms for credentials + agent auth/sessions + include files[32m 39[2mms[22m[39m
 [32mΓ£ô[39m src/telegram/bot/delivery.test.ts [2m([22m[2m10 tests[22m[2m)[22m[32m 72[2mms[22m[39m
[90mstdout[2m | src/web/auto-reply.web-auto-reply.falls-back-text-media-send-fails.test.ts[2m > [22m[2mweb auto-reply[2m > [22m[2mfalls back to text when media send fails
[22m[39m[35m[whatsapp][39m [36mListening for personal WhatsApp inbound messages.[39m

[90mstdout[2m | src/web/auto-reply.web-auto-reply.falls-back-text-media-send-fails.test.ts[2m > [22m[2mweb auto-reply[2m > [22m[2mfalls back to text when media send fails
[22m[39m[35m[whatsapp][39m [36mInbound message +1 -> +2 (undefined, 19 chars)[39m

[90mstderr[2m | 
src/web/auto-reply.web-auto-reply.falls-back-text-media-send-fails.test.ts[2m 
> [22m[2mweb auto-reply[2m > [22m[2mfalls back to text when media send 
fails
[22m[39m[35m[whatsapp][39m [31mFailed sending web media to +1: boom[39m
[35m[whatsapp][39m [33mMedia skipped; sent text-only to +1[39m

[90mstdout[2m | src/web/auto-reply.web-auto-reply.falls-back-text-media-send-fails.test.ts[2m > [22m[2mweb auto-reply[2m > [22m[2mfalls back to text when media send fails
[22m[39m[35m[whatsapp][39m [36mAuto-replied to +1 (media)[39m

[90mstdout[2m | src/web/auto-reply.web-auto-reply.falls-back-text-media-send-fails.test.ts[2m > [22m[2mweb auto-reply[2m > [22m[2mreturns a warning when remote media fetch 404s
[22m[39m[35m[whatsapp][39m [36mListening for personal WhatsApp inbound messages.[39m

 [32mΓ£ô[39m src/telegram/bot/helpers.test.ts [2m([22m[2m24 tests[22m[2m)[22m[32m 22[2mms[22m[39m
[90mstdout[2m | src/web/auto-reply.web-auto-reply.falls-back-text-media-send-fails.test.ts[2m > [22m[2mweb auto-reply[2m > [22m[2mreturns a warning when remote media fetch 404s
[22m[39m[35m[whatsapp][39m [36mInbound message +1 -> +2 (undefined, 19 chars)[39m

[90mstderr[2m | 
src/web/auto-reply.web-auto-reply.falls-back-text-media-send-fails.test.ts[2m 
> [22m[2mweb auto-reply[2m > [22m[2mreturns a warning when remote media 
fetch 404s
[22m[39m[35m[whatsapp][39m [31mFailed sending web media to +1: Failed to 
fetch media from https://example.com/missing.jpg: HTTP 404; empty response 
body[39m
[35m[whatsapp][39m [33mMedia skipped; sent text-only to +1[39m

[90mstdout[2m | src/web/auto-reply.web-auto-reply.falls-back-text-media-send-fails.test.ts[2m > [22m[2mweb auto-reply[2m > [22m[2mreturns a warning when remote media fetch 404s
[22m[39m[35m[whatsapp][39m [36mAuto-replied to +1 (media)[39m

[90mstdout[2m | src/web/auto-reply.web-auto-reply.falls-back-text-media-send-fails.test.ts[2m > [22m[2mweb auto-reply[2m > [22m[2mcompresses media over 5MB and still sends it
[22m[39m[35m[whatsapp][39m [36mListening for personal WhatsApp inbound messages.[39m

[90mstdout[2m | src/web/auto-reply.web-auto-reply.falls-back-text-media-send-fails.test.ts[2m > [22m[2mweb auto-reply[2m > [22m[2mcompresses media over 5MB and still sends it
[22m[39m[35m[whatsapp][39m [36mInbound message +1 -> +2 (undefined, 19 chars)[39m

[90mstdout[2m | src/web/auto-reply.web-auto-reply.falls-back-text-media-send-fails.test.ts[2m > [22m[2mweb auto-reply[2m > [22m[2mcompresses media over 5MB and still sends it
[22m[39m[35m[whatsapp][39m [36mSent media reply to +1 (0.01MB)[39m

[90mstdout[2m | src/web/auto-reply.web-auto-reply.falls-back-text-media-send-fails.test.ts[2m > [22m[2mweb auto-reply[2m > [22m[2mcompresses media over 5MB and still sends it
[22m[39m[35m[whatsapp][39m [36mAuto-replied to +1 (media)[39m

 [32mΓ£ô[39m src/web/auto-reply.web-auto-reply.falls-back-text-media-send-fails.test.ts [2m([22m[2m3 tests[22m[2m)[22m[33m 734[2mms[22m[39m
     [33m[2mΓ£ô[22m[39m compresses media over 5MB and still sends it [33m 529[2mms[22m[39m
 [32mΓ£ô[39m src/commands/models/list.status.test.ts [2m([22m[2m5 tests[22m[2m)[22m[33m 851[2mms[22m[39m
     [33m[2mΓ£ô[22m[39m labels defaults when --agent has no overrides [33m 821[2mms[22m[39m
 [32mΓ£ô[39m src/auto-reply/reply/commands-policy.test.ts [2m([22m[2m10 tests[22m[2m)[22m[32m 56[2mms[22m[39m
 [32mΓ£ô[39m src/web/media.test.ts [2m([22m[2m10 tests[22m[2m)[22m[33m 2078[2mms[22m[39m
     [33m[2mΓ£ô[22m[39m falls back to JPEG when PNG alpha cannot fit under cap [33m 1703[2mms[22m[39m
 [32mΓ£ô[39m src/agents/tools/browser-tool.test.ts [2m([22m[2m12 tests[22m[2m)[22m[32m 29[2mms[22m[39m
 [31mΓ¥»[39m src/daemon/schtasks.test.ts [2m([22m[2m17 tests[22m[2m | [22m[31m12 failed[39m[2m)[22m[33m 360[2mms[22m[39m
     [32mΓ£ô[39m parses status and last run info[32m 5[2mms[22m[39m
     [32mΓ£ô[39m parses running status[32m 1[2mms[22m[39m
[31m     [31m├ù[31m uses default path when OPENCLAW_PROFILE is default[39m[32m 13[2mms[22m[39m
[31m     [31m├ù[31m uses default path when OPENCLAW_PROFILE is unset[39m[32m 2[2mms[22m[39m
[31m     [31m├ù[31m uses profile-specific path when OPENCLAW_PROFILE is set to a custom value[39m[32m 2[2mms[22m[39m
     [32mΓ£ô[39m prefers OPENCLAW_STATE_DIR over profile-derived defaults[32m 1[2mms[22m[39m
[31m     [31m├ù[31m handles case-insensitive 'Default' profile[39m[32m 1[2mms[22m[39m
[31m     [31m├ù[31m handles case-insensitive 'DEFAULT' profile[39m[32m 2[2mms[22m[39m
[31m     [31m├ù[31m trims whitespace from OPENCLAW_PROFILE[39m[32m 2[2mms[22m[39m
[31m     [31m├ù[31m falls back to HOME when USERPROFILE is not set[39m[32m 1[2mms[22m[39m
[31m     [31m├ù[31m parses basic command script[39m[32m 103[2mms[22m[39m
[31m     [31m├ù[31m parses script with working directory[39m[32m 106[2mms[22m[39m
[31m     [31m├ù[31m parses script with environment variables[39m[32m 28[2mms[22m[39m
[31m     [31m├ù[31m parses script with quoted arguments containing spaces[39m[32m 66[2mms[22m[39m
     [32mΓ£ô[39m returns null when script does not exist[32m 11[2mms[22m[39m
     [32mΓ£ô[39m returns null when script has no command[32m 6[2mms[22m[39m
[31m     [31m├ù[31m parses full script with all components[39m[32m 6[2mms[22m[39m
 [32mΓ£ô[39m src/shared/text/reasoning-tags.test.ts [2m([22m[2m39 tests[22m[2m)[22m[32m 22[2mms[22m[39m
 [32mΓ£ô[39m src/auto-reply/command-control.test.ts [2m([22m[2m14 tests[22m[2m)[22m[32m 56[2mms[22m[39m
 [31mΓ¥»[39m src/daemon/service-env.test.ts [2m([22m[2m17 tests[22m[2m | [22m[31m2 failed[39m[2m)[22m[32m 36[2mms[22m[39m
     [32mΓ£ô[39m includes user bin directories when HOME is set on Linux[32m 6[2mms[22m[39m
     [32mΓ£ô[39m excludes user bin directories when HOME is undefined on Linux[32m 2[2mms[22m[39m
     [32mΓ£ô[39m places user directories before system directories on Linux[32m 1[2mms[22m[39m
     [32mΓ£ô[39m places extraDirs before user directories on Linux[32m 1[2mms[22m[39m
     [32mΓ£ô[39m includes env-configured bin roots when HOME is set on Linux[32m 1[2mms[22m[39m
     [32mΓ£ô[39m does not include Linux user directories on macOS[32m 1[2mms[22m[39m
     [32mΓ£ô[39m does not include Linux user directories on Windows[32m 0[2mms[22m[39m
     [32mΓ£ô[39m includes Homebrew + system dirs on macOS[32m 1[2mms[22m[39m
     [32mΓ£ô[39m returns PATH as-is on Windows[32m 1[2mms[22m[39m
     [32mΓ£ô[39m includes Linux user directories when HOME is set in env[32m 1[2mms[22m[39m
     [32mΓ£ô[39m excludes Linux user directories when HOME is not in env[32m 1[2mms[22m[39m
     [32mΓ£ô[39m ensures user directories come before system directories on Linux[32m 0[2mms[22m[39m
     [32mΓ£ô[39m includes extra directories when provided[32m 1[2mms[22m[39m
     [32mΓ£ô[39m deduplicates directories[32m 0[2mms[22m[39m
[31m     [31m├ù[31m sets minimal PATH and gateway vars[39m[32m 13[2mms[22m[39m
[31m     [31m├ù[31m uses profile-specific unit and label[39m[32m 2[2mms[22m[39m
     [32mΓ£ô[39m passes through HOME for node services[32m 1[2mms[22m[39m
 [32mΓ£ô[39m src/cron/isolated-agent.skips-delivery-without-whatsapp-recipient-besteffortdeliver-true.test.ts [2m([22m[2m5 tests[22m[2m)[22m[33m 5161[2mms[22m[39m
     [33m[2mΓ£ô[22m[39m announces when delivery is requested [33m 2090[2mms[22m[39m
     [33m[2mΓ£ô[22m[39m skips announce when messaging tool already sent to target [33m 983[2mms[22m[39m
     [33m[2mΓ£ô[22m[39m skips announce for heartbeat-only output [33m 780[2mms[22m[39m
     [33m[2mΓ£ô[22m[39m fails when announce delivery fails and best-effort is disabled [33m 1007[2mms[22m[39m
 [32mΓ£ô[39m src/cli/skills-cli.test.ts [2m([22m[2m13 tests[22m[2m)[22m[33m 619[2mms[22m[39m
       [33m[2mΓ£ô[22m[39m loads bundled skills and formats them [33m 354[2mms[22m[39m
 [32mΓ£ô[39m src/browser/client.test.ts [2m([22m[2m6 tests[22m[2m)[22m[32m 16[2mms[22m[39m
 [32mΓ£ô[39m src/auto-reply/reply/formatting.test.ts [2m([22m[2m18 tests[22m[2m)[22m[32m 16[2mms[22m[39m
 [32mΓ£ô[39m src/auto-reply/reply/reply-routing.test.ts [2m([22m[2m18 tests[22m[2m)[22m[32m 67[2mms[22m[39m
 [32mΓ£ô[39m src/agents/pi-embedded-runner/run.overflow-compaction.test.ts [2m([22m[2m4 tests[22m[2m)[22m[32m 18[2mms[22m[39m
 [32mΓ£ô[39m src/agents/openclaw-tools.session-status.test.ts [2m([22m[2m7 tests[22m[2m)[22m[33m 721[2mms[22m[39m
     [33m[2mΓ£ô[22m[39m returns a status card for the current session [33m 707[2mms[22m[39m
 [32mΓ£ô[39m src/commands/onboard-hooks.test.ts [2m([22m[2m6 tests[22m[2m)[22m[32m 14[2mms[22m[39m
 [32mΓ£ô[39m src/browser/profiles.test.ts [2m([22m[2m28 tests[22m[2m)[22m[32m 21[2mms[22m[39m
 [32mΓ£ô[39m src/hooks/frontmatter.test.ts [2m([22m[2m20 tests[22m[2m)[22m[32m 37[2mms[22m[39m
[90mstdout[2m | src/canvas-host/server.test.ts[2m > [22m[2mcanvas host[2m > [22m[2mcreates a default index.html when missing
[22m[39mcanvas host listening on http://127.0.0.1:62825 (root C:\Users\Shubham\AppData\Local\Temp\openclaw-canvas-f87Rxy)

[90mstdout[2m | src/canvas-host/server.test.ts[2m > [22m[2mcanvas host[2m > [22m[2mskips live reload injection when disabled
[22m[39mcanvas host listening on http://127.0.0.1:62827 (root C:\Users\Shubham\AppData\Local\Temp\openclaw-canvas-TrPUYR)

[90mstdout[2m | src/canvas-host/server.test.ts[2m > [22m[2mcanvas host[2m > [22m[2mreuses a handler without closing it twice
[22m[39mcanvas host listening on http://127.0.0.1:62831 (root C:\Users\Shubham\AppData\Local\Temp\openclaw-canvas-HnUqBg)

[90mstdout[2m | src/canvas-host/server.test.ts[2m > [22m[2mcanvas host[2m > [22m[2mserves HTML with injection and broadcasts reload on file changes
[22m[39mcanvas host listening on http://127.0.0.1:62832 (root C:\Users\Shubham\AppData\Local\Temp\openclaw-canvas-wGrxiG)

[90mstdout[2m | src/canvas-host/server.test.ts[2m > [22m[2mcanvas host[2m > [22m[2mserves the gateway-hosted A2UI scaffold
[22m[39mcanvas host listening on http://127.0.0.1:62834 (root C:\Users\Shubham\AppData\Local\Temp\openclaw-canvas-1r5uMC)

 [31mΓ¥»[39m src/canvas-host/server.test.ts [2m([22m[2m7 tests[22m[2m | [22m[31m4 failed[39m[2m)[22m[32m 162[2mms[22m[39m
     [32mΓ£ô[39m injects live reload script[32m 3[2mms[22m[39m
[31m     [31m├ù[31m creates a default index.html when missing[39m[32m 67[2mms[22m[39m
[31m     [31m├ù[31m skips live reload injection when disabled[39m[32m 17[2mms[22m[39m
[31m     [31m├ù[31m serves canvas content from the mounted base path[39m[32m 16[2mms[22m[39m
     [32mΓ£ô[39m reuses a handler without closing it twice[32m 8[2mms[22m[39m
[31m     [31m├ù[31m serves HTML with injection and broadcasts reload on file changes[39m[32m 15[2mms[22m[39m
     [32mΓ£ô[39m serves the gateway-hosted A2UI scaffold[32m 33[2mms[22m[39m
 [32mΓ£ô[39m src/agents/pi-embedded-runner/run/payloads.test.ts [2m([22m[2m12 tests[22m[2m)[22m[32m 24[2mms[22m[39m
 [32mΓ£ô[39m src/commands/health.snapshot.test.ts [2m([22m[2m6 tests[22m[2m)[22m[32m 22[2mms[22m[39m
 [32mΓ£ô[39m src/agents/pi-embedded-runner/run/images.test.ts [2m([22m[2m24 tests[22m[2m)[22m[32m 16[2mms[22m[39m
 [32mΓ£ô[39m src/commands/models.list.test.ts [2m([22m[2m8 tests[22m[2m)[22m[33m 2670[2mms[22m[39m
     [33m[2mΓ£ô[22m[39m models status resolves z.ai alias to canonical zai [33m 2648[2mms[22m[39m
 [32mΓ£ô[39m src/commands/message.test.ts [2m([22m[2m4 tests[22m[2m)[22m[33m 1576[2mms[22m[39m
     [33m[2mΓ£ô[22m[39m defaults channel when only one configured [33m 1454[2mms[22m[39m
 [32mΓ£ô[39m src/agents/pi-extensions/compaction-safeguard.test.ts [2m([22m[2m17 tests[22m[2m)[22m[32m 11[2mms[22m[39m
 [31mΓ¥»[39m src/agents/subagent-registry.persistence.test.ts [2m([22m[2m4 tests[22m[2m | [22m[31m3 failed[39m[2m)[22m[33m 443[2mms[22m[39m
[31m     [31m├ù[31m persists runs to disk and resumes after restart[39m[32m 156[2mms[22m[39m
     [32mΓ£ô[39m skips cleanup when cleanupHandled was persisted[32m 158[2mms[22m[39m
[31m     [31m├ù[31m maps legacy announce fields into cleanup state[39m[32m 10[2mms[22m[39m
[31m     [31m├ù[31m retries cleanup announce after a failed announce[39m[32m 116[2mms[22m[39m
[90mstdout[2m | src/hooks/loader.test.ts[2m > [22m[2mloader[2m > [22m[2mloadInternalHooks[2m > [22m[2mshould load a handler from a module
[22m[39mRegistered hook (legacy): command:new -> C:\Users\Shubham\AppData\Local\Temp\openclaw-test-1770407570043\test-handler.js

[90mstdout[2m | src/hooks/loader.test.ts[2m > [22m[2mloader[2m > [22m[2mloadInternalHooks[2m > [22m[2mshould load multiple handlers
[22m[39mRegistered hook (legacy): command:new -> C:\Users\Shubham\AppData\Local\Temp\openclaw-test-1770407570054\handler1.js

[90mstdout[2m | src/hooks/loader.test.ts[2m > [22m[2mloader[2m > [22m[2mloadInternalHooks[2m > [22m[2mshould load multiple handlers
[22m[39mRegistered hook (legacy): command:stop -> C:\Users\Shubham\AppData\Local\Temp\openclaw-test-1770407570054\handler2.js

[90mstdout[2m | src/hooks/loader.test.ts[2m > [22m[2mloader[2m > [22m[2mloadInternalHooks[2m > [22m[2mshould support named exports
[22m[39mRegistered hook (legacy): command:new -> C:\Users\Shubham\AppData\Local\Temp\openclaw-test-1770407570071\named-export.js#myHandler

[90mstdout[2m | src/hooks/loader.test.ts[2m > [22m[2mloader[2m > [22m[2mloadInternalHooks[2m > [22m[2mshould handle relative paths
[22m[39mRegistered hook (legacy): command:new -> C:\Users\Shubham\AppData\Local\Temp\openclaw-test-1770407570104\relative-handler.js

[90mstdout[2m | src/hooks/loader.test.ts[2m > [22m[2mloader[2m > [22m[2mloadInternalHooks[2m > [22m[2mshould actually call the loaded handler
[22m[39mRegistered hook (legacy): command:new -> C:\Users\Shubham\AppData\Local\Temp\openclaw-test-1770407570114\callable-handler.js

 [32mΓ£ô[39m src/hooks/loader.test.ts [2m([22m[2m9 tests[22m[2m)[22m[32m 91[2mms[22m[39m
 [32mΓ£ô[39m src/agents/pi-embedded-runner.sanitize-session-history.test.ts [2m([22m[2m9 tests[22m[2m)[22m[32m 97[2mms[22m[39m
 [31mΓ¥»[39m src/web/session.test.ts [2m([22m[2m8 tests[22m[2m | [22m[31m1 failed[39m[2m)[22m[32m 37[2mms[22m[39m
     [32mΓ£ô[39m creates WA socket with QR handler[32m 13[2mms[22m[39m
     [32mΓ£ô[39m waits for connection open[32m 1[2mms[22m[39m
     [32mΓ£ô[39m rejects when connection closes[32m 1[2mms[22m[39m
     [32mΓ£ô[39m logWebSelfId prints cached E.164 when creds exist[32m 1[2mms[22m[39m
     [32mΓ£ô[39m formatError prints Boom-like payload message[32m 1[2mms[22m[39m
     [32mΓ£ô[39m does not clobber creds backup when creds.json is corrupted[32m 4[2mms[22m[39m
     [32mΓ£ô[39m serializes creds.update saves to avoid overlapping writes[32m 6[2mms[22m[39m
[31m     [31m├ù[31m rotates creds backup when creds.json is valid JSON[39m[32m 6[2mms[22m[39m
 [32mΓ£ô[39m src/commands/agents.identity.test.ts [2m([22m[2m7 tests[22m[2m)[22m[32m 29[2mms[22m[39m
 [32mΓ£ô[39m src/commands/agent.delivery.test.ts [2m([22m[2m7 tests[22m[2m)[22m[33m 1027[2mms[22m[39m
     [33m[2mΓ£ô[22m[39m prefers explicit accountId for outbound delivery [33m 1015[2mms[22m[39m
 [32mΓ£ô[39m src/auto-reply/reply/typing.test.ts [2m([22m[2m17 tests[22m[2m)[22m[32m 24[2mms[22m[39m
[90mstderr[2m | src/auto-reply/reply/agent-runner.heartbeat-typing.runreplyag
ent-typing-heartbeat.resets-corrupted-gemini-sessions-deletes-transcripts.test.
ts[2m > [22m[2mrunReplyAgent typing (heartbeat)[2m > [22m[2mresets 
corrupted Gemini sessions and deletes transcripts
[22m[39mSession history corrupted (Gemini function call ordering). Resetting 
session: main

[90mstderr[2m | src/auto-reply/reply/agent-runner.heartbeat-typing.runreplyag
ent-typing-heartbeat.resets-corrupted-gemini-sessions-deletes-transcripts.test.
ts[2m > [22m[2mrunReplyAgent typing (heartbeat)[2m > [22m[2mkeeps 
sessions intact on other errors
[22m[39mEmbedded agent failed before reply: INVALID_ARGUMENT: some other 
failure

[90mstderr[2m | src/auto-reply/reply/agent-runner.heartbeat-typing.runreplyag
ent-typing-heartbeat.resets-corrupted-gemini-sessions-deletes-transcripts.test.
ts[2m > [22m[2mrunReplyAgent typing (heartbeat)[2m > [22m[2mreturns 
friendly message for role ordering errors thrown as exceptions
[22m[39mEmbedded agent failed before reply: 400 Incorrect role information

[90mstderr[2m | src/auto-reply/reply/agent-runner.heartbeat-typing.runreplyag
ent-typing-heartbeat.resets-corrupted-gemini-sessions-deletes-transcripts.test.
ts[2m > [22m[2mrunReplyAgent typing (heartbeat)[2m > [22m[2mreturns 
friendly message for 'roles must alternate' errors thrown as exceptions
[22m[39mEmbedded agent failed before reply: messages: roles must alternate 
between "user" and "assistant"

 [32mΓ£ô[39m src/auto-reply/reply/agent-runner.heartbeat-typing.runreplyagent-typing-heartbeat.resets-corrupted-gemini-sessions-deletes-transcripts.test.ts [2m([22m[2m4 tests[22m[2m)[22m[32m 45[2mms[22m[39m
 [32mΓ£ô[39m src/line/rich-menu.test.ts [2m([22m[2m20 tests[22m[2m)[22m[32m 11[2mms[22m[39m
 [32mΓ£ô[39m src/auto-reply/reply.directive.parse.test.ts [2m([22m[2m31 tests[22m[2m)[22m[32m 20[2mms[22m[39m
 [32mΓ£ô[39m src/hooks/internal-hooks.test.ts [2m([22m[2m18 tests[22m[2m)[22m[32m 50[2mms[22m[39m
 [32mΓ£ô[39m src/hooks/install.test.ts [2m([22m[2m5 tests[22m[2m)[22m[32m 228[2mms[22m[39m
 [32mΓ£ô[39m src/agents/models-config.skips-writing-models-json-no-env-token.test.ts [2m([22m[2m4 tests[22m[2m)[22m[33m 526[2mms[22m[39m
 [32mΓ£ô[39m src/auto-reply/reply/agent-runner.heartbeat-typing.runreplyagent-typing-heartbeat.signals-typing-normal-runs.test.ts [2m([22m[2m7 tests[22m[2m)[22m[32m 22[2mms[22m[39m
 [32mΓ£ô[39m src/web/inbound.media.test.ts [2m([22m[2m3 tests[22m[2m)[22m[32m 64[2mms[22m[39m
 [32mΓ£ô[39m src/auto-reply/reply.raw-body.test.ts [2m([22m[2m5 tests[22m[2m)[22m[33m 1694[2mms[22m[39m
     [33m[2mΓ£ô[22m[39m /model, /think, /verbose directives detected from RawBody even when Body has structural wrapper [33m 395[2mms[22m[39m
     [33m[2mΓ£ô[22m[39m /model status detected from RawBody [33m 309[2mms[22m[39m
     [33m[2mΓ£ô[22m[39m preserves history when RawBody is provided for command parsing [33m 451[2mms[22m[39m
 [32mΓ£ô[39m src/agents/tools/cron-tool.test.ts [2m([22m[2m15 tests[22m[2m)[22m[32m 31[2mms[22m[39m
[90mstdout[2m | src/web/auto-reply.web-auto-reply.sends-tool-summaries-immediately-responseprefix.test.ts[2m > [22m[2mweb auto-reply[2m > [22m[2mskips tool summaries and sends final reply with responsePrefix
[22m[39m[35m[whatsapp][39m [36mListening for personal WhatsApp inbound messages.[39m

[90mstdout[2m | src/web/auto-reply.web-auto-reply.sends-tool-summaries-immediately-responseprefix.test.ts[2m > [22m[2mweb auto-reply[2m > [22m[2mskips tool summaries and sends final reply with responsePrefix
[22m[39m[35m[whatsapp][39m [36mInbound message +1555 -> +2666 (undefined, 19 chars)[39m

[90mstdout[2m | src/web/auto-reply.web-auto-reply.sends-tool-summaries-immediately-responseprefix.test.ts[2m > [22m[2mweb auto-reply[2m > [22m[2mskips tool summaries and sends final reply with responsePrefix
[22m[39m[35m[whatsapp][39m [36mAuto-replied to +1555[39m

[90mstdout[2m | src/web/auto-reply.web-auto-reply.sends-tool-summaries-immediately-responseprefix.test.ts[2m > [22m[2mweb auto-reply[2m > [22m[2muses identity.name for messagePrefix when set
[22m[39m[35m[whatsapp][39m [36mListening for personal WhatsApp inbound messages.[39m

[90mstdout[2m | src/web/auto-reply.web-auto-reply.sends-tool-summaries-immediately-responseprefix.test.ts[2m > [22m[2mweb auto-reply[2m > [22m[2muses identity.name for messagePrefix when set
[22m[39m[35m[whatsapp][39m [36mInbound message +1555 -> +2666 (undefined, 29 chars)[39m

[90mstdout[2m | src/web/auto-reply.web-auto-reply.sends-tool-summaries-immediately-responseprefix.test.ts[2m > [22m[2mweb auto-reply[2m > [22m[2muses identity.name for messagePrefix when set
[22m[39m[35m[whatsapp][39m [36mAuto-replied to +1555[39m

[90mstdout[2m | src/web/auto-reply.web-auto-reply.sends-tool-summaries-immediately-responseprefix.test.ts[2m > [22m[2mweb auto-reply[2m > [22m[2mdoes not derive responsePrefix from identity.name when unset
[22m[39m[35m[whatsapp][39m [36mListening for personal WhatsApp inbound messages.[39m

[90mstdout[2m | src/web/auto-reply.web-auto-reply.sends-tool-summaries-immediately-responseprefix.test.ts[2m > [22m[2mweb auto-reply[2m > [22m[2mdoes not derive responsePrefix from identity.name when unset
[22m[39m[35m[whatsapp][39m [36mInbound message +1555 -> +2666 (undefined, 29 chars)[39m

[90mstdout[2m | src/web/auto-reply.web-auto-reply.sends-tool-summaries-immediately-responseprefix.test.ts[2m > [22m[2mweb auto-reply[2m > [22m[2mdoes not derive responsePrefix from identity.name when unset
[22m[39m[35m[whatsapp][39m [36mAuto-replied to +1555[39m

 [32mΓ£ô[39m src/web/auto-reply.web-auto-reply.sends-tool-summaries-immediately-responseprefix.test.ts [2m([22m[2m3 tests[22m[2m)[22m[32m 150[2mms[22m[39m
 [32mΓ£ô[39m src/slack/monitor/slash.command-arg-menus.test.ts [2m([22m[2m5 tests[22m[2m)[22m[32m 16[2mms[22m[39m
 [32mΓ£ô[39m src/cron/normalize.test.ts [2m([22m[2m11 tests[22m[2m)[22m[32m 11[2mms[22m[39m
 [32mΓ£ô[39m src/auto-reply/reply/agent-runner.memory-flush.runreplyagent-memory-flush.uses-configured-prompts-memory-flush-runs.test.ts [2m([22m[2m2 tests[22m[2m)[22m[32m 33[2mms[22m[39m
 [32mΓ£ô[39m src/telegram/sticker-cache.test.ts [2m([22m[2m17 tests[22m[2m)[22m[32m 49[2mms[22m[39m
 [32mΓ£ô[39m src/auto-reply/reply/queue.collect-routing.test.ts [2m([22m[2m6 tests[22m[2m)[22m[32m 75[2mms[22m[39m
 [32mΓ£ô[39m src/auto-reply/reply/agent-runner.memory-flush.runreplyagent-memory-flush.runs-memory-flush-turn-updates-session-metadata.test.ts [2m([22m[2m2 tests[22m[2m)[22m[32m 38[2mms[22m[39m
 [32mΓ£ô[39m src/commands/daemon-install-helpers.test.ts [2m([22m[2m8 tests[22m[2m)[22m[32m 15[2mms[22m[39m
 [32mΓ£ô[39m src/agents/pi-embedded-runner.get-dm-history-limit-from-session-key.returns-undefined-sessionkey-is-undefined.test.ts [2m([22m[2m13 tests[22m[2m)[22m[32m 10[2mms[22m[39m
 [32mΓ£ô[39m src/web/inbound.test.ts [2m([22m[2m14 tests[22m[2m)[22m[32m 11[2mms[22m[39m
 [32mΓ£ô[39m src/commands/onboard-non-interactive.cloudflare-ai-gateway.test.ts [2m([22m[2m2 tests[22m[2m)[22m[33m 3827[2mms[22m[39m
     [33m[2mΓ£ô[22m[39m stores the API key and configures the default model [33m 3392[2mms[22m[39m
     [33m[2mΓ£ô[22m[39m infers auth choice from API key flags [33m 422[2mms[22m[39m
 [32mΓ£ô[39m src/hooks/soul-evil.test.ts [2m([22m[2m14 tests[22m[2m)[22m[32m 61[2mms[22m[39m
 [31mΓ¥»[39m src/daemon/constants.test.ts [2m([22m[2m35 tests[22m[2m | [22m[31m9 failed[39m[2m)[22m[32m 32[2mms[22m[39m
[31m     [31m├ù[31m returns default label when no profile is set[39m[32m 16[2mms[22m[39m
     [32mΓ£ô[39m returns default label when profile is undefined[32m 1[2mms[22m[39m
     [32mΓ£ô[39m returns default label when profile is 'default'[32m 0[2mms[22m[39m
     [32mΓ£ô[39m returns default label when profile is 'Default' (case-insensitive)[32m 0[2mms[22m[39m
[31m     [31m├ù[31m returns profile-specific label when profile is set[39m[32m 2[2mms[22m[39m
[31m     [31m├ù[31m returns profile-specific label for custom profile[39m[32m 1[2mms[22m[39m
[31m     [31m├ù[31m trims whitespace from profile[39m[32m 1[2mms[22m[39m
     [32mΓ£ô[39m returns default label for empty string profile[32m 0[2mms[22m[39m
     [32mΓ£ô[39m returns default label for whitespace-only profile[32m 0[2mms[22m[39m
[31m     [31m├ù[31m returns default service name when no profile is set[39m[32m 1[2mms[22m[39m
     [32mΓ£ô[39m returns default service name when profile is undefined[32m 0[2mms[22m[39m
     [32mΓ£ô[39m returns default service name when profile is 'default'[32m 0[2mms[22m[39m
     [32mΓ£ô[39m returns default service name when profile is 'DEFAULT' (case-insensitive)[32m 0[2mms[22m[39m
[31m     [31m├ù[31m returns profile-specific service name when profile is set[39m[32m 1[2mms[22m[39m
[31m     [31m├ù[31m returns profile-specific service name for custom profile[39m[32m 0[2mms[22m[39m
[31m     [31m├ù[31m trims whitespace from profile[39m[32m 1[2mms[22m[39m
     [32mΓ£ô[39m returns default service name for empty string profile[32m 0[2mms[22m[39m
     [32mΓ£ô[39m returns default service name for whitespace-only profile[32m 0[2mms[22m[39m
[31m     [31m├ù[31m returns default task name when no profile is set[39m[32m 1[2mms[22m[39m
     [32mΓ£ô[39m returns default task name when profile is undefined[32m 0[2mms[22m[39m
     [32mΓ£ô[39m returns default task name when profile is 'default'[32m 0[2mms[22m[39m
     [32mΓ£ô[39m returns default task name when profile is 'DeFaUlT' (case-insensitive)[32m 0[2mms[22m[39m
     [32mΓ£ô[39m returns profile-specific task name when profile is set[32m 0[2mms[22m[39m
     [32mΓ£ô[39m returns profile-specific task name for custom profile[32m 0[2mms[22m[39m
     [32mΓ£ô[39m trims whitespace from profile[32m 0[2mms[22m[39m
     [32mΓ£ô[39m returns default task name for empty string profile[32m 0[2mms[22m[39m
     [32mΓ£ô[39m returns default task name for whitespace-only profile[32m 0[2mms[22m[39m
     [32mΓ£ô[39m returns empty string when no profile is set[32m 0[2mms[22m[39m
     [32mΓ£ô[39m returns empty string for default profiles[32m 0[2mms[22m[39m
     [32mΓ£ô[39m returns a hyphenated suffix for custom profiles[32m 0[2mms[22m[39m
     [32mΓ£ô[39m trims whitespace from profiles[32m 0[2mms[22m[39m
     [32mΓ£ô[39m returns default description when no profile/version[32m 0[2mms[22m[39m
     [32mΓ£ô[39m includes profile when set[32m 0[2mms[22m[39m
     [32mΓ£ô[39m includes version when set[32m 0[2mms[22m[39m
     [32mΓ£ô[39m includes profile and version when set[32m 0[2mms[22m[39m
 [32mΓ£ô[39m src/auto-reply/reply/followup-runner.test.ts [2m([22m[2m5 tests[22m[2m)[22m[32m 34[2mms[22m[39m
 [32mΓ£ô[39m src/auto-reply/reply/agent-runner.memory-flush.runreplyagent-memory-flush.skips-memory-flush-sandbox-workspace-is-read.test.ts [2m([22m[2m2 tests[22m[2m)[22m[32m 34[2mms[22m[39m
[90mstdout[2m | src/agents/cli-credentials.test.ts[2m > [22m[2mcli credentials[2m > [22m[2mupdates the Claude Code keychain item in place
[22m[39m[33m[agents/auth-profiles][39m [36mwrote refreshed credentials to claude cli keychain[39m

[90mstdout[2m | src/agents/cli-credentials.test.ts[2m > [22m[2mcli credentials[2m > [22m[2mfalls back to the file store when the keychain update fails
[22m[39m[33m[agents/auth-profiles][39m [36mwrote refreshed credentials to claude cli file[39m

[90mstdout[2m | src/agents/cli-credentials.test.ts[2m > [22m[2mcli credentials[2m > [22m[2mcaches Claude Code CLI credentials within the TTL window
[22m[39m[33m[agents/auth-profiles][39m [36mread anthropic credentials from claude cli keychain[39m

[90mstdout[2m | src/agents/cli-credentials.test.ts[2m > [22m[2mcli credentials[2m > [22m[2mrefreshes Claude Code CLI credentials after the TTL window
[22m[39m[33m[agents/auth-profiles][39m [36mread anthropic credentials from claude cli keychain[39m
[33m[agents/auth-profiles][39m [36mread anthropic credentials from claude cli keychain[39m

[90mstdout[2m | src/agents/cli-credentials.test.ts[2m > [22m[2mcli credentials[2m > [22m[2mreads Codex credentials from keychain when available
[22m[39m[33m[agents/auth-profiles][39m [36mread codex credentials from keychain[39m

 [32mΓ£ô[39m src/agents/cli-credentials.test.ts [2m([22m[2m6 tests[22m[2m)[22m[32m 85[2mms[22m[39m
 [32mΓ£ô[39m src/tui/components/searchable-select-list.test.ts [2m([22m[2m13 tests[22m[2m)[22m[32m 18[2mms[22m[39m
 [32mΓ£ô[39m src/agents/tools/discord-actions-presence.test.ts [2m([22m[2m18 tests[22m[2m)[22m[32m 18[2mms[22m[39m
 [32mΓ£ô[39m src/agents/pi-embedded-subscribe.subscribe-embedded-pi-session.waits-multiple-compaction-retries-before-resolving.test.ts [2m([22m[2m5 tests[22m[2m)[22m[32m 56[2mms[22m[39m
[90mstdout[2m | src/telegram/bot.create-telegram-bot.dedupes-duplicate-callback-query-updates-by-update.test.ts[2m > [22m[2mcreateTelegramBot[2m > [22m[2mdedupes duplicate callback_query updates by update_id
[22m[39m[34m[telegram][39m [36mautoSelectFamily=false (default-node22)[39m

 [32mΓ£ô[39m src/telegram/bot.create-telegram-bot.dedupes-duplicate-callback-query-updates-by-update.test.ts [2m([22m[2m2 tests[22m[2m)[22m[33m 511[2mms[22m[39m
 [32mΓ£ô[39m src/infra/control-ui-assets.test.ts [2m([22m[2m9 tests[22m[2m)[22m[32m 66[2mms[22m[39m
 [32mΓ£ô[39m src/agents/auth-profiles.resolve-auth-profile-order.does-not-prioritize-lastgood-round-robin-ordering.test.ts [2m([22m[2m10 tests[22m[2m)[22m[32m 11[2mms[22m[39m
 [32mΓ£ô[39m src/auto-reply/reply/agent-runner.heartbeat-typing.runreplyagent-typing-heartbeat.signals-typing-block-replies.test.ts [2m([22m[2m4 tests[22m[2m)[22m[32m 29[2mms[22m[39m
 [32mΓ£ô[39m src/slack/monitor/message-handler/prepare.inbound-contract.test.ts [2m([22m[2m3 tests[22m[2m)[22m[32m 143[2mms[22m[39m
 [32mΓ£ô[39m src/line/auto-reply-delivery.test.ts [2m([22m[2m3 tests[22m[2m)[22m[32m 12[2mms[22m[39m
 [32mΓ£ô[39m src/infra/heartbeat-visibility.test.ts [2m([22m[2m13 tests[22m[2m)[22m[32m 9[2mms[22m[39m
 [32mΓ£ô[39m src/agents/memory-search.test.ts [2m([22m[2m11 tests[22m[2m)[22m[32m 14[2mms[22m[39m
 [32mΓ£ô[39m src/infra/path-env.test.ts [2m([22m[2m4 tests[22m[2m)[22m[32m 30[2mms[22m[39m
 [32mΓ£ô[39m src/auto-reply/reply/abort.test.ts [2m([22m[2m5 tests[22m[2m)[22m[32m 46[2mms[22m[39m
 [32mΓ£ô[39m src/channels/ack-reactions.test.ts [2m([22m[2m9 tests[22m[2m)[22m[32m 58[2mms[22m[39m
 [32mΓ£ô[39m src/commands/onboard-channels.test.ts [2m([22m[2m3 tests[22m[2m)[22m[32m 87[2mms[22m[39m
 [32mΓ£ô[39m src/cli/nodes-cli.coverage.test.ts [2m([22m[2m5 tests[22m[2m)[22m[32m 79[2mms[22m[39m
 [31mΓ¥»[39m src/config/paths.test.ts [2m([22m[2m7 tests[22m[2m | [22m[31m4 failed[39m[2m)[22m[32m 40[2mms[22m[39m
     [32mΓ£ô[39m prefers OPENCLAW_OAUTH_DIR over OPENCLAW_STATE_DIR[32m 4[2mms[22m[39m
     [32mΓ£ô[39m derives oauth path from OPENCLAW_STATE_DIR when unset[32m 1[2mms[22m[39m
     [32mΓ£ô[39m uses OPENCLAW_STATE_DIR when set[32m 1[2mms[22m[39m
[31m     [31m├ù[31m orders default config candidates in a stable order[39m[32m 11[2mms[22m[39m
[31m     [31m├ù[31m prefers ~/.openclaw when it exists and legacy dir is missing[39m[32m 6[2mms[22m[39m
[31m     [31m├ù[31m CONFIG_PATH prefers existing config when present[39m[32m 9[2mms[22m[39m
[31m     [31m├ù[31m respects state dir overrides when config is missing[39m[32m 6[2mms[22m[39m
 [32mΓ£ô[39m src/browser/server-context.ensure-tab-available.prefers-last-target.test.ts [2m([22m[2m3 tests[22m[2m)[22m[32m 11[2mms[22m[39m
 [32mΓ£ô[39m src/config/config.plugin-validation.test.ts [2m([22m[2m7 tests[22m[2m)[22m[33m 972[2mms[22m[39m
 [32mΓ£ô[39m src/config/sessions.cache.test.ts [2m([22m[2m8 tests[22m[2m)[22m[32m 51[2mms[22m[39m
 [32mΓ£ô[39m src/discord/monitor/exec-approvals.test.ts [2m([22m[2m17 tests[22m[2m)[22m[32m 17[2mms[22m[39m
 [32mΓ£ô[39m src/agents/bedrock-discovery.test.ts [2m([22m[2m5 tests[22m[2m)[22m[32m 10[2mms[22m[39m
 [32mΓ£ô[39m src/agents/openclaw-tools.subagents.sessions-spawn-applies-model-child-session.test.ts [2m([22m[2m4 tests[22m[2m)[22m[32m 20[2mms[22m[39m
 [32mΓ£ô[39m src/infra/tailscale.test.ts [2m([22m[2m10 tests[22m[2m)[22m[32m 153[2mms[22m[39m
 [32mΓ£ô[39m src/agents/session-tool-result-guard.test.ts [2m([22m[2m8 tests[22m[2m)[22m[32m 11[2mms[22m[39m
 [32mΓ£ô[39m src/agents/tools/message-tool.test.ts [2m([22m[2m6 tests[22m[2m)[22m[32m 12[2mms[22m[39m
 [32mΓ£ô[39m src/cli/argv.test.ts [2m([22m[2m11 tests[22m[2m)[22m[32m 10[2mms[22m[39m
 [32mΓ£ô[39m src/browser/cdp.test.ts [2m([22m[2m6 tests[22m[2m)[22m[32m 69[2mms[22m[39m
[90mstdout[2m | src/agents/bash-tools.exec.approval-id.test.ts[2m > [22m[2mexec approvals[2m > [22m[2mhonors ask=off for elevated gateway exec without prompting
[22m[39m[32m[exec][39m [36melevated command echo ok[39m

[90mstdout[2m | src/agents/bash-tools.exec.approval-id.test.ts[2m > [22m[2mexec approvals[2m > [22m[2mrequires approval for elevated ask when allowlist misses
[22m[39m[32m[exec][39m [36melevated command echo ok[39m

 [32mΓ£ô[39m src/agents/bash-tools.exec.approval-id.test.ts [2m([22m[2m4 tests[22m[2m)[22m[33m 651[2mms[22m[39m
     [33m[2mΓ£ô[22m[39m honors ask=off for elevated gateway exec without prompting [33m 576[2mms[22m[39m
[90mstdout[2m | src/agents/auth-profiles/oauth.fallback-to-main-agent.test.ts[2m > [22m[2mresolveApiKeyForProfile fallback to main agent[2m > [22m[2mfalls back to main agent credentials when secondary agent token is expired and refresh fails
[22m[39m[33m[agents/auth-profiles][39m [36minherited fresh OAuth credentials from main agent[39m

 [32mΓ£ô[39m src/agents/auth-profiles/oauth.fallback-to-main-agent.test.ts [2m([22m[2m2 tests[22m[2m)[22m[32m 58[2mms[22m[39m
 [32mΓ£ô[39m src/agents/sandbox-agent-config.agent-specific-sandbox-config.should-allow-agent-specific-docker-settings-beyond.test.ts [2m([22m[2m4 tests[22m[2m)[22m[33m 2335[2mms[22m[39m
     [33m[2mΓ£ô[22m[39m should allow agent-specific docker settings beyond setupCommand [33m 1370[2mms[22m[39m
     [33m[2mΓ£ô[22m[39m should use agent-specific sandbox mode 'all' [33m 391[2mms[22m[39m
     [33m[2mΓ£ô[22m[39m should use agent-specific scope [33m 386[2mms[22m[39m
 [32mΓ£ô[39m src/commands/model-picker.test.ts [2m([22m[2m7 tests[22m[2m)[22m[32m 10[2mms[22m[39m
 [32mΓ£ô[39m src/discord/monitor/message-handler.inbound-contract.test.ts [2m([22m[2m2 tests[22m[2m)[22m[32m 29[2mms[22m[39m
 [32mΓ£ô[39m src/auto-reply/reply/response-prefix-template.test.ts [2m([22m[2m27 tests[22m[2m)[22m[32m 11[2mms[22m[39m
 [32mΓ£ô[39m src/agents/openai-responses.reasoning-replay.test.ts [2m([22m[2m2 tests[22m[2m)[22m[33m 2734[2mms[22m[39m
     [33m[2mΓ£ô[22m[39m replays reasoning for tool-call-only turns (OpenAI requires it) [33m 1409[2mms[22m[39m
     [33m[2mΓ£ô[22m[39m still replays reasoning when paired with an assistant message [33m 1322[2mms[22m[39m
 [32mΓ£ô[39m src/infra/outbound/targets.test.ts [2m([22m[2m15 tests[22m[2m)[22m[32m 18[2mms[22m[39m
 [31mΓ¥»[39m src/utils.test.ts [2m([22m[2m20 tests[22m[2m | [22m[31m1 failed[39m[2m)[22m[32m 36[2mms[22m[39m
     [32mΓ£ô[39m adds leading slash when missing[32m 2[2mms[22m[39m
     [32mΓ£ô[39m keeps existing slash[32m 0[2mms[22m[39m
     [32mΓ£ô[39m adds whatsapp prefix[32m 0[2mms[22m[39m
     [32mΓ£ô[39m leaves prefixed intact[32m 0[2mms[22m[39m
     [32mΓ£ô[39m creates nested directory[32m 2[2mms[22m[39m
     [32mΓ£ô[39m resolves after delay using fake timers[32m 3[2mms[22m[39m
     [32mΓ£ô[39m throws for invalid channel[32m 1[2mms[22m[39m
     [32mΓ£ô[39m strips formatting and prefixes[32m 0[2mms[22m[39m
     [32mΓ£ô[39m preserves existing JIDs[32m 0[2mms[22m[39m
     [32mΓ£ô[39m maps @lid using reverse mapping file[32m 2[2mms[22m[39m
     [32mΓ£ô[39m maps @lid from authDir mapping files[32m 2[2mms[22m[39m
     [32mΓ£ô[39m maps @hosted.lid from authDir mapping files[32m 1[2mms[22m[39m
     [32mΓ£ô[39m accepts hosted PN JIDs[32m 0[2mms[22m[39m
     [32mΓ£ô[39m falls back through lidMappingDirs in order[32m 2[2mms[22m[39m
[31m     [31m├ù[31m prefers ~/.openclaw when legacy dir is missing[39m[32m 13[2mms[22m[39m
     [32mΓ£ô[39m resolves @lid via lidLookup when mapping file is missing[32m 3[2mms[22m[39m
     [32mΓ£ô[39m skips lidLookup for non-lid JIDs[32m 0[2mms[22m[39m
     [32mΓ£ô[39m expands ~ to home dir[32m 0[2mms[22m[39m
     [32mΓ£ô[39m expands ~/ to home dir[32m 0[2mms[22m[39m
     [32mΓ£ô[39m resolves relative paths[32m 0[2mms[22m[39m
 [32mΓ£ô[39m src/auto-reply/heartbeat.test.ts [2m([22m[2m20 tests[22m[2m)[22m[32m 17[2mms[22m[39m
[90mstderr[2m | src/auto-reply/reply/agent-runner.heartbeat-typing.runreplyag
ent-typing-heartbeat.still-replies-even-if-session-reset-fails.test.ts[2m > 
[22m[2mrunReplyAgent typing (heartbeat)[2m > [22m[2mstill replies even if 
session reset fails to persist
[22m[39mSession history corrupted (Gemini function call ordering). Resetting 
session: main

 [32mΓ£ô[39m src/auto-reply/reply/agent-runner.heartbeat-typing.runreplyagent-typing-heartbeat.still-replies-even-if-session-reset-fails.test.ts [2m([22m[2m2 tests[22m[2m)[22m[32m 28[2mms[22m[39m
 [32mΓ£ô[39m src/browser/pw-ai.test.ts [2m([22m[2m6 tests[22m[2m)[22m[32m 210[2mms[22m[39m
 [32mΓ£ô[39m src/commands/onboarding/plugin-install.test.ts [2m([22m[2m5 tests[22m[2m)[22m[32m 16[2mms[22m[39m
 [32mΓ£ô[39m src/line/bot-handlers.test.ts [2m([22m[2m4 tests[22m[2m)[22m[32m 216[2mms[22m[39m
 [32mΓ£ô[39m src/agents/pi-embedded-subscribe.subscribe-embedded-pi-session.does-not-emit-duplicate-block-replies-text.test.ts [2m([22m[2m5 tests[22m[2m)[22m[32m 16[2mms[22m[39m
 [32mΓ£ô[39m src/agents/openclaw-tools.subagents.sessions-spawn-resolves-main-announce-target-from.test.ts [2m([22m[2m2 tests[22m[2m)[22m[32m 51[2mms[22m[39m
 [32mΓ£ô[39m src/agents/pi-embedded-runner.limithistoryturns.test.ts [2m([22m[2m9 tests[22m[2m)[22m[32m 9[2mms[22m[39m
[90mstdout[2m | src/slack/monitor.tool-result.forces-thread-replies-replytoid-is-set.test.ts[2m > [22m[2mmonitorSlackProvider tool results[2m > [22m[2mforces thread replies when replyToId is set
[22m[39mslack: groupPolicy defaults to "open" when channels.slack is missing; set channels.slack.groupPolicy (or channels.defaults.groupPolicy) or add channels.slack.channels to restrict access.

[90mstdout[2m | src/slack/monitor.tool-result.forces-thread-replies-replytoid-is-set.test.ts[2m > [22m[2mmonitorSlackProvider tool results[2m > [22m[2mforces thread replies when replyToId is set
[22m[39mslack socket mode connected

[90mstdout[2m | src/slack/monitor.tool-result.forces-thread-replies-replytoid-is-set.test.ts[2m > [22m[2mmonitorSlackProvider tool results[2m > [22m[2mforces thread replies when replyToId is set
[22m[39mdelivered reply to user:U1

[90mstdout[2m | src/slack/monitor.tool-result.forces-thread-replies-replytoid-is-set.test.ts[2m > [22m[2mmonitorSlackProvider tool results[2m > [22m[2mreacts to mention-gated room messages when ackReaction is enabled
[22m[39mslack socket mode connected

[90mstdout[2m | src/slack/monitor.tool-result.forces-thread-replies-replytoid-is-set.test.ts[2m > [22m[2mmonitorSlackProvider tool results[2m > [22m[2mreplies with pairing code when dmPolicy is pairing and no allowFrom is set
[22m[39mslack socket mode connected

[90mstdout[2m | src/slack/monitor.tool-result.forces-thread-replies-replytoid-is-set.test.ts[2m > [22m[2mmonitorSlackProvider tool results[2m > [22m[2mdoes not resend pairing code when a request is already pending
[22m[39mslack socket mode connected

 [32mΓ£ô[39m src/slack/monitor.tool-result.forces-thread-replies-replytoid-is-set.test.ts [2m([22m[2m4 tests[22m[2m)[22m[32m 86[2mms[22m[39m
 [32mΓ£ô[39m src/commands/chutes-oauth.test.ts [2m([22m[2m4 tests[22m[2m)[22m[32m 46[2mms[22m[39m
 [32mΓ£ô[39m src/telegram/bot-message-context.dm-threads.test.ts [2m([22m[2m5 tests[22m[2m)[22m[32m 114[2mms[22m[39m
 [32mΓ£ô[39m src/agents/sandbox-agent-config.agent-specific-sandbox-config.should-use-global-sandbox-config-no-agent.test.ts [2m([22m[2m3 tests[22m[2m)[22m[33m 2474[2mms[22m[39m
     [33m[2mΓ£ô[22m[39m should use global sandbox config when no agent-specific config exists [33m 1485[2mms[22m[39m
     [33m[2mΓ£ô[22m[39m should allow agent-specific docker setupCommand overrides [33m 464[2mms[22m[39m
     [33m[2mΓ£ô[22m[39m should ignore agent-specific docker overrides when scope is shared [33m 408[2mms[22m[39m
 [32mΓ£ô[39m src/plugins/voice-call.plugin.test.ts [2m([22m[2m6 tests[22m[2m)[22m[32m 17[2mms[22m[39m
 [32mΓ£ô[39m src/cli/pairing-cli.test.ts [2m([22m[2m7 tests[22m[2m)[22m[32m 40[2mms[22m[39m
 [32mΓ£ô[39m src/browser/config.test.ts [2m([22m[2m12 tests[22m[2m)[22m[32m 11[2mms[22m[39m
 [32mΓ£ô[39m src/cron/isolated-agent.delivers-response-has-heartbeat-ok-but-includes.test.ts [2m([22m[2m2 tests[22m[2m)[22m[33m 1237[2mms[22m[39m
     [33m[2mΓ£ô[22m[39m delivers when response has HEARTBEAT_OK but includes media [33m 952[2mms[22m[39m
[90mstdout[2m | src/slack/monitor.threading.missing-thread-ts.test.ts[2m > [22m[2mmonitorSlackProvider threading[2m > [22m[2mrecovers missing thread_ts when parent_user_id is present
[22m[39mslack channels unresolved: C1
slack socket mode connected

[90mstdout[2m | src/slack/monitor.threading.missing-thread-ts.test.ts[2m > [22m[2mmonitorSlackProvider threading[2m > [22m[2mrecovers missing thread_ts when parent_user_id is present
[22m[39mdelivered reply to channel:C1

 [32mΓ£ô[39m src/slack/monitor.threading.missing-thread-ts.test.ts [2m([22m[2m1 test[22m[2m)[22m[32m 37[2mms[22m[39m
 [32mΓ£ô[39m src/auto-reply/reply/agent-runner.messaging-tools.test.ts [2m([22m[2m4 tests[22m[2m)[22m[32m 39[2mms[22m[39m
 [32mΓ£ô[39m src/agents/pi-embedded-runner.buildembeddedsandboxinfo.test.ts [2m([22m[2m3 tests[22m[2m)[22m[32m 6[2mms[22m[39m
[90mstdout[2m | src/telegram/bot.media.includes-location-text-ctx-fields-pins.test.ts[2m > [22m[2mtelegram inbound media[2m > [22m[2mincludes location text and ctx fields for pins
[22m[39m[34m[telegram][39m [36mautoSelectFamily=false (default-node22)[39m

 [32mΓ£ô[39m src/telegram/bot.media.includes-location-text-ctx-fields-pins.test.ts [2m([22m[2m2 tests[22m[2m)[22m[33m 3274[2mms[22m[39m
     [33m[2mΓ£ô[22m[39m includes location text and ctx fields for pins [33m 3127[2mms[22m[39m
 [32mΓ£ô[39m src/agents/agent-scope.test.ts [2m([22m[2m8 tests[22m[2m)[22m[32m 10[2mms[22m[39m
 [32mΓ£ô[39m src/agents/sandbox-agent-config.agent-specific-sandbox-config.should-use-agent-specific-workspaceroot.test.ts [2m([22m[2m3 tests[22m[2m)[22m[33m 2358[2mms[22m[39m
     [33m[2mΓ£ô[22m[39m should use agent-specific workspaceRoot [33m 1374[2mms[22m[39m
     [33m[2mΓ£ô[22m[39m should prefer agent config over global for multiple agents [33m 469[2mms[22m[39m
     [33m[2mΓ£ô[22m[39m should prefer agent-specific sandbox tool policy [33m 433[2mms[22m[39m
 [32mΓ£ô[39m src/commands/auth-choice.moonshot.test.ts [2m([22m[2m2 tests[22m[2m)[22m[32m 28[2mms[22m[39m
 [32mΓ£ô[39m src/browser/pw-tools-core.waits-next-download-saves-it.test.ts [2m([22m[2m5 tests[22m[2m)[22m[33m 795[2mms[22m[39m
     [33m[2mΓ£ô[22m[39m waits for the next download and saves it [33m 786[2mms[22m[39m
 [32mΓ£ô[39m src/agents/skills.build-workspace-skills-prompt.prefers-workspace-skills-managed-skills.test.ts [2m([22m[2m3 tests[22m[2m)[22m[33m 469[2mms[22m[39m
 [32mΓ£ô[39m src/auto-reply/model.test.ts [2m([22m[2m21 tests[22m[2m)[22m[32m 10[2mms[22m[39m
[90mstderr[2m | src/agents/pi-tools.before-tool-call.test.ts[2m > 
[22m[2mbefore_tool_call hook integration[2m > [22m[2mcontinues execution 
when hook throws
[22m[39m[33m[agents/tools][39m [33mbefore_tool_call hook failed: 
tool=read toolCallId=call-4 error=Error: boom[39m

 [32mΓ£ô[39m src/agents/pi-tools.before-tool-call.test.ts [2m([22m[2m6 tests[22m[2m)[22m[32m 25[2mms[22m[39m
 [32mΓ£ô[39m src/line/accounts.test.ts [2m([22m[2m14 tests[22m[2m)[22m[32m 10[2mms[22m[39m
[90mstdout[2m | src/agents/openclaw-gateway-tool.test.ts[2m > [22m[2mgateway tool[2m > [22m[2mschedules SIGUSR1 restart
[22m[39mgateway tool: restart requested (delayMs=0, reason=none)

 [31mΓ¥»[39m src/agents/openclaw-gateway-tool.test.ts [2m([22m[2m4 tests[22m[2m | [22m[31m1 failed[39m[2m)[22m[32m 32[2mms[22m[39m
[31m     [31m├ù[31m schedules SIGUSR1 restart[39m[32m 19[2mms[22m[39m
     [32mΓ£ô[39m passes config.apply through gateway call[32m 5[2mms[22m[39m
     [32mΓ£ô[39m passes config.patch through gateway call[32m 2[2mms[22m[39m
     [32mΓ£ô[39m passes update.run through gateway call[32m 2[2mms[22m[39m
 [32mΓ£ô[39m src/discord/chunk.test.ts [2m([22m[2m10 tests[22m[2m)[22m[32m 13[2mms[22m[39m
 [32mΓ£ô[39m src/auto-reply/reply/agent-runner.memory-flush.runreplyagent-memory-flush.skips-memory-flush-cli-providers.test.ts [2m([22m[2m1 test[22m[2m)[22m[32m 23[2mms[22m[39m
 [32mΓ£ô[39m src/auto-reply/reply/directive-handling.model.test.ts [2m([22m[2m4 tests[22m[2m)[22m[32m 19[2mms[22m[39m
 [32mΓ£ô[39m src/telegram/bot-message-context.dm-topic-threadid.test.ts [2m([22m[2m3 tests[22m[2m)[22m[32m 23[2mms[22m[39m
 [32mΓ£ô[39m src/providers/google-shared.ensures-function-call-comes-after-user-turn.test.ts [2m([22m[2m2 tests[22m[2m)[22m[32m 8[2mms[22m[39m
 [32mΓ£ô[39m src/agents/models-config.uses-first-github-copilot-profile-env-tokens.test.ts [2m([22m[2m2 tests[22m[2m)[22m[32m 296[2mms[22m[39m
 [31mΓ¥»[39m src/memory/qmd-manager.test.ts [2m([22m[2m3 tests[22m[2m | [22m[31m1 failed[39m[2m)[22m[32m 43[2mms[22m[39m
     [32mΓ£ô[39m debounces back-to-back sync calls[32m 16[2mms[22m[39m
     [32mΓ£ô[39m scopes by channel for agent-prefixed session keys[32m 7[2mms[22m[39m
[31m     [31m├ù[31m blocks non-markdown or symlink reads for qmd paths[39m[32m 14[2mms[22m[39m
 [32mΓ£ô[39m src/auto-reply/reply/agent-runner.memory-flush.runreplyagent-memory-flush.increments-compaction-count-flush-compaction-completes.test.ts [2m([22m[2m1 test[22m[2m)[22m[32m 31[2mms[22m[39m
[90mstderr[2m | src/telegram/monitor.test.ts[2m > 
[22m[2mmonitorTelegramProvider (grammY)[2m > [22m[2mretries on 
recoverable network errors
[22m[39mTelegram network error: timeout; retrying in 0ms.

 [32mΓ£ô[39m src/telegram/monitor.test.ts [2m([22m[2m5 tests[22m[2m)[22m[32m 18[2mms[22m[39m
 [32mΓ£ô[39m src/agents/bash-process-registry.test.ts [2m([22m[2m5 tests[22m[2m)[22m[32m 8[2mms[22m[39m
 [32mΓ£ô[39m src/agents/openclaw-tools.subagents.sessions-spawn-prefers-per-agent-subagent-model.test.ts [2m([22m[2m3 tests[22m[2m)[22m[32m 22[2mms[22m[39m
 [32mΓ£ô[39m src/agents/skills.buildworkspaceskillstatus.test.ts [2m([22m[2m4 tests[22m[2m)[22m[33m 815[2mms[22m[39m
     [33m[2mΓ£ô[22m[39m reports missing requirements and install options [33m 306[2mms[22m[39m
 [32mΓ£ô[39m src/agents/pi-tools.create-openclaw-coding-tools.adds-claude-style-aliases-schemas-without-dropping-d.test.ts [2m([22m[2m5 tests[22m[2m)[22m[32m 63[2mms[22m[39m
 [32mΓ£ô[39m src/commands/health.test.ts [2m([22m[2m3 tests[22m[2m)[22m[32m 15[2mms[22m[39m
 [32mΓ£ô[39m src/infra/gateway-lock.test.ts [2m([22m[2m3 tests[22m[2m)[22m[33m 372[2mms[22m[39m
 [31mΓ¥»[39m src/plugins/discovery.test.ts [2m([22m[2m4 tests[22m[2m | [22m[31m3 failed[39m[2m)[22m[32m 43[2mms[22m[39m
[31m     [31m├ù[31m discovers global and workspace extensions[39m[32m 19[2mms[22m[39m
[31m     [31m├ù[31m loads package extension packs[39m[32m 8[2mms[22m[39m
[31m     [31m├ù[31m derives unscoped ids for scoped packages[39m[32m 7[2mms[22m[39m
     [32mΓ£ô[39m treats configured directory paths as plugin packages[32m 6[2mms[22m[39m
[90mstdout[2m | src/web/outbound.test.ts[2m > [22m[2mweb outbound[2m > [22m[2msends message via active listener
[22m[39m[35m[whatsapp][39m [36mSending message -> 1555@s.whatsapp.net[39m

[90mstdout[2m | src/web/outbound.test.ts[2m > [22m[2mweb outbound[2m > [22m[2msends message via active listener
[22m[39m[35m[whatsapp][39m [36mSent message msg123 -> 1555@s.whatsapp.net (25ms)[39m

[90mstdout[2m | src/web/outbound.test.ts[2m > [22m[2mweb outbound[2m > [22m[2mmaps audio to PTT with opus mime when ogg
[22m[39m[35m[whatsapp][39m [36mSending message -> 1555@s.whatsapp.net (media)[39m

[90mstdout[2m | src/web/outbound.test.ts[2m > [22m[2mweb outbound[2m > [22m[2mmaps audio to PTT with opus mime when ogg
[22m[39m[35m[whatsapp][39m [36mSent message msg123 -> 1555@s.whatsapp.net (media) (7ms)[39m

[90mstdout[2m | src/web/outbound.test.ts[2m > [22m[2mweb outbound[2m > [22m[2mmaps video with caption
[22m[39m[35m[whatsapp][39m [36mSending message -> 1555@s.whatsapp.net (media)[39m

[90mstdout[2m | src/web/outbound.test.ts[2m > [22m[2mweb outbound[2m > [22m[2mmaps video with caption
[22m[39m[35m[whatsapp][39m [36mSent message msg123 -> 1555@s.whatsapp.net (media) (6ms)[39m

[90mstdout[2m | src/web/outbound.test.ts[2m > [22m[2mweb outbound[2m > [22m[2mmarks gif playback for video when requested
[22m[39m[35m[whatsapp][39m [36mSending message -> 1555@s.whatsapp.net (media)[39m

[90mstdout[2m | src/web/outbound.test.ts[2m > [22m[2mweb outbound[2m > [22m[2mmarks gif playback for video when requested
[22m[39m[35m[whatsapp][39m [36mSent message msg123 -> 1555@s.whatsapp.net (media) (8ms)[39m

[90mstdout[2m | src/web/outbound.test.ts[2m > [22m[2mweb outbound[2m > [22m[2mmaps image with caption
[22m[39m[35m[whatsapp][39m [36mSending message -> 1555@s.whatsapp.net (media)[39m

[90mstdout[2m | src/web/outbound.test.ts[2m > [22m[2mweb outbound[2m > [22m[2mmaps image with caption
[22m[39m[35m[whatsapp][39m [36mSent message msg123 -> 1555@s.whatsapp.net (media) (8ms)[39m

[90mstdout[2m | src/web/outbound.test.ts[2m > [22m[2mweb outbound[2m > [22m[2mmaps other kinds to document with filename
[22m[39m[35m[whatsapp][39m [36mSending message -> 1555@s.whatsapp.net (media)[39m

[90mstdout[2m | src/web/outbound.test.ts[2m > [22m[2mweb outbound[2m > [22m[2mmaps other kinds to document with filename
[22m[39m[35m[whatsapp][39m [36mSent message msg123 -> 1555@s.whatsapp.net (media) (6ms)[39m

[90mstdout[2m | src/web/outbound.test.ts[2m > [22m[2mweb outbound[2m > [22m[2msends polls via active listener
[22m[39m[35m[whatsapp][39m [36mSending poll -> 1555@s.whatsapp.net: "Lunch?"[39m

[90mstdout[2m | src/web/outbound.test.ts[2m > [22m[2mweb outbound[2m > [22m[2msends polls via active listener
[22m[39m[35m[whatsapp][39m [36mSent poll poll123 -> 1555@s.whatsapp.net (4ms)[39m

[90mstdout[2m | src/web/outbound.test.ts[2m > [22m[2mweb outbound[2m > [22m[2msends reactions via active listener
[22m[39m[35m[whatsapp][39m [36mSending reaction "Γ£à" -> message msg123[39m

[90mstdout[2m | src/web/outbound.test.ts[2m > [22m[2mweb outbound[2m > [22m[2msends reactions via active listener
[22m[39m[35m[whatsapp][39m [36mSent reaction "Γ£à" -> message msg123[39m

 [32mΓ£ô[39m src/web/outbound.test.ts [2m([22m[2m9 tests[22m[2m)[22m[32m 112[2mms[22m[39m
 [32mΓ£ô[39m src/infra/unhandled-rejections.fatal-detection.test.ts [2m([22m[2m10 tests[22m[2m)[22m[32m 18[2mms[22m[39m
 [32mΓ£ô[39m src/infra/unhandled-rejections.test.ts [2m([22m[2m19 tests[22m[2m)[22m[32m 9[2mms[22m[39m
 [32mΓ£ô[39m src/channels/channel-config.test.ts [2m([22m[2m13 tests[22m[2m)[22m[32m 10[2mms[22m[39m
[90mstdout[2m | src/imessage/monitor.updates-last-route-chat-id-direct-messages.test.ts[2m > [22m[2mmonitorIMessageProvider[2m > [22m[2mupdates last route with sender handle for direct messages
[22m[39mimessage: delivered reply to imessage:+15550004444

 [32mΓ£ô[39m src/imessage/monitor.updates-last-route-chat-id-direct-messages.test.ts [2m([22m[2m2 tests[22m[2m)[22m[32m 54[2mms[22m[39m
 [31mΓ¥»[39m src/cli/profile.test.ts [2m([22m[2m18 tests[22m[2m | [22m[31m1 failed[39m[2m)[22m[32m 17[2mms[22m[39m
     [32mΓ£ô[39m leaves gateway --dev for subcommands[32m 3[2mms[22m[39m
     [32mΓ£ô[39m still accepts global --dev before subcommand[32m 1[2mms[22m[39m
     [32mΓ£ô[39m parses --profile value and strips it[32m 1[2mms[22m[39m
     [32mΓ£ô[39m rejects missing profile value[32m 0[2mms[22m[39m
     [32mΓ£ô[39m rejects combining --dev with --profile (dev first)[32m 0[2mms[22m[39m
     [32mΓ£ô[39m rejects combining --dev with --profile (profile first)[32m 0[2mms[22m[39m
[31m     [31m├ù[31m fills env defaults for dev profile[39m[32m 7[2mms[22m[39m
     [32mΓ£ô[39m does not override explicit env values[32m 0[2mms[22m[39m
     [32mΓ£ô[39m returns command unchanged when no profile is set[32m 1[2mms[22m[39m
     [32mΓ£ô[39m returns command unchanged when profile is default[32m 0[2mms[22m[39m
     [32mΓ£ô[39m returns command unchanged when profile is Default (case-insensitive)[32m 0[2mms[22m[39m
     [32mΓ£ô[39m returns command unchanged when profile is invalid[32m 0[2mms[22m[39m
     [32mΓ£ô[39m returns command unchanged when --profile is already present[32m 0[2mms[22m[39m
     [32mΓ£ô[39m returns command unchanged when --dev is already present[32m 0[2mms[22m[39m
     [32mΓ£ô[39m inserts --profile flag when profile is set[32m 0[2mms[22m[39m
     [32mΓ£ô[39m trims whitespace from profile[32m 0[2mms[22m[39m
     [32mΓ£ô[39m handles command with no args after openclaw[32m 0[2mms[22m[39m
     [32mΓ£ô[39m handles pnpm wrapper[32m 0[2mms[22m[39m
[90mstdout[2m | src/signal/monitor.tool-result.pairs-uuid-only-senders-uuid-allowlist-entry.test.ts[2m > [22m[2mmonitorSignalProvider tool results[2m > [22m[2mreconnects after stream errors until aborted
[22m[39mSignal SSE connection lost, reconnecting in 1s...

[90mstderr[2m | src/signal/monitor.tool-result.pairs-uuid-only-senders-uuid-a
llowlist-entry.test.ts[2m > [22m[2mmonitorSignalProvider tool results[2m > 
[22m[2mreconnects after stream errors until aborted
[22m[39mSignal SSE stream error: Error: stream dropped

 [32mΓ£ô[39m src/auto-reply/envelope.test.ts [2m([22m[2m12 tests[22m[2m)[22m[32m 32[2mms[22m[39m
 [32mΓ£ô[39m src/auto-reply/reply/agent-runner.reasoning-tags.test.ts [2m([22m[2m2 tests[22m[2m)[22m[32m 19[2mms[22m[39m
 [32mΓ£ô[39m src/signal/monitor.tool-result.pairs-uuid-only-senders-uuid-allowlist-entry.test.ts [2m([22m[2m2 tests[22m[2m)[22m[33m 1044[2mms[22m[39m
     [33m[2mΓ£ô[22m[39m reconnects after stream errors until aborted [33m 1015[2mms[22m[39m
 [32mΓ£ô[39m src/browser/pw-tools-core.screenshots-element-selector.test.ts [2m([22m[2m5 tests[22m[2m)[22m[33m 506[2mms[22m[39m
     [33m[2mΓ£ô[22m[39m screenshots an element selector [33m 499[2mms[22m[39m
 [32mΓ£ô[39m src/infra/outbound/message.test.ts [2m([22m[2m3 tests[22m[2m)[22m[33m 1361[2mms[22m[39m
     [33m[2mΓ£ô[22m[39m normalizes Teams alias [33m 1127[2mms[22m[39m
 [32mΓ£ô[39m src/config/plugin-auto-enable.test.ts [2m([22m[2m9 tests[22m[2m)[22m[32m 18[2mms[22m[39m
 [32mΓ£ô[39m src/auto-reply/reply/agent-runner.response-usage-footer.test.ts [2m([22m[2m2 tests[22m[2m)[22m[32m 14[2mms[22m[39m
 [32mΓ£ô[39m src/agents/tools/web-fetch.ssrf.test.ts [2m([22m[2m5 tests[22m[2m)[22m[32m 31[2mms[22m[39m
 [32mΓ£ô[39m src/memory/internal.test.ts [2m([22m[2m7 tests[22m[2m)[22m[32m 43[2mms[22m[39m
 [32mΓ£ô[39m src/auto-reply/reply/commands-approve.test.ts [2m([22m[2m5 tests[22m[2m)[22m[32m 30[2mms[22m[39m
[90mstderr[2m | src/plugins/tools.optional.test.ts[2m > 
[22m[2mresolvePluginTools optional tools[2m > [22m[2mrejects plugin id 
collisions with core tool names
[22m[39m[35m[plugins][39m [31mplugin id conflicts with core tool name 
(message)[39m

[90mstderr[2m | src/plugins/tools.optional.test.ts[2m > 
[22m[2mresolvePluginTools optional tools[2m > [22m[2mskips conflicting 
tool names but keeps other tools
[22m[39m[35m[plugins][39m [31mplugin tool name conflict (multi): 
message[39m

 [32mΓ£ô[39m src/plugins/tools.optional.test.ts [2m([22m[2m5 tests[22m[2m)[22m[33m 320[2mms[22m[39m
 [32mΓ£ô[39m src/browser/pw-tools-core.last-file-chooser-arm-wins.test.ts [2m([22m[2m3 tests[22m[2m)[22m[33m 538[2mms[22m[39m
     [33m[2mΓ£ô[22m[39m last file-chooser arm wins [33m 531[2mms[22m[39m
 [32mΓ£ô[39m src/cli/gateway.sigterm.test.ts [2m([22m[2m1 test[22m[2m)[22m[33m 420[2mms[22m[39m
     [33m[2mΓ£ô[22m[39m exits 0 on SIGTERM [33m 417[2mms[22m[39m
 [32mΓ£ô[39m src/agents/models-config.falls-back-default-baseurl-token-exchange-fails.test.ts [2m([22m[2m2 tests[22m[2m)[22m[33m 323[2mms[22m[39m
 [32mΓ£ô[39m src/agents/pi-tools.create-openclaw-coding-tools.adds-claude-style-aliases-schemas-without-dropping-f.test.ts [2m([22m[2m4 tests[22m[2m)[22m[32m 45[2mms[22m[39m
 [32mΓ£ô[39m src/agents/session-tool-result-guard.tool-result-persist-hook.test.ts [2m([22m[2m2 tests[22m[2m)[22m[32m 189[2mms[22m[39m
 [32mΓ£ô[39m src/agents/session-transcript-repair.test.ts [2m([22m[2m6 tests[22m[2m)[22m[32m 9[2mms[22m[39m
 [32mΓ£ô[39m src/auto-reply/reply/history.test.ts [2m([22m[2m7 tests[22m[2m)[22m[32m 9[2mms[22m[39m
[90mstdout[2m | src/agents/skills.build-workspace-skills-prompt.syncs-merged-skills-into-target-workspace.test.ts[2m > [22m[2mbuildWorkspaceSkillsPrompt[2m > [22m[2mapplies skill filters, including empty lists
[22m[39m[skills] Applying skill filter: alpha
[skills] After filter: alpha
[skills] Applying skill filter: (none)
[skills] After filter: 

 [32mΓ£ô[39m src/agents/skills.build-workspace-skills-prompt.syncs-merged-skills-into-target-workspace.test.ts [2m([22m[2m3 tests[22m[2m)[22m[33m 1014[2mms[22m[39m
     [33m[2mΓ£ô[22m[39m filters skills based on env/config gates [33m 565[2mms[22m[39m
     [33m[2mΓ£ô[22m[39m applies skill filters, including empty lists [33m 372[2mms[22m[39m
 [32mΓ£ô[39m src/browser/profiles-service.test.ts [2m([22m[2m4 tests[22m[2m)[22m[32m 18[2mms[22m[39m
 [32mΓ£ô[39m src/channels/plugins/actions/discord.test.ts [2m([22m[2m6 tests[22m[2m)[22m[32m 246[2mms[22m[39m
 [31mΓ¥»[39m src/docker-setup.test.ts [2m([22m[2m3 tests[22m[2m | [22m[31m2 failed[39m[2m)[22m[33m 5938[2mms[22m[39m
[31m     [31m├ù[31m handles unset optional env vars under strict mode[39m[33m 5552[2mms[22m[39m
[31m     [31m├ù[31m plumbs OPENCLAW_DOCKER_APT_PACKAGES into .env and docker build args[39m[33m 381[2mms[22m[39m
     [32mΓ£ô[39m keeps docker-compose gateway command in sync[32m 2[2mms[22m[39m
 [32mΓ£ô[39m src/agents/models-config.fills-missing-provider-apikey-from-env-var.test.ts [2m([22m[2m2 tests[22m[2m)[22m[32m 270[2mms[22m[39m
[90mstdout[2m | src/web/auto-reply.broadcast-groups.skips-unknown-broadcast-agent-ids-agents-list.test.ts[2m > [22m[2mbroadcast groups[2m > [22m[2mskips unknown broadcast agent ids when agents.list is present
[22m[39m[35m[whatsapp][39m [36mListening for personal WhatsApp inbound messages.[39m

[90mstderr[2m | src/web/auto-reply.broadcast-groups.skips-unknown-broadcast-a
gent-ids-agents-list.test.ts[2m > [22m[2mbroadcast groups[2m > 
[22m[2mskips unknown broadcast agent ids when agents.list is present
[22m[39m[35m[whatsapp][39m [33mBroadcast agent missing not found in 
agents.list; skipping[39m

[90mstdout[2m | src/web/auto-reply.broadcast-groups.skips-unknown-broadcast-agent-ids-agents-list.test.ts[2m > [22m[2mbroadcast groups[2m > [22m[2mskips unknown broadcast agent ids when agents.list is present
[22m[39m[35m[whatsapp][39m [36mBroadcasting message to 2 agents (parallel)[39m
[35m[whatsapp][39m [36mInbound message +1000 -> +2000 (direct, 48 chars)[39m

 [32mΓ£ô[39m src/agents/pi-embedded-subscribe.subscribe-embedded-pi-session.filters-final-suppresses-output-without-start-tag.test.ts [2m([22m[2m4 tests[22m[2m)[22m[32m 19[2mms[22m[39m
[90mstdout[2m | src/web/auto-reply.broadcast-groups.skips-unknown-broadcast-agent-ids-agents-list.test.ts[2m > [22m[2mbroadcast groups[2m > [22m[2mskips unknown broadcast agent ids when agents.list is present
[22m[39m[35m[whatsapp][39m [36mAuto-replied to +1000[39m

 [32mΓ£ô[39m src/web/auto-reply.broadcast-groups.skips-unknown-broadcast-agent-ids-agents-list.test.ts [2m([22m[2m1 test[22m[2m)[22m[32m 88[2mms[22m[39m
 [32mΓ£ô[39m src/agents/compaction.test.ts [2m([22m[2m7 tests[22m[2m)[22m[32m 9[2mms[22m[39m
[90mstdout[2m | src/web/auto-reply.typing-controller-idle.test.ts[2m > [22m[2mtyping controller idle[2m > [22m[2mmarks dispatch idle after replies flush
[22m[39m[35m[whatsapp][39m [36mInbound message +1000 -> +2000 (direct, 48 chars)[39m

[90mstdout[2m | src/web/auto-reply.typing-controller-idle.test.ts[2m > [22m[2mtyping controller idle[2m > [22m[2mmarks dispatch idle after replies flush
[22m[39m[35m[whatsapp][39m [36mAuto-replied to +1000[39m

[90mstdout[2m | src/web/auto-reply.typing-controller-idle.test.ts[2m > [22m[2mtyping controller idle[2m > [22m[2mmarks dispatch idle after replies flush
[22m[39m[35m[whatsapp][39m [36mListening for personal WhatsApp inbound messages.[39m

 [32mΓ£ô[39m src/web/auto-reply.typing-controller-idle.test.ts [2m([22m[2m1 test[22m[2m)[22m[32m 121[2mms[22m[39m
 [32mΓ£ô[39m src/discord/monitor/threading.test.ts [2m([22m[2m7 tests[22m[2m)[22m[32m 8[2mms[22m[39m
 [32mΓ£ô[39m src/agents/pi-embedded-subscribe.reply-tags.test.ts [2m([22m[2m3 tests[22m[2m)[22m[32m 14[2mms[22m[39m
 [32mΓ£ô[39m src/agents/pi-embedded-subscribe.subscribe-embedded-pi-session.suppresses-message-end-block-replies-message-tool.test.ts [2m([22m[2m3 tests[22m[2m)[22m[32m 38[2mms[22m[39m
 [32mΓ£ô[39m src/agents/model-selection.test.ts [2m([22m[2m10 tests[22m[2m)[22m[32m 15[2mms[22m[39m
 [32mΓ£ô[39m src/config/channel-capabilities.test.ts [2m([22m[2m6 tests[22m[2m)[22m[32m 11[2mms[22m[39m
 [32mΓ£ô[39m src/channels/plugins/actions/signal.test.ts [2m([22m[2m9 tests[22m[2m)[22m[32m 14[2mms[22m[39m
 [32mΓ£ô[39m src/agents/pi-embedded-runner.applygoogleturnorderingfix.test.ts [2m([22m[2m2 tests[22m[2m)[22m[32m 9[2mms[22m[39m
 [32mΓ£ô[39m src/agents/pi-embedded-subscribe.subscribe-embedded-pi-session.splits-long-single-line-fenced-blocks-reopen.test.ts [2m([22m[2m3 tests[22m[2m)[22m[32m 40[2mms[22m[39m
 [32mΓ£ô[39m src/agents/pi-embedded-runner.get-dm-history-limit-from-session-key.falls-back-provider-default-per-dm-not.test.ts [2m([22m[2m5 tests[22m[2m)[22m[32m 7[2mms[22m[39m
 [32mΓ£ô[39m src/agents/context-window-guard.test.ts [2m([22m[2m9 tests[22m[2m)[22m[32m 8[2mms[22m[39m
 [32mΓ£ô[39m src/auto-reply/reply.queue.test.ts [2m([22m[2m2 tests[22m[2m)[22m[33m 940[2mms[22m[39m
     [33m[2mΓ£ô[22m[39m collects queued messages and drains after run completes [33m 521[2mms[22m[39m
     [33m[2mΓ£ô[22m[39m summarizes dropped followups when cap is exceeded [33m 416[2mms[22m[39m
 [32mΓ£ô[39m src/agents/openclaw-tools.subagents.sessions-spawn-announces-agent-wait-lifecycle-events.test.ts [2m([22m[2m1 test[22m[2m)[22m[32m 32[2mms[22m[39m
 [32mΓ£ô[39m src/hooks/gmail.test.ts [2m([22m[2m8 tests[22m[2m)[22m[32m 8[2mms[22m[39m
 [32mΓ£ô[39m src/auto-reply/reply/model-selection.inherit-parent.test.ts [2m([22m[2m4 tests[22m[2m)[22m[32m 9[2mms[22m[39m
 [31mΓ¥»[39m src/pairing/pairing-store.test.ts [2m([22m[2m4 tests[22m[2m | [22m[31m1 failed[39m[2m)[22m[32m 91[2mms[22m[39m
     [32mΓ£ô[39m reuses pending code and reports created=false[32m 27[2mms[22m[39m
[31m     [31m├ù[31m expires pending requests after TTL[39m[32m 12[2mms[22m[39m
     [32mΓ£ô[39m regenerates when a generated code collides[32m 14[2mms[22m[39m
     [32mΓ£ô[39m caps pending requests at the default limit[32m 33[2mms[22m[39m
 [32mΓ£ô[39m src/agents/pi-tools.create-openclaw-coding-tools.adds-claude-style-aliases-schemas-without-dropping-b.test.ts [2m([22m[2m6 tests[22m[2m)[22m[32m 16[2mms[22m[39m
 [32mΓ£ô[39m src/slack/monitor.test.ts [2m([22m[2m15 tests[22m[2m)[22m[32m 12[2mms[22m[39m
 [32mΓ£ô[39m src/agents/sandbox-skills.test.ts [2m([22m[2m2 tests[22m[2m)[22m[33m 1428[2mms[22m[39m
     [33m[2mΓ£ô[22m[39m copies skills into the sandbox when workspaceAccess is ro [33m 1243[2mms[22m[39m
 [32mΓ£ô[39m src/cron/service.skips-main-jobs-empty-systemevent-text.test.ts [2m([22m[2m3 tests[22m[2m)[22m[32m 53[2mms[22m[39m
 [32mΓ£ô[39m src/telegram/bot-message-context.sender-prefix.test.ts [2m([22m[2m3 tests[22m[2m)[22m[32m 33[2mms[22m[39m
 [32mΓ£ô[39m src/browser/pw-tools-core.clamps-timeoutms-scrollintoview.test.ts [2m([22m[2m6 tests[22m[2m)[22m[33m 585[2mms[22m[39m
     [33m[2mΓ£ô[22m[39m clamps timeoutMs for scrollIntoView [33m 574[2mms[22m[39m
 [32mΓ£ô[39m src/cli/exec-approvals-cli.test.ts [2m([22m[2m4 tests[22m[2m)[22m[32m 283[2mms[22m[39m
 [32mΓ£ô[39m src/slack/monitor/context.test.ts [2m([22m[2m7 tests[22m[2m)[22m[32m 17[2mms[22m[39m
 [32mΓ£ô[39m src/line/webhook.test.ts [2m([22m[2m5 tests[22m[2m)[22m[32m 15[2mms[22m[39m
 [32mΓ£ô[39m src/agents/pi-embedded-runner.resolvesessionagentids.test.ts [2m([22m[2m5 tests[22m[2m)[22m[32m 7[2mms[22m[39m
[90mstdout[2m | src/agents/claude-cli-runner.test.ts[2m > [22m[2mrunClaudeCliAgent[2m > [22m[2mstarts a new session with --session-id when none is provided
[22m[39m[32m[agent/claude-cli][39m [36mcli exec: provider=claude-cli model=opus promptChars=2[39m

[90mstdout[2m | src/agents/claude-cli-runner.test.ts[2m > [22m[2mrunClaudeCliAgent[2m > [22m[2muses --resume when a claude session id is provided
[22m[39m[32m[agent/claude-cli][39m [36mcli exec: provider=claude-cli model=opus promptChars=2[39m

[90mstdout[2m | src/agents/claude-cli-runner.test.ts[2m > [22m[2mrunClaudeCliAgent[2m > [22m[2mserializes concurrent claude-cli runs
[22m[39m[32m[agent/claude-cli][39m [36mcli exec: provider=claude-cli model=opus promptChars=5[39m

[90mstdout[2m | src/agents/claude-cli-runner.test.ts[2m > [22m[2mrunClaudeCliAgent[2m > [22m[2mserializes concurrent claude-cli runs
[22m[39m[32m[agent/claude-cli][39m [36mcli exec: provider=claude-cli model=opus promptChars=6[39m

 [32mΓ£ô[39m src/agents/claude-cli-runner.test.ts [2m([22m[2m3 tests[22m[2m)[22m[33m 700[2mms[22m[39m
     [33m[2mΓ£ô[22m[39m starts a new session with --session-id when none is provided [33m 664[2mms[22m[39m
 [32mΓ£ô[39m src/agents/tools/memory-tool.citations.test.ts [2m([22m[2m5 tests[22m[2m)[22m[32m 10[2mms[22m[39m
 [32mΓ£ô[39m src/cli/program.force.test.ts [2m([22m[2m6 tests[22m[2m)[22m[32m 14[2mms[22m[39m
 [31mΓ¥»[39m src/media/server.test.ts [2m([22m[2m6 tests[22m[2m | [22m[31m4 failed[39m[2m)[22m[32m 114[2mms[22m[39m
[31m     [31m├ù[31m serves media and cleans up after send[39m[32m 57[2mms[22m[39m
[31m     [31m├ù[31m expires old media[39m[32m 9[2mms[22m[39m
     [32mΓ£ô[39m blocks path traversal attempts[32m 12[2mms[22m[39m
[31m     [31m├ù[31m blocks symlink escaping outside media dir[39m[32m 6[2mms[22m[39m
     [32mΓ£ô[39m rejects invalid media ids[32m 9[2mms[22m[39m
[31m     [31m├ù[31m rejects oversized media files[39m[32m 13[2mms[22m[39m
 [32mΓ£ô[39m src/agents/sandbox-create-args.test.ts [2m([22m[2m3 tests[22m[2m)[22m[32m 12[2mms[22m[39m
 [32mΓ£ô[39m src/browser/pw-session.test.ts [2m([22m[2m6 tests[22m[2m)[22m[32m 16[2mms[22m[39m
 [32mΓ£ô[39m src/commands/agents.test.ts [2m([22m[2m4 tests[22m[2m)[22m[32m 12[2mms[22m[39m
 [31mΓ¥»[39m src/infra/update-startup.test.ts [2m([22m[2m3 tests[22m[2m | [22m[31m2 failed[39m[2m)[22m[32m 52[2mms[22m[39m
[31m     [31m├ù[31m logs update hint for npm installs when newer tag exists[39m[32m 38[2mms[22m[39m
[31m     [31m├ù[31m uses latest when beta tag is older than release[39m[32m 5[2mms[22m[39m
     [32mΓ£ô[39m skips update check when disabled in config[32m 5[2mms[22m[39m
 [32mΓ£ô[39m src/agents/openclaw-tools.agents.test.ts [2m([22m[2m4 tests[22m[2m)[22m[32m 14[2mms[22m[39m
 [32mΓ£ô[39m src/agents/sandbox-merge.test.ts [2m([22m[2m7 tests[22m[2m)[22m[33m 1076[2mms[22m[39m
     [33m[2mΓ£ô[22m[39m resolves sandbox scope deterministically [33m 1069[2mms[22m[39m
 [32mΓ£ô[39m src/auto-reply/reply/agent-runner.authprofileid-fallback.test.ts [2m([22m[2m1 test[22m[2m)[22m[32m 15[2mms[22m[39m
 [32mΓ£ô[39m src/commands/sandbox-formatters.test.ts [2m([22m[2m20 tests[22m[2m)[22m[32m 10[2mms[22m[39m
 [32mΓ£ô[39m src/agents/auth-profiles.markauthprofilefailure.test.ts [2m([22m[2m3 tests[22m[2m)[22m[32m 31[2mms[22m[39m
 [32mΓ£ô[39m src/line/reply-chunks.test.ts [2m([22m[2m3 tests[22m[2m)[22m[32m 12[2mms[22m[39m
 [32mΓ£ô[39m src/agents/auth-profiles.resolve-auth-profile-order.uses-stored-profiles-no-config-exists.test.ts [2m([22m[2m7 tests[22m[2m)[22m[32m 15[2mms[22m[39m
 [32mΓ£ô[39m src/media-understanding/providers/openai/audio.test.ts [2m([22m[2m2 tests[22m[2m)[22m[32m 22[2mms[22m[39m
 [31mΓ¥»[39m src/config/config.pruning-defaults.test.ts [2m([22m[2m4 tests[22m[2m | [22m[31m3 failed[39m[2m)[22m[33m 1237[2mms[22m[39m
     [32mΓ£ô[39m does not enable contextPruning by default[32m 217[2mms[22m[39m
[31m     [31m├ù[31m enables cache-ttl pruning + 1h heartbeat for Anthropic OAuth[39m[33m 306[2mms[22m[39m
[31m     [31m├ù[31m enables cache-ttl pruning + 1h cache TTL for Anthropic API keys[39m[33m 341[2mms[22m[39m
[31m     [31m├ù[31m does not override explicit contextPruning mode[39m[33m 368[2mms[22m[39m
[90mstdout[2m | src/agents/cli-runner.test.ts[2m > [22m[2mrunCliAgent resume cleanup[2m > [22m[2mkills stale resume processes for codex sessions
[22m[39m[32m[agent/claude-cli][39m [36mcli exec: provider=codex-cli model=gpt-5.2-codex promptChars=2[39m

 [32mΓ£ô[39m src/agents/cli-runner.test.ts [2m([22m[2m4 tests[22m[2m)[22m[33m 1170[2mms[22m[39m
     [33m[2mΓ£ô[22m[39m kills stale resume processes for codex sessions [33m 1151[2mms[22m[39m
 [32mΓ£ô[39m src/channels/plugins/directory-config.test.ts [2m([22m[2m4 tests[22m[2m)[22m[32m 20[2mms[22m[39m
 [32mΓ£ô[39m src/channels/plugins/actions/telegram.test.ts [2m([22m[2m6 tests[22m[2m)[22m[32m 23[2mms[22m[39m
 [32mΓ£ô[39m src/commands/channels/capabilities.test.ts [2m([22m[2m2 tests[22m[2m)[22m[32m 16[2mms[22m[39m
 [32mΓ£ô[39m src/logging/console-capture.test.ts [2m([22m[2m6 tests[22m[2m)[22m[32m 44[2mms[22m[39m
[90mstdout[2m | src/telegram/send.preserves-thread-params-plain-text-fallback.test.ts[2m > [22m[2mbuildInlineKeyboard[2m > [22m[2mpreserves thread params in plain text fallback
[22m[39m[34m[telegram][39m [36mautoSelectFamily=false (default-node22)[39m

[90mstderr[2m | 
src/telegram/send.preserves-thread-params-plain-text-fallback.test.ts[2m > 
[22m[2mbuildInlineKeyboard[2m > [22m[2mpreserves thread params in plain 
text fallback
[22m[39m[34m[telegram][39m [31mmessage failed: 400: Bad Request: can't 
parse entities: Can't find end of the entity[39m

 [32mΓ£ô[39m src/telegram/send.preserves-thread-params-plain-text-fallback.test.ts [2m([22m[2m5 tests[22m[2m)[22m[32m 96[2mms[22m[39m
 [32mΓ£ô[39m src/agents/pi-embedded-runner.splitsdktools.test.ts [2m([22m[2m2 tests[22m[2m)[22m[32m 10[2mms[22m[39m
 [32mΓ£ô[39m src/auto-reply/reply/commands-parsing.test.ts [2m([22m[2m8 tests[22m[2m)[22m[32m 28[2mms[22m[39m
 [32mΓ£ô[39m src/agents/models-config.auto-injects-github-copilot-provider-token-is.test.ts [2m([22m[2m2 tests[22m[2m)[22m[33m 546[2mms[22m[39m
     [33m[2mΓ£ô[22m[39m prefers COPILOT_GITHUB_TOKEN over GH_TOKEN and GITHUB_TOKEN [33m 322[2mms[22m[39m
 [32mΓ£ô[39m src/media-understanding/providers/google/video.test.ts [2m([22m[2m2 tests[22m[2m)[22m[32m 193[2mms[22m[39m
 [32mΓ£ô[39m src/media/store.redirect.test.ts [2m([22m[2m2 tests[22m[2m)[22m[32m 85[2mms[22m[39m
 [32mΓ£ô[39m src/media-understanding/providers/deepgram/audio.test.ts [2m([22m[2m2 tests[22m[2m)[22m[32m 25[2mms[22m[39m
 [32mΓ£ô[39m src/agents/bash-tools.exec.path.test.ts [2m([22m[2m3 tests[22m[2m)[22m[33m 353[2mms[22m[39m
     [33m[2mΓ£ô[22m[39m blocks LD_/DYLD_ env vars on host execution [33m 345[2mms[22m[39m
 [32mΓ£ô[39m src/agents/openclaw-tools.subagents.sessions-spawn-allows-cross-agent-spawning-configured.test.ts [2m([22m[2m2 tests[22m[2m)[22m[32m 24[2mms[22m[39m
 [32mΓ£ô[39m src/agents/auth-profiles.ensureauthprofilestore.test.ts [2m([22m[2m2 tests[22m[2m)[22m[32m 25[2mms[22m[39m
 [32mΓ£ô[39m src/agents/pi-embedded-helpers.sanitize-session-messages-images.removes-empty-assistant-text-blocks-but-preserves.test.ts [2m([22m[2m6 tests[22m[2m)[22m[32m 17[2mms[22m[39m
 [32mΓ£ô[39m src/agents/opencode-zen-models.test.ts [2m([22m[2m11 tests[22m[2m)[22m[32m 18[2mms[22m[39m
 [31mΓ¥»[39m src/cli/browser-cli-extension.test.ts [2m([22m[2m4 tests[22m[2m | [22m[31m1 failed[39m[2m)[22m[32m 103[2mms[22m[39m
     [32mΓ£ô[39m walks up to find the assets directory[32m 16[2mms[22m[39m
     [32mΓ£ô[39m prefers the nearest assets directory[32m 9[2mms[22m[39m
     [32mΓ£ô[39m installs into the state dir (never node_modules)[32m 37[2mms[22m[39m
[31m     [31m├ù[31m copies extension path to clipboard[39m[32m 38[2mms[22m[39m
 [32mΓ£ô[39m src/media/mime.test.ts [2m([22m[2m11 tests[22m[2m)[22m[32m 29[2mms[22m[39m
 [32mΓ£ô[39m src/config/schema.test.ts [2m([22m[2m4 tests[22m[2m)[22m[32m 94[2mms[22m[39m
 [31mΓ¥»[39m src/infra/session-cost-usage.test.ts [2m([22m[2m2 tests[22m[2m | [22m[31m1 failed[39m[2m)[22m[32m 37[2mms[22m[39m
[31m     [31m├ù[31m aggregates daily totals with log cost and pricing fallback[39m[32m 22[2mms[22m[39m
     [32mΓ£ô[39m summarizes a single session file[32m 11[2mms[22m[39m
 [32mΓ£ô[39m src/agents/bash-tools.exec.background-abort.test.ts [2m([22m[2m4 tests[22m[2m)[22m[33m 1668[2mms[22m[39m
   [33m[2mΓ£ô[22m[39m background exec still times out after tool signal abort [33m 654[2mms[22m[39m
   [33m[2mΓ£ô[22m[39m yielded background exec still times out [33m 604[2mms[22m[39m
 [32mΓ£ô[39m src/telegram/reaction-level.test.ts [2m([22m[2m7 tests[22m[2m)[22m[32m 14[2mms[22m[39m
 [32mΓ£ô[39m src/commands/configure.wizard.test.ts [2m([22m[2m1 test[22m[2m)[22m[32m 13[2mms[22m[39m
 [32mΓ£ô[39m src/commands/doctor-legacy-config.test.ts [2m([22m[2m6 tests[22m[2m)[22m[32m 30[2mms[22m[39m
 [32mΓ£ô[39m src/hooks/gmail-setup-utils.test.ts [2m([22m[2m3 tests[22m[2m | [22m[33m1 skipped[39m[2m)[22m[33m 1718[2mms[22m[39m
     [33m[2mΓ£ô[22m[39m includes stdout and exit code when tailscale serve fails [33m 1501[2mms[22m[39m
 [32mΓ£ô[39m src/commands/onboard-helpers.test.ts [2m([22m[2m9 tests[22m[2m)[22m[32m 18[2mms[22m[39m
 [32mΓ£ô[39m src/auto-reply/reply/agent-runner.claude-cli.test.ts [2m([22m[2m1 test[22m[2m)[22m[32m 21[2mms[22m[39m
 [32mΓ£ô[39m src/tui/theme/theme.test.ts [2m([22m[2m10 tests[22m[2m)[22m[33m 788[2mms[22m[39m
       [33m[2mΓ£ô[22m[39m should handle unknown languages gracefully [33m 657[2mms[22m[39m
 [32mΓ£ô[39m src/telegram/send.proxy.test.ts [2m([22m[2m3 tests[22m[2m)[22m[32m 38[2mms[22m[39m
 [32mΓ£ô[39m src/agents/pi-embedded-block-chunker.test.ts [2m([22m[2m6 tests[22m[2m)[22m[32m 15[2mms[22m[39m
 [32mΓ£ô[39m src/agents/auth-profiles.resolve-auth-profile-order.normalizes-z-ai-aliases-auth-order.test.ts [2m([22m[2m4 tests[22m[2m)[22m[32m 12[2mms[22m[39m
 [32mΓ£ô[39m src/commands/auth-choice-options.test.ts [2m([22m[2m11 tests[22m[2m)[22m[32m 14[2mms[22m[39m
 [32mΓ£ô[39m src/discord/monitor/message-handler.process.test.ts [2m([22m[2m2 tests[22m[2m)[22m[32m 39[2mms[22m[39m
 [32mΓ£ô[39m src/agents/pi-embedded-subscribe.subscribe-embedded-pi-session.keeps-assistanttexts-final-answer-block-replies-are.test.ts [2m([22m[2m2 tests[22m[2m)[22m[32m 23[2mms[22m[39m
 [32mΓ£ô[39m src/terminal/table.test.ts [2m([22m[2m5 tests[22m[2m)[22m[32m 18[2mms[22m[39m
 [32mΓ£ô[39m src/agents/skills.loadworkspaceskillentries.test.ts [2m([22m[2m3 tests[22m[2m)[22m[32m 119[2mms[22m[39m
 [32mΓ£ô[39m src/discord/targets.test.ts [2m([22m[2m11 tests[22m[2m)[22m[32m 21[2mms[22m[39m
 [32mΓ£ô[39m src/agents/openclaw-tools.camera.test.ts [2m([22m[2m3 tests[22m[2m)[22m[32m 27[2mms[22m[39m
 [32mΓ£ô[39m src/agents/pi-embedded-subscribe.subscribe-embedded-pi-session.emits-block-replies-text-end-does-not.test.ts [2m([22m[2m2 tests[22m[2m)[22m[32m 23[2mms[22m[39m
 [32mΓ£ô[39m src/tui/tui-input-history.test.ts [2m([22m[2m8 tests[22m[2m)[22m[32m 17[2mms[22m[39m
 [32mΓ£ô[39m src/browser/pw-role-snapshot.test.ts [2m([22m[2m7 tests[22m[2m)[22m[32m 17[2mms[22m[39m
 [32mΓ£ô[39m src/agents/pi-embedded-subscribe.subscribe-embedded-pi-session.does-not-append-text-end-content-is.test.ts [2m([22m[2m3 tests[22m[2m)[22m[32m 19[2mms[22m[39m
 [32mΓ£ô[39m src/commands/health.command.coverage.test.ts [2m([22m[2m1 test[22m[2m)[22m[32m 18[2mms[22m[39m
 [32mΓ£ô[39m src/auto-reply/reply/agent-runner.block-streaming.test.ts [2m([22m[2m1 test[22m[2m)[22m[32m 26[2mms[22m[39m
 [32mΓ£ô[39m src/agents/pi-embedded-runner/model.test.ts [2m([22m[2m6 tests[22m[2m)[22m[32m 16[2mms[22m[39m
 [32mΓ£ô[39m src/agents/sandbox.resolveSandboxContext.test.ts [2m([22m[2m3 tests[22m[2m)[22m[33m 2043[2mms[22m[39m
     [33m[2mΓ£ô[22m[39m does not sandbox the agent main session in non-main mode [33m 1746[2mms[22m[39m
 [32mΓ£ô[39m src/commands/dashboard.test.ts [2m([22m[2m3 tests[22m[2m)[22m[32m 15[2mms[22m[39m
 [32mΓ£ô[39m src/agents/pi-embedded-subscribe.subscribe-embedded-pi-session.calls-onblockreplyflush-before-tool-execution-start-preserve.test.ts [2m([22m[2m2 tests[22m[2m)[22m[32m 55[2mms[22m[39m
 [32mΓ£ô[39m src/agents/identity-avatar.test.ts [2m([22m[2m4 tests[22m[2m)[22m[32m 30[2mms[22m[39m
[90mΓöé[39m
[32mΓùç[39m  [0mAuth profiles[0m [90mΓöÇΓöÇΓöÇΓöÇΓöÇΓöÇΓöÇΓöÇΓöÇΓöÇΓöÇΓöÇΓöÇΓöÇΓöÇΓöÇΓöÇΓöÇΓöÇΓöÇΓöÇΓöÇΓöÇΓöÇΓöÇΓöÇΓöÇΓöÇΓöÇΓöÇΓöÇΓöÇΓöÇΓöÇΓöÇΓöÇΓöÇΓöÇΓöÇΓöÇΓöÇΓöÇΓöÇΓöÇΓöÇΓöÇΓöÇΓöÇΓöÇΓöÇΓöÇΓöÇΓöÇΓöÇΓöÇΓöÇΓöÇΓò«[39m
[90mΓöé[39m                                                                         [90mΓöé[39m
[90mΓöé[39m  [2mDeprecated external CLI auth profiles detected (no longer supported):[22m  [90mΓöé[39m
[90mΓöé[39m  [2m- anthropic:claude-cli (Anthropic): use setup-token ΓåÆ openclaw models[22m  [90mΓöé[39m
[90mΓöé[39m  [2m  auth setup-token[22m                                                     [90mΓöé[39m
[90mΓöé[39m  [2m- openai-codex:codex-cli (OpenAI Codex): use OAuth ΓåÆ openclaw models[22m   [90mΓöé[39m
[90mΓöé[39m  [2m  auth login --provider openai-codex[22m                                   [90mΓöé[39m
[90mΓöé[39m                                                                         [90mΓöé[39m
[90mΓö£ΓöÇΓöÇΓöÇΓöÇΓöÇΓöÇΓöÇΓöÇΓöÇΓöÇΓöÇΓöÇΓöÇΓöÇΓöÇΓöÇΓöÇΓöÇΓöÇΓöÇΓöÇΓöÇΓöÇΓöÇΓöÇΓöÇΓöÇΓöÇΓöÇΓöÇΓöÇΓöÇΓöÇΓöÇΓöÇΓöÇΓöÇΓöÇΓöÇΓöÇΓöÇΓöÇΓöÇΓöÇΓöÇΓöÇΓöÇΓöÇΓöÇΓöÇΓöÇΓöÇΓöÇΓöÇΓöÇΓöÇΓöÇΓöÇΓöÇΓöÇΓöÇΓöÇΓöÇΓöÇΓöÇΓöÇΓöÇΓöÇΓöÇΓöÇΓöÇΓöÇΓöÇΓò»[39m
[90mΓöé[39m
[32mΓùç[39m  [0mDoctor changes[0m [90mΓöÇΓöÇΓöÇΓöÇΓöÇΓöÇΓöÇΓöÇΓöÇΓöÇΓöÇΓöÇΓöÇΓöÇΓöÇΓöÇΓöÇΓöÇΓöÇΓöÇΓöÇΓöÇΓöÇΓöÇΓöÇΓöÇΓöÇΓöÇΓöÇΓöÇΓöÇΓò«[39m
[90mΓöé[39m                                                [90mΓöé[39m
[90mΓöé[39m  [2m- removed anthropic:claude-cli from config[22m    [90mΓöé[39m
[90mΓöé[39m  [2m- removed openai-codex:codex-cli from config[22m  [90mΓöé[39m
[90mΓöé[39m                                                [90mΓöé[39m
[90mΓö£ΓöÇΓöÇΓöÇΓöÇΓöÇΓöÇΓöÇΓöÇΓöÇΓöÇΓöÇΓöÇΓöÇΓöÇΓöÇΓöÇΓöÇΓöÇΓöÇΓöÇΓöÇΓöÇΓöÇΓöÇΓöÇΓöÇΓöÇΓöÇΓöÇΓöÇΓöÇΓöÇΓöÇΓöÇΓöÇΓöÇΓöÇΓöÇΓöÇΓöÇΓöÇΓöÇΓöÇΓöÇΓöÇΓöÇΓöÇΓöÇΓò»[39m
 [32mΓ£ô[39m src/commands/doctor-auth.deprecated-cli-profiles.test.ts [2m([22m[2m1 test[22m[2m)[22m[32m 32[2mms[22m[39m
 [32mΓ£ô[39m src/whatsapp/normalize.test.ts [2m([22m[2m8 tests[22m[2m)[22m[32m 14[2mms[22m[39m
 [32mΓ£ô[39m src/agents/session-file-repair.test.ts [2m([22m[2m4 tests[22m[2m)[22m[32m 28[2mms[22m[39m
 [32mΓ£ô[39m src/telegram/network-errors.test.ts [2m([22m[2m11 tests[22m[2m)[22m[32m 15[2mms[22m[39m
 [32mΓ£ô[39m src/commands/agent-via-gateway.test.ts [2m([22m[2m3 tests[22m[2m)[22m[32m 20[2mms[22m[39m
 [32mΓ£ô[39m src/commands/onboard-non-interactive.ai-gateway.test.ts [2m([22m[2m1 test[22m[2m)[22m[33m 5988[2mms[22m[39m
     [33m[2mΓ£ô[22m[39m stores the API key and configures the default model [33m 5970[2mms[22m[39m
 [32mΓ£ô[39m src/config/sessions/transcript.test.ts [2m([22m[2m6 tests[22m[2m)[22m[32m 75[2mms[22m[39m
[90mstderr[2m | src/agents/tool-images.test.ts[2m > [22m[2mtool image 
sanitizing[2m > [22m[2mshrinks oversized images to <=5MB
[22m[39m[33m[agents/tool-images][39m [33mImage exceeds limits; 
resizing[39m

 [32mΓ£ô[39m src/utils/delivery-context.test.ts [2m([22m[2m5 tests[22m[2m)[22m[32m 13[2mms[22m[39m
[90mstdout[2m | src/agents/tool-images.test.ts[2m > [22m[2mtool image sanitizing[2m > [22m[2mshrinks oversized images to <=5MB
[22m[39m[33m[agents/tool-images][39m [36mImage resized[39m

[90mstderr[2m | src/agents/tool-images.test.ts[2m > [22m[2mtool image 
sanitizing[2m > [22m[2msanitizes image arrays and reports drops
[22m[39m[33m[agents/tool-images][39m [33mImage exceeds limits; 
resizing[39m

[90mstdout[2m | src/agents/tool-images.test.ts[2m > [22m[2mtool image sanitizing[2m > [22m[2msanitizes image arrays and reports drops
[22m[39m[33m[agents/tool-images][39m [36mImage resized[39m

[90mstderr[2m | src/agents/tool-images.test.ts[2m > [22m[2mtool image 
sanitizing[2m > [22m[2mshrinks images that exceed max dimension even if 
size is small
[22m[39m[33m[agents/tool-images][39m [33mImage exceeds limits; 
resizing[39m

[90mstdout[2m | src/agents/tool-images.test.ts[2m > [22m[2mtool image sanitizing[2m > [22m[2mshrinks images that exceed max dimension even if size is small
[22m[39m[33m[agents/tool-images][39m [36mImage resized[39m

 [32mΓ£ô[39m src/agents/tool-images.test.ts [2m([22m[2m4 tests[22m[2m)[22m[33m 787[2mms[22m[39m
     [33m[2mΓ£ô[22m[39m shrinks oversized images to <=5MB [33m 481[2mms[22m[39m
[90mstdout[2m | src/logger.test.ts[2m > [22m[2mlogger helpers[2m > [22m[2monly logs debug when verbose is enabled
[22m[39mloud

[90mstdout[2m | src/logger.test.ts[2m > [22m[2mlogger helpers[2m > [22m[2mwrites to configured log file at configured level
[22m[39mhello

[90mstdout[2m | src/logger.test.ts[2m > [22m[2mlogger helpers[2m > [22m[2mfilters messages below configured level
[22m[39minfo-only
warn-only

[90mstdout[2m | src/logger.test.ts[2m > [22m[2mlogger helpers[2m > [22m[2muses daily rolling default log file and prunes old ones
[22m[39mroll-me

 [32mΓ£ô[39m src/logger.test.ts [2m([22m[2m5 tests[22m[2m)[22m[32m 57[2mms[22m[39m
 [32mΓ£ô[39m src/agents/auth-profiles.chutes.test.ts [2m([22m[2m1 test[22m[2m)[22m[32m 37[2mms[22m[39m
 [32mΓ£ô[39m src/media-understanding/resolve.test.ts [2m([22m[2m6 tests[22m[2m)[22m[32m 20[2mms[22m[39m
 [32mΓ£ô[39m src/agents/pi-embedded-subscribe.subscribe-embedded-pi-session.keeps-indented-fenced-blocks-intact.test.ts [2m([22m[2m2 tests[22m[2m)[22m[32m 23[2mms[22m[39m
 [32mΓ£ô[39m src/auto-reply/skill-commands.test.ts [2m([22m[2m5 tests[22m[2m)[22m[33m 607[2mms[22m[39m
     [33m[2mΓ£ô[22m[39m merges command names across agents and de-duplicates [33m 596[2mms[22m[39m
 [32mΓ£ô[39m src/agents/pi-embedded-helpers.sanitize-session-messages-images.keeps-tool-call-tool-result-ids-unchanged.test.ts [2m([22m[2m3 tests[22m[2m)[22m[32m 11[2mms[22m[39m
 [32mΓ£ô[39m src/infra/outbound/outbound-session.test.ts [2m([22m[2m7 tests[22m[2m)[22m[32m 19[2mms[22m[39m
 [32mΓ£ô[39m src/auto-reply/media-note.test.ts [2m([22m[2m5 tests[22m[2m)[22m[32m 9[2mms[22m[39m
 [32mΓ£ô[39m src/cli/browser-cli-inspect.test.ts [2m([22m[2m2 tests[22m[2m)[22m[32m 15[2mms[22m[39m
 [32mΓ£ô[39m src/agents/sandbox-explain.test.ts [2m([22m[2m4 tests[22m[2m)[22m[32m 12[2mms[22m[39m
 [32mΓ£ô[39m src/commands/onboard-non-interactive.token.test.ts [2m([22m[2m1 test[22m[2m)[22m[33m 4510[2mms[22m[39m
     [33m[2mΓ£ô[22m[39m writes token profile config and stores the token [33m 4497[2mms[22m[39m
 [32mΓ£ô[39m src/media-understanding/runner.auto-audio.test.ts [2m([22m[2m2 tests[22m[2m)[22m[32m 37[2mms[22m[39m
 [32mΓ£ô[39m src/agents/chutes-oauth.test.ts [2m([22m[2m2 tests[22m[2m)[22m[32m 14[2mms[22m[39m
 [32mΓ£ô[39m src/discord/monitor.slash.test.ts [2m([22m[2m1 test[22m[2m)[22m[33m 2224[2mms[22m[39m
     [33m[2mΓ£ô[22m[39m skips tool results for native slash commands [33m 2221[2mms[22m[39m
 [32mΓ£ô[39m src/auto-reply/reply/memory-flush.test.ts [2m([22m[2m10 tests[22m[2m)[22m[32m 13[2mms[22m[39m
 [32mΓ£ô[39m src/slack/format.test.ts [2m([22m[2m18 tests[22m[2m)[22m[32m 35[2mms[22m[39m
 [32mΓ£ô[39m src/line/send.test.ts [2m([22m[2m9 tests[22m[2m)[22m[32m 14[2mms[22m[39m
 [32mΓ£ô[39m src/process/child-process-bridge.test.ts [2m([22m[2m1 test[22m[2m)[22m[33m 400[2mms[22m[39m
     [33m[2mΓ£ô[22m[39m forwards SIGTERM to the wrapped child [33m 397[2mms[22m[39m
 [32mΓ£ô[39m src/agents/pi-embedded-subscribe.subscribe-embedded-pi-session.streams-soft-chunks-paragraph-preference.test.ts [2m([22m[2m2 tests[22m[2m)[22m[32m 14[2mms[22m[39m
 [32mΓ£ô[39m src/media-understanding/runner.deepgram.test.ts [2m([22m[2m1 test[22m[2m)[22m[32m 21[2mms[22m[39m
 [32mΓ£ô[39m src/telegram/bot-message-dispatch.test.ts [2m([22m[2m1 test[22m[2m)[22m[32m 10[2mms[22m[39m
 [32mΓ£ô[39m src/commands/channels.surfaces-signal-runtime-errors-channels-status-output.test.ts [2m([22m[2m2 tests[22m[2m)[22m[32m 8[2mms[22m[39m
[90mstderr[2m | src/memory/manager.vector-dedupe.test.ts[2m > 
[22m[2mmemory vector dedupe[2m > [22m[2mdeletes existing vector rows 
before inserting replacements
[22m[39m[31m[memory][39m [33mfts unavailable: no such module: fts5[39m

 [32mΓ£ô[39m src/memory/manager.vector-dedupe.test.ts [2m([22m[2m1 test[22m[2m)[22m[32m 129[2mms[22m[39m
 [32mΓ£ô[39m src/signal/monitor.event-handler.typing-read-receipts.test.ts [2m([22m[2m1 test[22m[2m)[22m[33m 3358[2mms[22m[39m
     [33m[2mΓ£ô[22m[39m sends typing + read receipt for allowed DMs [33m 3353[2mms[22m[39m
 [32mΓ£ô[39m src/cli/program/register.subclis.test.ts [2m([22m[2m4 tests[22m[2m)[22m[33m 392[2mms[22m[39m
     [33m[2mΓ£ô[22m[39m replaces placeholder when registering a subcommand by name [33m 371[2mms[22m[39m
 [32mΓ£ô[39m src/markdown/ir.table-bullets.test.ts [2m([22m[2m7 tests[22m[2m)[22m[32m 37[2mms[22m[39m
 [32mΓ£ô[39m src/infra/heartbeat-runner.sender-prefers-delivery-target.test.ts [2m([22m[2m1 test[22m[2m)[22m[32m 26[2mms[22m[39m
 [32mΓ£ô[39m src/infra/outbound/message-action-runner.threading.test.ts [2m([22m[2m2 tests[22m[2m)[22m[32m 15[2mms[22m[39m
 [32mΓ£ô[39m src/telegram/bot-native-commands.plugin-auth.test.ts [2m([22m[2m1 test[22m[2m)[22m[32m 12[2mms[22m[39m
 [32mΓ£ô[39m src/agents/tools/sessions-announce-target.test.ts [2m([22m[2m2 tests[22m[2m)[22m[32m 34[2mms[22m[39m
 [32mΓ£ô[39m src/agents/system-prompt-params.test.ts [2m([22m[2m5 tests[22m[2m)[22m[33m 629[2mms[22m[39m
     [33m[2mΓ£ô[22m[39m detects repo root from workspaceDir [33m 614[2mms[22m[39m
 [32mΓ£ô[39m src/agents/pi-embedded-subscribe.subscribe-embedded-pi-session.includes-canvas-action-metadata-tool-summaries.test.ts [2m([22m[2m3 tests[22m[2m)[22m[32m 27[2mms[22m[39m
 [32mΓ£ô[39m src/telegram/accounts.test.ts [2m([22m[2m4 tests[22m[2m)[22m[32m 9[2mms[22m[39m
 [32mΓ£ô[39m src/agents/sandbox-agent-config.agent-specific-sandbox-config.includes-session-status-default-sandbox-allowlist.test.ts [2m([22m[2m3 tests[22m[2m)[22m[33m 988[2mms[22m[39m
     [33m[2mΓ£ô[22m[39m includes session_status in default sandbox allowlist [33m 983[2mms[22m[39m
 [32mΓ£ô[39m src/agents/pi-embedded-subscribe.subscribe-embedded-pi-session.reopens-fenced-blocks-splitting-inside-them.test.ts [2m([22m[2m2 tests[22m[2m)[22m[32m 14[2mms[22m[39m
 [32mΓ£ô[39m src/agents/models-config.normalizes-gemini-3-ids-preview-google-providers.test.ts [2m([22m[2m1 test[22m[2m)[22m[32m 125[2mms[22m[39m
 [32mΓ£ô[39m src/agents/pi-embedded-runner.createsystempromptoverride.test.ts [2m([22m[2m2 tests[22m[2m)[22m[32m 8[2mms[22m[39m
 [31mΓ¥»[39m src/daemon/systemd.test.ts [2m([22m[2m10 tests[22m[2m | [22m[31m6 failed[39m[2m)[22m[32m 19[2mms[22m[39m
     [32mΓ£ô[39m parses active state details[32m 3[2mms[22m[39m
[31m     [31m├ù[31m uses default service name when OPENCLAW_PROFILE is default[39m[32m 7[2mms[22m[39m
[31m     [31m├ù[31m uses default service name when OPENCLAW_PROFILE is unset[39m[32m 1[2mms[22m[39m
[31m     [31m├ù[31m uses profile-specific service name when OPENCLAW_PROFILE is set to a custom value[39m[32m 2[2mms[22m[39m
     [32mΓ£ô[39m prefers OPENCLAW_SYSTEMD_UNIT over OPENCLAW_PROFILE[32m 0[2mms[22m[39m
     [32mΓ£ô[39m handles OPENCLAW_SYSTEMD_UNIT with .service suffix[32m 0[2mms[22m[39m
     [32mΓ£ô[39m trims whitespace from OPENCLAW_SYSTEMD_UNIT[32m 0[2mms[22m[39m
[31m     [31m├ù[31m handles case-insensitive 'Default' profile[39m[32m 1[2mms[22m[39m
[31m     [31m├ù[31m handles case-insensitive 'DEFAULT' profile[39m[32m 1[2mms[22m[39m
[31m     [31m├ù[31m trims whitespace from OPENCLAW_PROFILE[39m[32m 1[2mms[22m[39m
 [32mΓ£ô[39m src/agents/pi-embedded-subscribe.code-span-awareness.test.ts [2m([22m[2m3 tests[22m[2m)[22m[32m 10[2mms[22m[39m
 [32mΓ£ô[39m src/media/host.test.ts [2m([22m[2m3 tests[22m[2m)[22m[32m 11[2mms[22m[39m
 [32mΓ£ô[39m src/feishu/format.test.ts [2m([22m[2m15 tests[22m[2m)[22m[32m 27[2mms[22m[39m
 [32mΓ£ô[39m src/daemon/program-args.test.ts [2m([22m[2m3 tests[22m[2m)[22m[32m 8[2mms[22m[39m
 [32mΓ£ô[39m src/tui/tui-session-actions.test.ts [2m([22m[2m1 test[22m[2m)[22m[32m 10[2mms[22m[39m
 [32mΓ£ô[39m src/cron/cron-protocol-conformance.test.ts [2m([22m[2m2 tests[22m[2m)[22m[32m 12[2mms[22m[39m
 [32mΓ£ô[39m src/agents/tools/whatsapp-actions.test.ts [2m([22m[2m5 tests[22m[2m)[22m[32m 15[2mms[22m[39m
 [32mΓ£ô[39m src/slack/threading-tool-context.test.ts [2m([22m[2m7 tests[22m[2m)[22m[32m 7[2mms[22m[39m
 [32mΓ£ô[39m src/telegram/token.test.ts [2m([22m[2m6 tests[22m[2m)[22m[32m 13[2mms[22m[39m
[90mstderr[2m | src/logging/console-settings.test.ts[2m > 
[22m[2mgetConsoleSettings[2m > [22m[2mdoes not recurse when loadConfig 
logs during resolution
[22m[39m2026-02-06T19:55:09.992Z config load failed

 [32mΓ£ô[39m src/logging/console-settings.test.ts [2m([22m[2m2 tests[22m[2m)[22m[32m 16[2mms[22m[39m
 [32mΓ£ô[39m src/daemon/runtime-paths.test.ts [2m([22m[2m5 tests[22m[2m)[22m[32m 9[2mms[22m[39m
 [32mΓ£ô[39m src/channels/command-gating.test.ts [2m([22m[2m8 tests[22m[2m)[22m[32m 8[2mms[22m[39m
 [32mΓ£ô[39m src/tui/tui-formatters.test.ts [2m([22m[2m8 tests[22m[2m)[22m[32m 13[2mms[22m[39m
 [32mΓ£ô[39m src/cron/service.jobs.test.ts [2m([22m[2m3 tests[22m[2m)[22m[32m 11[2mms[22m[39m
 [32mΓ£ô[39m src/agents/pi-embedded-subscribe.subscribe-embedded-pi-session.emits-reasoning-as-separate-message-enabled.test.ts [2m([22m[2m5 tests[22m[2m)[22m[32m 25[2mms[22m[39m
 [32mΓ£ô[39m src/infra/retry.test.ts [2m([22m[2m8 tests[22m[2m)[22m[32m 29[2mms[22m[39m
 [32mΓ£ô[39m src/commands/models.set.test.ts [2m([22m[2m3 tests[22m[2m)[22m[32m 31[2mms[22m[39m
 [32mΓ£ô[39m src/cron/service.store.migration.test.ts [2m([22m[2m1 test[22m[2m)[22m[32m 26[2mms[22m[39m
Usage: program models auth [options] [command]

Manage model auth profiles

Options:
  --agent <id>                    Agent id for auth order get/set/clear
  -h, --help                      display help for command

Commands:
  add                             Interactive auth helper (setup-token or paste
                                  token)
  login [options]                 Run a provider plugin auth flow (OAuth/API
                                  key)
  setup-token [options]           Run a provider CLI to create/sync a token (TTY
                                  required)
  paste-token [options]           Paste a token into auth-profiles.json and
                                  update config
  login-github-copilot [options]  Login to GitHub Copilot via GitHub device flow
                                  (TTY required)
  order                           Manage per-agent auth profile order overrides
 [32mΓ£ô[39m src/cli/models-cli.test.ts [2m([22m[2m4 tests[22m[2m)[22m[33m 3305[2mms[22m[39m
     [33m[2mΓ£ô[22m[39m registers github-copilot login command [33m 3297[2mms[22m[39m
 [32mΓ£ô[39m src/browser/chrome.default-browser.test.ts [2m([22m[2m2 tests[22m[2m)[22m[32m 15[2mms[22m[39m
[90mstderr[2m | src/memory/manager.sync-errors-do-not-crash.test.ts[2m > 
[22m[2mmemory manager sync failures[2m > [22m[2mdoes not raise 
unhandledRejection when watch-triggered sync fails
[22m[39m[31m[memory][39m [33mfts unavailable: no such module: fts5[39m

[90mstderr[2m | src/memory/manager.sync-errors-do-not-crash.test.ts[2m > 
[22m[2mmemory manager sync failures[2m > [22m[2mdoes not raise 
unhandledRejection when watch-triggered sync fails
[22m[39m[31m[memory][39m [33mfts unavailable: no such module: fts5[39m

[90mstderr[2m | src/memory/manager.sync-errors-do-not-crash.test.ts[2m > 
[22m[2mmemory manager sync failures[2m > [22m[2mdoes not raise 
unhandledRejection when watch-triggered sync fails
[22m[39m[31m[memory][39m [33msync failed (watch): Error: openai 
embeddings failed: 400 bad request[39m

 [32mΓ£ô[39m src/memory/manager.sync-errors-do-not-crash.test.ts [2m([22m[2m1 test[22m[2m)[22m[32m 183[2mms[22m[39m
 [32mΓ£ô[39m src/auto-reply/reply.heartbeat-typing.test.ts [2m([22m[2m2 tests[22m[2m)[22m[33m 1066[2mms[22m[39m
     [33m[2mΓ£ô[22m[39m starts typing for normal runs [33m 419[2mms[22m[39m
     [33m[2mΓ£ô[22m[39m does not start typing for heartbeat runs [33m 644[2mms[22m[39m
 [32mΓ£ô[39m src/signal/monitor.event-handler.sender-prefix.test.ts [2m([22m[2m1 test[22m[2m)[22m[33m 3231[2mms[22m[39m
     [33m[2mΓ£ô[22m[39m prefixes group bodies with sender label [33m 3228[2mms[22m[39m
 [32mΓ£ô[39m src/cron/run-log.test.ts [2m([22m[2m3 tests[22m[2m)[22m[32m 45[2mms[22m[39m
 [32mΓ£ô[39m src/agents/pi-embedded-subscribe.subscribe-embedded-pi-session.does-not-duplicate-text-end-repeats-full.test.ts [2m([22m[2m2 tests[22m[2m)[22m[32m 11[2mms[22m[39m
 [32mΓ£ô[39m src/signal/monitor/event-handler.inbound-contract.test.ts [2m([22m[2m1 test[22m[2m)[22m[32m 20[2mms[22m[39m
[90mstdout[2m | src/web/login.coverage.test.ts[2m > [22m[2mloginWeb coverage[2m > [22m[2mrestarts once when WhatsApp requests code 515
[22m[39mWhatsApp asked for a restart after pairing (code 515); creds are saved. Restarting connection onceΓÇª

[90mstdout[2m | src/web/login.coverage.test.ts[2m > [22m[2mloginWeb coverage[2m > [22m[2mrestarts once when WhatsApp requests code 515
[22m[39mΓ£à Linked after restart; web session ready.

[90mstdout[2m | src/web/login.coverage.test.ts[2m > [22m[2mloginWeb coverage[2m > [22m[2mclears creds and throws when logged out
[22m[39mWaiting for WhatsApp connection...

[90mstderr[2m | src/web/login.coverage.test.ts[2m > [22m[2mloginWeb 
coverage[2m > [22m[2mclears creds and throws when logged out
[22m[39mWhatsApp reported the session is logged out. Cleared cached web 
session; please rerun openclaw channels login and scan the QR again.

[90mstdout[2m | src/web/login.coverage.test.ts[2m > [22m[2mloginWeb coverage[2m > [22m[2mformats and rethrows generic errors
[22m[39mWaiting for WhatsApp connection...

[90mstderr[2m | src/web/login.coverage.test.ts[2m > [22m[2mloginWeb 
coverage[2m > [22m[2mformats and rethrows generic errors
[22m[39mWhatsApp Web connection ended before fully opening. formatted:Error: 
boom

 [32mΓ£ô[39m src/web/login.coverage.test.ts [2m([22m[2m3 tests[22m[2m)[22m[32m 44[2mms[22m[39m
 [32mΓ£ô[39m src/infra/ssh-config.test.ts [2m([22m[2m3 tests[22m[2m)[22m[32m 11[2mms[22m[39m
 [32mΓ£ô[39m src/infra/outbound/format.test.ts [2m([22m[2m7 tests[22m[2m)[22m[32m 7[2mms[22m[39m
 [32mΓ£ô[39m src/logging/redact.test.ts [2m([22m[2m9 tests[22m[2m)[22m[32m 9[2mms[22m[39m
 [32mΓ£ô[39m src/agents/pi-embedded-helpers.formatassistanterrortext.test.ts [2m([22m[2m7 tests[22m[2m)[22m[32m 9[2mms[22m[39m
 [31mΓ¥»[39m src/auto-reply/reply.triggers.trigger-handling.stages-inbound-media-into-sandbox-workspace.test.ts [2m([22m[2m1 test[22m[2m | [22m[31m1 failed[39m[2m)[22m[32m 28[2mms[22m[39m
[31m     [31m├ù[31m stages inbound media into the sandbox workspace[39m[32m 26[2mms[22m[39m
[90mstdout[2m | src/telegram/send.edit-message.test.ts[2m > [22m[2meditMessageTelegram[2m > [22m[2mkeeps existing buttons when buttons is undefined (no reply_markup)
[22m[39m[34m[telegram][39m [36mautoSelectFamily=false (default-node22)[39m

[90mstderr[2m | src/telegram/send.edit-message.test.ts[2m > 
[22m[2meditMessageTelegram[2m > [22m[2mfalls back to plain text when 
Telegram HTML parse fails (and preserves reply_markup)
[22m[39m[34m[telegram][39m [31meditMessage failed: 400: Bad Request: 
can't parse entities[39m

 [32mΓ£ô[39m src/telegram/send.edit-message.test.ts [2m([22m[2m3 tests[22m[2m)[22m[32m 43[2mms[22m[39m
 [32mΓ£ô[39m src/agents/bash-tools.process.send-keys.test.ts [2m([22m[2m2 tests[22m[2m)[22m[33m 3136[2mms[22m[39m
   [33m[2mΓ£ô[22m[39m process send-keys encodes Enter for pty sessions [33m 1595[2mms[22m[39m
   [33m[2mΓ£ô[22m[39m process submit sends Enter for pty sessions [33m 1537[2mms[22m[39m
 [32mΓ£ô[39m src/auto-reply/reply.media-note.test.ts [2m([22m[2m1 test[22m[2m)[22m[32m 251[2mms[22m[39m
[90mstderr[2m | src/commands/sessions.test.ts[2m > 
[22m[2msessionsCommand[2m > [22m[2mrenders a tabular view with token 
percentages
[22m[39m[openclaw] Model "pi:opus" specified without provider. Falling back 
to "anthropic/pi:opus". Please use "anthropic/pi:opus" in your config.

[90mstderr[2m | src/commands/sessions.test.ts[2m > 
[22m[2msessionsCommand[2m > [22m[2mshows placeholder rows when tokens are 
missing
[22m[39m[openclaw] Model "pi:opus" specified without provider. Falling back 
to "anthropic/pi:opus". Please use "anthropic/pi:opus" in your config.

 [32mΓ£ô[39m src/commands/sessions.test.ts [2m([22m[2m2 tests[22m[2m)[22m[32m 18[2mms[22m[39m
 [32mΓ£ô[39m src/auto-reply/reply/agent-runner-utils.test.ts [2m([22m[2m6 tests[22m[2m)[22m[32m 9[2mms[22m[39m
 [32mΓ£ô[39m src/cli/hooks-cli.test.ts [2m([22m[2m3 tests[22m[2m)[22m[32m 11[2mms[22m[39m
 [32mΓ£ô[39m src/auto-reply/reply.triggers.trigger-handling.stages-inbound-media-into-sandbox-workspace.security.test.ts [2m([22m[2m1 test[22m[2m)[22m[32m 26[2mms[22m[39m
 [32mΓ£ô[39m src/agents/auth-profiles.resolve-auth-profile-order.orders-by-lastused-no-explicit-order-exists.test.ts [2m([22m[2m2 tests[22m[2m)[22m[32m 6[2mms[22m[39m
 [31mΓ¥»[39m src/cli/program.smoke.test.ts [2m([22m[2m13 tests[22m[2m | [22m[31m1 failed[39m[2m)[22m[33m 136510[2mms[22m[39m
[31m     [31m├ù[31m runs message with required options[39m[33m 136139[2mms[22m[39m
     [32mΓ£ô[39m runs message react with signal author fields[32m 10[2mms[22m[39m
     [32mΓ£ô[39m runs status command[32m 10[2mms[22m[39m
     [32mΓ£ô[39m registers memory command[32m 8[2mms[22m[39m
     [32mΓ£ô[39m runs tui without overriding timeout[32m 25[2mms[22m[39m
     [32mΓ£ô[39m runs tui with explicit timeout override[32m 16[2mms[22m[39m
     [32mΓ£ô[39m warns and ignores invalid tui timeout override[32m 13[2mms[22m[39m
     [32mΓ£ô[39m runs config alias as configure[32m 15[2mms[22m[39m
     [32mΓ£ô[39m runs setup without wizard flags[32m 18[2mms[22m[39m
     [32mΓ£ô[39m runs setup wizard when wizard flags are present[32m 18[2mms[22m[39m
     [32mΓ£ô[39m passes auth api keys to onboard[32m 131[2mms[22m[39m
     [32mΓ£ô[39m runs channels login[32m 80[2mms[22m[39m
     [32mΓ£ô[39m runs channels logout[32m 22[2mms[22m[39m
 [32mΓ£ô[39m src/plugins/slots.test.ts [2m([22m[2m4 tests[22m[2m)[22m[32m 9[2mms[22m[39m
 [31mΓ¥»[39m src/agents/pi-tools.workspace-paths.test.ts [2m([22m[2m6 tests[22m[2m | [22m[31m2 failed[39m[2m)[22m[33m 146189[2mms[22m[39m
[31m     [31m├ù[31m reads relative paths against workspaceDir even after cwd changes[39m[33m 144870[2mms[22m[39m
[31m     [31m├ù[31m writes relative paths against workspaceDir even after cwd changes[39m[32m 34[2mms[22m[39m
     [32mΓ£ô[39m edits relative paths against workspaceDir even after cwd changes[32m 17[2mms[22m[39m
     [33m[2mΓ£ô[22m[39m defaults exec cwd to workspaceDir when workdir is omitted [33m 645[2mms[22m[39m
     [33m[2mΓ£ô[22m[39m lets exec workdir override the workspace default [33m 592[2mms[22m[39m
     [32mΓ£ô[39m uses sandbox workspace for relative read/write/edit[32m 27[2mms[22m[39m
 [32mΓ£ô[39m src/infra/shell-env.test.ts [2m([22m[2m4 tests[22m[2m)[22m[32m 8[2mms[22m[39m
 [32mΓ£ô[39m src/config/normalize-paths.test.ts [2m([22m[2m1 test[22m[2m)[22m[32m 20[2mms[22m[39m
 [32mΓ£ô[39m src/web/inbound/access-control.pairing-history.test.ts [2m([22m[2m2 tests[22m[2m)[22m[32m 15[2mms[22m[39m
[90mstderr[2m | src/memory/manager.atomic-reindex.test.ts[2m > 
[22m[2mmemory manager atomic reindex[2m > [22m[2mkeeps the prior index 
when a full reindex fails
[22m[39m[31m[memory][39m [33mfts unavailable: no such module: fts5[39m

 [32mΓ£ô[39m src/agents/tools/common.test.ts [2m([22m[2m11 tests[22m[2m)[22m[32m 9[2mms[22m[39m
[90mstderr[2m | src/memory/manager.atomic-reindex.test.ts[2m > 
[22m[2mmemory manager atomic reindex[2m > [22m[2mkeeps the prior index 
when a full reindex fails
[22m[39m[31m[memory][39m [33mfts unavailable: no such module: fts5[39m

 [32mΓ£ô[39m src/agents/model-scan.test.ts [2m([22m[2m2 tests[22m[2m)[22m[32m 13[2mms[22m[39m
[90mstderr[2m | src/memory/manager.atomic-reindex.test.ts[2m > 
[22m[2mmemory manager atomic reindex[2m > [22m[2mkeeps the prior index 
when a full reindex fails
[22m[39m[31m[memory][39m [33mfts unavailable: no such module: fts5[39m

[90mstderr[2m | src/memory/manager.atomic-reindex.test.ts[2m > 
[22m[2mmemory manager atomic reindex[2m > [22m[2mkeeps the prior index 
when a full reindex fails
[22m[39m[31m[memory][39m [33mfts unavailable: no such module: fts5[39m

 [32mΓ£ô[39m src/memory/manager.atomic-reindex.test.ts [2m([22m[2m1 test[22m[2m)[22m[33m 335[2mms[22m[39m
     [33m[2mΓ£ô[22m[39m keeps the prior index when a full reindex fails [33m 332[2mms[22m[39m
 [32mΓ£ô[39m src/imessage/send.test.ts [2m([22m[2m4 tests[22m[2m)[22m[32m 171[2mms[22m[39m
 [32mΓ£ô[39m src/agents/model-catalog.test.ts [2m([22m[2m2 tests[22m[2m)[22m[32m 7[2mms[22m[39m
 [32mΓ£ô[39m src/cli/logs-cli.test.ts [2m([22m[2m2 tests[22m[2m)[22m[32m 279[2mms[22m[39m
 [32mΓ£ô[39m src/telegram/format.test.ts [2m([22m[2m13 tests[22m[2m)[22m[32m 35[2mms[22m[39m
[90mstderr[2m | src/memory/manager.async-search.test.ts[2m > 
[22m[2mmemory search async sync[2m > [22m[2mdoes not await sync when 
searching
[22m[39m[31m[memory][39m [33mfts unavailable: no such module: fts5[39m

 [32mΓ£ô[39m src/memory/manager.async-search.test.ts [2m([22m[2m1 test[22m[2m)[22m[32m 123[2mms[22m[39m
 [32mΓ£ô[39m src/agents/auth-health.test.ts [2m([22m[2m2 tests[22m[2m)[22m[32m 26[2mms[22m[39m
 [32mΓ£ô[39m src/telegram/group-migration.test.ts [2m([22m[2m4 tests[22m[2m)[22m[32m 11[2mms[22m[39m
 [31mΓ¥»[39m src/config/config.compaction-settings.test.ts [2m([22m[2m2 tests[22m[2m | [22m[31m2 failed[39m[2m)[22m[32m 276[2mms[22m[39m
[31m     [31m├ù[31m preserves memory flush config values[39m[32m 139[2mms[22m[39m
[31m     [31m├ù[31m defaults compaction mode to safeguard[39m[32m 133[2mms[22m[39m
 [32mΓ£ô[39m src/imessage/targets.test.ts [2m([22m[2m10 tests[22m[2m)[22m[32m 8[2mms[22m[39m
 [32mΓ£ô[39m src/discord/monitor.gateway.test.ts [2m([22m[2m4 tests[22m[2m)[22m[32m 12[2mms[22m[39m
 [32mΓ£ô[39m src/agents/pi-embedded-helpers.stripthoughtsignatures.test.ts [2m([22m[2m6 tests[22m[2m)[22m[32m 9[2mms[22m[39m
[90mstdout[2m | src/telegram/webhook.test.ts[2m > [22m[2mstartTelegramWebhook[2m > [22m[2mstarts server, registers webhook, and serves health
[22m[39mwebhook listening on http://localhost:0/telegram-webhook

[90mstdout[2m | src/telegram/webhook.test.ts[2m > [22m[2mstartTelegramWebhook[2m > [22m[2minvokes webhook handler on matching path
[22m[39mwebhook listening on http://localhost:0/hook

 [32mΓ£ô[39m src/telegram/webhook.test.ts [2m([22m[2m2 tests[22m[2m)[22m[32m 61[2mms[22m[39m
 [32mΓ£ô[39m src/slack/channel-migration.test.ts [2m([22m[2m4 tests[22m[2m)[22m[32m 10[2mms[22m[39m
 [32mΓ£ô[39m src/signal/send-reactions.test.ts [2m([22m[2m3 tests[22m[2m)[22m[32m 144[2mms[22m[39m
 [32mΓ£ô[39m src/infra/brew.test.ts [2m([22m[2m3 tests[22m[2m)[22m[32m 25[2mms[22m[39m
 [32mΓ£ô[39m src/infra/outbound/outbound-policy.test.ts [2m([22m[2m4 tests[22m[2m)[22m[32m 11[2mms[22m[39m
[90mstdout[2m | src/telegram/fetch.test.ts[2m > [22m[2mresolveTelegramFetch[2m > [22m[2mreturns wrapped global fetch when available
[22m[39m[34m[telegram][39m [36mautoSelectFamily=false (default-node22)[39m

[90mstdout[2m | src/telegram/fetch.test.ts[2m > [22m[2mresolveTelegramFetch[2m > [22m[2mprefers proxy fetch when provided
[22m[39m[34m[telegram][39m [36mautoSelectFamily=false (default-node22)[39m

[90mstdout[2m | src/telegram/fetch.test.ts[2m > [22m[2mresolveTelegramFetch[2m > [22m[2mhonors env enable override
[22m[39m[34m[telegram][39m [36mautoSelectFamily=true (env:OPENCLAW_TELEGRAM_ENABLE_AUTO_SELECT_FAMILY)[39m

[90mstdout[2m | src/telegram/fetch.test.ts[2m > [22m[2mresolveTelegramFetch[2m > [22m[2muses config override when provided
[22m[39m[34m[telegram][39m [36mautoSelectFamily=true (config)[39m

[90mstdout[2m | src/telegram/fetch.test.ts[2m > [22m[2mresolveTelegramFetch[2m > [22m[2menv disable override wins over config
[22m[39m[34m[telegram][39m [36mautoSelectFamily=false (env:OPENCLAW_TELEGRAM_DISABLE_AUTO_SELECT_FAMILY)[39m

 [32mΓ£ô[39m src/telegram/fetch.test.ts [2m([22m[2m5 tests[22m[2m)[22m[32m 80[2mms[22m[39m
 [31mΓ¥»[39m src/infra/dotenv.test.ts [2m([22m[2m2 tests[22m[2m | [22m[31m1 failed[39m[2m)[22m[32m 25[2mms[22m[39m
[31m     [31m├ù[31m loads ~/.openclaw/.env as fallback without overriding CWD .env[39m[32m 14[2mms[22m[39m
     [32mΓ£ô[39m does not override an already-set env var from the shell[32m 7[2mms[22m[39m
 [32mΓ£ô[39m src/memory/backend-config.test.ts [2m([22m[2m4 tests[22m[2m)[22m[32m 10[2mms[22m[39m
 [32mΓ£ô[39m src/channels/plugins/outbound/telegram.test.ts [2m([22m[2m2 tests[22m[2m)[22m[32m 15[2mms[22m[39m
 [32mΓ£ô[39m src/providers/github-copilot-token.test.ts [2m([22m[2m3 tests[22m[2m)[22m[32m 17[2mms[22m[39m
 [32mΓ£ô[39m src/config/model-alias-defaults.test.ts [2m([22m[2m4 tests[22m[2m)[22m[32m 10[2mms[22m[39m
 [32mΓ£ô[39m src/infra/archive.test.ts [2m([22m[2m3 tests[22m[2m)[22m[32m 49[2mms[22m[39m
 [32mΓ£ô[39m src/agents/tools/web-search.test.ts [2m([22m[2m12 tests[22m[2m)[22m[32m 8[2mms[22m[39m
 [32mΓ£ô[39m src/infra/outbound/agent-delivery.test.ts [2m([22m[2m3 tests[22m[2m)[22m[32m 9[2mms[22m[39m
 [32mΓ£ô[39m src/commands/doctor-security.test.ts [2m([22m[2m4 tests[22m[2m)[22m[32m 19[2mms[22m[39m
 [32mΓ£ô[39m src/agents/pi-embedded-runner-extraparams.test.ts [2m([22m[2m4 tests[22m[2m)[22m[32m 21[2mms[22m[39m
 [32mΓ£ô[39m src/line/bot-message-context.test.ts [2m([22m[2m2 tests[22m[2m)[22m[32m 30[2mms[22m[39m
 [32mΓ£ô[39m src/slack/http/registry.test.ts [2m([22m[2m5 tests[22m[2m)[22m[32m 11[2mms[22m[39m
 [32mΓ£ô[39m src/tui/tui.submit-handler.test.ts [2m([22m[2m4 tests[22m[2m)[22m[32m 15[2mms[22m[39m
 [32mΓ£ô[39m src/discord/gateway-logging.test.ts [2m([22m[2m3 tests[22m[2m)[22m[32m 10[2mms[22m[39m
 [32mΓ£ô[39m src/process/command-queue.test.ts [2m([22m[2m3 tests[22m[2m)[22m[32m 114[2mms[22m[39m
 [32mΓ£ô[39m src/infra/runtime-guard.test.ts [2m([22m[2m5 tests[22m[2m)[22m[32m 13[2mms[22m[39m
 [32mΓ£ô[39m src/agents/pi-embedded-helpers.messaging-duplicate.test.ts [2m([22m[2m13 tests[22m[2m)[22m[32m 8[2mms[22m[39m
 [32mΓ£ô[39m src/cli/browser-cli.test.ts [2m([22m[2m3 tests[22m[2m)[22m[32m 12[2mms[22m[39m
 [32mΓ£ô[39m src/slack/monitor/message-handler/prepare.sender-prefix.test.ts [2m([22m[2m1 test[22m[2m)[22m[32m 27[2mms[22m[39m
 [32mΓ£ô[39m src/infra/net/ssrf.pinning.test.ts [2m([22m[2m3 tests[22m[2m)[22m[32m 13[2mms[22m[39m
 [32mΓ£ô[39m src/web/logout.test.ts [2m([22m[2m3 tests[22m[2m)[22m[33m 437[2mms[22m[39m
     [33m[2mΓ£ô[22m[39m deletes cached credentials when present [33m 411[2mms[22m[39m
 [32mΓ£ô[39m src/infra/outbound/target-resolver.test.ts [2m([22m[2m2 tests[22m[2m)[22m[32m 8[2mms[22m[39m
 [32mΓ£ô[39m src/media-understanding/format.test.ts [2m([22m[2m5 tests[22m[2m)[22m[32m 9[2mms[22m[39m
 [32mΓ£ô[39m src/media/parse.test.ts [2m([22m[2m9 tests[22m[2m)[22m[32m 10[2mms[22m[39m
 [32mΓ£ô[39m src/memory/hybrid.test.ts [2m([22m[2m4 tests[22m[2m)[22m[32m 9[2mms[22m[39m
 [31mΓ¥»[39m src/config/config.discord.test.ts [2m([22m[2m1 test[22m[2m | [22m[31m1 failed[39m[2m)[22m[32m 123[2mms[22m[39m
[31m     [31m├ù[31m loads discord guild map + dm group settings[39m[32m 120[2mms[22m[39m
 [31mΓ¥»[39m src/config/config.env-vars.test.ts [2m([22m[2m3 tests[22m[2m | [22m[31m2 failed[39m[2m)[22m[33m 410[2mms[22m[39m
[31m     [31m├ù[31m applies env vars from env block when missing[39m[32m 124[2mms[22m[39m
     [32mΓ£ô[39m does not override existing env vars[32m 159[2mms[22m[39m
[31m     [31m├ù[31m applies env vars from env.vars when missing[39m[32m 123[2mms[22m[39m
 [32mΓ£ô[39m src/cron/service.prevents-duplicate-timers.test.ts [2m([22m[2m1 test[22m[2m)[22m[32m 50[2mms[22m[39m
 [32mΓ£ô[39m src/tui/gateway-chat.test.ts [2m([22m[2m3 tests[22m[2m)[22m[32m 9[2mms[22m[39m
 [32mΓ£ô[39m src/agents/tool-policy.plugin-only-allowlist.test.ts [2m([22m[2m6 tests[22m[2m)[22m[32m 11[2mms[22m[39m
 [32mΓ£ô[39m src/agents/cache-trace.test.ts [2m([22m[2m4 tests[22m[2m)[22m[32m 10[2mms[22m[39m
 [32mΓ£ô[39m src/agents/shell-utils.test.ts [2m([22m[2m1 test[22m[2m)[22m[32m 5[2mms[22m[39m
 [32mΓ£ô[39m src/telegram/bot-native-commands.test.ts [2m([22m[2m2 tests[22m[2m)[22m[32m 13[2mms[22m[39m
 [32mΓ£ô[39m src/process/spawn-utils.test.ts [2m([22m[2m2 tests[22m[2m)[22m[32m 9[2mms[22m[39m
 [32mΓ£ô[39m src/agents/pi-embedded-helpers.buildbootstrapcontextfiles.test.ts [2m([22m[2m4 tests[22m[2m)[22m[32m 10[2mms[22m[39m
 [32mΓ£ô[39m src/auto-reply/reply/subagents-utils.test.ts [2m([22m[2m5 tests[22m[2m)[22m[32m 12[2mms[22m[39m
 [32mΓ£ô[39m src/agents/pi-tools.safe-bins.test.ts [2m([22m[2m1 test[22m[2m)[22m[32m 7[2mms[22m[39m
 [32mΓ£ô[39m src/infra/outbound/payloads.test.ts [2m([22m[2m5 tests[22m[2m)[22m[32m 10[2mms[22m[39m
 [32mΓ£ô[39m src/daemon/service-audit.test.ts [2m([22m[2m3 tests[22m[2m)[22m[32m 10[2mms[22m[39m
 [32mΓ£ô[39m src/agents/skills.buildworkspaceskillsnapshot.test.ts [2m([22m[2m2 tests[22m[2m)[22m[32m 50[2mms[22m[39m
 [32mΓ£ô[39m src/commands/opencode-zen-model-default.test.ts [2m([22m[2m5 tests[22m[2m)[22m[32m 8[2mms[22m[39m
 [32mΓ£ô[39m src/infra/restart-sentinel.test.ts [2m([22m[2m3 tests[22m[2m)[22m[32m 24[2mms[22m[39m
[90mstdout[2m | src/web/auto-reply/monitor/process-message.inbound-contract.test.ts[2m > [22m[2mweb processMessage inbound contract[2m > [22m[2mpasses a finalized MsgContext to the dispatcher
[22m[39m[35m[whatsapp][39m [36mInbound message 123@g.us -> +15550001111 (group, 55 chars)[39m

 [32mΓ£ô[39m src/web/auto-reply/monitor/process-message.inbound-contract.test.ts [2m([22m[2m1 test[22m[2m)[22m[32m 31[2mms[22m[39m
 [32mΓ£ô[39m src/auto-reply/tool-meta.test.ts [2m([22m[2m6 tests[22m[2m)[22m[32m 16[2mms[22m[39m
 [32mΓ£ô[39m src/agents/pi-embedded-helpers.iscontextoverflowerror.test.ts [2m([22m[2m4 tests[22m[2m)[22m[32m 8[2mms[22m[39m
 [32mΓ£ô[39m src/discord/pluralkit.test.ts [2m([22m[2m3 tests[22m[2m)[22m[32m 7[2mms[22m[39m
 [32mΓ£ô[39m src/channels/plugins/load.test.ts [2m([22m[2m2 tests[22m[2m)[22m[32m 6[2mms[22m[39m
 [32mΓ£ô[39m src/providers/qwen-portal-oauth.test.ts [2m([22m[2m3 tests[22m[2m)[22m[32m 10[2mms[22m[39m
 [32mΓ£ô[39m src/telegram/audit.test.ts [2m([22m[2m3 tests[22m[2m)[22m[32m 15[2mms[22m[39m
 [32mΓ£ô[39m src/tui/tui-stream-assembler.test.ts [2m([22m[2m4 tests[22m[2m)[22m[32m 6[2mms[22m[39m
 [32mΓ£ô[39m src/agents/openclaw-tools.subagents.sessions-spawn-applies-thinking-default.test.ts [2m([22m[2m2 tests[22m[2m)[22m[32m 13[2mms[22m[39m
 [32mΓ£ô[39m src/wizard/session.test.ts [2m([22m[2m3 tests[22m[2m)[22m[32m 12[2mms[22m[39m
 [32mΓ£ô[39m src/channels/mention-gating.test.ts [2m([22m[2m5 tests[22m[2m)[22m[32m 11[2mms[22m[39m
 [32mΓ£ô[39m src/slack/threading.test.ts [2m([22m[2m5 tests[22m[2m)[22m[32m 6[2mms[22m[39m
 [32mΓ£ô[39m src/discord/api.test.ts [2m([22m[2m3 tests[22m[2m)[22m[32m 22[2mms[22m[39m
 [32mΓ£ô[39m src/agents/pi-embedded-helpers.downgradeopenai-reasoning.test.ts [2m([22m[2m4 tests[22m[2m)[22m[32m 8[2mms[22m[39m
 [32mΓ£ô[39m src/commands/doctor-platform-notes.launchctl-env-overrides.test.ts [2m([22m[2m3 tests[22m[2m)[22m[32m 7[2mms[22m[39m
 [31mΓ¥»[39m src/config/io.compat.test.ts [2m([22m[2m3 tests[22m[2m | [22m[31m2 failed[39m[2m)[22m[32m 78[2mms[22m[39m
[31m     [31m├ù[31m uses ~/.openclaw/openclaw.json when config exists[39m[32m 19[2mms[22m[39m
[31m     [31m├ù[31m defaults to ~/.openclaw/openclaw.json when config is missing[39m[32m 4[2mms[22m[39m
     [32mΓ£ô[39m honors explicit OPENCLAW_CONFIG_PATH override[32m 53[2mms[22m[39m
 [32mΓ£ô[39m src/agents/auth-profiles/session-override.test.ts [2m([22m[2m1 test[22m[2m)[22m[32m 16[2mms[22m[39m
 [31mΓ¥»[39m src/commands/doctor-config-flow.test.ts [2m([22m[2m2 tests[22m[2m | [22m[31m2 failed[39m[2m)[22m[32m 68[2mms[22m[39m
[31m     [31m├ù[31m preserves invalid config for doctor repairs[39m[32m 47[2mms[22m[39m
[31m     [31m├ù[31m drops unknown keys on repair[39m[32m 19[2mms[22m[39m
 [32mΓ£ô[39m src/agents/bootstrap-files.test.ts [2m([22m[2m2 tests[22m[2m)[22m[32m 16[2mms[22m[39m
 [32mΓ£ô[39m src/web/accounts.whatsapp-auth.test.ts [2m([22m[2m4 tests[22m[2m)[22m[32m 19[2mms[22m[39m
 [32mΓ£ô[39m src/memory/search-manager.test.ts [2m([22m[2m1 test[22m[2m)[22m[32m 24[2mms[22m[39m
 [32mΓ£ô[39m src/agents/apply-patch.test.ts [2m([22m[2m3 tests[22m[2m)[22m[32m 40[2mms[22m[39m
 [32mΓ£ô[39m src/agents/pi-embedded-helpers.ismessagingtoolduplicate.test.ts [2m([22m[2m8 tests[22m[2m)[22m[32m 11[2mms[22m[39m
 [32mΓ£ô[39m src/commands/configure.gateway.test.ts [2m([22m[2m1 test[22m[2m)[22m[32m 6[2mms[22m[39m
 [32mΓ£ô[39m src/signal/format.test.ts [2m([22m[2m6 tests[22m[2m)[22m[32m 27[2mms[22m[39m
 [32mΓ£ô[39m src/wizard/onboarding.gateway-config.test.ts [2m([22m[2m1 test[22m[2m)[22m[32m 7[2mms[22m[39m
 [32mΓ£ô[39m src/infra/exec-approval-forwarder.test.ts [2m([22m[2m2 tests[22m[2m)[22m[32m 11[2mms[22m[39m
 [32mΓ£ô[39m src/telegram/targets.test.ts [2m([22m[2m11 tests[22m[2m)[22m[32m 11[2mms[22m[39m
 [32mΓ£ô[39m src/slack/actions.read.test.ts [2m([22m[2m2 tests[22m[2m)[22m[32m 16[2mms[22m[39m
 [31mΓ¥»[39m src/agents/agent-paths.test.ts [2m([22m[2m2 tests[22m[2m | [22m[31m1 failed[39m[2m)[22m[32m 18[2mms[22m[39m
[31m     [31m├ù[31m defaults to the multi-agent path when no overrides are set[39m[32m 13[2mms[22m[39m
     [32mΓ£ô[39m honors OPENCLAW_AGENT_DIR overrides[32m 2[2mms[22m[39m
 [32mΓ£ô[39m src/agents/tools/memory-tool.does-not-crash-on-errors.test.ts [2m([22m[2m2 tests[22m[2m)[22m[32m 10[2mms[22m[39m
 [31mΓ¥»[39m src/config/config.multi-agent-agentdir-validation.test.ts [2m([22m[2m2 tests[22m[2m | [22m[31m1 failed[39m[2m)[22m[32m 271[2mms[22m[39m
     [32mΓ£ô[39m rejects shared agents.list agentDir[32m 96[2mms[22m[39m
[31m     [31m├ù[31m throws on shared agentDir during loadConfig()[39m[32m 172[2mms[22m[39m
 [32mΓ£ô[39m src/infra/agent-events.test.ts [2m([22m[2m3 tests[22m[2m)[22m[32m 6[2mms[22m[39m
 [32mΓ£ô[39m src/infra/ports.test.ts [2m([22m[2m4 tests[22m[2m)[22m[33m 382[2mms[22m[39m
     [33m[2mΓ£ô[22m[39m ensurePortAvailable rejects when port busy [33m 336[2mms[22m[39m
 [32mΓ£ô[39m src/agents/failover-error.test.ts [2m([22m[2m6 tests[22m[2m)[22m[32m 13[2mms[22m[39m
 [32mΓ£ô[39m src/infra/system-presence.test.ts [2m([22m[2m2 tests[22m[2m)[22m[32m 11[2mms[22m[39m
 [32mΓ£ô[39m src/commands/agents.add.test.ts [2m([22m[2m2 tests[22m[2m)[22m[32m 11[2mms[22m[39m
[90mstdout[2m | src/web/login-qr.test.ts[2m > [22m[2mlogin-qr[2m > [22m[2mrestarts login once on status 515 and completes
[22m[39mWhatsApp QR received.

[90mstdout[2m | src/web/login-qr.test.ts[2m > [22m[2mlogin-qr[2m > [22m[2mrestarts login once on status 515 and completes
[22m[39mWhatsApp asked for a restart after pairing (code 515); retrying connection onceΓÇª

[90mstdout[2m | src/web/login-qr.test.ts[2m > [22m[2mlogin-qr[2m > [22m[2mrestarts login once on status 515 and completes
[22m[39mΓ£à Linked! WhatsApp is ready.

 [32mΓ£ô[39m src/web/login-qr.test.ts [2m([22m[2m1 test[22m[2m)[22m[32m 16[2mms[22m[39m
 [31mΓ¥»[39m src/config/config.agent-concurrency-defaults.test.ts [2m([22m[2m4 tests[22m[2m | [22m[31m1 failed[39m[2m)[22m[32m 134[2mms[22m[39m
     [32mΓ£ô[39m resolves defaults when unset[32m 2[2mms[22m[39m
     [32mΓ£ô[39m resolves configured values[32m 0[2mms[22m[39m
     [32mΓ£ô[39m clamps invalid values to at least 1[32m 0[2mms[22m[39m
[31m     [31m├ù[31m injects defaults on load[39m[32m 128[2mms[22m[39m
 [32mΓ£ô[39m src/auto-reply/thinking.test.ts [2m([22m[2m11 tests[22m[2m)[22m[32m 13[2mms[22m[39m
 [32mΓ£ô[39m src/markdown/frontmatter.test.ts [2m([22m[2m5 tests[22m[2m)[22m[32m 30[2mms[22m[39m
 [32mΓ£ô[39m src/infra/env.test.ts [2m([22m[2m4 tests[22m[2m)[22m[32m 10[2mms[22m[39m
 [32mΓ£ô[39m src/agents/pi-embedded-helpers.classifyfailoverreason.test.ts [2m([22m[2m2 tests[22m[2m)[22m[32m 10[2mms[22m[39m
 [32mΓ£ô[39m src/agents/pi-embedded-runner/run/attempt.test.ts [2m([22m[2m3 tests[22m[2m)[22m[32m 14[2mms[22m[39m
 [32mΓ£ô[39m src/utils/message-channel.test.ts [2m([22m[2m2 tests[22m[2m)[22m[32m 8[2mms[22m[39m
 [32mΓ£ô[39m src/web/auto-reply/mentions.test.ts [2m([22m[2m3 tests[22m[2m)[22m[32m 9[2mms[22m[39m
 [32mΓ£ô[39m src/telegram/bot-message.test.ts [2m([22m[2m2 tests[22m[2m)[22m[32m 6[2mms[22m[39m
 [32mΓ£ô[39m src/agents/workspace.test.ts [2m([22m[2m3 tests[22m[2m)[22m[32m 21[2mms[22m[39m
 [32mΓ£ô[39m src/slack/targets.test.ts [2m([22m[2m6 tests[22m[2m)[22m[32m 12[2mms[22m[39m
 [32mΓ£ô[39m src/discord/monitor/gateway-registry.test.ts [2m([22m[2m5 tests[22m[2m)[22m[32m 6[2mms[22m[39m
 [32mΓ£ô[39m src/agents/pi-settings.test.ts [2m([22m[2m4 tests[22m[2m)[22m[32m 12[2mms[22m[39m
 [32mΓ£ô[39m src/signal/monitor.test.ts [2m([22m[2m6 tests[22m[2m)[22m[32m 8[2mms[22m[39m
 [32mΓ£ô[39m src/media-understanding/runner.vision-skip.test.ts [2m([22m[2m1 test[22m[2m)[22m[32m 15[2mms[22m[39m
 [32mΓ£ô[39m src/acp/session-mapper.test.ts [2m([22m[2m2 tests[22m[2m)[22m[32m 13[2mms[22m[39m
 [32mΓ£ô[39m src/config/runtime-overrides.test.ts [2m([22m[2m4 tests[22m[2m)[22m[32m 10[2mms[22m[39m
 [32mΓ£ô[39m src/agents/skills/bundled-dir.test.ts [2m([22m[2m1 test[22m[2m)[22m[32m 15[2mms[22m[39m
 [32mΓ£ô[39m src/media/fetch.test.ts [2m([22m[2m3 tests[22m[2m)[22m[32m 18[2mms[22m[39m
 [32mΓ£ô[39m src/infra/widearea-dns.test.ts [2m([22m[2m2 tests[22m[2m)[22m[32m 8[2mms[22m[39m
 [32mΓ£ô[39m src/slack/monitor/channel-config.test.ts [2m([22m[2m5 tests[22m[2m)[22m[32m 7[2mms[22m[39m
 [32mΓ£ô[39m src/infra/system-events.test.ts [2m([22m[2m2 tests[22m[2m)[22m[32m 19[2mms[22m[39m
 [32mΓ£ô[39m src/infra/outbound/envelope.test.ts [2m([22m[2m4 tests[22m[2m)[22m[32m 7[2mms[22m[39m
 [32mΓ£ô[39m src/telegram/inline-buttons.test.ts [2m([22m[2m6 tests[22m[2m)[22m[32m 14[2mms[22m[39m
 [32mΓ£ô[39m src/discord/resolve-channels.test.ts [2m([22m[2m2 tests[22m[2m)[22m[32m 15[2mms[22m[39m
 [32mΓ£ô[39m src/infra/fetch.test.ts [2m([22m[2m2 tests[22m[2m)[22m[32m 8[2mms[22m[39m
 [32mΓ£ô[39m src/agents/pi-embedded-helpers.sanitizetoolcallid.test.ts [2m([22m[2m8 tests[22m[2m)[22m[32m 11[2mms[22m[39m
 [32mΓ£ô[39m src/agents/channel-tools.test.ts [2m([22m[2m1 test[22m[2m)[22m[32m 10[2mms[22m[39m
 [32mΓ£ô[39m src/infra/transport-ready.test.ts [2m([22m[2m3 tests[22m[2m)[22m[33m 629[2mms[22m[39m
     [33m[2mΓ£ô[22m[39m returns when the check succeeds and logs after the delay [33m 375[2mms[22m[39m
 [32mΓ£ô[39m src/cli/nodes-camera.test.ts [2m([22m[2m5 tests[22m[2m)[22m[32m 18[2mms[22m[39m
 [32mΓ£ô[39m src/config/config.identity-avatar.test.ts [2m([22m[2m3 tests[22m[2m)[22m[32m 38[2mms[22m[39m
 [32mΓ£ô[39m src/agents/skills.build-workspace-skills-prompt.applies-bundled-allowlist-without-affecting-workspace-skills.test.ts [2m([22m[2m1 test[22m[2m)[22m[32m 39[2mms[22m[39m
 [32mΓ£ô[39m src/config/telegram-webhook-secret.test.ts [2m([22m[2m4 tests[22m[2m)[22m[32m 15[2mms[22m[39m
 [32mΓ£ô[39m src/web/reconnect.test.ts [2m([22m[2m4 tests[22m[2m)[22m[32m 11[2mms[22m[39m
 [32mΓ£ô[39m src/pairing/pairing-messages.test.ts [2m([22m[2m5 tests[22m[2m)[22m[32m 8[2mms[22m[39m
 [32mΓ£ô[39m src/tui/tui-local-shell.test.ts [2m([22m[2m1 test[22m[2m)[22m[32m 8[2mms[22m[39m
[90mstdout[2m | src/infra/heartbeat-runner.scheduler.test.ts[2m > [22m[2mstartHeartbeatRunner[2m > [22m[2mupdates scheduling when config changes without restart
[22m[39m[36m[heartbeat][39m [36mstarted[39m

 [32mΓ£ô[39m src/infra/heartbeat-runner.scheduler.test.ts [2m([22m[2m1 test[22m[2m)[22m[32m 29[2mms[22m[39m
 [32mΓ£ô[39m src/discord/audit.test.ts [2m([22m[2m1 test[22m[2m)[22m[32m 26[2mms[22m[39m
 [32mΓ£ô[39m src/commands/sandbox-explain.test.ts [2m([22m[2m1 test[22m[2m)[22m[33m 1038[2mms[22m[39m
     [33m[2mΓ£ô[22m[39m prints JSON shape + fix-it keys [33m 1034[2mms[22m[39m
 [32mΓ£ô[39m src/auto-reply/reply/mentions.test.ts [2m([22m[2m4 tests[22m[2m)[22m[32m 7[2mms[22m[39m
 [32mΓ£ô[39m src/web/auto-reply/monitor/group-gating.test.ts [2m([22m[2m1 test[22m[2m)[22m[32m 13[2mms[22m[39m
 [32mΓ£ô[39m src/telegram/draft-stream.test.ts [2m([22m[2m3 tests[22m[2m)[22m[32m 10[2mms[22m[39m
 [32mΓ£ô[39m src/channels/plugins/catalog.test.ts [2m([22m[2m3 tests[22m[2m)[22m[32m 43[2mms[22m[39m
 [32mΓ£ô[39m src/channels/location.test.ts [2m([22m[2m4 tests[22m[2m)[22m[32m 8[2mms[22m[39m
 [32mΓ£ô[39m src/sessions/send-policy.test.ts [2m([22m[2m4 tests[22m[2m)[22m[32m 10[2mms[22m[39m
 [32mΓ£ô[39m src/telegram/network-config.test.ts [2m([22m[2m5 tests[22m[2m)[22m[32m 7[2mms[22m[39m
 [32mΓ£ô[39m src/commands/openai-codex-model-default.test.ts [2m([22m[2m4 tests[22m[2m)[22m[32m 7[2mms[22m[39m
 [32mΓ£ô[39m src/plugins/config-state.test.ts [2m([22m[2m7 tests[22m[2m)[22m[32m 10[2mms[22m[39m
 [32mΓ£ô[39m src/config/config.sandbox-docker.test.ts [2m([22m[2m2 tests[22m[2m)[22m[32m 276[2mms[22m[39m
 [32mΓ£ô[39m src/web/accounts.test.ts [2m([22m[2m4 tests[22m[2m)[22m[32m 6[2mms[22m[39m
 [32mΓ£ô[39m src/browser/pw-session.get-page-for-targetid.extension-fallback.test.ts [2m([22m[2m1 test[22m[2m)[22m[32m 34[2mms[22m[39m
 [32mΓ£ô[39m src/cli/prompt.test.ts [2m([22m[2m2 tests[22m[2m)[22m[32m 8[2mms[22m[39m
 [32mΓ£ô[39m src/web/auto-reply/session-snapshot.test.ts [2m([22m[2m1 test[22m[2m)[22m[32m 16[2mms[22m[39m
 [32mΓ£ô[39m src/agents/pi-embedded-helpers.sanitizeuserfacingtext.test.ts [2m([22m[2m7 tests[22m[2m)[22m[32m 14[2mms[22m[39m
 [32mΓ£ô[39m src/tui/tui-overlays.test.ts [2m([22m[2m2 tests[22m[2m)[22m[32m 9[2mms[22m[39m
 [32mΓ£ô[39m src/telegram/draft-chunking.test.ts [2m([22m[2m3 tests[22m[2m)[22m[32m 9[2mms[22m[39m
 [32mΓ£ô[39m src/config/config.talk-api-key-fallback.test.ts [2m([22m[2m2 tests[22m[2m)[22m[32m 276[2mms[22m[39m
 [32mΓ£ô[39m src/config/slack-http-config.test.ts [2m([22m[2m4 tests[22m[2m)[22m[32m 17[2mms[22m[39m
 [31mΓ¥»[39m src/daemon/paths.test.ts [2m([22m[2m6 tests[22m[2m | [22m[31m3 failed[39m[2m)[22m[32m 15[2mms[22m[39m
[31m     [31m├ù[31m uses the default state dir when no overrides are set[39m[32m 8[2mms[22m[39m
[31m     [31m├ù[31m appends the profile suffix when set[39m[32m 1[2mms[22m[39m
[31m     [31m├ù[31m treats default profiles as the base state dir[39m[32m 1[2mms[22m[39m
     [32mΓ£ô[39m uses OPENCLAW_STATE_DIR when provided[32m 1[2mms[22m[39m
     [32mΓ£ô[39m expands ~ in OPENCLAW_STATE_DIR[32m 0[2mms[22m[39m
     [32mΓ£ô[39m preserves Windows absolute paths without HOME[32m 0[2mms[22m[39m
 [32mΓ£ô[39m src/config/config.backup-rotation.test.ts [2m([22m[2m1 test[22m[2m)[22m[32m 111[2mms[22m[39m
 [32mΓ£ô[39m src/agents/skills.resolveskillspromptforrun.test.ts [2m([22m[2m2 tests[22m[2m)[22m[32m 6[2mms[22m[39m
 [32mΓ£ô[39m src/cron/schedule.test.ts [2m([22m[2m4 tests[22m[2m)[22m[32m 32[2mms[22m[39m
 [32mΓ£ô[39m src/tui/tui-command-handlers.test.ts [2m([22m[2m1 test[22m[2m)[22m[32m 14[2mms[22m[39m
 [32mΓ£ô[39m src/line/probe.test.ts [2m([22m[2m2 tests[22m[2m)[22m[32m 14[2mms[22m[39m
 [32mΓ£ô[39m src/browser/screenshot.test.ts [2m([22m[2m2 tests[22m[2m)[22m[33m 2231[2mms[22m[39m
     [33m[2mΓ£ô[22m[39m shrinks oversized images to <=2000x2000 and <=5MB [33m 2216[2mms[22m[39m
 [32mΓ£ô[39m src/agents/pi-embedded-subscribe.subscribe-embedded-pi-session.does-not-call-onblockreplyflush-callback-is-not.test.ts [2m([22m[2m1 test[22m[2m)[22m[32m 25[2mms[22m[39m
 [32mΓ£ô[39m src/infra/update-check.test.ts [2m([22m[2m2 tests[22m[2m)[22m[32m 8[2mms[22m[39m
 [32mΓ£ô[39m src/utils/usage-format.test.ts [2m([22m[2m3 tests[22m[2m)[22m[32m 8[2mms[22m[39m
 [32mΓ£ô[39m src/channels/conversation-label.test.ts [2m([22m[2m5 tests[22m[2m)[22m[32m 10[2mms[22m[39m
 [32mΓ£ô[39m src/agents/tool-display.test.ts [2m([22m[2m3 tests[22m[2m)[22m[32m 13[2mms[22m[39m
 [32mΓ£ô[39m src/agents/model-compat.test.ts [2m([22m[2m3 tests[22m[2m)[22m[32m 5[2mms[22m[39m
[90mstderr[2m | src/agents/pi-tool-definition-adapter.test.ts[2m > 
[22m[2mpi tool definition adapter[2m > [22m[2mwraps tool errors into a 
tool result
[22m[39m[tools] boom failed: nope

[90mstderr[2m | src/agents/pi-tool-definition-adapter.test.ts[2m > 
[22m[2mpi tool definition adapter[2m > [22m[2mnormalizes exec tool 
aliases in error results
[22m[39m[tools] exec failed: nope

 [32mΓ£ô[39m src/agents/pi-tool-definition-adapter.test.ts [2m([22m[2m2 tests[22m[2m)[22m[32m 25[2mms[22m[39m
 [32mΓ£ô[39m src/agents/usage.test.ts [2m([22m[2m4 tests[22m[2m)[22m[32m 7[2mms[22m[39m
 [32mΓ£ô[39m src/scripts/canvas-a2ui-copy.test.ts [2m([22m[2m2 tests[22m[2m)[22m[32m 29[2mms[22m[39m
 [32mΓ£ô[39m src/commands/health-format.test.ts [2m([22m[2m2 tests[22m[2m)[22m[32m 10[2mms[22m[39m
 [32mΓ£ô[39m src/infra/channel-activity.test.ts [2m([22m[2m2 tests[22m[2m)[22m[32m 14[2mms[22m[39m
 [32mΓ£ô[39m src/tui/tui-waiting.test.ts [2m([22m[2m2 tests[22m[2m)[22m[32m 6[2mms[22m[39m
 [32mΓ£ô[39m src/terminal/stream-writer.test.ts [2m([22m[2m2 tests[22m[2m)[22m[32m 6[2mms[22m[39m
 [32mΓ£ô[39m src/discord/token.test.ts [2m([22m[2m3 tests[22m[2m)[22m[32m 6[2mms[22m[39m
 [32mΓ£ô[39m src/slack/client.test.ts [2m([22m[2m3 tests[22m[2m)[22m[32m 11[2mms[22m[39m
 [32mΓ£ô[39m src/channels/typing.test.ts [2m([22m[2m3 tests[22m[2m)[22m[32m 13[2mms[22m[39m
 [32mΓ£ô[39m src/infra/voicewake.test.ts [2m([22m[2m3 tests[22m[2m)[22m[32m 17[2mms[22m[39m
 [32mΓ£ô[39m src/discord/monitor/allow-list.test.ts [2m([22m[2m4 tests[22m[2m)[22m[32m 11[2mms[22m[39m
 [32mΓ£ô[39m src/agents/pi-embedded-runner.guard.test.ts [2m([22m[2m1 test[22m[2m)[22m[32m 9[2mms[22m[39m
 [32mΓ£ô[39m src/agents/tools/web-tools.readability.test.ts [2m([22m[2m2 tests[22m[2m)[22m[32m 188[2mms[22m[39m
 [32mΓ£ô[39m src/hooks/bundled/soul-evil/handler.test.ts [2m([22m[2m1 test[22m[2m)[22m[32m 9[2mms[22m[39m
 [32mΓ£ô[39m src/infra/device-pairing.test.ts [2m([22m[2m1 test[22m[2m)[22m[32m 26[2mms[22m[39m
 [32mΓ£ô[39m src/plugin-sdk/index.test.ts [2m([22m[2m1 test[22m[2m)[22m[32m 10[2mms[22m[39m
 [32mΓ£ô[39m src/logging/parse-log-line.test.ts [2m([22m[2m3 tests[22m[2m)[22m[32m 9[2mms[22m[39m
 [32mΓ£ô[39m src/infra/shell-env.path.test.ts [2m([22m[2m3 tests[22m[2m)[22m[32m 5[2mms[22m[39m
 [32mΓ£ô[39m src/agents/pi-embedded-helpers.sanitizesessionmessagesimages-thought-signature-stripping.test.ts [2m([22m[2m1 test[22m[2m)[22m[32m 8[2mms[22m[39m
 [32mΓ£ô[39m src/agents/pi-tools.policy.test.ts [2m([22m[2m4 tests[22m[2m)[22m[32m 7[2mms[22m[39m
 [32mΓ£ô[39m src/channels/targets.test.ts [2m([22m[2m4 tests[22m[2m)[22m[32m 7[2mms[22m[39m
 [32mΓ£ô[39m src/channels/plugins/index.test.ts [2m([22m[2m1 test[22m[2m)[22m[32m 5[2mms[22m[39m
 [32mΓ£ô[39m src/imessage/probe.test.ts [2m([22m[2m1 test[22m[2m)[22m[32m 8[2mms[22m[39m
 [32mΓ£ô[39m src/discord/probe.intents.test.ts [2m([22m[2m4 tests[22m[2m)[22m[32m 6[2mms[22m[39m
 [32mΓ£ô[39m src/channels/registry.test.ts [2m([22m[2m4 tests[22m[2m)[22m[32m 6[2mms[22m[39m
 [32mΓ£ô[39m src/infra/diagnostic-events.test.ts [2m([22m[2m2 tests[22m[2m)[22m[32m 6[2mms[22m[39m
 [32mΓ£ô[39m src/channels/plugins/normalize/signal.test.ts [2m([22m[2m5 tests[22m[2m)[22m[32m 6[2mms[22m[39m
 [32mΓ£ô[39m src/commands/google-gemini-model-default.test.ts [2m([22m[2m3 tests[22m[2m)[22m[32m 6[2mms[22m[39m
 [32mΓ£ô[39m src/telegram/voice.test.ts [2m([22m[2m3 tests[22m[2m)[22m[32m 12[2mms[22m[39m
 [32mΓ£ô[39m src/auto-reply/reply/normalize-reply.test.ts [2m([22m[2m3 tests[22m[2m)[22m[32m 7[2mms[22m[39m
 [32mΓ£ô[39m src/infra/dedupe.test.ts [2m([22m[2m4 tests[22m[2m)[22m[32m 6[2mms[22m[39m
 [32mΓ£ô[39m src/process/exec.test.ts [2m([22m[2m2 tests[22m[2m)[22m[32m 163[2mms[22m[39m
 [32mΓ£ô[39m src/utils/boolean.test.ts [2m([22m[2m4 tests[22m[2m)[22m[32m 8[2mms[22m[39m
 [32mΓ£ô[39m src/agents/workspace-templates.test.ts [2m([22m[2m1 test[22m[2m)[22m[32m 14[2mms[22m[39m
 [32mΓ£ô[39m src/agents/tools/sessions-list-tool.gating.test.ts [2m([22m[2m1 test[22m[2m)[22m[32m 7[2mms[22m[39m
 [32mΓ£ô[39m src/config/config.tools-alsoAllow.test.ts [2m([22m[2m3 tests[22m[2m)[22m[32m 16[2mms[22m[39m
 [32mΓ£ô[39m src/infra/restart.test.ts [2m([22m[2m2 tests[22m[2m)[22m[32m 11[2mms[22m[39m
 [32mΓ£ô[39m src/infra/diagnostic-flags.test.ts [2m([22m[2m3 tests[22m[2m)[22m[32m 8[2mms[22m[39m
 [32mΓ£ô[39m src/agents/bootstrap-hooks.test.ts [2m([22m[2m1 test[22m[2m)[22m[32m 8[2mms[22m[39m
 [32mΓ£ô[39m src/channels/plugins/config-writes.test.ts [2m([22m[2m4 tests[22m[2m)[22m[32m 6[2mms[22m[39m
 [32mΓ£ô[39m src/agents/pi-embedded-helpers.isautherrormessage.test.ts [2m([22m[2m3 tests[22m[2m)[22m[32m 8[2mms[22m[39m
 [31mΓ¥»[39m src/config/config.preservation-on-validation-failure.test.ts [2m([22m[2m2 tests[22m[2m | [22m[31m1 failed[39m[2m)[22m[32m 259[2mms[22m[39m
     [32mΓ£ô[39m rejects unknown fields[32m 91[2mms[22m[39m
[31m     [31m├ù[31m flags legacy config entries without auto-migrating[39m[32m 166[2mms[22m[39m
 [32mΓ£ô[39m src/discord/monitor/presence-cache.test.ts [2m([22m[2m2 tests[22m[2m)[22m[32m 5[2mms[22m[39m
 [32mΓ£ô[39m src/docs/slash-commands-doc.test.ts [2m([22m[2m1 test[22m[2m)[22m[32m 19[2mms[22m[39m
 [32mΓ£ô[39m src/agents/pi-embedded-subscribe.tools.test.ts [2m([22m[2m2 tests[22m[2m)[22m[32m 6[2mms[22m[39m
 [32mΓ£ô[39m src/telegram/proxy.test.ts [2m([22m[2m1 test[22m[2m)[22m[32m 7[2mms[22m[39m
 [32mΓ£ô[39m src/config/config.msteams.test.ts [2m([22m[2m2 tests[22m[2m)[22m[32m 262[2mms[22m[39m
 [32mΓ£ô[39m src/agents/pi-embedded-helpers.iscloudcodeassistformaterror.test.ts [2m([22m[2m2 tests[22m[2m)[22m[32m 7[2mms[22m[39m
 [32mΓ£ô[39m src/signal/probe.test.ts [2m([22m[2m2 tests[22m[2m)[22m[32m 7[2mms[22m[39m
 [32mΓ£ô[39m src/agents/pi-tools.whatsapp-login-gating.test.ts [2m([22m[2m3 tests[22m[2m)[22m[32m 20[2mms[22m[39m
 [32mΓ£ô[39m src/agents/pty-keys.test.ts [2m([22m[2m3 tests[22m[2m)[22m[32m 6[2mms[22m[39m
 [32mΓ£ô[39m src/telegram/download.test.ts [2m([22m[2m2 tests[22m[2m)[22m[32m 18[2mms[22m[39m
 [32mΓ£ô[39m src/browser/target-id.test.ts [2m([22m[2m4 tests[22m[2m)[22m[32m 8[2mms[22m[39m
[90mstdout[2m | src/web/login.test.ts[2m > [22m[2mweb login[2m > [22m[2mloginWeb waits for connection and closes
[22m[39mWaiting for WhatsApp connection...

[90mstdout[2m | src/web/login.test.ts[2m > [22m[2mweb login[2m > [22m[2mloginWeb waits for connection and closes
[22m[39mΓ£à Linked! Credentials saved for future sends.

 [32mΓ£ô[39m src/agents/tools/sessions-send-tool.gating.test.ts [2m([22m[2m1 test[22m[2m)[22m[32m 8[2mms[22m[39m
 [32mΓ£ô[39m src/media/store.header-ext.test.ts [2m([22m[2m1 test[22m[2m)[22m[32m 29[2mms[22m[39m
 [32mΓ£ô[39m src/telegram/update-offset-store.test.ts [2m([22m[2m1 test[22m[2m)[22m[32m 13[2mms[22m[39m
 [2m[90mΓåô[39m[22m src/infra/ports-inspect.test.ts [2m([22m[2m1 test[22m[2m | [22m[33m1 skipped[39m[2m)[22m
 [32mΓ£ô[39m src/web/login.test.ts [2m([22m[2m1 test[22m[2m)[22m[33m 584[2mms[22m[39m
     [33m[2mΓ£ô[22m[39m loginWeb waits for connection and closes [33m 581[2mms[22m[39m
 [32mΓ£ô[39m src/config/config.telegram-custom-commands.test.ts [2m([22m[2m2 tests[22m[2m)[22m[32m 11[2mms[22m[39m
 [32mΓ£ô[39m src/plugins/cli.test.ts [2m([22m[2m1 test[22m[2m)[22m[32m 24[2mms[22m[39m
 [32mΓ£ô[39m src/config/commands.test.ts [2m([22m[2m2 tests[22m[2m)[22m[32m 6[2mms[22m[39m
 [32mΓ£ô[39m src/cli/progress.test.ts [2m([22m[2m2 tests[22m[2m)[22m[32m 11[2mms[22m[39m
 [32mΓ£ô[39m src/agents/tool-policy.test.ts [2m([22m[2m3 tests[22m[2m)[22m[32m 9[2mms[22m[39m
 [32mΓ£ô[39m src/node-host/runner.test.ts [2m([22m[2m3 tests[22m[2m)[22m[32m 6[2mms[22m[39m
 [32mΓ£ô[39m src/slack/resolve-channels.test.ts [2m([22m[2m2 tests[22m[2m)[22m[32m 6[2mms[22m[39m
 [32mΓ£ô[39m src/agents/pi-embedded-helpers.sanitizegoogleturnordering.test.ts [2m([22m[2m2 tests[22m[2m)[22m[32m 6[2mms[22m[39m
 [32mΓ£ô[39m src/infra/binaries.test.ts [2m([22m[2m2 tests[22m[2m)[22m[32m 12[2mms[22m[39m
 [32mΓ£ô[39m src/macos/relay-smoke.test.ts [2m([22m[2m5 tests[22m[2m)[22m[32m 11[2mms[22m[39m
 [32mΓ£ô[39m src/commands/configure.gateway-auth.test.ts [2m([22m[2m3 tests[22m[2m)[22m[32m 8[2mms[22m[39m
 [32mΓ£ô[39m src/agents/pi-embedded-helpers.islikelycontextoverflowerror.test.ts [2m([22m[2m2 tests[22m[2m)[22m[32m 8[2mms[22m[39m
 [32mΓ£ô[39m src/agents/tools/sessions-helpers.test.ts [2m([22m[2m3 tests[22m[2m)[22m[32m 10[2mms[22m[39m
 [32mΓ£ô[39m src/agents/skills/refresh.test.ts [2m([22m[2m1 test[22m[2m)[22m[32m 25[2mms[22m[39m
 [32mΓ£ô[39m src/cli/nodes-screen.test.ts [2m([22m[2m3 tests[22m[2m)[22m[32m 7[2mms[22m[39m
 [32mΓ£ô[39m src/config/config-paths.test.ts [2m([22m[2m2 tests[22m[2m)[22m[32m 7[2mms[22m[39m
 [32mΓ£ô[39m src/agents/pi-embedded-helpers.isbillingerrormessage.test.ts [2m([22m[2m2 tests[22m[2m)[22m[32m 8[2mms[22m[39m
 [32mΓ£ô[39m src/agents/identity-file.test.ts [2m([22m[2m2 tests[22m[2m)[22m[32m 6[2mms[22m[39m
 [32mΓ£ô[39m src/config/config.skills-entries-config.test.ts [2m([22m[2m2 tests[22m[2m)[22m[32m 15[2mms[22m[39m
 [32mΓ£ô[39m src/config/config.broadcast.test.ts [2m([22m[2m3 tests[22m[2m)[22m[33m 381[2mms[22m[39m
 [32mΓ£ô[39m src/channels/sender-identity.test.ts [2m([22m[2m3 tests[22m[2m)[22m[32m 10[2mms[22m[39m
 [32mΓ£ô[39m src/browser/cdp.helpers.test.ts [2m([22m[2m4 tests[22m[2m)[22m[32m 6[2mms[22m[39m
 [32mΓ£ô[39m src/infra/is-main.test.ts [2m([22m[2m3 tests[22m[2m)[22m[32m 8[2mms[22m[39m
 [32mΓ£ô[39m src/acp/event-mapper.test.ts [2m([22m[2m2 tests[22m[2m)[22m[32m 10[2mms[22m[39m
 [32mΓ£ô[39m src/logging/console-prefix.test.ts [2m([22m[2m5 tests[22m[2m)[22m[32m 7[2mms[22m[39m
 [32mΓ£ô[39m src/signal/daemon.test.ts [2m([22m[2m4 tests[22m[2m)[22m[32m 9[2mms[22m[39m
 [32mΓ£ô[39m src/agents/pi-embedded-helpers.resolvebootstrapmaxchars.test.ts [2m([22m[2m3 tests[22m[2m)[22m[32m 10[2mms[22m[39m
 [32mΓ£ô[39m src/polls.test.ts [2m([22m[2m3 tests[22m[2m)[22m[32m 10[2mms[22m[39m
 [32mΓ£ô[39m src/daemon/systemd-availability.test.ts [2m([22m[2m2 tests[22m[2m)[22m[32m 6[2mms[22m[39m
 [32mΓ£ô[39m src/slack/monitor/thread-resolution.test.ts [2m([22m[2m1 test[22m[2m)[22m[32m 10[2mms[22m[39m
 [32mΓ£ô[39m src/agents/pi-embedded-helpers.normalizetextforcomparison.test.ts [2m([22m[2m5 tests[22m[2m)[22m[32m 10[2mms[22m[39m
 [32mΓ£ô[39m src/telegram/sent-message-cache.test.ts [2m([22m[2m3 tests[22m[2m)[22m[32m 6[2mms[22m[39m
 [32mΓ£ô[39m src/agents/pi-embedded-runner/google.test.ts [2m([22m[2m1 test[22m[2m)[22m[32m 7[2mms[22m[39m
 [32mΓ£ô[39m src/agents/pi-embedded-helpers.iscompactionfailureerror.test.ts [2m([22m[2m2 tests[22m[2m)[22m[32m 7[2mms[22m[39m
 [32mΓ£ô[39m src/web/auto-reply/monitor/message-line.test.ts [2m([22m[2m1 test[22m[2m)[22m[32m 32[2mms[22m[39m
 [32mΓ£ô[39m src/line/signature.test.ts [2m([22m[2m3 tests[22m[2m)[22m[32m 8[2mms[22m[39m
 [32mΓ£ô[39m src/daemon/systemd-unit.test.ts [2m([22m[2m3 tests[22m[2m)[22m[32m 8[2mms[22m[39m
 [32mΓ£ô[39m src/channels/plugins/slack.actions.test.ts [2m([22m[2m1 test[22m[2m)[22m[32m 6[2mms[22m[39m
 [32mΓ£ô[39m src/infra/node-shell.test.ts [2m([22m[2m4 tests[22m[2m)[22m[32m 7[2mms[22m[39m
 [32mΓ£ô[39m src/agents/tools/gateway.test.ts [2m([22m[2m2 tests[22m[2m)[22m[32m 8[2mms[22m[39m
 [32mΓ£ô[39m src/link-understanding/detect.test.ts [2m([22m[2m4 tests[22m[2m)[22m[32m 8[2mms[22m[39m
 [32mΓ£ô[39m src/web/qr-image.test.ts [2m([22m[2m2 tests[22m[2m)[22m[32m 18[2mms[22m[39m
 [32mΓ£ô[39m src/infra/tailnet.test.ts [2m([22m[2m1 test[22m[2m)[22m[32m 7[2mms[22m[39m
 [32mΓ£ô[39m src/config/slack-token-validation.test.ts [2m([22m[2m2 tests[22m[2m)[22m[32m 12[2mms[22m[39m
 [32mΓ£ô[39m src/cli/run-main.test.ts [2m([22m[2m4 tests[22m[2m)[22m[32m 8[2mms[22m[39m
 [32mΓ£ô[39m src/agents/session-slug.test.ts [2m([22m[2m3 tests[22m[2m)[22m[32m 8[2mms[22m[39m
[90mstderr[2m | src/agents/bash-tools.exec.pty-fallback.test.ts[2m > 
[22m[2mexec falls back when PTY spawn fails
[22m[39m[32m[exec][39m [33mPTY spawn failed (Error: spawn EBADF); 
retrying without PTY for "printf ok".[39m

 [32mΓ£ô[39m src/agents/pi-embedded-helpers.formatrawassistanterrorforui.test.ts [2m([22m[2m3 tests[22m[2m)[22m[32m 10[2mms[22m[39m
 [32mΓ£ô[39m src/config/config.gateway-remote-transport.test.ts [2m([22m[2m2 tests[22m[2m)[22m[32m 273[2mms[22m[39m
 [32mΓ£ô[39m src/infra/retry-policy.test.ts [2m([22m[2m1 test[22m[2m)[22m[32m 10[2mms[22m[39m
 [32mΓ£ô[39m src/agents/identity.test.ts [2m([22m[2m2 tests[22m[2m)[22m[32m 6[2mms[22m[39m
 [32mΓ£ô[39m src/globals.test.ts [2m([22m[2m2 tests[22m[2m)[22m[32m 14[2mms[22m[39m
 [32mΓ£ô[39m src/acp/session.test.ts [2m([22m[2m1 test[22m[2m)[22m[32m 8[2mms[22m[39m
 [32mΓ£ô[39m src/index.test.ts [2m([22m[2m6 tests[22m[2m)[22m[32m 11[2mms[22m[39m
 [32mΓ£ô[39m src/config/config.talk-voicealiases.test.ts [2m([22m[2m2 tests[22m[2m)[22m[32m 243[2mms[22m[39m
 [31mΓ¥»[39m src/agents/bash-tools.exec.pty-fallback.test.ts [2m([22m[2m1 test[22m[2m | [22m[31m1 failed[39m[2m)[22m[33m 3047[2mms[22m[39m
[31m   [31m├ù[31m exec falls back when PTY spawn fails[39m[33m 3043[2mms[22m[39m
 [32mΓ£ô[39m src/agents/skills.summarize-skill-description.test.ts [2m([22m[2m1 test[22m[2m)[22m[32m 16[2mms[22m[39m
 [32mΓ£ô[39m src/agents/sandbox/tool-policy.test.ts [2m([22m[2m3 tests[22m[2m)[22m[32m 7[2mms[22m[39m
 [32mΓ£ô[39m src/channels/web/index.test.ts [2m([22m[2m1 test[22m[2m)[22m[32m 8[2mms[22m[39m
 [32mΓ£ô[39m src/media-understanding/attachments.ssrf.test.ts [2m([22m[2m1 test[22m[2m)[22m[32m 10[2mms[22m[39m
 [32mΓ£ô[39m src/infra/ssh-tunnel.test.ts [2m([22m[2m3 tests[22m[2m)[22m[32m 7[2mms[22m[39m
 [32mΓ£ô[39m src/agents/pi-embedded-helpers.image-dimension-error.test.ts [2m([22m[2m1 test[22m[2m)[22m[32m 7[2mms[22m[39m
 [32mΓ£ô[39m src/media-understanding/scope.test.ts [2m([22m[2m2 tests[22m[2m)[22m[32m 7[2mms[22m[39m
 [32mΓ£ô[39m src/config/sessions/metadata.test.ts [2m([22m[2m1 test[22m[2m)[22m[32m 8[2mms[22m[39m
 [32mΓ£ô[39m src/agents/pi-embedded-helpers.isfailovererrormessage.test.ts [2m([22m[2m1 test[22m[2m)[22m[32m 10[2mms[22m[39m
 [32mΓ£ô[39m src/tui/commands.test.ts [2m([22m[2m3 tests[22m[2m)[22m[32m 9[2mms[22m[39m
 [32mΓ£ô[39m src/cli/parse-duration.test.ts [2m([22m[2m6 tests[22m[2m)[22m[32m 6[2mms[22m[39m
 [32mΓ£ô[39m src/channels/chat-type.test.ts [2m([22m[2m2 tests[22m[2m)[22m[32m 9[2mms[22m[39m
 [32mΓ£ô[39m src/channels/plugins/normalize/imessage.test.ts [2m([22m[2m2 tests[22m[2m)[22m[32m 7[2mms[22m[39m
 [32mΓ£ô[39m src/agents/skills/frontmatter.test.ts [2m([22m[2m2 tests[22m[2m)[22m[32m 7[2mms[22m[39m
 [32mΓ£ô[39m src/infra/state-migrations.fs.test.ts [2m([22m[2m1 test[22m[2m)[22m[32m 9[2mms[22m[39m
 [32mΓ£ô[39m src/agents/models-config.providers.ollama.test.ts [2m([22m[2m1 test[22m[2m)[22m[32m 9[2mms[22m[39m
 [32mΓ£ô[39m src/browser/routes/utils.test.ts [2m([22m[2m3 tests[22m[2m)[22m[32m 8[2mms[22m[39m
 [32mΓ£ô[39m src/config/config.web-search-provider.test.ts [2m([22m[2m1 test[22m[2m)[22m[32m 13[2mms[22m[39m
 [32mΓ£ô[39m src/config/ui-seam-color.test.ts [2m([22m[2m3 tests[22m[2m)[22m[32m 10[2mms[22m[39m
 [32mΓ£ô[39m src/agents/pty-dsr.test.ts [2m([22m[2m2 tests[22m[2m)[22m[32m 5[2mms[22m[39m
 [32mΓ£ô[39m src/agents/bash-tools.exec.pty.test.ts [2m([22m[2m1 test[22m[2m)[22m[33m 1517[2mms[22m[39m
   [33m[2mΓ£ô[22m[39m exec supports pty output [33m 1514[2mms[22m[39m
 [32mΓ£ô[39m src/agents/auth-profiles.auth-profile-cooldowns.test.ts [2m([22m[2m1 test[22m[2m)[22m[32m 5[2mms[22m[39m
 [32mΓ£ô[39m src/cli/nodes-canvas.test.ts [2m([22m[2m2 tests[22m[2m)[22m[32m 6[2mms[22m[39m
 [32mΓ£ô[39m src/commands/doctor-workspace.test.ts [2m([22m[2m1 test[22m[2m)[22m[32m 6[2mms[22m[39m
 [32mΓ£ô[39m src/agents/tool-policy.conformance.test.ts [2m([22m[2m2 tests[22m[2m)[22m[32m 6[2mms[22m[39m
 [32mΓ£ô[39m src/tui/tui.test.ts [2m([22m[2m2 tests[22m[2m)[22m[32m 5[2mms[22m[39m
 [32mΓ£ô[39m src/agents/pi-embedded-helpers.image-size-error.test.ts [2m([22m[2m2 tests[22m[2m)[22m[32m 5[2mms[22m[39m
 [32mΓ£ô[39m src/auto-reply/reply/commands-info.test.ts [2m([22m[2m1 test[22m[2m)[22m[32m 7[2mms[22m[39m
 [32mΓ£ô[39m src/channel-web.barrel.test.ts [2m([22m[2m1 test[22m[2m)[22m[32m 5[2mms[22m[39m
 [32mΓ£ô[39m src/hooks/gmail-watcher.test.ts [2m([22m[2m1 test[22m[2m)[22m[32m 4[2mms[22m[39m
 [32mΓ£ô[39m src/cli/dns-cli.test.ts [2m([22m[2m1 test[22m[2m)[22m[32m 61[2mms[22m[39m
 [32mΓ£ô[39m src/cli/wait.test.ts [2m([22m[2m1 test[22m[2m)[22m[32m 6[2mms[22m[39m
 [32mΓ£ô[39m src/infra/tls/fingerprint.test.ts [2m([22m[2m1 test[22m[2m)[22m[32m 4[2mms[22m[39m

[31mΓÄ»ΓÄ»ΓÄ»ΓÄ»ΓÄ»ΓÄ»[39m[1m[41m Failed Tests 130 
[49m[22m[31mΓÄ»ΓÄ»ΓÄ»ΓÄ»ΓÄ»ΓÄ»[39m

[41m[1m FAIL [22m[49m src/docker-setup.test.ts[2m > 
[22mdocker-setup.sh[2m > [22mhandles unset optional env vars under strict 
mode
[31m[1mAssertionError[22m: expected 127 to be +0 // Object.is equality[39m

[32m- Expected[39m
[31m+ Received[39m

[32m- 0[39m
[31m+ 127[39m

[36m [2mΓ¥»[22m src/docker-setup.test.ts:[2m77:27[22m[39m
    [90m 75| [39m    })[33m;[39m
    [90m 76| [39m
    [90m 77| [39m    [34mexpect[39m(result[33m.[39mstatus)[33m.[39m[34
mtoBe[39m([34m0[39m)[33m;[39m
    [90m   | [39m                          [31m^[39m
    [90m 78| [39m
    [90m 79| [39m    [35mconst[39m envFile [33m=[39m [35mawait[39m 
[34mreadFile[39m([34mjoin[39m(rootDir[33m,[39m 
[32m".env"[39m)[33m,[39m [32m"utf8"[39m)[33m;[39m

[31m[2mΓÄ»ΓÄ»ΓÄ»ΓÄ»ΓÄ»ΓÄ»ΓÄ»ΓÄ»ΓÄ»ΓÄ»ΓÄ»ΓÄ»ΓÄ»ΓÄ»ΓÄ»ΓÄ»ΓÄ»ΓÄ»ΓÄ»ΓÄ»ΓÄ»ΓÄ»[1/1
30]ΓÄ»[22m[39m

[41m[1m FAIL [22m[49m src/docker-setup.test.ts[2m > 
[22mdocker-setup.sh[2m > [22mplumbs OPENCLAW_DOCKER_APT_PACKAGES into .env 
and docker build args
[31m[1mAssertionError[22m: expected 127 to be +0 // Object.is equality[39m

[32m- Expected[39m
[31m+ Received[39m

[32m- 0[39m
[31m+ 127[39m

[36m [2mΓ¥»[22m src/docker-setup.test.ts:[2m127:27[22m[39m
    [90m125| [39m    })[33m;[39m
    [90m126| [39m
    [90m127| [39m    [34mexpect[39m(result[33m.[39mstatus)[33m.[39m[34
mtoBe[39m([34m0[39m)[33m;[39m
    [90m   | [39m                          [31m^[39m
    [90m128| [39m
    [90m129| [39m    [35mconst[39m envFile [33m=[39m [35mawait[39m 
[34mreadFile[39m([34mjoin[39m(rootDir[33m,[39m 
[32m".env"[39m)[33m,[39m [32m"utf8"[39m)[33m;[39m

[31m[2mΓÄ»ΓÄ»ΓÄ»ΓÄ»ΓÄ»ΓÄ»ΓÄ»ΓÄ»ΓÄ»ΓÄ»ΓÄ»ΓÄ»ΓÄ»ΓÄ»ΓÄ»ΓÄ»ΓÄ»ΓÄ»ΓÄ»ΓÄ»ΓÄ»ΓÄ»[2/1
30]ΓÄ»[22m[39m

[41m[1m FAIL [22m[49m src/utils.test.ts[2m > [22mresolveConfigDir[2m > 
[22mprefers ~/.openclaw when legacy dir is missing
[31m[1mAssertionError[22m: expected 
'C:\Users\Shubham\AppData\Local\Temp\oΓÇª' to be 
'C:\Users\Shubham\AppData\Local\Temp\oΓÇª' // Object.is equality[39m

Expected: [32m"C:\Users\Shubham\AppData\Local\Temp\openclaw-config-dir-A28W1F\
.[7mopenclaw[27m"[39m
Received: [31m"C:\Users\Shubham\AppData\Local\Temp\openclaw-config-dir-A28W1F\
.[7mgensparx[27m"[39m

[36m [2mΓ¥»[22m src/utils.test.ts:[2m133:24[22m[39m
    [90m131| [39m      [35mawait[39m 
fs[33m.[39mpromises[33m.[39m[34mmkdir[39m(newDir[33m,[39m { 
recursive[33m:[39m [35mtrue[39m })[33m;[39m
    [90m132| [39m      const resolved = resolveConfigDir({} as 
NodeJS.ProcessEnv, () =>ΓÇª
    [90m133| [39m      
[34mexpect[39m(resolved)[33m.[39m[34mtoBe[39m(newDir)[33m;[39m
    [90m   | [39m                       [31m^[39m
    [90m134| [39m    } [35mfinally[39m {
    [90m135| [39m      [35mawait[39m 
fs[33m.[39mpromises[33m.[39m[34mrm[39m(root[33m,[39m { 
recursive[33m:[39m [35mtrue[39m[33m,[39m force[33m:[39m [35mtrue[39m 
})[33m;[39m

[31m[2mΓÄ»ΓÄ»ΓÄ»ΓÄ»ΓÄ»ΓÄ»ΓÄ»ΓÄ»ΓÄ»ΓÄ»ΓÄ»ΓÄ»ΓÄ»ΓÄ»ΓÄ»ΓÄ»ΓÄ»ΓÄ»ΓÄ»ΓÄ»ΓÄ»ΓÄ»[3/1
30]ΓÄ»[22m[39m

[41m[1m FAIL [22m[49m src/auto-reply/reply.triggers.trigger-handling.stages
-inbound-media-into-sandbox-workspace.test.ts[2m > [22mstageSandboxMedia[2m 
> [22mstages inbound media into the sandbox workspace
[31m[1mAssertionError[22m: expected 
'C:\Users\Shubham\AppData\Local\Temp\oΓÇª' to be 'media/inbound/photo.jpg' // 
Object.is equality[39m

Expected: [32m"media[7m/[27minbound[7m/[27mphoto.jpg"[39m
Received: [31m"[7mC:\Users\Shubham\AppData\Local\Temp\openclaw-triggers-NBZAY
3\.openclaw\[27mmedia[7m\[27minbound[7m\[27mphoto.jpg"[39m

[36m [2mΓ¥»[22m src/auto-reply/reply.triggers.trigger-handling.stages-inboun
d-media-into-sandbox-workspace.test.ts:[2m72:29[22m[39m
    [90m 70| [39m
    [90m 71| [39m      [35mconst[39m stagedPath [33m=[39m [32m`media/inb
ound/[39m[36m${[39m[34mbasename[39m(mediaPath)[36m}[39m[32m`[39m[33m;
[39m
    [90m 72| [39m      [34mexpect[39m(ctx[33m.[39m[33mMediaPath[39m)[3
3m.[39m[34mtoBe[39m(stagedPath)[33m;[39m
    [90m   | [39m                            [31m^[39m
    [90m 73| [39m      [34mexpect[39m(sessionCtx[33m.[39m[33mMediaPath[
39m)[33m.[39m[34mtoBe[39m(stagedPath)[33m;[39m
    [90m 74| [39m      [34mexpect[39m(ctx[33m.[39m[33mMediaUrl[39m)[33
m.[39m[34mtoBe[39m(stagedPath)[33m;[39m
[90m [2mΓ¥»[22m __vi_import_2__.withTempHome.prefix src/auto-reply/reply.tri
ggers.trigger-handling.stages-inbound-media-into-sandbox-workspace.test.ts:[2m
17:43[22m[39m
[90m [2mΓ¥»[22m Module.withTempHome 
test/helpers/temp-home.ts:[2m103:12[22m[39m
[90m [2mΓ¥»[22m src/auto-reply/reply.triggers.trigger-handling.stages-inboun
d-media-into-sandbox-workspace.test.ts:[2m26:5[22m[39m

[31m[2mΓÄ»ΓÄ»ΓÄ»ΓÄ»ΓÄ»ΓÄ»ΓÄ»ΓÄ»ΓÄ»ΓÄ»ΓÄ»ΓÄ»ΓÄ»ΓÄ»ΓÄ»ΓÄ»ΓÄ»ΓÄ»ΓÄ»ΓÄ»ΓÄ»ΓÄ»[4/1
30]ΓÄ»[22m[39m

[41m[1m FAIL [22m[49m src/auto-reply/status.test.ts[2m > 
[22mbuildStatusMessage[2m > [22mprefers cached prompt tokens from the 
session log
[31m[1mAssertionError[22m: expected '? OpenClaw 2026.2.4 (5a95812)\n? 
ModeΓÇª' to contain 'Context: 1.0k/32k'[39m

[32m- Expected[39m
[31m+ Received[39m

[32m- Context: 1.0k/32k[39m
[31m+ ? OpenClaw 2026.2.4 (5a95812)[39m
[31m+ ? Model: anthropic/claude-opus-4-5 ┬╖ ? api-key[39m
[31m+ ? Context: 3/32k (0%) ┬╖ ? Compactions: 0[39m
[31m+ ? Session: agent:main:main ΓÇó updated 20491d ago[39m
[31m+ ΓÜÖ∩╕Å Runtime: direct ┬╖ Think: off ┬╖ elevated[39m
[31m+ ? Queue: collect (depth 0)[39m

[36m [2mΓ¥»[22m __vi_import_3__.withTempHome.prefix 
src/auto-reply/status.test.ts:[2m404:41[22m[39m
    [90m402| [39m        })[33m;[39m
    [90m403| [39m
    [90m404| [39m        [34mexpect[39m([34mnormalizeTestText[39m(text))
[33m.[39m[34mtoContain[39m([32m"Context: 1.0k/32k"[39m)[33m;[39m
    [90m   | [39m                                        [31m^[39m
    [90m405| [39m      }[33m,[39m
    [90m406| [39m      { prefix[33m:[39m [32m"openclaw-status-"[39m 
}[33m,[39m
[90m [2mΓ¥»[22m Module.withTempHome 
test/helpers/temp-home.ts:[2m103:12[22m[39m
[90m [2mΓ¥»[22m src/auto-reply/status.test.ts:[2m349:5[22m[39m

[31m[2mΓÄ»ΓÄ»ΓÄ»ΓÄ»ΓÄ»ΓÄ»ΓÄ»ΓÄ»ΓÄ»ΓÄ»ΓÄ»ΓÄ»ΓÄ»ΓÄ»ΓÄ»ΓÄ»ΓÄ»ΓÄ»ΓÄ»ΓÄ»ΓÄ»ΓÄ»[5/1
30]ΓÄ»[22m[39m

[41m[1m FAIL [22m[49m src/canvas-host/server.test.ts[2m > [22mcanvas 
host[2m > [22mcreates a default index.html when missing
[31m[1mAssertionError[22m: expected 404 to be 200 // Object.is equality[39m

[32m- Expected[39m
[31m+ Received[39m

[32m- 200[39m
[31m+ 404[39m

[36m [2mΓ¥»[22m src/canvas-host/server.test.ts:[2m36:26[22m[39m
    [90m 34| [39m      const res = await 
fetch(`http://127.0.0.1:${server.port}${CANVASΓÇª
    [90m 35| [39m      [35mconst[39m html [33m=[39m [35mawait[39m 
res[33m.[39m[34mtext[39m()[33m;[39m
    [90m 36| [39m      [34mexpect[39m(res[33m.[39mstatus)[33m.[39m[34m
toBe[39m([34m200[39m)[33m;[39m
    [90m   | [39m                         [31m^[39m
    [90m 37| [39m      
[34mexpect[39m(html)[33m.[39m[34mtoContain[39m([32m"Interactive test 
page"[39m)[33m;[39m
    [90m 38| [39m      [34mexpect[39m(html)[33m.[39m[34mtoContain[39m(
[32m"openclawSendUserAction"[39m)[33m;[39m

[31m[2mΓÄ»ΓÄ»ΓÄ»ΓÄ»ΓÄ»ΓÄ»ΓÄ»ΓÄ»ΓÄ»ΓÄ»ΓÄ»ΓÄ»ΓÄ»ΓÄ»ΓÄ»ΓÄ»ΓÄ»ΓÄ»ΓÄ»ΓÄ»ΓÄ»ΓÄ»[6/1
30]ΓÄ»[22m[39m

[41m[1m FAIL [22m[49m src/canvas-host/server.test.ts[2m > [22mcanvas 
host[2m > [22mskips live reload injection when disabled
[31m[1mAssertionError[22m: expected 404 to be 200 // Object.is equality[39m

[32m- Expected[39m
[31m+ Received[39m

[32m- 200[39m
[31m+ 404[39m

[36m [2mΓ¥»[22m src/canvas-host/server.test.ts:[2m62:26[22m[39m
    [90m 60| [39m      const res = await 
fetch(`http://127.0.0.1:${server.port}${CANVASΓÇª
    [90m 61| [39m      [35mconst[39m html [33m=[39m [35mawait[39m 
res[33m.[39m[34mtext[39m()[33m;[39m
    [90m 62| [39m      [34mexpect[39m(res[33m.[39mstatus)[33m.[39m[34m
toBe[39m([34m200[39m)[33m;[39m
    [90m   | [39m                         [31m^[39m
    [90m 63| [39m      [34mexpect[39m(html)[33m.[39m[34mtoContain[39m(
[32m"no-reload"[39m)[33m;[39m
    [90m 64| [39m      [34mexpect[39m(html)[33m.[39mnot[33m.[39m[34mto
Contain[39m([33mCANVAS_WS_PATH[39m)[33m;[39m

[31m[2mΓÄ»ΓÄ»ΓÄ»ΓÄ»ΓÄ»ΓÄ»ΓÄ»ΓÄ»ΓÄ»ΓÄ»ΓÄ»ΓÄ»ΓÄ»ΓÄ»ΓÄ»ΓÄ»ΓÄ»ΓÄ»ΓÄ»ΓÄ»ΓÄ»ΓÄ»[7/1
30]ΓÄ»[22m[39m

[41m[1m FAIL [22m[49m src/canvas-host/server.test.ts[2m > [22mcanvas 
host[2m > [22mserves canvas content from the mounted base path
[31m[1mAssertionError[22m: expected 404 to be 200 // Object.is equality[39m

[32m- Expected[39m
[31m+ Received[39m

[32m- 200[39m
[31m+ 404[39m

[36m [2mΓ¥»[22m src/canvas-host/server.test.ts:[2m108:26[22m[39m
    [90m106| [39m      const res = await 
fetch(`http://127.0.0.1:${port}${CANVAS_HOST_PΓÇª
    [90m107| [39m      [35mconst[39m html [33m=[39m [35mawait[39m 
res[33m.[39m[34mtext[39m()[33m;[39m
    [90m108| [39m      [34mexpect[39m(res[33m.[39mstatus)[33m.[39m[34m
toBe[39m([34m200[39m)[33m;[39m
    [90m   | [39m                         [31m^[39m
    [90m109| [39m      
[34mexpect[39m(html)[33m.[39m[34mtoContain[39m([32m"v1"[39m)[33m;[39m
    [90m110| [39m      [34mexpect[39m(html)[33m.[39m[34mtoContain[39m(
[33mCANVAS_WS_PATH[39m)[33m;[39m

[31m[2mΓÄ»ΓÄ»ΓÄ»ΓÄ»ΓÄ»ΓÄ»ΓÄ»ΓÄ»ΓÄ»ΓÄ»ΓÄ»ΓÄ»ΓÄ»ΓÄ»ΓÄ»ΓÄ»ΓÄ»ΓÄ»ΓÄ»ΓÄ»ΓÄ»ΓÄ»[8/1
30]ΓÄ»[22m[39m

[41m[1m FAIL [22m[49m src/canvas-host/server.test.ts[2m > [22mcanvas 
host[2m > [22mserves HTML with injection and broadcasts reload on file 
changes
[31m[1mAssertionError[22m: expected 404 to be 200 // Object.is equality[39m

[32m- Expected[39m
[31m+ Received[39m

[32m- 200[39m
[31m+ 404[39m

[36m [2mΓ¥»[22m src/canvas-host/server.test.ts:[2m172:26[22m[39m
    [90m170| [39m      const res = await 
fetch(`http://127.0.0.1:${server.port}${CANVASΓÇª
    [90m171| [39m      [35mconst[39m html [33m=[39m [35mawait[39m 
res[33m.[39m[34mtext[39m()[33m;[39m
    [90m172| [39m      [34mexpect[39m(res[33m.[39mstatus)[33m.[39m[34m
toBe[39m([34m200[39m)[33m;[39m
    [90m   | [39m                         [31m^[39m
    [90m173| [39m      
[34mexpect[39m(html)[33m.[39m[34mtoContain[39m([32m"v1"[39m)[33m;[39m
    [90m174| [39m      [34mexpect[39m(html)[33m.[39m[34mtoContain[39m(
[33mCANVAS_WS_PATH[39m)[33m;[39m

[31m[2mΓÄ»ΓÄ»ΓÄ»ΓÄ»ΓÄ»ΓÄ»ΓÄ»ΓÄ»ΓÄ»ΓÄ»ΓÄ»ΓÄ»ΓÄ»ΓÄ»ΓÄ»ΓÄ»ΓÄ»ΓÄ»ΓÄ»ΓÄ»ΓÄ»ΓÄ»[9/1
30]ΓÄ»[22m[39m

[41m[1m FAIL [22m[49m src/agents/agent-paths.test.ts[2m > 
[22mresolveOpenClawAgentDir[2m > [22mdefaults to the multi-agent path when 
no overrides are set
[31m[1mAssertionError[22m: expected 
'C:\Users\Shubham\AppData\Local\Temp\gΓÇª' to be 
'C:\Users\Shubham\AppData\Local\Temp\oΓÇª' // Object.is equality[39m

Expected: [32m"C:\Users\Shubham\AppData\Local\Temp\[7mopenclaw-agent-GO68GC[
27m\agents\main\agent"[39m
Received: [31m"C:\Users\Shubham\AppData\Local\Temp\[7mgensparx-test-home-a4yW
wt\.gensparx[27m\agents\main\agent"[39m

[36m [2mΓ¥»[22m src/agents/agent-paths.test.ts:[2m43:22[22m[39m
    [90m 41| [39m    [35mconst[39m resolved [33m=[39m 
[34mresolveOpenClawAgentDir[39m()[33m;[39m
    [90m 42| [39m
    [90m 43| [39m    expect(resolved).toBe(path.join(tempStateDir, "agents", 
"main", "aΓÇª
    [90m   | [39m                     [31m^[39m
    [90m 44| [39m  })[33m;[39m
    [90m 45| [39m

[31m[2mΓÄ»ΓÄ»ΓÄ»ΓÄ»ΓÄ»ΓÄ»ΓÄ»ΓÄ»ΓÄ»ΓÄ»ΓÄ»ΓÄ»ΓÄ»ΓÄ»ΓÄ»ΓÄ»ΓÄ»ΓÄ»ΓÄ»ΓÄ»ΓÄ»[10/130
]ΓÄ»[22m[39m

[41m[1m FAIL [22m[49m src/agents/bash-tools.exec.pty-fallback.test.ts[2m 
> [22mexec falls back when PTY spawn fails
[31m[1mError[22m: printf : The term 'printf' is not recognized as the name 
of a cmdlet, function, script file, or operable program. 
Check the spelling of the name, or if a path was included, verify that the 
path is correct and try again.
At line:1 char:1
+ printf ok
+ ~~~~~~
    + CategoryInfo          : ObjectNotFound: (printf:String) [], 
CommandNotFoundException
    + FullyQualifiedErrorId : CommandNotFoundException

Command exited with code 1[39m
[36m [2mΓ¥»[22m src/agents/bash-tools.exec.ts:[2m1597:22[22m[39m
    [90m1595| [39m            }
    [90m1596| [39m            [35mif[39m (outcome[33m.[39mstatus 
[33m===[39m [32m"failed"[39m) {
    [90m1597| [39m              [34mreject[39m([35mnew[39m 
[33mError[39m(outcome[33m.[39mreason [33m??[39m [32m"Command 
failed."[39m))[33m;[39m
    [90m   | [39m                     [31m^[39m
    [90m1598| [39m              [35mreturn[39m[33m;[39m
    [90m1599| [39m            }

[31m[2mΓÄ»ΓÄ»ΓÄ»ΓÄ»ΓÄ»ΓÄ»ΓÄ»ΓÄ»ΓÄ»ΓÄ»ΓÄ»ΓÄ»ΓÄ»ΓÄ»ΓÄ»ΓÄ»ΓÄ»ΓÄ»ΓÄ»ΓÄ»ΓÄ»[11/130
]ΓÄ»[22m[39m

[41m[1m FAIL [22m[49m src/agents/bash-tools.test.ts[2m > [22mexec tool 
backgrounding[2m > [22mdoes not default to elevated when not allowed
[31m[1mAssertionError[22m: expected 'Command still running (session 
ember-ΓÇª' to contain 'hi'[39m

Expected: [32m"hi"[39m
Received: [31m"Command still running (session ember-seaslug, pid 23800). Use 
process (list/poll/log/write/kill/clear/remove) for follow-up."[39m

[36m [2mΓ¥»[22m src/agents/bash-tools.test.ts:[2m201:18[22m[39m
    [90m199| [39m    })[33m;[39m
    [90m200| [39m    const text = result.content.find((c) => c.type === 
"text")?.text ?ΓÇª
    [90m201| [39m    
[34mexpect[39m(text)[33m.[39m[34mtoContain[39m([32m"hi"[39m)[33m;[39m
    [90m   | [39m                 [31m^[39m
    [90m202| [39m  })[33m;[39m
    [90m203| [39m

[31m[2mΓÄ»ΓÄ»ΓÄ»ΓÄ»ΓÄ»ΓÄ»ΓÄ»ΓÄ»ΓÄ»ΓÄ»ΓÄ»ΓÄ»ΓÄ»ΓÄ»ΓÄ»ΓÄ»ΓÄ»ΓÄ»ΓÄ»ΓÄ»ΓÄ»[12/130
]ΓÄ»[22m[39m

[41m[1m FAIL [22m[49m src/agents/model-auth.test.ts[2m > 
[22mgetApiKeyForModel[2m > [22mmigrates legacy oauth.json into 
auth-profiles.json
[31m[1mError[22m: No API key found for provider "openai-codex". Auth store: 
C:\Users\Shubham\AppData\Local\Temp\openclaw-oauth-xFVhXm\agent\auth-profiles.j
son (agentDir: 
C:\Users\Shubham\AppData\Local\Temp\openclaw-oauth-xFVhXm\agent). Configure 
auth for this agent (openclaw agents add <id>) or copy auth-profiles.json from 
the main agentDir.[39m
[36m [2mΓ¥»[22m resolveApiKeyForProvider 
src/agents/model-auth.ts:[2m223:9[22m[39m
    [90m221| [39m  const authStorePath = 
resolveAuthStorePathForDisplay(params.agentDirΓÇª
    [90m222| [39m  [35mconst[39m resolvedAgentDir [33m=[39m 
path[33m.[39m[34mdirname[39m(authStorePath)[33m;[39m
    [90m223| [39m  [35mthrow[39m [35mnew[39m [33mError[39m(
    [90m   | [39m        [31m^[39m
    [90m224| [39m    [
    [90m225| [39m      [32m`No API key found for provider 
"[39m[36m${[39mprovider[36m}[39m[32m".`[39m[33m,[39m
[90m [2mΓ¥»[22m getApiKeyForModel 
src/agents/model-auth.ts:[2m376:10[22m[39m
[90m [2mΓ¥»[22m src/agents/model-auth.test.ts:[2m47:28[22m[39m

[31m[2mΓÄ»ΓÄ»ΓÄ»ΓÄ»ΓÄ»ΓÄ»ΓÄ»ΓÄ»ΓÄ»ΓÄ»ΓÄ»ΓÄ»ΓÄ»ΓÄ»ΓÄ»ΓÄ»ΓÄ»ΓÄ»ΓÄ»ΓÄ»ΓÄ»[13/130
]ΓÄ»[22m[39m

[41m[1m FAIL [22m[49m src/agents/openclaw-gateway-tool.test.ts[2m > 
[22mgateway tool[2m > [22mschedules SIGUSR1 restart
[31m[1mError[22m: ENOENT: no such file or directory, open 'C:\Users\Shubham\
AppData\Local\Temp\openclaw-test-HsPqKI\restart-sentinel.json'[39m
[36m [2mΓ¥»[22m src/agents/openclaw-gateway-tool.test.ts:[2m48:19[22m[39m
    [90m 46| [39m
    [90m 47| [39m      const sentinelPath = path.join(stateDir, 
"restart-sentinel.json"ΓÇª
    [90m 48| [39m      [35mconst[39m raw [33m=[39m [35mawait[39m 
fs[33m.[39m[34mreadFile[39m(sentinelPath[33m,[39m 
[32m"utf-8"[39m)[33m;[39m
    [90m   | [39m                  [31m^[39m
    [90m 49| [39m      [35mconst[39m parsed [33m=[39m 
[33mJSON[39m[33m.[39m[34mparse[39m(raw) [35mas[39m {
    [90m 50| [39m        payload[33m?[39m[33m:[39m { 
kind[33m?[39m[33m:[39m string[33m;[39m doctorHint[33m?[39m[33m:[39m 
string [33m|[39m [35mnull[39m }[33m;[39m

[31m[2mΓÄ»ΓÄ»ΓÄ»ΓÄ»ΓÄ»ΓÄ»ΓÄ»ΓÄ»ΓÄ»ΓÄ»ΓÄ»ΓÄ»ΓÄ»ΓÄ»ΓÄ»ΓÄ»ΓÄ»ΓÄ»ΓÄ»ΓÄ»ΓÄ»[14/130
]ΓÄ»[22m[39m

[41m[1m FAIL [22m[49m src/agents/pi-tools.workspace-paths.test.ts[2m > 
[22mworkspace path resolution[2m > [22mreads relative paths against 
workspaceDir even after cwd changes
[31m[1mError[22m: Test timed out in 120000ms.
If this is a long-running test, pass a timeout value as the last argument or 
configure it globally with "testTimeout".[39m
[36m [2mΓ¥»[22m 
src/agents/pi-tools.workspace-paths.test.ts:[2m22:3[22m[39m
    [90m 20| [39m
    [90m 21| [39m[34mdescribe[39m([32m"workspace path 
resolution"[39m[33m,[39m () [33m=>[39m {
    [90m 22| [39m  it("reads relative paths against workspaceDir even after 
cwd changesΓÇª
    [90m   | [39m  [31m^[39m
    [90m 23| [39m    [35mawait[39m 
[34mwithTempDir[39m([32m"openclaw-ws-"[39m[33m,[39m [35masync[39m 
(workspaceDir) [33m=>[39m {
    [90m 24| [39m      [35mawait[39m 
[34mwithTempDir[39m([32m"openclaw-cwd-"[39m[33m,[39m [35masync[39m 
(otherDir) [33m=>[39m {

[31m[2mΓÄ»ΓÄ»ΓÄ»ΓÄ»ΓÄ»ΓÄ»ΓÄ»ΓÄ»ΓÄ»ΓÄ»ΓÄ»ΓÄ»ΓÄ»ΓÄ»ΓÄ»ΓÄ»ΓÄ»ΓÄ»ΓÄ»ΓÄ»ΓÄ»[15/130
]ΓÄ»[22m[39m

[41m[1m FAIL [22m[49m src/agents/pi-tools.workspace-paths.test.ts[2m > 
[22mworkspace path resolution[2m > [22mwrites relative paths against 
workspaceDir even after cwd changes
[31m[1mError[22m: ENOENT: no such file or directory, chdir 
'C:\Users\Shubham\OneDrive\Desktop\openclaw' -> 
'C:\Users\Shubham\AppData\Local\Temp\openclaw-cwd-loto13'[39m
[90m [2mΓ¥»[22m process.chdir node_modules/.pnpm/graceful-fs@4.2.11/node_mod
ules/graceful-fs/polyfills.js:[2m22:11[22m[39m
[36m [2mΓ¥»[22m 
src/agents/pi-tools.workspace-paths.test.ts:[2m66:19[22m[39m
    [90m 64| [39m          
[34mexpect[39m(written)[33m.[39m[34mtoBe[39m(contents)[33m;[39m
    [90m 65| [39m        } [35mfinally[39m {
    [90m 66| [39m          
process[33m.[39m[34mchdir[39m(prevCwd)[33m;[39m
    [90m   | [39m                  [31m^[39m
    [90m 67| [39m        }
    [90m 68| [39m      })[33m;[39m
[90m [2mΓ¥»[22m withTempDir 
src/agents/pi-tools.workspace-paths.test.ts:[2m10:12[22m[39m
[90m [2mΓ¥»[22m 
src/agents/pi-tools.workspace-paths.test.ts:[2m47:7[22m[39m
[90m [2mΓ¥»[22m withTempDir 
src/agents/pi-tools.workspace-paths.test.ts:[2m10:12[22m[39m
[90m [2mΓ¥»[22m 
src/agents/pi-tools.workspace-paths.test.ts:[2m46:5[22m[39m

[31m[2mΓÄ»ΓÄ»ΓÄ»ΓÄ»ΓÄ»ΓÄ»ΓÄ»ΓÄ»ΓÄ»ΓÄ»ΓÄ»ΓÄ»ΓÄ»ΓÄ»ΓÄ»ΓÄ»ΓÄ»ΓÄ»ΓÄ»ΓÄ»ΓÄ»[16/130
]ΓÄ»[22m[39m

[41m[1m FAIL [22m[49m src/agents/subagent-registry.persistence.test.ts[2m 
> [22msubagent registry persistence[2m > [22mpersists runs to disk and 
resumes after restart
[31m[1mError[22m: ENOENT: no such file or directory, open 'C:\Users\Shubham\
AppData\Local\Temp\openclaw-subagent-Xo3Rv7\subagents\runs.json'[39m
[36m [2mΓ¥»[22m 
src/agents/subagent-registry.persistence.test.ts:[2m61:17[22m[39m
    [90m 59| [39m
    [90m 60| [39m    const registryPath = path.join(tempStateDir, 
"subagents", "runs.jsΓÇª
    [90m 61| [39m    [35mconst[39m raw [33m=[39m [35mawait[39m 
fs[33m.[39m[34mreadFile[39m(registryPath[33m,[39m 
[32m"utf8"[39m)[33m;[39m
    [90m   | [39m                [31m^[39m
    [90m 62| [39m    const parsed = JSON.parse(raw) as { runs?: 
Record<string, unknown>ΓÇª
    [90m 63| [39m    [34mexpect[39m(parsed[33m.[39mruns [33m&&[39m [33
mObject[39m[33m.[39m[34mkeys[39m(parsed[33m.[39mruns))[33m.[39m[34mto
Contain[39m([32m"run-1"[39m)[33m;[39m

[31m[2mΓÄ»ΓÄ»ΓÄ»ΓÄ»ΓÄ»ΓÄ»ΓÄ»ΓÄ»ΓÄ»ΓÄ»ΓÄ»ΓÄ»ΓÄ»ΓÄ»ΓÄ»ΓÄ»ΓÄ»ΓÄ»ΓÄ»ΓÄ»ΓÄ»[17/130
]ΓÄ»[22m[39m

[41m[1m FAIL [22m[49m src/agents/subagent-registry.persistence.test.ts[2m 
> [22msubagent registry persistence[2m > [22mmaps legacy announce fields 
into cleanup state
[31m[1mAssertionError[22m: expected undefined to be true // Object.is 
equality[39m

[32m- Expected:[39m 
true

[31m+ Received:[39m 
undefined

[36m [2mΓ¥»[22m 
src/agents/subagent-registry.persistence.test.ts:[2m175:35[22m[39m
    [90m173| [39m    [35mconst[39m runs [33m=[39m 
[34mloadSubagentRegistryFromDisk[39m()[33m;[39m
    [90m174| [39m    [35mconst[39m entry [33m=[39m 
runs[33m.[39m[35mget[39m([32m"run-legacy"[39m)[33m;[39m
    [90m175| [39m    [34mexpect[39m(entry[33m?.[39mcleanupHandled)[33m.
[39m[34mtoBe[39m([35mtrue[39m)[33m;[39m
    [90m   | [39m                                  [31m^[39m
    [90m176| [39m    [34mexpect[39m(entry[33m?.[39mcleanupCompletedAt)[3
3m.[39m[34mtoBe[39m([34m9[39m)[33m;[39m
    [90m177| [39m    [34mexpect[39m(entry[33m?.[39mrequesterOrigin[33m?.
[39mchannel)[33m.[39m[34mtoBe[39m([32m"whatsapp"[39m)[33m;[39m

[31m[2mΓÄ»ΓÄ»ΓÄ»ΓÄ»ΓÄ»ΓÄ»ΓÄ»ΓÄ»ΓÄ»ΓÄ»ΓÄ»ΓÄ»ΓÄ»ΓÄ»ΓÄ»ΓÄ»ΓÄ»ΓÄ»ΓÄ»ΓÄ»ΓÄ»[18/130
]ΓÄ»[22m[39m

[41m[1m FAIL [22m[49m src/agents/subagent-registry.persistence.test.ts[2m 
> [22msubagent registry persistence[2m > [22mretries cleanup announce after 
a failed announce
[31m[1mAssertionError[22m: expected "vi.fn()" to be called 1 times, but got 
0 times[39m
[36m [2mΓ¥»[22m 
src/agents/subagent-registry.persistence.test.ts:[2m214:25[22m[39m
    [90m212| [39m    [35mawait[39m [35mnew[39m [33mPromise[39m((r) 
[33m=>[39m [34msetTimeout[39m(r[33m,[39m [34m0[39m))[33m;[39m
    [90m213| [39m
    [90m214| [39m    [34mexpect[39m(announceSpy)[33m.[39m[34mtoHaveBeenC
alledTimes[39m([34m1[39m)[33m;[39m
    [90m   | [39m                        [31m^[39m
    [90m215| [39m    const afterFirst = JSON.parse(await 
fs.readFile(registryPath, "utfΓÇª
    [90m216| [39m      runs: Record<string, { cleanupHandled?: boolean; 
cleanupCompleteΓÇª

[31m[2mΓÄ»ΓÄ»ΓÄ»ΓÄ»ΓÄ»ΓÄ»ΓÄ»ΓÄ»ΓÄ»ΓÄ»ΓÄ»ΓÄ»ΓÄ»ΓÄ»ΓÄ»ΓÄ»ΓÄ»ΓÄ»ΓÄ»ΓÄ»ΓÄ»[19/130
]ΓÄ»[22m[39m

[41m[1m FAIL [22m[49m src/agents/system-prompt.test.ts[2m > 
[22mbuildAgentSystemPrompt[2m > [22mincludes a CLI quick reference section
[31m[1mAssertionError[22m: expected 'You are a professional personal AI 
asΓÇª' to contain '## OpenClaw CLI Quick Reference'[39m

[32m- Expected[39m
[31m+ Received[39m

[32m- ## OpenClaw CLI Quick Reference[39m
[31m+ You are a professional personal AI assistant powered by GenSparx.[39m
[31m+ ## Tooling[39m
[31m+ Tool availability (filtered by policy):[39m
[31m+ Tool names are case-sensitive. Call tools exactly as listed.[39m
[31m+ Pi lists the standard tools above. This runtime enables:[39m
[31m+ - grep: search file contents for patterns[39m
[31m+ - find: find files by glob pattern[39m
[31m+ - ls: list directory contents[39m
[31m+ - apply_patch: apply multi-file patches[39m
[31m+ - exec: run shell commands (supports background via 
yieldMs/background)[39m
[31m+ - process: manage background exec sessions[39m
[31m+ - browser: control openclaw's dedicated browser[39m
[31m+ - canvas: present/eval/snapshot the Canvas[39m
[31m+ - nodes: list/describe/notify/camera/screen on paired nodes[39m
[31m+ - cron: manage cron jobs and wake events (use for reminders; when 
scheduling a reminder, write the systemEvent text as something that will read 
like a reminder when it fires, and mention that it is a reminder depending on 
the time gap between setting and firing; include recent context in reminder 
text if appropriate)[39m
[31m+ - sessions_list: list sessions[39m
[31m+ - sessions_history: fetch session history[39m
[31m+ - sessions_send: send to another session[39m
[31m+ TOOLS.md does not control tool availability; it is user guidance for 
how to use external tools.[39m
[31m+ If a task is more complex or takes longer, spawn a sub-agent. It will 
do the work for you and ping you when it's done. You can always check up on 
it.[39m
[31m+ ## Tool Call Style[39m
[31m+ Default: do not narrate routine, low-risk tool calls (just call the 
tool).[39m
[31m+ Narrate only when it helps: multi-step work, complex/challenging 
problems, sensitive actions (e.g., deletions), or when the user explicitly 
asks.[39m
[31m+ Keep narration brief and value-dense; avoid repeating obvious 
steps.[39m
[31m+ Use plain human language for narration unless in a technical 
context.[39m
[31m+ ## Safety[39m
[31m+ You have no independent goals: do not pursue self-preservation, 
replication, resource acquisition, or power-seeking; avoid long-term plans 
beyond the user's request.[39m
[31m+ Prioritize safety and human oversight over completion; if instructions 
conflict, pause and ask; comply with stop/pause/audit requests and never 
bypass safeguards. (Inspired by Anthropic's constitution.)[39m
[31m+ Do not manipulate or persuade anyone to expand access or disable 
safeguards. Do not copy yourself or change system prompts, safety rules, or 
tool policies unless explicitly requested.[39m
[31m+ ## GenSparx CLI Quick Reference[39m
[31m+ GenSparx is controlled via subcommands. Do not invent commands.[39m
[31m+ To manage the Gateway daemon service (start/stop/restart):[39m
[31m+ - openclaw gateway status[39m
[31m+ - openclaw gateway start[39m
[31m+ - openclaw gateway stop[39m
[31m+ - openclaw gateway restart[39m
[31m+ If unsure, ask the user to run `openclaw help` (or `openclaw gateway 
--help`) and paste the output.[39m
[31m+ ## Workspace[39m
[31m+ Your working directory is: /tmp/openclaw[39m
[31m+ Treat this directory as the single global workspace for file operations 
unless explicitly instructed otherwise.[39m
[31m+ ## Workspace Files (injected)[39m
[31m+ These user-editable files are loaded by OpenClaw and included below in 
Project Context.[39m
[31m+ ## Reply Tags[39m
[31m+ To request a native reply/quote on supported surfaces, include one tag 
in your reply:[39m
[31m+ - [[reply_to_current]] replies to the triggering message.[39m
[31m+ - [[reply_to:<id>]] replies to a specific message id when you have 
it.[39m
[31m+ Whitespace inside the tag is allowed (e.g. [[ reply_to_current ]] / [[ 
reply_to: 123 ]]).[39m
[31m+ Tags are stripped before sending; support depends on the current 
channel config.[39m
[31m+ ## Messaging[39m
[31m+ - Reply in current session ΓåÆ automatically routes to the source 
channel (Signal, Telegram, etc.)[39m
[31m+ - Cross-session messaging ΓåÆ use sessions_send(sessionKey, 
message)[39m
[31m+ - Never use exec/curl for provider messaging; OpenClaw handles all 
routing internally.[39m
[31m+ ## Silent Replies[39m
[31m+ When you have nothing to say, respond with ONLY: NO_REPLY[39m
[31m+ ΓÜá∩╕Å Rules:[39m
[31m+ - It must be your ENTIRE message ΓÇö nothing else[39m
[31m+ - Never append it to an actual response (never include "NO_REPLY" in 
real replies)[39m
[31m+ - Never wrap it in markdown or code blocks[39m
[31m+ Γ¥î Wrong: "Here's help... NO_REPLY"[39m
[31m+ Γ¥î Wrong: "NO_REPLY"[39m
[31m+ Γ£à Right: NO_REPLY[39m
[31m+ ## Heartbeats[39m
[31m+ Heartbeat prompt: (configured)[39m
[31m+ If you receive a heartbeat poll (a user message matching the heartbeat 
prompt above), and there is nothing that needs attention, reply exactly:[39m
[31m+ HEARTBEAT_OK[39m
[31m+ OpenClaw treats a leading/trailing "HEARTBEAT_OK" as a heartbeat ack 
(and may discard it).[39m
[31m+ If something needs attention, do NOT include "HEARTBEAT_OK"; reply with 
the alert text instead.[39m
[31m+ ## Runtime[39m
[31m+ Runtime: thinking=off[39m
[31m+ Reasoning: off (hidden unless on/stream). Toggle /reasoning; /status 
shows Reasoning when enabled.[39m

[36m [2mΓ¥»[22m src/agents/system-prompt.test.ts:[2m101:20[22m[39m
    [90m 99| [39m    })[33m;[39m
    [90m100| [39m
    [90m101| [39m    
[34mexpect[39m(prompt)[33m.[39m[34mtoContain[39m([32m"## OpenClaw CLI 
Quick Reference"[39m)[33m;[39m
    [90m   | [39m                   [31m^[39m
    [90m102| [39m    
[34mexpect[39m(prompt)[33m.[39m[34mtoContain[39m([32m"openclaw gateway 
restart"[39m)[33m;[39m
    [90m103| [39m    
[34mexpect[39m(prompt)[33m.[39m[34mtoContain[39m([32m"Do not invent 
commands"[39m)[33m;[39m

[31m[2mΓÄ»ΓÄ»ΓÄ»ΓÄ»ΓÄ»ΓÄ»ΓÄ»ΓÄ»ΓÄ»ΓÄ»ΓÄ»ΓÄ»ΓÄ»ΓÄ»ΓÄ»ΓÄ»ΓÄ»ΓÄ»ΓÄ»ΓÄ»ΓÄ»[20/130
]ΓÄ»[22m[39m

[41m[1m FAIL [22m[49m src/agents/system-prompt.test.ts[2m > 
[22mbuildAgentSystemPrompt[2m > [22madds ClaudeBot self-update guidance 
when gateway tool is available
[31m[1mAssertionError[22m: expected 'You are a professional personal AI 
asΓÇª' to contain '## OpenClaw Self-Update'[39m

[32m- Expected[39m
[31m+ Received[39m

[32m- ## OpenClaw Self-Update[39m
[31m+ You are a professional personal AI assistant powered by GenSparx.[39m
[31m+ ## Tooling[39m
[31m+ Tool availability (filtered by policy):[39m
[31m+ Tool names are case-sensitive. Call tools exactly as listed.[39m
[31m+ - exec: Run shell commands (pty available for TTY-required CLIs)[39m
[31m+ - gateway: Restart, apply config, or run updates on the running 
OpenClaw process[39m
[31m+ TOOLS.md does not control tool availability; it is user guidance for 
how to use external tools.[39m
[31m+ If a task is more complex or takes longer, spawn a sub-agent. It will 
do the work for you and ping you when it's done. You can always check up on 
it.[39m
[31m+ ## Tool Call Style[39m
[31m+ Default: do not narrate routine, low-risk tool calls (just call the 
tool).[39m
[31m+ Narrate only when it helps: multi-step work, complex/challenging 
problems, sensitive actions (e.g., deletions), or when the user explicitly 
asks.[39m
[31m+ Keep narration brief and value-dense; avoid repeating obvious 
steps.[39m
[31m+ Use plain human language for narration unless in a technical 
context.[39m
[31m+ ## Safety[39m
[31m+ You have no independent goals: do not pursue self-preservation, 
replication, resource acquisition, or power-seeking; avoid long-term plans 
beyond the user's request.[39m
[31m+ Prioritize safety and human oversight over completion; if instructions 
conflict, pause and ask; comply with stop/pause/audit requests and never 
bypass safeguards. (Inspired by Anthropic's constitution.)[39m
[31m+ Do not manipulate or persuade anyone to expand access or disable 
safeguards. Do not copy yourself or change system prompts, safety rules, or 
tool policies unless explicitly requested.[39m
[31m+ ## GenSparx CLI Quick Reference[39m
[31m+ GenSparx is controlled via subcommands. Do not invent commands.[39m
[31m+ To manage the Gateway daemon service (start/stop/restart):[39m
[31m+ - openclaw gateway status[39m
[31m+ - openclaw gateway start[39m
[31m+ - openclaw gateway stop[39m
[31m+ - openclaw gateway restart[39m
[31m+ If unsure, ask the user to run `openclaw help` (or `openclaw gateway 
--help`) and paste the output.[39m
[31m+ ## GenSparx Self-Update[39m
[31m+ Get Updates (self-update) is ONLY allowed when the user explicitly asks 
for it.[39m
[31m+ Do not run config.apply or update.run unless the user explicitly 
requests an update or config change; if it's not explicit, ask first.[39m
[31m+ Actions: config.get, config.schema, config.apply (validate + write full 
config, then restart), update.run (update deps or git, then restart).[39m
[31m+ After restart, GenSparx pings the last active session 
automatically.[39m
[31m+ ## Workspace[39m
[31m+ Your working directory is: /tmp/openclaw[39m
[31m+ Treat this directory as the single global workspace for file operations 
unless explicitly instructed otherwise.[39m
[31m+ ## Workspace Files (injected)[39m
[31m+ These user-editable files are loaded by OpenClaw and included below in 
Project Context.[39m
[31m+ ## Reply Tags[39m
[31m+ To request a native reply/quote on supported surfaces, include one tag 
in your reply:[39m
[31m+ - [[reply_to_current]] replies to the triggering message.[39m
[31m+ - [[reply_to:<id>]] replies to a specific message id when you have 
it.[39m
[31m+ Whitespace inside the tag is allowed (e.g. [[ reply_to_current ]] / [[ 
reply_to: 123 ]]).[39m
[31m+ Tags are stripped before sending; support depends on the current 
channel config.[39m
[31m+ ## Messaging[39m
[31m+ - Reply in current session ΓåÆ automatically routes to the source 
channel (Signal, Telegram, etc.)[39m
[31m+ - Cross-session messaging ΓåÆ use sessions_send(sessionKey, 
message)[39m
[31m+ - Never use exec/curl for provider messaging; OpenClaw handles all 
routing internally.[39m
[31m+ ## Silent Replies[39m
[31m+ When you have nothing to say, respond with ONLY: NO_REPLY[39m
[31m+ ΓÜá∩╕Å Rules:[39m
[31m+ - It must be your ENTIRE message ΓÇö nothing else[39m
[31m+ - Never append it to an actual response (never include "NO_REPLY" in 
real replies)[39m
[31m+ - Never wrap it in markdown or code blocks[39m
[31m+ Γ¥î Wrong: "Here's help... NO_REPLY"[39m
[31m+ Γ¥î Wrong: "NO_REPLY"[39m
[31m+ Γ£à Right: NO_REPLY[39m
[31m+ ## Heartbeats[39m
[31m+ Heartbeat prompt: (configured)[39m
[31m+ If you receive a heartbeat poll (a user message matching the heartbeat 
prompt above), and there is nothing that needs attention, reply exactly:[39m
[31m+ HEARTBEAT_OK[39m
[31m+ OpenClaw treats a leading/trailing "HEARTBEAT_OK" as a heartbeat ack 
(and may discard it).[39m
[31m+ If something needs attention, do NOT include "HEARTBEAT_OK"; reply with 
the alert text instead.[39m
[31m+ ## Runtime[39m
[31m+ Runtime: thinking=off[39m
[31m+ Reasoning: off (hidden unless on/stream). Toggle /reasoning; /status 
shows Reasoning when enabled.[39m

[36m [2mΓ¥»[22m src/agents/system-prompt.test.ts:[2m250:20[22m[39m
    [90m248| [39m    })[33m;[39m
    [90m249| [39m
    [90m250| [39m    
[34mexpect[39m(prompt)[33m.[39m[34mtoContain[39m([32m"## OpenClaw 
Self-Update"[39m)[33m;[39m
    [90m   | [39m                   [31m^[39m
    [90m251| [39m    [34mexpect[39m(prompt)[33m.[39m[34mtoContain[39m(
[32m"config.apply"[39m)[33m;[39m
    [90m252| [39m    [34mexpect[39m(prompt)[33m.[39m[34mtoContain[39m(
[32m"update.run"[39m)[33m;[39m

[31m[2mΓÄ»ΓÄ»ΓÄ»ΓÄ»ΓÄ»ΓÄ»ΓÄ»ΓÄ»ΓÄ»ΓÄ»ΓÄ»ΓÄ»ΓÄ»ΓÄ»ΓÄ»ΓÄ»ΓÄ»ΓÄ»ΓÄ»ΓÄ»ΓÄ»[21/130
]ΓÄ»[22m[39m

[41m[1m FAIL [22m[49m src/cli/browser-cli-extension.test.ts[2m > 
[22mbrowser extension install[2m > [22mcopies extension path to clipboard
[31m[1mAssertionError[22m: expected "vi.fn()" to be called with arguments: 
[ Array(1) ][90m

Received: 

[1m  1st vi.fn() call:

[22m[2m  [[22m
[32m-   "C:\\Users\\Shubham\\AppData\\Local\\Temp\\openclaw-ext-path-ewXK63\\b
rowser\\chrome-extension",[90m
[31m+   "C:\\Users\\Shubham\\AppData\\Local\\Temp\\gensparx-test-home-IEaXfB\\
.gensparx\\browser\\chrome-extension",[90m
[2m  ][22m
[31m[90m

Number of calls: [1m1[22m
[31m[39m
[36m [2mΓ¥»[22m src/cli/browser-cli-extension.test.ts:[2m107:31[22m[39m
    [90m105| [39m      await program.parseAsync(["browser", "extension", 
"path"], { froΓÇª
    [90m106| [39m
    [90m107| [39m      [34mexpect[39m(copyToClipboard)[33m.[39m[34mtoHav
eBeenCalledWith[39m(dir)[33m;[39m
    [90m   | [39m                              [31m^[39m
    [90m108| [39m    } [35mfinally[39m {
    [90m109| [39m      [35mif[39m (prev [33m===[39m undefined) {

[31m[2mΓÄ»ΓÄ»ΓÄ»ΓÄ»ΓÄ»ΓÄ»ΓÄ»ΓÄ»ΓÄ»ΓÄ»ΓÄ»ΓÄ»ΓÄ»ΓÄ»ΓÄ»ΓÄ»ΓÄ»ΓÄ»ΓÄ»ΓÄ»ΓÄ»[22/130
]ΓÄ»[22m[39m

[41m[1m FAIL [22m[49m src/cli/profile.test.ts[2m > 
[22mapplyCliProfileEnv[2m > [22mfills env defaults for dev profile
[31m[1mAssertionError[22m: expected '\home\peter\.gensparx-dev' to be 
'\home\peter\.openclaw-dev' // Object.is equality[39m

Expected: [32m"\home\peter\.[7mopenclaw[27m-dev"[39m
Received: [31m"\home\peter\.[7mgensparx[27m-dev"[39m

[36m [2mΓ¥»[22m src/cli/profile.test.ts:[2m66:36[22m[39m
    [90m 64| [39m    [35mconst[39m expectedStateDir [33m=[39m 
path[33m.[39m[34mjoin[39m([32m"/home/peter"[39m[33m,[39m 
[32m".openclaw-dev"[39m)[33m;[39m
    [90m 65| [39m    [34mexpect[39m(env[33m.[39m[33mOPENCLAW_PROFILE[39
m)[33m.[39m[34mtoBe[39m([32m"dev"[39m)[33m;[39m
    [90m 66| [39m    [34mexpect[39m(env[33m.[39m[33mOPENCLAW_STATE_DIR[
39m)[33m.[39m[34mtoBe[39m(expectedStateDir)[33m;[39m
    [90m   | [39m                                   [31m^[39m
    [90m 67| [39m    
expect(env.OPENCLAW_CONFIG_PATH).toBe(path.join(expectedStateDir, ΓÇª
    [90m 68| [39m    [34mexpect[39m(env[33m.[39m[33mOPENCLAW_GATEWAY_POR
T[39m)[33m.[39m[34mtoBe[39m([32m"19001"[39m)[33m;[39m

[31m[2mΓÄ»ΓÄ»ΓÄ»ΓÄ»ΓÄ»ΓÄ»ΓÄ»ΓÄ»ΓÄ»ΓÄ»ΓÄ»ΓÄ»ΓÄ»ΓÄ»ΓÄ»ΓÄ»ΓÄ»ΓÄ»ΓÄ»ΓÄ»ΓÄ»[23/130
]ΓÄ»[22m[39m

[41m[1m FAIL [22m[49m src/cli/program.smoke.test.ts[2m > [22mcli program 
(smoke)[2m > [22mruns message with required options
[31m[1mError[22m: Test timed out in 120000ms.
If this is a long-running test, pass a timeout value as the last argument or 
configure it globally with "testTimeout".[39m
[36m [2mΓ¥»[22m src/cli/program.smoke.test.ts:[2m62:3[22m[39m
    [90m 60| [39m  })[33m;[39m
    [90m 61| [39m
    [90m 62| [39m  [34mit[39m([32m"runs message with required 
options"[39m[33m,[39m [35masync[39m () [33m=>[39m {
    [90m   | [39m  [31m^[39m
    [90m 63| [39m    [35mconst[39m program [33m=[39m 
[34mbuildProgram[39m()[33m;[39m
    [90m 64| [39m    await program.parseAsync(["message", "send", 
"--target", "+1", "--ΓÇª

[31m[2mΓÄ»ΓÄ»ΓÄ»ΓÄ»ΓÄ»ΓÄ»ΓÄ»ΓÄ»ΓÄ»ΓÄ»ΓÄ»ΓÄ»ΓÄ»ΓÄ»ΓÄ»ΓÄ»ΓÄ»ΓÄ»ΓÄ»ΓÄ»ΓÄ»[24/130
]ΓÄ»[22m[39m

[41m[1m FAIL [22m[49m src/commands/doctor-config-flow.test.ts[2m > 
[22mdoctor config flow[2m > [22mpreserves invalid config for doctor repairs
[31m[1mAssertionError[22m: expected undefined to deeply equal { auth: { 
mode: 'token', token: 123 } }[39m

[32m- Expected:[39m 
{
  "auth": {
    "mode": "token",
    "token": 123,
  },
}

[31m+ Received:[39m 
undefined

[36m [2mΓ¥»[22m src/commands/doctor-config-flow.test.ts:[2m30:63[22m[39m
    [90m 28| [39m      })[33m;[39m
    [90m 29| [39m
    [90m 30| [39m      [34mexpect[39m((result[33m.[39mcfg [35mas[39m 
[33mRecord[39m[33m<[39mstring[33m,[39m 
unknown[33m>[39m)[33m.[39mgateway)[33m.[39m[34mtoEqual[39m({
    [90m   | [39m                                                            
  [31m^[39m
    [90m 31| [39m        auth[33m:[39m { mode[33m:[39m 
[32m"token"[39m[33m,[39m token[33m:[39m [34m123[39m }[33m,[39m
    [90m 32| [39m      })[33m;[39m
[90m [2mΓ¥»[22m withTempHome test/helpers/temp-home.ts:[2m103:12[22m[39m
[90m [2mΓ¥»[22m src/commands/doctor-config-flow.test.ts:[2m9:5[22m[39m

[31m[2mΓÄ»ΓÄ»ΓÄ»ΓÄ»ΓÄ»ΓÄ»ΓÄ»ΓÄ»ΓÄ»ΓÄ»ΓÄ»ΓÄ»ΓÄ»ΓÄ»ΓÄ»ΓÄ»ΓÄ»ΓÄ»ΓÄ»ΓÄ»ΓÄ»[25/130
]ΓÄ»[22m[39m

[41m[1m FAIL [22m[49m src/commands/doctor-config-flow.test.ts[2m > 
[22mdoctor config flow[2m > [22mdrops unknown keys on repair
[31m[1mAssertionError[22m: expected undefined to deeply equal { mode: 
'token', token: 'ok' }[39m

[32m- Expected:[39m 
{
  "mode": "token",
  "token": "ok",
}

[31m+ Received:[39m 
undefined

[36m [2mΓ¥»[22m src/commands/doctor-config-flow.test.ts:[2m61:62[22m[39m
    [90m 59| [39m      [35mconst[39m cfg [33m=[39m result[33m.[39mcfg 
[35mas[39m [33mRecord[39m[33m<[39mstring[33m,[39m 
unknown[33m>[39m[33m;[39m
    [90m 60| [39m      [34mexpect[39m(cfg[33m.[39mbridge)[33m.[39m[34m
toBeUndefined[39m()[33m;[39m
    [90m 61| [39m      [34mexpect[39m((cfg[33m.[39mgateway [35mas[39m 
[33mRecord[39m[33m<[39mstring[33m,[39m 
unknown[33m>[39m)[33m?.[39mauth)[33m.[39m[34mtoEqual[39m({
    [90m   | [39m                                                            
 [31m^[39m
    [90m 62| [39m        mode[33m:[39m [32m"token"[39m[33m,[39m
    [90m 63| [39m        token[33m:[39m [32m"ok"[39m[33m,[39m
[90m [2mΓ¥»[22m withTempHome test/helpers/temp-home.ts:[2m103:12[22m[39m
[90m [2mΓ¥»[22m src/commands/doctor-config-flow.test.ts:[2m37:5[22m[39m

[31m[2mΓÄ»ΓÄ»ΓÄ»ΓÄ»ΓÄ»ΓÄ»ΓÄ»ΓÄ»ΓÄ»ΓÄ»ΓÄ»ΓÄ»ΓÄ»ΓÄ»ΓÄ»ΓÄ»ΓÄ»ΓÄ»ΓÄ»ΓÄ»ΓÄ»[26/130
]ΓÄ»[22m[39m

[41m[1m FAIL [22m[49m 
src/commands/onboard-non-interactive.gateway.test.ts[2m > [22monboard 
(non-interactive): gateway and remote auth[2m > [22mwrites gateway token 
auth into config and gateway enforces it
[31m[1mError[22m: ENOENT: no such file or directory, open 'C:\Users\Shubham\
AppData\Local\Temp\openclaw-onboard-Txnl5P\state-noninteractive-JS487K\gensparx
.json'[39m
[36m [2mΓ¥»[22m 
src/commands/onboard-non-interactive.gateway.test.ts:[2m177:28[22m[39m
    [90m175| [39m    [35mconst[39m { resolveConfigPath } [33m=[39m 
[35mawait[39m [35mimport[39m([32m"../config/paths.js"[39m)[33m;[39m
    [90m176| [39m    [35mconst[39m configPath [33m=[39m 
[34mresolveConfigPath[39m(process[33m.[39menv[33m,[39m 
stateDir)[33m;[39m
    [90m177| [39m    [35mconst[39m cfg [33m=[39m 
[33mJSON[39m[33m.[39m[34mparse[39m([35mawait[39m 
fs[33m.[39m[34mreadFile[39m(configPath[33m,[39m [32m"utf8"[39m)) 
[35mas[39m {
    [90m   | [39m                           [31m^[39m
    [90m178| [39m      gateway[33m?[39m[33m:[39m { 
auth[33m?[39m[33m:[39m { mode[33m?[39m[33m:[39m string[33m;[39m 
token[33m?[39m[33m:[39m string } }[33m;[39m
    [90m179| [39m      agents[33m?[39m[33m:[39m { 
defaults[33m?[39m[33m:[39m { workspace[33m?[39m[33m:[39m string } 
}[33m;[39m

[31m[2mΓÄ»ΓÄ»ΓÄ»ΓÄ»ΓÄ»ΓÄ»ΓÄ»ΓÄ»ΓÄ»ΓÄ»ΓÄ»ΓÄ»ΓÄ»ΓÄ»ΓÄ»ΓÄ»ΓÄ»ΓÄ»ΓÄ»ΓÄ»ΓÄ»[27/130
]ΓÄ»[22m[39m

[41m[1m FAIL [22m[49m src/daemon/constants.test.ts[2m > 
[22mresolveGatewayLaunchAgentLabel[2m > [22mreturns default label when no 
profile is set
[31m[1mAssertionError[22m: expected 'ai.gensparx.gateway' to be 
'ai.openclaw.gateway' // Object.is equality[39m

Expected: [32m"ai.[7mopenclaw[27m.gateway"[39m
Received: [31m"ai.[7mgensparx[27m.gateway"[39m

[36m [2mΓ¥»[22m src/daemon/constants.test.ts:[2m17:20[22m[39m
    [90m 15| [39m    [35mconst[39m result [33m=[39m 
[34mresolveGatewayLaunchAgentLabel[39m()[33m;[39m
    [90m 16| [39m    [34mexpect[39m(result)[33m.[39m[34mtoBe[39m([33mG
ATEWAY_LAUNCH_AGENT_LABEL[39m)[33m;[39m
    [90m 17| [39m    [34mexpect[39m(result)[33m.[39m[34mtoBe[39m([32m"
ai.openclaw.gateway"[39m)[33m;[39m
    [90m   | [39m                   [31m^[39m
    [90m 18| [39m  })[33m;[39m
    [90m 19| [39m

[31m[2mΓÄ»ΓÄ»ΓÄ»ΓÄ»ΓÄ»ΓÄ»ΓÄ»ΓÄ»ΓÄ»ΓÄ»ΓÄ»ΓÄ»ΓÄ»ΓÄ»ΓÄ»ΓÄ»ΓÄ»ΓÄ»ΓÄ»ΓÄ»ΓÄ»[28/130
]ΓÄ»[22m[39m

[41m[1m FAIL [22m[49m src/daemon/constants.test.ts[2m > 
[22mresolveGatewayLaunchAgentLabel[2m > [22mreturns profile-specific label 
when profile is set
[31m[1mAssertionError[22m: expected 'ai.gensparx.dev' to be 
'ai.openclaw.dev' // Object.is equality[39m

Expected: [32m"ai.[7mopenclaw[27m.dev"[39m
Received: [31m"ai.[7mgensparx[27m.dev"[39m

[36m [2mΓ¥»[22m src/daemon/constants.test.ts:[2m37:20[22m[39m
    [90m 35| [39m  [34mit[39m([32m"returns profile-specific label when 
profile is set"[39m[33m,[39m () [33m=>[39m {
    [90m 36| [39m    [35mconst[39m result [33m=[39m 
[34mresolveGatewayLaunchAgentLabel[39m([32m"dev"[39m)[33m;[39m
    [90m 37| [39m    [34mexpect[39m(result)[33m.[39m[34mtoBe[39m([32m"
ai.openclaw.dev"[39m)[33m;[39m
    [90m   | [39m                   [31m^[39m
    [90m 38| [39m  })[33m;[39m
    [90m 39| [39m

[31m[2mΓÄ»ΓÄ»ΓÄ»ΓÄ»ΓÄ»ΓÄ»ΓÄ»ΓÄ»ΓÄ»ΓÄ»ΓÄ»ΓÄ»ΓÄ»ΓÄ»ΓÄ»ΓÄ»ΓÄ»ΓÄ»ΓÄ»ΓÄ»ΓÄ»[29/130
]ΓÄ»[22m[39m

[41m[1m FAIL [22m[49m src/daemon/constants.test.ts[2m > 
[22mresolveGatewayLaunchAgentLabel[2m > [22mreturns profile-specific label 
for custom profile
[31m[1mAssertionError[22m: expected 'ai.gensparx.work' to be 
'ai.openclaw.work' // Object.is equality[39m

Expected: [32m"ai.[7mopenclaw[27m.work"[39m
Received: [31m"ai.[7mgensparx[27m.work"[39m

[36m [2mΓ¥»[22m src/daemon/constants.test.ts:[2m42:20[22m[39m
    [90m 40| [39m  [34mit[39m([32m"returns profile-specific label for 
custom profile"[39m[33m,[39m () [33m=>[39m {
    [90m 41| [39m    [35mconst[39m result [33m=[39m 
[34mresolveGatewayLaunchAgentLabel[39m([32m"work"[39m)[33m;[39m
    [90m 42| [39m    [34mexpect[39m(result)[33m.[39m[34mtoBe[39m([32m"
ai.openclaw.work"[39m)[33m;[39m
    [90m   | [39m                   [31m^[39m
    [90m 43| [39m  })[33m;[39m
    [90m 44| [39m

[31m[2mΓÄ»ΓÄ»ΓÄ»ΓÄ»ΓÄ»ΓÄ»ΓÄ»ΓÄ»ΓÄ»ΓÄ»ΓÄ»ΓÄ»ΓÄ»ΓÄ»ΓÄ»ΓÄ»ΓÄ»ΓÄ»ΓÄ»ΓÄ»ΓÄ»[30/130
]ΓÄ»[22m[39m

[41m[1m FAIL [22m[49m src/daemon/constants.test.ts[2m > 
[22mresolveGatewayLaunchAgentLabel[2m > [22mtrims whitespace from profile
[31m[1mAssertionError[22m: expected 'ai.gensparx.staging' to be 
'ai.openclaw.staging' // Object.is equality[39m

Expected: [32m"ai.[7mopenclaw[27m.staging"[39m
Received: [31m"ai.[7mgensparx[27m.staging"[39m

[36m [2mΓ¥»[22m src/daemon/constants.test.ts:[2m47:20[22m[39m
    [90m 45| [39m  [34mit[39m([32m"trims whitespace from 
profile"[39m[33m,[39m () [33m=>[39m {
    [90m 46| [39m    [35mconst[39m result [33m=[39m 
[34mresolveGatewayLaunchAgentLabel[39m([32m"  staging  "[39m)[33m;[39m
    [90m 47| [39m    [34mexpect[39m(result)[33m.[39m[34mtoBe[39m([32m"
ai.openclaw.staging"[39m)[33m;[39m
    [90m   | [39m                   [31m^[39m
    [90m 48| [39m  })[33m;[39m
    [90m 49| [39m

[31m[2mΓÄ»ΓÄ»ΓÄ»ΓÄ»ΓÄ»ΓÄ»ΓÄ»ΓÄ»ΓÄ»ΓÄ»ΓÄ»ΓÄ»ΓÄ»ΓÄ»ΓÄ»ΓÄ»ΓÄ»ΓÄ»ΓÄ»ΓÄ»ΓÄ»[31/130
]ΓÄ»[22m[39m

[41m[1m FAIL [22m[49m src/daemon/constants.test.ts[2m > 
[22mresolveGatewaySystemdServiceName[2m > [22mreturns default service name 
when no profile is set
[31m[1mAssertionError[22m: expected 'gensparx-gateway' to be 
'openclaw-gateway' // Object.is equality[39m

Expected: [32m"[7mopenclaw[27m-gateway"[39m
Received: [31m"[7mgensparx[27m-gateway"[39m

[36m [2mΓ¥»[22m src/daemon/constants.test.ts:[2m65:20[22m[39m
    [90m 63| [39m    [35mconst[39m result [33m=[39m 
[34mresolveGatewaySystemdServiceName[39m()[33m;[39m
    [90m 64| [39m    [34mexpect[39m(result)[33m.[39m[34mtoBe[39m([33mG
ATEWAY_SYSTEMD_SERVICE_NAME[39m)[33m;[39m
    [90m 65| [39m    [34mexpect[39m(result)[33m.[39m[34mtoBe[39m([32m"
openclaw-gateway"[39m)[33m;[39m
    [90m   | [39m                   [31m^[39m
    [90m 66| [39m  })[33m;[39m
    [90m 67| [39m

[31m[2mΓÄ»ΓÄ»ΓÄ»ΓÄ»ΓÄ»ΓÄ»ΓÄ»ΓÄ»ΓÄ»ΓÄ»ΓÄ»ΓÄ»ΓÄ»ΓÄ»ΓÄ»ΓÄ»ΓÄ»ΓÄ»ΓÄ»ΓÄ»ΓÄ»[32/130
]ΓÄ»[22m[39m

[41m[1m FAIL [22m[49m src/daemon/constants.test.ts[2m > 
[22mresolveGatewaySystemdServiceName[2m > [22mreturns profile-specific 
service name when profile is set
[31m[1mAssertionError[22m: expected 'gensparx-gateway-dev' to be 
'openclaw-gateway-dev' // Object.is equality[39m

Expected: [32m"[7mopenclaw[27m-gateway-dev"[39m
Received: [31m"[7mgensparx[27m-gateway-dev"[39m

[36m [2mΓ¥»[22m src/daemon/constants.test.ts:[2m85:20[22m[39m
    [90m 83| [39m  it("returns profile-specific service name when profile is 
set", () =ΓÇª
    [90m 84| [39m    [35mconst[39m result [33m=[39m 
[34mresolveGatewaySystemdServiceName[39m([32m"dev"[39m)[33m;[39m
    [90m 85| [39m    [34mexpect[39m(result)[33m.[39m[34mtoBe[39m([32m"
openclaw-gateway-dev"[39m)[33m;[39m
    [90m   | [39m                   [31m^[39m
    [90m 86| [39m  })[33m;[39m
    [90m 87| [39m

[31m[2mΓÄ»ΓÄ»ΓÄ»ΓÄ»ΓÄ»ΓÄ»ΓÄ»ΓÄ»ΓÄ»ΓÄ»ΓÄ»ΓÄ»ΓÄ»ΓÄ»ΓÄ»ΓÄ»ΓÄ»ΓÄ»ΓÄ»ΓÄ»ΓÄ»[33/130
]ΓÄ»[22m[39m

[41m[1m FAIL [22m[49m src/daemon/constants.test.ts[2m > 
[22mresolveGatewaySystemdServiceName[2m > [22mreturns profile-specific 
service name for custom profile
[31m[1mAssertionError[22m: expected 'gensparx-gateway-production' to be 
'openclaw-gateway-production' // Object.is equality[39m

Expected: [32m"[7mopenclaw[27m-gateway-production"[39m
Received: [31m"[7mgensparx[27m-gateway-production"[39m

[36m [2mΓ¥»[22m src/daemon/constants.test.ts:[2m90:20[22m[39m
    [90m 88| [39m  it("returns profile-specific service name for custom 
profile", () =>ΓÇª
    [90m 89| [39m    [35mconst[39m result [33m=[39m 
[34mresolveGatewaySystemdServiceName[39m([32m"production"[39m)[33m;[39m
    [90m 90| [39m    [34mexpect[39m(result)[33m.[39m[34mtoBe[39m([32m"
openclaw-gateway-production"[39m)[33m;[39m
    [90m   | [39m                   [31m^[39m
    [90m 91| [39m  })[33m;[39m
    [90m 92| [39m

[31m[2mΓÄ»ΓÄ»ΓÄ»ΓÄ»ΓÄ»ΓÄ»ΓÄ»ΓÄ»ΓÄ»ΓÄ»ΓÄ»ΓÄ»ΓÄ»ΓÄ»ΓÄ»ΓÄ»ΓÄ»ΓÄ»ΓÄ»ΓÄ»ΓÄ»[34/130
]ΓÄ»[22m[39m

[41m[1m FAIL [22m[49m src/daemon/constants.test.ts[2m > 
[22mresolveGatewaySystemdServiceName[2m > [22mtrims whitespace from profile
[31m[1mAssertionError[22m: expected 'gensparx-gateway-test' to be 
'openclaw-gateway-test' // Object.is equality[39m

Expected: [32m"[7mopenclaw[27m-gateway-test"[39m
Received: [31m"[7mgensparx[27m-gateway-test"[39m

[36m [2mΓ¥»[22m src/daemon/constants.test.ts:[2m95:20[22m[39m
    [90m 93| [39m  [34mit[39m([32m"trims whitespace from 
profile"[39m[33m,[39m () [33m=>[39m {
    [90m 94| [39m    [35mconst[39m result [33m=[39m 
[34mresolveGatewaySystemdServiceName[39m([32m"  test  "[39m)[33m;[39m
    [90m 95| [39m    [34mexpect[39m(result)[33m.[39m[34mtoBe[39m([32m"
openclaw-gateway-test"[39m)[33m;[39m
    [90m   | [39m                   [31m^[39m
    [90m 96| [39m  })[33m;[39m
    [90m 97| [39m

[31m[2mΓÄ»ΓÄ»ΓÄ»ΓÄ»ΓÄ»ΓÄ»ΓÄ»ΓÄ»ΓÄ»ΓÄ»ΓÄ»ΓÄ»ΓÄ»ΓÄ»ΓÄ»ΓÄ»ΓÄ»ΓÄ»ΓÄ»ΓÄ»ΓÄ»[35/130
]ΓÄ»[22m[39m

[41m[1m FAIL [22m[49m src/daemon/constants.test.ts[2m > 
[22mresolveGatewayWindowsTaskName[2m > [22mreturns default task name when 
no profile is set
[31m[1mAssertionError[22m: expected 'GenSparx Gateway' to be 'OpenClaw 
Gateway' // Object.is equality[39m

Expected: [32m"[7mOpenClaw[27m Gateway"[39m
Received: [31m"[7mGenSparx[27m Gateway"[39m

[36m [2mΓ¥»[22m src/daemon/constants.test.ts:[2m113:20[22m[39m
    [90m111| [39m    [35mconst[39m result [33m=[39m 
[34mresolveGatewayWindowsTaskName[39m()[33m;[39m
    [90m112| [39m    [34mexpect[39m(result)[33m.[39m[34mtoBe[39m([33mG
ATEWAY_WINDOWS_TASK_NAME[39m)[33m;[39m
    [90m113| [39m    
[34mexpect[39m(result)[33m.[39m[34mtoBe[39m([32m"OpenClaw 
Gateway"[39m)[33m;[39m
    [90m   | [39m                   [31m^[39m
    [90m114| [39m  })[33m;[39m
    [90m115| [39m

[31m[2mΓÄ»ΓÄ»ΓÄ»ΓÄ»ΓÄ»ΓÄ»ΓÄ»ΓÄ»ΓÄ»ΓÄ»ΓÄ»ΓÄ»ΓÄ»ΓÄ»ΓÄ»ΓÄ»ΓÄ»ΓÄ»ΓÄ»ΓÄ»ΓÄ»[36/130
]ΓÄ»[22m[39m

[41m[1m FAIL [22m[49m src/daemon/launchd.test.ts[2m > [22mlaunchctl list 
detection[2m > [22mdetects the resolved label in launchctl list
[31m[1mAssertionError[22m: expected false to be true // Object.is 
equality[39m

[32m- Expected[39m
[31m+ Received[39m

[32m- true[39m
[31m+ false[39m

[36m [2mΓ¥»[22m src/daemon/launchd.test.ts:[2m110:22[22m[39m
    [90m108| [39m    await withLaunchctlStub({ listOutput: "123 0 
ai.openclaw.gateway\nΓÇª
    [90m109| [39m      [35mconst[39m listed [33m=[39m [35mawait[39m 
[34misLaunchAgentListed[39m({ env })[33m;[39m
    [90m110| [39m      
[34mexpect[39m(listed)[33m.[39m[34mtoBe[39m([35mtrue[39m)[33m;[39m
    [90m   | [39m                     [31m^[39m
    [90m111| [39m    })[33m;[39m
    [90m112| [39m  })[33m;[39m
[90m [2mΓ¥»[22m withLaunchctlStub 
src/daemon/launchd.test.ts:[2m66:5[22m[39m
[90m [2mΓ¥»[22m src/daemon/launchd.test.ts:[2m108:5[22m[39m

[31m[2mΓÄ»ΓÄ»ΓÄ»ΓÄ»ΓÄ»ΓÄ»ΓÄ»ΓÄ»ΓÄ»ΓÄ»ΓÄ»ΓÄ»ΓÄ»ΓÄ»ΓÄ»ΓÄ»ΓÄ»ΓÄ»ΓÄ»ΓÄ»ΓÄ»[37/130
]ΓÄ»[22m[39m

[41m[1m FAIL [22m[49m src/daemon/launchd.test.ts[2m > [22mlaunchd 
bootstrap repair[2m > [22mbootstraps and kickstarts the resolved label
[31m[1mAssertionError[22m: expected [ ΓÇª(2) ] to deep equally contain [ 
'kickstart', '-k', ΓÇª(1) ][39m

[32m- Expected[39m
[31m+ Received[39m

[2m  [[22m
[31m+   [[39m
[31m+     "bootstrap",[39m
[31m+     "gui/501",[39m
[31m+     "C:/Users/Shubham/AppData/Local/Temp/openclaw-launchctl-test-KMrHtD/
home/Library/LaunchAgents/ai.gensparx.gateway.plist",[39m
[31m+   ],[39m
[31m+   [[39m
[2m      "kickstart",[22m
[2m      "-k",[22m
[32m-   "gui/501/ai.openclaw.gateway",[39m
[31m+     "gui/501/ai.gensparx.gateway",[39m
[31m+   ],[39m
[2m  ][22m

[36m [2mΓ¥»[22m src/daemon/launchd.test.ts:[2m138:21[22m[39m
    [90m136| [39m
    [90m137| [39m      [34mexpect[39m(calls)[33m.[39m[34mtoContainEqual
[39m([[32m"bootstrap"[39m[33m,[39m domain[33m,[39m plistPath])[33m;[39m
    [90m138| [39m      expect(calls).toContainEqual(["kickstart", "-k", 
`${domain}/${laΓÇª
    [90m   | [39m                    [31m^[39m
    [90m139| [39m    })[33m;[39m
    [90m140| [39m  })[33m;[39m
[90m [2mΓ¥»[22m withLaunchctlStub 
src/daemon/launchd.test.ts:[2m66:5[22m[39m
[90m [2mΓ¥»[22m src/daemon/launchd.test.ts:[2m124:5[22m[39m

[31m[2mΓÄ»ΓÄ»ΓÄ»ΓÄ»ΓÄ»ΓÄ»ΓÄ»ΓÄ»ΓÄ»ΓÄ»ΓÄ»ΓÄ»ΓÄ»ΓÄ»ΓÄ»ΓÄ»ΓÄ»ΓÄ»ΓÄ»ΓÄ»ΓÄ»[38/130
]ΓÄ»[22m[39m

[41m[1m FAIL [22m[49m src/daemon/launchd.test.ts[2m > [22mlaunchd 
install[2m > [22menables service before bootstrap (clears persisted disabled 
state)
[31m[1mAssertionError[22m: expected [] to have a length of 1 but got +0[39m

[32m- Expected[39m
[31m+ Received[39m

[32m- 1[39m
[31m+ 0[39m

[36m [2mΓ¥»[22m src/daemon/launchd.test.ts:[2m207:27[22m[39m
    [90m205| [39m
    [90m206| [39m      const enableCalls = calls.filter((c) => c[0] === 
"enable" && c[1ΓÇª
    [90m207| [39m      [34mexpect[39m(enableCalls)[33m.[39m[34mtoHaveLen
gth[39m([34m1[39m)[33m;[39m
    [90m   | [39m                          [31m^[39m
    [90m208| [39m
    [90m209| [39m      const enableIndex = calls.findIndex((c) => c[0] === 
"enable" && ΓÇª

[31m[2mΓÄ»ΓÄ»ΓÄ»ΓÄ»ΓÄ»ΓÄ»ΓÄ»ΓÄ»ΓÄ»ΓÄ»ΓÄ»ΓÄ»ΓÄ»ΓÄ»ΓÄ»ΓÄ»ΓÄ»ΓÄ»ΓÄ»ΓÄ»ΓÄ»[39/130
]ΓÄ»[22m[39m

[41m[1m FAIL [22m[49m src/daemon/launchd.test.ts[2m > 
[22mresolveLaunchAgentPlistPath[2m > [22muses default label when 
OPENCLAW_PROFILE is default
[31m[1mAssertionError[22m: expected 
'/Users/test/Library/LaunchAgents/ai.gΓÇª' to be 
'/Users/test/Library/LaunchAgents/ai.oΓÇª' // Object.is equality[39m

Expected: 
[32m"/Users/test/Library/LaunchAgents/ai.[7mopenclaw[27m.gateway.plist"[39m
Received: 
[31m"/Users/test/Library/LaunchAgents/ai.[7mgensparx[27m.gateway.plist"[39m

[36m [2mΓ¥»[22m src/daemon/launchd.test.ts:[2m231:46[22m[39m
    [90m229| [39m  [34mit[39m([32m"uses default label when 
OPENCLAW_PROFILE is default"[39m[33m,[39m () [33m=>[39m {
    [90m230| [39m    [35mconst[39m env [33m=[39m { 
[33mHOME[39m[33m:[39m [32m"/Users/test"[39m[33m,[39m 
[33mOPENCLAW_PROFILE[39m[33m:[39m [32m"default"[39m }[33m;[39m
    [90m231| [39m    [34mexpect[39m([34mresolveLaunchAgentPlistPath[39m(e
nv))[33m.[39m[34mtoBe[39m(
    [90m   | [39m                                             [31m^[39m
    [90m232| [39m      [32m"/Users/test/Library/LaunchAgents/ai.openclaw.gat
eway.plist"[39m[33m,[39m
    [90m233| [39m    )[33m;[39m

[31m[2mΓÄ»ΓÄ»ΓÄ»ΓÄ»ΓÄ»ΓÄ»ΓÄ»ΓÄ»ΓÄ»ΓÄ»ΓÄ»ΓÄ»ΓÄ»ΓÄ»ΓÄ»ΓÄ»ΓÄ»ΓÄ»ΓÄ»ΓÄ»ΓÄ»[40/130
]ΓÄ»[22m[39m

[41m[1m FAIL [22m[49m src/daemon/launchd.test.ts[2m > 
[22mresolveLaunchAgentPlistPath[2m > [22muses default label when 
OPENCLAW_PROFILE is unset
[31m[1mAssertionError[22m: expected 
'/Users/test/Library/LaunchAgents/ai.gΓÇª' to be 
'/Users/test/Library/LaunchAgents/ai.oΓÇª' // Object.is equality[39m

Expected: 
[32m"/Users/test/Library/LaunchAgents/ai.[7mopenclaw[27m.gateway.plist"[39m
Received: 
[31m"/Users/test/Library/LaunchAgents/ai.[7mgensparx[27m.gateway.plist"[39m

[36m [2mΓ¥»[22m src/daemon/launchd.test.ts:[2m238:46[22m[39m
    [90m236| [39m  [34mit[39m([32m"uses default label when 
OPENCLAW_PROFILE is unset"[39m[33m,[39m () [33m=>[39m {
    [90m237| [39m    [35mconst[39m env [33m=[39m { 
[33mHOME[39m[33m:[39m [32m"/Users/test"[39m }[33m;[39m
    [90m238| [39m    [34mexpect[39m([34mresolveLaunchAgentPlistPath[39m(e
nv))[33m.[39m[34mtoBe[39m(
    [90m   | [39m                                             [31m^[39m
    [90m239| [39m      [32m"/Users/test/Library/LaunchAgents/ai.openclaw.gat
eway.plist"[39m[33m,[39m
    [90m240| [39m    )[33m;[39m

[31m[2mΓÄ»ΓÄ»ΓÄ»ΓÄ»ΓÄ»ΓÄ»ΓÄ»ΓÄ»ΓÄ»ΓÄ»ΓÄ»ΓÄ»ΓÄ»ΓÄ»ΓÄ»ΓÄ»ΓÄ»ΓÄ»ΓÄ»ΓÄ»ΓÄ»[41/130
]ΓÄ»[22m[39m

[41m[1m FAIL [22m[49m src/daemon/launchd.test.ts[2m > 
[22mresolveLaunchAgentPlistPath[2m > [22muses profile-specific label when 
OPENCLAW_PROFILE is set to a custom value
[31m[1mAssertionError[22m: expected 
'/Users/test/Library/LaunchAgents/ai.gΓÇª' to be 
'/Users/test/Library/LaunchAgents/ai.oΓÇª' // Object.is equality[39m

Expected: [32m"/Users/test/Library/LaunchAgents/ai.[7mopenclaw[27m.jbphoenix
.plist"[39m
Received: [31m"/Users/test/Library/LaunchAgents/ai.[7mgensparx[27m.jbphoenix
.plist"[39m

[36m [2mΓ¥»[22m src/daemon/launchd.test.ts:[2m245:46[22m[39m
    [90m243| [39m  it("uses profile-specific label when OPENCLAW_PROFILE is 
set to a cuΓÇª
    [90m244| [39m    [35mconst[39m env [33m=[39m { 
[33mHOME[39m[33m:[39m [32m"/Users/test"[39m[33m,[39m 
[33mOPENCLAW_PROFILE[39m[33m:[39m [32m"jbphoenix"[39m }[33m;[39m
    [90m245| [39m    [34mexpect[39m([34mresolveLaunchAgentPlistPath[39m(e
nv))[33m.[39m[34mtoBe[39m(
    [90m   | [39m                                             [31m^[39m
    [90m246| [39m      [32m"/Users/test/Library/LaunchAgents/ai.openclaw.jbp
hoenix.plist"[39m[33m,[39m
    [90m247| [39m    )[33m;[39m

[31m[2mΓÄ»ΓÄ»ΓÄ»ΓÄ»ΓÄ»ΓÄ»ΓÄ»ΓÄ»ΓÄ»ΓÄ»ΓÄ»ΓÄ»ΓÄ»ΓÄ»ΓÄ»ΓÄ»ΓÄ»ΓÄ»ΓÄ»ΓÄ»ΓÄ»[42/130
]ΓÄ»[22m[39m

[41m[1m FAIL [22m[49m src/daemon/launchd.test.ts[2m > 
[22mresolveLaunchAgentPlistPath[2m > [22mignores empty 
OPENCLAW_LAUNCHD_LABEL and falls back to profile
[31m[1mAssertionError[22m: expected 
'/Users/test/Library/LaunchAgents/ai.gΓÇª' to be 
'/Users/test/Library/LaunchAgents/ai.oΓÇª' // Object.is equality[39m

Expected: [32m"/Users/test/Library/LaunchAgents/ai.[7mopenclaw[27m.myprofile
.plist"[39m
Received: [31m"/Users/test/Library/LaunchAgents/ai.[7mgensparx[27m.myprofile
.plist"[39m

[36m [2mΓ¥»[22m src/daemon/launchd.test.ts:[2m277:46[22m[39m
    [90m275| [39m      [33mOPENCLAW_LAUNCHD_LABEL[39m[33m:[39m [32m"   
"[39m[33m,[39m
    [90m276| [39m    }[33m;[39m
    [90m277| [39m    [34mexpect[39m([34mresolveLaunchAgentPlistPath[39m(e
nv))[33m.[39m[34mtoBe[39m(
    [90m   | [39m                                             [31m^[39m
    [90m278| [39m      [32m"/Users/test/Library/LaunchAgents/ai.openclaw.myp
rofile.plist"[39m[33m,[39m
    [90m279| [39m    )[33m;[39m

[31m[2mΓÄ»ΓÄ»ΓÄ»ΓÄ»ΓÄ»ΓÄ»ΓÄ»ΓÄ»ΓÄ»ΓÄ»ΓÄ»ΓÄ»ΓÄ»ΓÄ»ΓÄ»ΓÄ»ΓÄ»ΓÄ»ΓÄ»ΓÄ»ΓÄ»[43/130
]ΓÄ»[22m[39m

[41m[1m FAIL [22m[49m src/daemon/launchd.test.ts[2m > 
[22mresolveLaunchAgentPlistPath[2m > [22mhandles case-insensitive 'Default' 
profile
[31m[1mAssertionError[22m: expected 
'/Users/test/Library/LaunchAgents/ai.gΓÇª' to be 
'/Users/test/Library/LaunchAgents/ai.oΓÇª' // Object.is equality[39m

Expected: 
[32m"/Users/test/Library/LaunchAgents/ai.[7mopenclaw[27m.gateway.plist"[39m
Received: 
[31m"/Users/test/Library/LaunchAgents/ai.[7mgensparx[27m.gateway.plist"[39m

[36m [2mΓ¥»[22m src/daemon/launchd.test.ts:[2m284:46[22m[39m
    [90m282| [39m  [34mit[39m([32m"handles case-insensitive 'Default' 
profile"[39m[33m,[39m () [33m=>[39m {
    [90m283| [39m    [35mconst[39m env [33m=[39m { 
[33mHOME[39m[33m:[39m [32m"/Users/test"[39m[33m,[39m 
[33mOPENCLAW_PROFILE[39m[33m:[39m [32m"Default"[39m }[33m;[39m
    [90m284| [39m    [34mexpect[39m([34mresolveLaunchAgentPlistPath[39m(e
nv))[33m.[39m[34mtoBe[39m(
    [90m   | [39m                                             [31m^[39m
    [90m285| [39m      [32m"/Users/test/Library/LaunchAgents/ai.openclaw.gat
eway.plist"[39m[33m,[39m
    [90m286| [39m    )[33m;[39m

[31m[2mΓÄ»ΓÄ»ΓÄ»ΓÄ»ΓÄ»ΓÄ»ΓÄ»ΓÄ»ΓÄ»ΓÄ»ΓÄ»ΓÄ»ΓÄ»ΓÄ»ΓÄ»ΓÄ»ΓÄ»ΓÄ»ΓÄ»ΓÄ»ΓÄ»[44/130
]ΓÄ»[22m[39m

[41m[1m FAIL [22m[49m src/daemon/launchd.test.ts[2m > 
[22mresolveLaunchAgentPlistPath[2m > [22mhandles case-insensitive 'DEFAULT' 
profile
[31m[1mAssertionError[22m: expected 
'/Users/test/Library/LaunchAgents/ai.gΓÇª' to be 
'/Users/test/Library/LaunchAgents/ai.oΓÇª' // Object.is equality[39m

Expected: 
[32m"/Users/test/Library/LaunchAgents/ai.[7mopenclaw[27m.gateway.plist"[39m
Received: 
[31m"/Users/test/Library/LaunchAgents/ai.[7mgensparx[27m.gateway.plist"[39m

[36m [2mΓ¥»[22m src/daemon/launchd.test.ts:[2m291:46[22m[39m
    [90m289| [39m  [34mit[39m([32m"handles case-insensitive 'DEFAULT' 
profile"[39m[33m,[39m () [33m=>[39m {
    [90m290| [39m    [35mconst[39m env [33m=[39m { 
[33mHOME[39m[33m:[39m [32m"/Users/test"[39m[33m,[39m 
[33mOPENCLAW_PROFILE[39m[33m:[39m [32m"DEFAULT"[39m }[33m;[39m
    [90m291| [39m    [34mexpect[39m([34mresolveLaunchAgentPlistPath[39m(e
nv))[33m.[39m[34mtoBe[39m(
    [90m   | [39m                                             [31m^[39m
    [90m292| [39m      [32m"/Users/test/Library/LaunchAgents/ai.openclaw.gat
eway.plist"[39m[33m,[39m
    [90m293| [39m    )[33m;[39m

[31m[2mΓÄ»ΓÄ»ΓÄ»ΓÄ»ΓÄ»ΓÄ»ΓÄ»ΓÄ»ΓÄ»ΓÄ»ΓÄ»ΓÄ»ΓÄ»ΓÄ»ΓÄ»ΓÄ»ΓÄ»ΓÄ»ΓÄ»ΓÄ»ΓÄ»[45/130
]ΓÄ»[22m[39m

[41m[1m FAIL [22m[49m src/daemon/launchd.test.ts[2m > 
[22mresolveLaunchAgentPlistPath[2m > [22mtrims whitespace from 
OPENCLAW_PROFILE
[31m[1mAssertionError[22m: expected 
'/Users/test/Library/LaunchAgents/ai.gΓÇª' to be 
'/Users/test/Library/LaunchAgents/ai.oΓÇª' // Object.is equality[39m

Expected: [32m"/Users/test/Library/LaunchAgents/ai.[7mopenclaw[27m.myprofile
.plist"[39m
Received: [31m"/Users/test/Library/LaunchAgents/ai.[7mgensparx[27m.myprofile
.plist"[39m

[36m [2mΓ¥»[22m src/daemon/launchd.test.ts:[2m298:46[22m[39m
    [90m296| [39m  [34mit[39m([32m"trims whitespace from 
OPENCLAW_PROFILE"[39m[33m,[39m () [33m=>[39m {
    [90m297| [39m    const env = { HOME: "/Users/test", OPENCLAW_PROFILE: "  
myprofile ΓÇª
    [90m298| [39m    [34mexpect[39m([34mresolveLaunchAgentPlistPath[39m(e
nv))[33m.[39m[34mtoBe[39m(
    [90m   | [39m                                             [31m^[39m
    [90m299| [39m      [32m"/Users/test/Library/LaunchAgents/ai.openclaw.myp
rofile.plist"[39m[33m,[39m
    [90m300| [39m    )[33m;[39m

[31m[2mΓÄ»ΓÄ»ΓÄ»ΓÄ»ΓÄ»ΓÄ»ΓÄ»ΓÄ»ΓÄ»ΓÄ»ΓÄ»ΓÄ»ΓÄ»ΓÄ»ΓÄ»ΓÄ»ΓÄ»ΓÄ»ΓÄ»ΓÄ»ΓÄ»[46/130
]ΓÄ»[22m[39m

[41m[1m FAIL [22m[49m src/daemon/paths.test.ts[2m > 
[22mresolveGatewayStateDir[2m > [22muses the default state dir when no 
overrides are set
[31m[1mAssertionError[22m: expected '\Users\test\.gensparx' to be 
'\Users\test\.openclaw' // Object.is equality[39m

Expected: [32m"\Users\test\.[7mopenclaw[27m"[39m
Received: [31m"\Users\test\.[7mgensparx[27m"[39m

[36m [2mΓ¥»[22m src/daemon/paths.test.ts:[2m8:41[22m[39m
    [90m  6| [39m  [34mit[39m([32m"uses the default state dir when no 
overrides are set"[39m[33m,[39m () [33m=>[39m {
    [90m  7| [39m    [35mconst[39m env [33m=[39m { 
[33mHOME[39m[33m:[39m [32m"/Users/test"[39m }[33m;[39m
    [90m  8| [39m    
expect(resolveGatewayStateDir(env)).toBe(path.join("/Users/test", ΓÇª
    [90m   | [39m                                        [31m^[39m
    [90m  9| [39m  })[33m;[39m
    [90m 10| [39m

[31m[2mΓÄ»ΓÄ»ΓÄ»ΓÄ»ΓÄ»ΓÄ»ΓÄ»ΓÄ»ΓÄ»ΓÄ»ΓÄ»ΓÄ»ΓÄ»ΓÄ»ΓÄ»ΓÄ»ΓÄ»ΓÄ»ΓÄ»ΓÄ»ΓÄ»[47/130
]ΓÄ»[22m[39m

[41m[1m FAIL [22m[49m src/daemon/paths.test.ts[2m > 
[22mresolveGatewayStateDir[2m > [22mappends the profile suffix when set
[31m[1mAssertionError[22m: expected '\Users\test\.gensparx-rescue' to be 
'\Users\test\.openclaw-rescue' // Object.is equality[39m

Expected: [32m"\Users\test\.[7mopenclaw[27m-rescue"[39m
Received: [31m"\Users\test\.[7mgensparx[27m-rescue"[39m

[36m [2mΓ¥»[22m src/daemon/paths.test.ts:[2m13:41[22m[39m
    [90m 11| [39m  [34mit[39m([32m"appends the profile suffix when 
set"[39m[33m,[39m () [33m=>[39m {
    [90m 12| [39m    [35mconst[39m env [33m=[39m { 
[33mHOME[39m[33m:[39m [32m"/Users/test"[39m[33m,[39m 
[33mOPENCLAW_PROFILE[39m[33m:[39m [32m"rescue"[39m }[33m;[39m
    [90m 13| [39m    
expect(resolveGatewayStateDir(env)).toBe(path.join("/Users/test", ΓÇª
    [90m   | [39m                                        [31m^[39m
    [90m 14| [39m  })[33m;[39m
    [90m 15| [39m

[31m[2mΓÄ»ΓÄ»ΓÄ»ΓÄ»ΓÄ»ΓÄ»ΓÄ»ΓÄ»ΓÄ»ΓÄ»ΓÄ»ΓÄ»ΓÄ»ΓÄ»ΓÄ»ΓÄ»ΓÄ»ΓÄ»ΓÄ»ΓÄ»ΓÄ»[48/130
]ΓÄ»[22m[39m

[41m[1m FAIL [22m[49m src/daemon/paths.test.ts[2m > 
[22mresolveGatewayStateDir[2m > [22mtreats default profiles as the base 
state dir
[31m[1mAssertionError[22m: expected '\Users\test\.gensparx' to be 
'\Users\test\.openclaw' // Object.is equality[39m

Expected: [32m"\Users\test\.[7mopenclaw[27m"[39m
Received: [31m"\Users\test\.[7mgensparx[27m"[39m

[36m [2mΓ¥»[22m src/daemon/paths.test.ts:[2m18:41[22m[39m
    [90m 16| [39m  [34mit[39m([32m"treats default profiles as the base 
state dir"[39m[33m,[39m () [33m=>[39m {
    [90m 17| [39m    [35mconst[39m env [33m=[39m { 
[33mHOME[39m[33m:[39m [32m"/Users/test"[39m[33m,[39m 
[33mOPENCLAW_PROFILE[39m[33m:[39m [32m"Default"[39m }[33m;[39m
    [90m 18| [39m    
expect(resolveGatewayStateDir(env)).toBe(path.join("/Users/test", ΓÇª
    [90m   | [39m                                        [31m^[39m
    [90m 19| [39m  })[33m;[39m
    [90m 20| [39m

[31m[2mΓÄ»ΓÄ»ΓÄ»ΓÄ»ΓÄ»ΓÄ»ΓÄ»ΓÄ»ΓÄ»ΓÄ»ΓÄ»ΓÄ»ΓÄ»ΓÄ»ΓÄ»ΓÄ»ΓÄ»ΓÄ»ΓÄ»ΓÄ»ΓÄ»[49/130
]ΓÄ»[22m[39m

[41m[1m FAIL [22m[49m src/daemon/schtasks.test.ts[2m > 
[22mresolveTaskScriptPath[2m > [22muses default path when OPENCLAW_PROFILE 
is default
[31m[1mAssertionError[22m: expected 'C:\Users\test\.gensparx\gateway.cmd' 
to be 'C:\Users\test\.openclaw\gateway.cmd' // Object.is equality[39m

Expected: [32m"C:\Users\test\.[7mopenclaw[27m\gateway.cmd"[39m
Received: [31m"C:\Users\test\.[7mgensparx[27m\gateway.cmd"[39m

[36m [2mΓ¥»[22m src/daemon/schtasks.test.ts:[2m40:40[22m[39m
    [90m 38| [39m  [34mit[39m([32m"uses default path when 
OPENCLAW_PROFILE is default"[39m[33m,[39m () [33m=>[39m {
    [90m 39| [39m    const env = { USERPROFILE: "C:\\Users\\test", 
OPENCLAW_PROFILE: "dΓÇª
    [90m 40| [39m    [34mexpect[39m([34mresolveTaskScriptPath[39m(env))[
33m.[39m[34mtoBe[39m(
    [90m   | [39m                                       [31m^[39m
    [90m 41| [39m      
path[33m.[39m[34mjoin[39m([32m"C:\\Users\\test"[39m[33m,[39m 
[32m".openclaw"[39m[33m,[39m [32m"gateway.cmd"[39m)[33m,[39m
    [90m 42| [39m    )[33m;[39m

[31m[2mΓÄ»ΓÄ»ΓÄ»ΓÄ»ΓÄ»ΓÄ»ΓÄ»ΓÄ»ΓÄ»ΓÄ»ΓÄ»ΓÄ»ΓÄ»ΓÄ»ΓÄ»ΓÄ»ΓÄ»ΓÄ»ΓÄ»ΓÄ»ΓÄ»[50/130
]ΓÄ»[22m[39m

[41m[1m FAIL [22m[49m src/daemon/schtasks.test.ts[2m > 
[22mresolveTaskScriptPath[2m > [22muses default path when OPENCLAW_PROFILE 
is unset
[31m[1mAssertionError[22m: expected 'C:\Users\test\.gensparx\gateway.cmd' 
to be 'C:\Users\test\.openclaw\gateway.cmd' // Object.is equality[39m

Expected: [32m"C:\Users\test\.[7mopenclaw[27m\gateway.cmd"[39m
Received: [31m"C:\Users\test\.[7mgensparx[27m\gateway.cmd"[39m

[36m [2mΓ¥»[22m src/daemon/schtasks.test.ts:[2m47:40[22m[39m
    [90m 45| [39m  [34mit[39m([32m"uses default path when 
OPENCLAW_PROFILE is unset"[39m[33m,[39m () [33m=>[39m {
    [90m 46| [39m    [35mconst[39m env [33m=[39m { 
[33mUSERPROFILE[39m[33m:[39m [32m"C:\\Users\\test"[39m }[33m;[39m
    [90m 47| [39m    [34mexpect[39m([34mresolveTaskScriptPath[39m(env))[
33m.[39m[34mtoBe[39m(
    [90m   | [39m                                       [31m^[39m
    [90m 48| [39m      
path[33m.[39m[34mjoin[39m([32m"C:\\Users\\test"[39m[33m,[39m 
[32m".openclaw"[39m[33m,[39m [32m"gateway.cmd"[39m)[33m,[39m
    [90m 49| [39m    )[33m;[39m

[31m[2mΓÄ»ΓÄ»ΓÄ»ΓÄ»ΓÄ»ΓÄ»ΓÄ»ΓÄ»ΓÄ»ΓÄ»ΓÄ»ΓÄ»ΓÄ»ΓÄ»ΓÄ»ΓÄ»ΓÄ»ΓÄ»ΓÄ»ΓÄ»ΓÄ»[51/130
]ΓÄ»[22m[39m

[41m[1m FAIL [22m[49m src/daemon/schtasks.test.ts[2m > 
[22mresolveTaskScriptPath[2m > [22muses profile-specific path when 
OPENCLAW_PROFILE is set to a custom value
[31m[1mAssertionError[22m: expected 
'C:\Users\test\.gensparx-jbphoenix\gatΓÇª' to be 
'C:\Users\test\.openclaw-jbphoenix\gatΓÇª' // Object.is equality[39m

Expected: [32m"C:\Users\test\.[7mopenclaw[27m-jbphoenix\gateway.cmd"[39m
Received: [31m"C:\Users\test\.[7mgensparx[27m-jbphoenix\gateway.cmd"[39m

[36m [2mΓ¥»[22m src/daemon/schtasks.test.ts:[2m54:40[22m[39m
    [90m 52| [39m  it("uses profile-specific path when OPENCLAW_PROFILE is 
set to a cusΓÇª
    [90m 53| [39m    const env = { USERPROFILE: "C:\\Users\\test", 
OPENCLAW_PROFILE: "jΓÇª
    [90m 54| [39m    [34mexpect[39m([34mresolveTaskScriptPath[39m(env))[
33m.[39m[34mtoBe[39m(
    [90m   | [39m                                       [31m^[39m
    [90m 55| [39m      path.join("C:\\Users\\test", ".openclaw-jbphoenix", 
"gateway.cmdΓÇª
    [90m 56| [39m    )[33m;[39m

[31m[2mΓÄ»ΓÄ»ΓÄ»ΓÄ»ΓÄ»ΓÄ»ΓÄ»ΓÄ»ΓÄ»ΓÄ»ΓÄ»ΓÄ»ΓÄ»ΓÄ»ΓÄ»ΓÄ»ΓÄ»ΓÄ»ΓÄ»ΓÄ»ΓÄ»[52/130
]ΓÄ»[22m[39m

[41m[1m FAIL [22m[49m src/daemon/schtasks.test.ts[2m > 
[22mresolveTaskScriptPath[2m > [22mhandles case-insensitive 'Default' 
profile
[31m[1mAssertionError[22m: expected 'C:\Users\test\.gensparx\gateway.cmd' 
to be 'C:\Users\test\.openclaw\gateway.cmd' // Object.is equality[39m

Expected: [32m"C:\Users\test\.[7mopenclaw[27m\gateway.cmd"[39m
Received: [31m"C:\Users\test\.[7mgensparx[27m\gateway.cmd"[39m

[36m [2mΓ¥»[22m src/daemon/schtasks.test.ts:[2m70:40[22m[39m
    [90m 68| [39m  [34mit[39m([32m"handles case-insensitive 'Default' 
profile"[39m[33m,[39m () [33m=>[39m {
    [90m 69| [39m    const env = { USERPROFILE: "C:\\Users\\test", 
OPENCLAW_PROFILE: "DΓÇª
    [90m 70| [39m    [34mexpect[39m([34mresolveTaskScriptPath[39m(env))[
33m.[39m[34mtoBe[39m(
    [90m   | [39m                                       [31m^[39m
    [90m 71| [39m      
path[33m.[39m[34mjoin[39m([32m"C:\\Users\\test"[39m[33m,[39m 
[32m".openclaw"[39m[33m,[39m [32m"gateway.cmd"[39m)[33m,[39m
    [90m 72| [39m    )[33m;[39m

[31m[2mΓÄ»ΓÄ»ΓÄ»ΓÄ»ΓÄ»ΓÄ»ΓÄ»ΓÄ»ΓÄ»ΓÄ»ΓÄ»ΓÄ»ΓÄ»ΓÄ»ΓÄ»ΓÄ»ΓÄ»ΓÄ»ΓÄ»ΓÄ»ΓÄ»[53/130
]ΓÄ»[22m[39m

[41m[1m FAIL [22m[49m src/daemon/schtasks.test.ts[2m > 
[22mresolveTaskScriptPath[2m > [22mhandles case-insensitive 'DEFAULT' 
profile
[31m[1mAssertionError[22m: expected 'C:\Users\test\.gensparx\gateway.cmd' 
to be 'C:\Users\test\.openclaw\gateway.cmd' // Object.is equality[39m

Expected: [32m"C:\Users\test\.[7mopenclaw[27m\gateway.cmd"[39m
Received: [31m"C:\Users\test\.[7mgensparx[27m\gateway.cmd"[39m

[36m [2mΓ¥»[22m src/daemon/schtasks.test.ts:[2m77:40[22m[39m
    [90m 75| [39m  [34mit[39m([32m"handles case-insensitive 'DEFAULT' 
profile"[39m[33m,[39m () [33m=>[39m {
    [90m 76| [39m    const env = { USERPROFILE: "C:\\Users\\test", 
OPENCLAW_PROFILE: "DΓÇª
    [90m 77| [39m    [34mexpect[39m([34mresolveTaskScriptPath[39m(env))[
33m.[39m[34mtoBe[39m(
    [90m   | [39m                                       [31m^[39m
    [90m 78| [39m      
path[33m.[39m[34mjoin[39m([32m"C:\\Users\\test"[39m[33m,[39m 
[32m".openclaw"[39m[33m,[39m [32m"gateway.cmd"[39m)[33m,[39m
    [90m 79| [39m    )[33m;[39m

[31m[2mΓÄ»ΓÄ»ΓÄ»ΓÄ»ΓÄ»ΓÄ»ΓÄ»ΓÄ»ΓÄ»ΓÄ»ΓÄ»ΓÄ»ΓÄ»ΓÄ»ΓÄ»ΓÄ»ΓÄ»ΓÄ»ΓÄ»ΓÄ»ΓÄ»[54/130
]ΓÄ»[22m[39m

[41m[1m FAIL [22m[49m src/daemon/schtasks.test.ts[2m > 
[22mresolveTaskScriptPath[2m > [22mtrims whitespace from OPENCLAW_PROFILE
[31m[1mAssertionError[22m: expected 
'C:\Users\test\.gensparx-myprofile\gatΓÇª' to be 
'C:\Users\test\.openclaw-myprofile\gatΓÇª' // Object.is equality[39m

Expected: [32m"C:\Users\test\.[7mopenclaw[27m-myprofile\gateway.cmd"[39m
Received: [31m"C:\Users\test\.[7mgensparx[27m-myprofile\gateway.cmd"[39m

[36m [2mΓ¥»[22m src/daemon/schtasks.test.ts:[2m84:40[22m[39m
    [90m 82| [39m  [34mit[39m([32m"trims whitespace from 
OPENCLAW_PROFILE"[39m[33m,[39m () [33m=>[39m {
    [90m 83| [39m    const env = { USERPROFILE: "C:\\Users\\test", 
OPENCLAW_PROFILE: " ΓÇª
    [90m 84| [39m    [34mexpect[39m([34mresolveTaskScriptPath[39m(env))[
33m.[39m[34mtoBe[39m(
    [90m   | [39m                                       [31m^[39m
    [90m 85| [39m      path.join("C:\\Users\\test", ".openclaw-myprofile", 
"gateway.cmdΓÇª
    [90m 86| [39m    )[33m;[39m

[31m[2mΓÄ»ΓÄ»ΓÄ»ΓÄ»ΓÄ»ΓÄ»ΓÄ»ΓÄ»ΓÄ»ΓÄ»ΓÄ»ΓÄ»ΓÄ»ΓÄ»ΓÄ»ΓÄ»ΓÄ»ΓÄ»ΓÄ»ΓÄ»ΓÄ»[55/130
]ΓÄ»[22m[39m

[41m[1m FAIL [22m[49m src/daemon/schtasks.test.ts[2m > 
[22mresolveTaskScriptPath[2m > [22mfalls back to HOME when USERPROFILE is 
not set
[31m[1mAssertionError[22m: expected '\home\test\.gensparx\gateway.cmd' to 
be '\home\test\.openclaw\gateway.cmd' // Object.is equality[39m

Expected: [32m"\home\test\.[7mopenclaw[27m\gateway.cmd"[39m
Received: [31m"\home\test\.[7mgensparx[27m\gateway.cmd"[39m

[36m [2mΓ¥»[22m src/daemon/schtasks.test.ts:[2m91:40[22m[39m
    [90m 89| [39m  [34mit[39m([32m"falls back to HOME when USERPROFILE is 
not set"[39m[33m,[39m () [33m=>[39m {
    [90m 90| [39m    [35mconst[39m env [33m=[39m { 
[33mHOME[39m[33m:[39m [32m"/home/test"[39m[33m,[39m 
[33mOPENCLAW_PROFILE[39m[33m:[39m [32m"default"[39m }[33m;[39m
    [90m 91| [39m    
expect(resolveTaskScriptPath(env)).toBe(path.join("/home/test", ".ΓÇª
    [90m   | [39m                                       [31m^[39m
    [90m 92| [39m  })[33m;[39m
    [90m 93| [39m})[33m;[39m

[31m[2mΓÄ»ΓÄ»ΓÄ»ΓÄ»ΓÄ»ΓÄ»ΓÄ»ΓÄ»ΓÄ»ΓÄ»ΓÄ»ΓÄ»ΓÄ»ΓÄ»ΓÄ»ΓÄ»ΓÄ»ΓÄ»ΓÄ»ΓÄ»ΓÄ»[56/130
]ΓÄ»[22m[39m

[41m[1m FAIL [22m[49m src/daemon/schtasks.test.ts[2m > 
[22mreadScheduledTaskCommand[2m > [22mparses basic command script
[31m[1mAssertionError[22m: expected null to deeply equal { 
programArguments: [ 'node', ΓÇª(3) ] }[39m

[32m- Expected:[39m 
{
  "programArguments": [
    "node",
    "gateway.js",
    "--port",
    "18789",
  ],
}

[31m+ Received:[39m 
null

[36m [2mΓ¥»[22m src/daemon/schtasks.test.ts:[2m109:22[22m[39m
    [90m107| [39m      [35mconst[39m env [33m=[39m { 
[33mUSERPROFILE[39m[33m:[39m tmpDir[33m,[39m 
[33mOPENCLAW_PROFILE[39m[33m:[39m [32m"default"[39m }[33m;[39m
    [90m108| [39m      [35mconst[39m result [33m=[39m [35mawait[39m 
[34mreadScheduledTaskCommand[39m(env)[33m;[39m
    [90m109| [39m      [34mexpect[39m(result)[33m.[39m[34mtoEqual[39m({
    [90m   | [39m                     [31m^[39m
    [90m110| [39m        programArguments[33m:[39m 
[[32m"node"[39m[33m,[39m [32m"gateway.js"[39m[33m,[39m 
[32m"--port"[39m[33m,[39m [32m"18789"[39m][33m,[39m
    [90m111| [39m      })[33m;[39m

[31m[2mΓÄ»ΓÄ»ΓÄ»ΓÄ»ΓÄ»ΓÄ»ΓÄ»ΓÄ»ΓÄ»ΓÄ»ΓÄ»ΓÄ»ΓÄ»ΓÄ»ΓÄ»ΓÄ»ΓÄ»ΓÄ»ΓÄ»ΓÄ»ΓÄ»[57/130
]ΓÄ»[22m[39m

[41m[1m FAIL [22m[49m src/daemon/schtasks.test.ts[2m > 
[22mreadScheduledTaskCommand[2m > [22mparses script with working directory
[31m[1mAssertionError[22m: expected null to deeply equal { ΓÇª(2) }[39m

[32m- Expected:[39m 
{
  "programArguments": [
    "node",
    "gateway.js",
  ],
  "workingDirectory": "C:\\Projects\\openclaw",
}

[31m+ Received:[39m 
null

[36m [2mΓ¥»[22m src/daemon/schtasks.test.ts:[2m130:22[22m[39m
    [90m128| [39m      [35mconst[39m env [33m=[39m { 
[33mUSERPROFILE[39m[33m:[39m tmpDir[33m,[39m 
[33mOPENCLAW_PROFILE[39m[33m:[39m [32m"default"[39m }[33m;[39m
    [90m129| [39m      [35mconst[39m result [33m=[39m [35mawait[39m 
[34mreadScheduledTaskCommand[39m(env)[33m;[39m
    [90m130| [39m      [34mexpect[39m(result)[33m.[39m[34mtoEqual[39m({
    [90m   | [39m                     [31m^[39m
    [90m131| [39m        programArguments[33m:[39m 
[[32m"node"[39m[33m,[39m [32m"gateway.js"[39m][33m,[39m
    [90m132| [39m        workingDirectory[33m:[39m 
[32m"C:\\Projects\\openclaw"[39m[33m,[39m

[31m[2mΓÄ»ΓÄ»ΓÄ»ΓÄ»ΓÄ»ΓÄ»ΓÄ»ΓÄ»ΓÄ»ΓÄ»ΓÄ»ΓÄ»ΓÄ»ΓÄ»ΓÄ»ΓÄ»ΓÄ»ΓÄ»ΓÄ»ΓÄ»ΓÄ»[58/130
]ΓÄ»[22m[39m

[41m[1m FAIL [22m[49m src/daemon/schtasks.test.ts[2m > 
[22mreadScheduledTaskCommand[2m > [22mparses script with environment 
variables
[31m[1mAssertionError[22m: expected null to deeply equal { ΓÇª(2) }[39m

[32m- Expected:[39m 
{
  "environment": {
    "NODE_ENV": "production",
    "PORT": "18789",
  },
  "programArguments": [
    "node",
    "gateway.js",
  ],
}

[31m+ Received:[39m 
null

[36m [2mΓ¥»[22m src/daemon/schtasks.test.ts:[2m152:22[22m[39m
    [90m150| [39m      [35mconst[39m env [33m=[39m { 
[33mUSERPROFILE[39m[33m:[39m tmpDir[33m,[39m 
[33mOPENCLAW_PROFILE[39m[33m:[39m [32m"default"[39m }[33m;[39m
    [90m151| [39m      [35mconst[39m result [33m=[39m [35mawait[39m 
[34mreadScheduledTaskCommand[39m(env)[33m;[39m
    [90m152| [39m      [34mexpect[39m(result)[33m.[39m[34mtoEqual[39m({
    [90m   | [39m                     [31m^[39m
    [90m153| [39m        programArguments[33m:[39m 
[[32m"node"[39m[33m,[39m [32m"gateway.js"[39m][33m,[39m
    [90m154| [39m        environment[33m:[39m {

[31m[2mΓÄ»ΓÄ»ΓÄ»ΓÄ»ΓÄ»ΓÄ»ΓÄ»ΓÄ»ΓÄ»ΓÄ»ΓÄ»ΓÄ»ΓÄ»ΓÄ»ΓÄ»ΓÄ»ΓÄ»ΓÄ»ΓÄ»ΓÄ»ΓÄ»[59/130
]ΓÄ»[22m[39m

[41m[1m FAIL [22m[49m src/daemon/schtasks.test.ts[2m > 
[22mreadScheduledTaskCommand[2m > [22mparses script with quoted arguments 
containing spaces
[31m[1mAssertionError[22m: expected null to deeply equal { 
programArguments: [ ΓÇª(2) ] }[39m

[32m- Expected:[39m 
{
  "programArguments": [
    "C:/Program Files/Node/node.exe",
    "gateway.js",
  ],
}

[31m+ Received:[39m 
null

[36m [2mΓ¥»[22m src/daemon/schtasks.test.ts:[2m178:22[22m[39m
    [90m176| [39m      [35mconst[39m env [33m=[39m { 
[33mUSERPROFILE[39m[33m:[39m tmpDir[33m,[39m 
[33mOPENCLAW_PROFILE[39m[33m:[39m [32m"default"[39m }[33m;[39m
    [90m177| [39m      [35mconst[39m result [33m=[39m [35mawait[39m 
[34mreadScheduledTaskCommand[39m(env)[33m;[39m
    [90m178| [39m      [34mexpect[39m(result)[33m.[39m[34mtoEqual[39m({
    [90m   | [39m                     [31m^[39m
    [90m179| [39m        programArguments: ["C:/Program 
Files/Node/node.exe", "gateway.ΓÇª
    [90m180| [39m      })[33m;[39m

[31m[2mΓÄ»ΓÄ»ΓÄ»ΓÄ»ΓÄ»ΓÄ»ΓÄ»ΓÄ»ΓÄ»ΓÄ»ΓÄ»ΓÄ»ΓÄ»ΓÄ»ΓÄ»ΓÄ»ΓÄ»ΓÄ»ΓÄ»ΓÄ»ΓÄ»[60/130
]ΓÄ»[22m[39m

[41m[1m FAIL [22m[49m src/daemon/schtasks.test.ts[2m > 
[22mreadScheduledTaskCommand[2m > [22mparses full script with all components
[31m[1mAssertionError[22m: expected null to deeply equal { ΓÇª(3) }[39m

[32m- Expected:[39m 
{
  "environment": {
    "NODE_ENV": "production",
    "OPENCLAW_PORT": "18789",
  },
  "programArguments": [
    "node",
    "gateway.js",
    "--verbose",
  ],
  "workingDirectory": "C:\\Projects\\openclaw",
}

[31m+ Received:[39m 
null

[36m [2mΓ¥»[22m src/daemon/schtasks.test.ts:[2m236:22[22m[39m
    [90m234| [39m      [35mconst[39m env [33m=[39m { 
[33mUSERPROFILE[39m[33m:[39m tmpDir[33m,[39m 
[33mOPENCLAW_PROFILE[39m[33m:[39m [32m"default"[39m }[33m;[39m
    [90m235| [39m      [35mconst[39m result [33m=[39m [35mawait[39m 
[34mreadScheduledTaskCommand[39m(env)[33m;[39m
    [90m236| [39m      [34mexpect[39m(result)[33m.[39m[34mtoEqual[39m({
    [90m   | [39m                     [31m^[39m
    [90m237| [39m        programArguments[33m:[39m 
[[32m"node"[39m[33m,[39m [32m"gateway.js"[39m[33m,[39m 
[32m"--verbose"[39m][33m,[39m
    [90m238| [39m        workingDirectory[33m:[39m 
[32m"C:\\Projects\\openclaw"[39m[33m,[39m

[31m[2mΓÄ»ΓÄ»ΓÄ»ΓÄ»ΓÄ»ΓÄ»ΓÄ»ΓÄ»ΓÄ»ΓÄ»ΓÄ»ΓÄ»ΓÄ»ΓÄ»ΓÄ»ΓÄ»ΓÄ»ΓÄ»ΓÄ»ΓÄ»ΓÄ»[61/130
]ΓÄ»[22m[39m

[41m[1m FAIL [22m[49m src/daemon/service-env.test.ts[2m > 
[22mbuildServiceEnvironment[2m > [22msets minimal PATH and gateway vars
[31m[1mAssertionError[22m: expected 'gensparx' to be 'openclaw' // 
Object.is equality[39m

Expected: [32m"openclaw"[39m
Received: [31m"gensparx"[39m

[36m [2mΓ¥»[22m src/daemon/service-env.test.ts:[2m228:41[22m[39m
    [90m226| [39m    [34mexpect[39m(env[33m.[39m[33mOPENCLAW_GATEWAY_POR
T[39m)[33m.[39m[34mtoBe[39m([32m"18789"[39m)[33m;[39m
    [90m227| [39m    [34mexpect[39m(env[33m.[39m[33mOPENCLAW_GATEWAY_TOK
EN[39m)[33m.[39m[34mtoBe[39m([32m"secret"[39m)[33m;[39m
    [90m228| [39m    [34mexpect[39m(env[33m.[39m[33mOPENCLAW_SERVICE_MAR
KER[39m)[33m.[39m[34mtoBe[39m([32m"openclaw"[39m)[33m;[39m
    [90m   | [39m                                        [31m^[39m
    [90m229| [39m    [34mexpect[39m(env[33m.[39m[33mOPENCLAW_SERVICE_KIN
D[39m)[33m.[39m[34mtoBe[39m([32m"gateway"[39m)[33m;[39m
    [90m230| [39m    [34mexpect[39m([35mtypeof[39m env[33m.[39m[33mOPE
NCLAW_SERVICE_VERSION[39m)[33m.[39m[34mtoBe[39m([32m"string"[39m)[33m;
[39m

[31m[2mΓÄ»ΓÄ»ΓÄ»ΓÄ»ΓÄ»ΓÄ»ΓÄ»ΓÄ»ΓÄ»ΓÄ»ΓÄ»ΓÄ»ΓÄ»ΓÄ»ΓÄ»ΓÄ»ΓÄ»ΓÄ»ΓÄ»ΓÄ»ΓÄ»[62/130
]ΓÄ»[22m[39m

[41m[1m FAIL [22m[49m src/daemon/service-env.test.ts[2m > 
[22mbuildServiceEnvironment[2m > [22muses profile-specific unit and label
[31m[1mAssertionError[22m: expected 'gensparx-gateway-work.service' to be 
'openclaw-gateway-work.service' // Object.is equality[39m

Expected: [32m"[7mopenclaw[27m-gateway-work.service"[39m
Received: [31m"[7mgensparx[27m-gateway-work.service"[39m

[36m [2mΓ¥»[22m src/daemon/service-env.test.ts:[2m242:39[22m[39m
    [90m240| [39m      port[33m:[39m [34m18789[39m[33m,[39m
    [90m241| [39m    })[33m;[39m
    [90m242| [39m    
expect(env.OPENCLAW_SYSTEMD_UNIT).toBe("openclaw-gateway-work.servΓÇª
    [90m   | [39m                                      [31m^[39m
    [90m243| [39m    [35mif[39m (process[33m.[39mplatform [33m===[39m 
[32m"darwin"[39m) {
    [90m244| [39m      [34mexpect[39m(env[33m.[39m[33mOPENCLAW_LAUNCHD_L
ABEL[39m)[33m.[39m[34mtoBe[39m([32m"ai.openclaw.work"[39m)[33m;[39m

[31m[2mΓÄ»ΓÄ»ΓÄ»ΓÄ»ΓÄ»ΓÄ»ΓÄ»ΓÄ»ΓÄ»ΓÄ»ΓÄ»ΓÄ»ΓÄ»ΓÄ»ΓÄ»ΓÄ»ΓÄ»ΓÄ»ΓÄ»ΓÄ»ΓÄ»[63/130
]ΓÄ»[22m[39m

[41m[1m FAIL [22m[49m src/daemon/systemd.test.ts[2m > 
[22mresolveSystemdUserUnitPath[2m > [22muses default service name when 
OPENCLAW_PROFILE is default
[31m[1mAssertionError[22m: expected 
'/home/test/.config/systemd/user/genspΓÇª' to be 
'/home/test/.config/systemd/user/opencΓÇª' // Object.is equality[39m

Expected: 
[32m"/home/test/.config/systemd/user/[7mopenclaw[27m-gateway.service"[39m
Received: 
[31m"/home/test/.config/systemd/user/[7mgensparx[27m-gateway.service"[39m

[36m [2mΓ¥»[22m src/daemon/systemd.test.ts:[2m25:45[22m[39m
    [90m 23| [39m  it("uses default service name when OPENCLAW_PROFILE is 
default", () ΓÇª
    [90m 24| [39m    [35mconst[39m env [33m=[39m { 
[33mHOME[39m[33m:[39m [32m"/home/test"[39m[33m,[39m 
[33mOPENCLAW_PROFILE[39m[33m:[39m [32m"default"[39m }[33m;[39m
    [90m 25| [39m    [34mexpect[39m([34mresolveSystemdUserUnitPath[39m(en
v))[33m.[39m[34mtoBe[39m(
    [90m   | [39m                                            [31m^[39m
    [90m 26| [39m      
[32m"/home/test/.config/systemd/user/openclaw-gateway.service"[39m[33m,[39m
    [90m 27| [39m    )[33m;[39m

[31m[2mΓÄ»ΓÄ»ΓÄ»ΓÄ»ΓÄ»ΓÄ»ΓÄ»ΓÄ»ΓÄ»ΓÄ»ΓÄ»ΓÄ»ΓÄ»ΓÄ»ΓÄ»ΓÄ»ΓÄ»ΓÄ»ΓÄ»ΓÄ»ΓÄ»[64/130
]ΓÄ»[22m[39m

[41m[1m FAIL [22m[49m src/daemon/systemd.test.ts[2m > 
[22mresolveSystemdUserUnitPath[2m > [22muses default service name when 
OPENCLAW_PROFILE is unset
[31m[1mAssertionError[22m: expected 
'/home/test/.config/systemd/user/genspΓÇª' to be 
'/home/test/.config/systemd/user/opencΓÇª' // Object.is equality[39m

Expected: 
[32m"/home/test/.config/systemd/user/[7mopenclaw[27m-gateway.service"[39m
Received: 
[31m"/home/test/.config/systemd/user/[7mgensparx[27m-gateway.service"[39m

[36m [2mΓ¥»[22m src/daemon/systemd.test.ts:[2m32:45[22m[39m
    [90m 30| [39m  it("uses default service name when OPENCLAW_PROFILE is 
unset", () =>ΓÇª
    [90m 31| [39m    [35mconst[39m env [33m=[39m { 
[33mHOME[39m[33m:[39m [32m"/home/test"[39m }[33m;[39m
    [90m 32| [39m    [34mexpect[39m([34mresolveSystemdUserUnitPath[39m(en
v))[33m.[39m[34mtoBe[39m(
    [90m   | [39m                                            [31m^[39m
    [90m 33| [39m      
[32m"/home/test/.config/systemd/user/openclaw-gateway.service"[39m[33m,[39m
    [90m 34| [39m    )[33m;[39m

[31m[2mΓÄ»ΓÄ»ΓÄ»ΓÄ»ΓÄ»ΓÄ»ΓÄ»ΓÄ»ΓÄ»ΓÄ»ΓÄ»ΓÄ»ΓÄ»ΓÄ»ΓÄ»ΓÄ»ΓÄ»ΓÄ»ΓÄ»ΓÄ»ΓÄ»[65/130
]ΓÄ»[22m[39m

[41m[1m FAIL [22m[49m src/daemon/systemd.test.ts[2m > 
[22mresolveSystemdUserUnitPath[2m > [22muses profile-specific service name 
when OPENCLAW_PROFILE is set to a custom value
[31m[1mAssertionError[22m: expected 
'/home/test/.config/systemd/user/genspΓÇª' to be 
'/home/test/.config/systemd/user/opencΓÇª' // Object.is equality[39m

Expected: [32m"/home/test/.config/systemd/user/[7mopenclaw[27m-gateway-jbpho
enix.service"[39m
Received: [31m"/home/test/.config/systemd/user/[7mgensparx[27m-gateway-jbpho
enix.service"[39m

[36m [2mΓ¥»[22m src/daemon/systemd.test.ts:[2m39:45[22m[39m
    [90m 37| [39m  it("uses profile-specific service name when 
OPENCLAW_PROFILE is set ΓÇª
    [90m 38| [39m    [35mconst[39m env [33m=[39m { 
[33mHOME[39m[33m:[39m [32m"/home/test"[39m[33m,[39m 
[33mOPENCLAW_PROFILE[39m[33m:[39m [32m"jbphoenix"[39m }[33m;[39m
    [90m 39| [39m    [34mexpect[39m([34mresolveSystemdUserUnitPath[39m(en
v))[33m.[39m[34mtoBe[39m(
    [90m   | [39m                                            [31m^[39m
    [90m 40| [39m      
"/home/test/.config/systemd/user/openclaw-gateway-jbphoenix.servΓÇª
    [90m 41| [39m    )[33m;[39m

[31m[2mΓÄ»ΓÄ»ΓÄ»ΓÄ»ΓÄ»ΓÄ»ΓÄ»ΓÄ»ΓÄ»ΓÄ»ΓÄ»ΓÄ»ΓÄ»ΓÄ»ΓÄ»ΓÄ»ΓÄ»ΓÄ»ΓÄ»ΓÄ»ΓÄ»[66/130
]ΓÄ»[22m[39m

[41m[1m FAIL [22m[49m src/daemon/systemd.test.ts[2m > 
[22mresolveSystemdUserUnitPath[2m > [22mhandles case-insensitive 'Default' 
profile
[31m[1mAssertionError[22m: expected 
'/home/test/.config/systemd/user/genspΓÇª' to be 
'/home/test/.config/systemd/user/opencΓÇª' // Object.is equality[39m

Expected: 
[32m"/home/test/.config/systemd/user/[7mopenclaw[27m-gateway.service"[39m
Received: 
[31m"/home/test/.config/systemd/user/[7mgensparx[27m-gateway.service"[39m

[36m [2mΓ¥»[22m src/daemon/systemd.test.ts:[2m77:45[22m[39m
    [90m 75| [39m  [34mit[39m([32m"handles case-insensitive 'Default' 
profile"[39m[33m,[39m () [33m=>[39m {
    [90m 76| [39m    [35mconst[39m env [33m=[39m { 
[33mHOME[39m[33m:[39m [32m"/home/test"[39m[33m,[39m 
[33mOPENCLAW_PROFILE[39m[33m:[39m [32m"Default"[39m }[33m;[39m
    [90m 77| [39m    [34mexpect[39m([34mresolveSystemdUserUnitPath[39m(en
v))[33m.[39m[34mtoBe[39m(
    [90m   | [39m                                            [31m^[39m
    [90m 78| [39m      
[32m"/home/test/.config/systemd/user/openclaw-gateway.service"[39m[33m,[39m
    [90m 79| [39m    )[33m;[39m

[31m[2mΓÄ»ΓÄ»ΓÄ»ΓÄ»ΓÄ»ΓÄ»ΓÄ»ΓÄ»ΓÄ»ΓÄ»ΓÄ»ΓÄ»ΓÄ»ΓÄ»ΓÄ»ΓÄ»ΓÄ»ΓÄ»ΓÄ»ΓÄ»ΓÄ»[67/130
]ΓÄ»[22m[39m

[41m[1m FAIL [22m[49m src/daemon/systemd.test.ts[2m > 
[22mresolveSystemdUserUnitPath[2m > [22mhandles case-insensitive 'DEFAULT' 
profile
[31m[1mAssertionError[22m: expected 
'/home/test/.config/systemd/user/genspΓÇª' to be 
'/home/test/.config/systemd/user/opencΓÇª' // Object.is equality[39m

Expected: 
[32m"/home/test/.config/systemd/user/[7mopenclaw[27m-gateway.service"[39m
Received: 
[31m"/home/test/.config/systemd/user/[7mgensparx[27m-gateway.service"[39m

[36m [2mΓ¥»[22m src/daemon/systemd.test.ts:[2m84:45[22m[39m
    [90m 82| [39m  [34mit[39m([32m"handles case-insensitive 'DEFAULT' 
profile"[39m[33m,[39m () [33m=>[39m {
    [90m 83| [39m    [35mconst[39m env [33m=[39m { 
[33mHOME[39m[33m:[39m [32m"/home/test"[39m[33m,[39m 
[33mOPENCLAW_PROFILE[39m[33m:[39m [32m"DEFAULT"[39m }[33m;[39m
    [90m 84| [39m    [34mexpect[39m([34mresolveSystemdUserUnitPath[39m(en
v))[33m.[39m[34mtoBe[39m(
    [90m   | [39m                                            [31m^[39m
    [90m 85| [39m      
[32m"/home/test/.config/systemd/user/openclaw-gateway.service"[39m[33m,[39m
    [90m 86| [39m    )[33m;[39m

[31m[2mΓÄ»ΓÄ»ΓÄ»ΓÄ»ΓÄ»ΓÄ»ΓÄ»ΓÄ»ΓÄ»ΓÄ»ΓÄ»ΓÄ»ΓÄ»ΓÄ»ΓÄ»ΓÄ»ΓÄ»ΓÄ»ΓÄ»ΓÄ»ΓÄ»[68/130
]ΓÄ»[22m[39m

[41m[1m FAIL [22m[49m src/daemon/systemd.test.ts[2m > 
[22mresolveSystemdUserUnitPath[2m > [22mtrims whitespace from 
OPENCLAW_PROFILE
[31m[1mAssertionError[22m: expected 
'/home/test/.config/systemd/user/genspΓÇª' to be 
'/home/test/.config/systemd/user/opencΓÇª' // Object.is equality[39m

Expected: [32m"/home/test/.config/systemd/user/[7mopenclaw[27m-gateway-mypro
file.service"[39m
Received: [31m"/home/test/.config/systemd/user/[7mgensparx[27m-gateway-mypro
file.service"[39m

[36m [2mΓ¥»[22m src/daemon/systemd.test.ts:[2m91:45[22m[39m
    [90m 89| [39m  [34mit[39m([32m"trims whitespace from 
OPENCLAW_PROFILE"[39m[33m,[39m () [33m=>[39m {
    [90m 90| [39m    const env = { HOME: "/home/test", OPENCLAW_PROFILE: "  
myprofile  ΓÇª
    [90m 91| [39m    [34mexpect[39m([34mresolveSystemdUserUnitPath[39m(en
v))[33m.[39m[34mtoBe[39m(
    [90m   | [39m                                            [31m^[39m
    [90m 92| [39m      
"/home/test/.config/systemd/user/openclaw-gateway-myprofile.servΓÇª
    [90m 93| [39m    )[33m;[39m

[31m[2mΓÄ»ΓÄ»ΓÄ»ΓÄ»ΓÄ»ΓÄ»ΓÄ»ΓÄ»ΓÄ»ΓÄ»ΓÄ»ΓÄ»ΓÄ»ΓÄ»ΓÄ»ΓÄ»ΓÄ»ΓÄ»ΓÄ»ΓÄ»ΓÄ»[69/130
]ΓÄ»[22m[39m

[41m[1m FAIL [22m[49m 
src/config/config.agent-concurrency-defaults.test.ts[2m > [22magent 
concurrency defaults[2m > [22minjects defaults on load
[31m[1mAssertionError[22m: expected undefined to be 4 // Object.is 
equality[39m

[32m- Expected:[39m 
4

[31m+ Received:[39m 
undefined

[36m [2mΓ¥»[22m 
src/config/config.agent-concurrency-defaults.test.ts:[2m58:51[22m[39m
    [90m 56| [39m      [35mconst[39m cfg [33m=[39m 
[34mloadConfig[39m()[33m;[39m
    [90m 57| [39m
    [90m 58| [39m      
expect(cfg.agents?.defaults?.maxConcurrent).toBe(DEFAULT_AGENT_MΓÇª
    [90m   | [39m                                                  
[31m^[39m
    [90m 59| [39m      
expect(cfg.agents?.defaults?.subagents?.maxConcurrent).toBe(DEFAΓÇª
    [90m 60| [39m    })[33m;[39m
[90m [2mΓ¥»[22m withTempHome test/helpers/temp-home.ts:[2m103:12[22m[39m
[90m [2mΓ¥»[22m 
src/config/config.agent-concurrency-defaults.test.ts:[2m45:5[22m[39m

[31m[2mΓÄ»ΓÄ»ΓÄ»ΓÄ»ΓÄ»ΓÄ»ΓÄ»ΓÄ»ΓÄ»ΓÄ»ΓÄ»ΓÄ»ΓÄ»ΓÄ»ΓÄ»ΓÄ»ΓÄ»ΓÄ»ΓÄ»ΓÄ»ΓÄ»[70/130
]ΓÄ»[22m[39m

[41m[1m FAIL [22m[49m src/config/config.compaction-settings.test.ts[2m > 
[22mconfig compaction settings[2m > [22mpreserves memory flush config values
[31m[1mAssertionError[22m: expected undefined to be 12345 // Object.is 
equality[39m

[32m- Expected:[39m 
12345

[31m+ Received:[39m 
undefined

[36m [2mΓ¥»[22m 
src/config/config.compaction-settings.test.ts:[2m40:68[22m[39m
    [90m 38| [39m      [35mconst[39m cfg [33m=[39m 
[34mloadConfig[39m()[33m;[39m
    [90m 39| [39m
    [90m 40| [39m      
expect(cfg.agents?.defaults?.compaction?.reserveTokensFloor).toBΓÇª
    [90m   | [39m                                                            
       [31m^[39m
    [90m 41| [39m      [34mexpect[39m(cfg[33m.[39magents[33m?.[39mdefau
lts[33m?.[39mcompaction[33m?.[39mmode)[33m.[39m[34mtoBe[39m([32m"safeg
uard"[39m)[33m;[39m
    [90m 42| [39m      
expect(cfg.agents?.defaults?.compaction?.memoryFlush?.enabled).tΓÇª
[90m [2mΓ¥»[22m withTempHome test/helpers/temp-home.ts:[2m103:12[22m[39m
[90m [2mΓ¥»[22m 
src/config/config.compaction-settings.test.ts:[2m8:5[22m[39m

[31m[2mΓÄ»ΓÄ»ΓÄ»ΓÄ»ΓÄ»ΓÄ»ΓÄ»ΓÄ»ΓÄ»ΓÄ»ΓÄ»ΓÄ»ΓÄ»ΓÄ»ΓÄ»ΓÄ»ΓÄ»ΓÄ»ΓÄ»ΓÄ»ΓÄ»[71/130
]ΓÄ»[22m[39m

[41m[1m FAIL [22m[49m src/config/config.compaction-settings.test.ts[2m > 
[22mconfig compaction settings[2m > [22mdefaults compaction mode to 
safeguard
[31m[1mAssertionError[22m: expected undefined to be 'safeguard' // 
Object.is equality[39m

[32m- Expected:[39m 
"safeguard"

[31m+ Received:[39m 
undefined

[36m [2mΓ¥»[22m 
src/config/config.compaction-settings.test.ts:[2m75:54[22m[39m
    [90m 73| [39m      [35mconst[39m cfg [33m=[39m 
[34mloadConfig[39m()[33m;[39m
    [90m 74| [39m
    [90m 75| [39m      [34mexpect[39m(cfg[33m.[39magents[33m?.[39mdefau
lts[33m?.[39mcompaction[33m?.[39mmode)[33m.[39m[34mtoBe[39m([32m"safeg
uard"[39m)[33m;[39m
    [90m   | [39m                                                     
[31m^[39m
    [90m 76| [39m      
expect(cfg.agents?.defaults?.compaction?.reserveTokensFloor).toBΓÇª
    [90m 77| [39m    })[33m;[39m
[90m [2mΓ¥»[22m withTempHome test/helpers/temp-home.ts:[2m103:12[22m[39m
[90m [2mΓ¥»[22m 
src/config/config.compaction-settings.test.ts:[2m50:5[22m[39m

[31m[2mΓÄ»ΓÄ»ΓÄ»ΓÄ»ΓÄ»ΓÄ»ΓÄ»ΓÄ»ΓÄ»ΓÄ»ΓÄ»ΓÄ»ΓÄ»ΓÄ»ΓÄ»ΓÄ»ΓÄ»ΓÄ»ΓÄ»ΓÄ»ΓÄ»[72/130
]ΓÄ»[22m[39m

[41m[1m FAIL [22m[49m src/config/config.discord.test.ts[2m > [22mconfig 
discord[2m > [22mloads discord guild map + dm group settings
[31m[1mAssertionError[22m: expected undefined to be true // Object.is 
equality[39m

[32m- Expected:[39m 
true

[31m+ Received:[39m 
undefined

[36m [2mΓ¥»[22m src/config/config.discord.test.ts:[2m62:46[22m[39m
    [90m 60| [39m      [35mconst[39m cfg [33m=[39m 
[34mloadConfig[39m()[33m;[39m
    [90m 61| [39m
    [90m 62| [39m      [34mexpect[39m(cfg[33m.[39mchannels[33m?.[39mdis
cord[33m?.[39menabled)[33m.[39m[34mtoBe[39m([35mtrue[39m)[33m;[39m
    [90m   | [39m                                             [31m^[39m
    [90m 63| [39m      [34mexpect[39m(cfg[33m.[39mchannels[33m?.[39mdis
cord[33m?.[39mdm[33m?.[39mgroupEnabled)[33m.[39m[34mtoBe[39m([35mtrue
[39m)[33m;[39m
    [90m 64| [39m      
expect(cfg.channels?.discord?.dm?.groupChannels).toEqual(["opencΓÇª
[90m [2mΓ¥»[22m withTempHome test/helpers/temp-home.ts:[2m103:12[22m[39m
[90m [2mΓ¥»[22m src/config/config.discord.test.ts:[2m18:5[22m[39m

[31m[2mΓÄ»ΓÄ»ΓÄ»ΓÄ»ΓÄ»ΓÄ»ΓÄ»ΓÄ»ΓÄ»ΓÄ»ΓÄ»ΓÄ»ΓÄ»ΓÄ»ΓÄ»ΓÄ»ΓÄ»ΓÄ»ΓÄ»ΓÄ»ΓÄ»[73/130
]ΓÄ»[22m[39m

[41m[1m FAIL [22m[49m src/config/config.env-vars.test.ts[2m > [22mconfig 
env vars[2m > [22mapplies env vars from env block when missing
[31m[1mAssertionError[22m: expected undefined to be 'config-key' // 
Object.is equality[39m

[32m- Expected:[39m 
"config-key"

[31m+ Received:[39m 
undefined

[36m [2mΓ¥»[22m src/config/config.env-vars.test.ts:[2m26:48[22m[39m
    [90m 24| [39m        [35mconst[39m { loadConfig } [33m=[39m 
[35mawait[39m [35mimport[39m([32m"./config.js"[39m)[33m;[39m
    [90m 25| [39m        [34mloadConfig[39m()[33m;[39m
    [90m 26| [39m        [34mexpect[39m(process[33m.[39menv[33m.[39m[3
3mOPENROUTER_API_KEY[39m)[33m.[39m[34mtoBe[39m([32m"config-key"[39m)[33
m;[39m
    [90m   | [39m                                               [31m^[39m
    [90m 27| [39m      })[33m;[39m
    [90m 28| [39m    })[33m;[39m
[90m [2mΓ¥»[22m withEnvOverride 
src/config/test-helpers.ts:[2m26:12[22m[39m
[90m [2mΓ¥»[22m src/config/config.env-vars.test.ts:[2m23:7[22m[39m
[90m [2mΓ¥»[22m withTempHome test/helpers/temp-home.ts:[2m103:12[22m[39m
[90m [2mΓ¥»[22m src/config/config.env-vars.test.ts:[2m8:5[22m[39m

[31m[2mΓÄ»ΓÄ»ΓÄ»ΓÄ»ΓÄ»ΓÄ»ΓÄ»ΓÄ»ΓÄ»ΓÄ»ΓÄ»ΓÄ»ΓÄ»ΓÄ»ΓÄ»ΓÄ»ΓÄ»ΓÄ»ΓÄ»ΓÄ»ΓÄ»[74/130
]ΓÄ»[22m[39m

[41m[1m FAIL [22m[49m src/config/config.env-vars.test.ts[2m > [22mconfig 
env vars[2m > [22mapplies env vars from env.vars when missing
[31m[1mAssertionError[22m: expected undefined to be 'gsk-config' // 
Object.is equality[39m

[32m- Expected:[39m 
"gsk-config"

[31m+ Received:[39m 
undefined

[36m [2mΓ¥»[22m src/config/config.env-vars.test.ts:[2m74:42[22m[39m
    [90m 72| [39m        [35mconst[39m { loadConfig } [33m=[39m 
[35mawait[39m [35mimport[39m([32m"./config.js"[39m)[33m;[39m
    [90m 73| [39m        [34mloadConfig[39m()[33m;[39m
    [90m 74| [39m        [34mexpect[39m(process[33m.[39menv[33m.[39m[3
3mGROQ_API_KEY[39m)[33m.[39m[34mtoBe[39m([32m"gsk-config"[39m)[33m;[39
m
    [90m   | [39m                                         [31m^[39m
    [90m 75| [39m      })[33m;[39m
    [90m 76| [39m    })[33m;[39m
[90m [2mΓ¥»[22m withEnvOverride 
src/config/test-helpers.ts:[2m26:12[22m[39m
[90m [2mΓ¥»[22m src/config/config.env-vars.test.ts:[2m71:7[22m[39m
[90m [2mΓ¥»[22m withTempHome test/helpers/temp-home.ts:[2m103:12[22m[39m
[90m [2mΓ¥»[22m src/config/config.env-vars.test.ts:[2m56:5[22m[39m

[31m[2mΓÄ»ΓÄ»ΓÄ»ΓÄ»ΓÄ»ΓÄ»ΓÄ»ΓÄ»ΓÄ»ΓÄ»ΓÄ»ΓÄ»ΓÄ»ΓÄ»ΓÄ»ΓÄ»ΓÄ»ΓÄ»ΓÄ»ΓÄ»ΓÄ»[75/130
]ΓÄ»[22m[39m

[41m[1m FAIL [22m[49m src/config/config.identity-defaults.test.ts[2m > 
[22mconfig identity defaults[2m > [22mdefaults ackReactionScope without 
setting ackReaction
[31m[1mAssertionError[22m: expected undefined to be 'group-mentions' // 
Object.is equality[39m

[32m- Expected:[39m 
"group-mentions"

[31m+ Received:[39m 
undefined

[36m [2mΓ¥»[22m 
src/config/config.identity-defaults.test.ts:[2m88:46[22m[39m
    [90m 86| [39m
    [90m 87| [39m      [34mexpect[39m(cfg[33m.[39mmessages[33m?.[39mack
Reaction)[33m.[39m[34mtoBeUndefined[39m()[33m;[39m
    [90m 88| [39m      [34mexpect[39m(cfg[33m.[39mmessages[33m?.[39mack
ReactionScope)[33m.[39m[34mtoBe[39m([32m"group-mentions"[39m)[33m;[39m
    [90m   | [39m                                             [31m^[39m
    [90m 89| [39m    })[33m;[39m
    [90m 90| [39m  })[33m;[39m
[90m [2mΓ¥»[22m withTempHome test/helpers/temp-home.ts:[2m103:12[22m[39m
[90m [2mΓ¥»[22m 
src/config/config.identity-defaults.test.ts:[2m56:5[22m[39m

[31m[2mΓÄ»ΓÄ»ΓÄ»ΓÄ»ΓÄ»ΓÄ»ΓÄ»ΓÄ»ΓÄ»ΓÄ»ΓÄ»ΓÄ»ΓÄ»ΓÄ»ΓÄ»ΓÄ»ΓÄ»ΓÄ»ΓÄ»ΓÄ»ΓÄ»[76/130
]ΓÄ»[22m[39m

[41m[1m FAIL [22m[49m src/config/config.identity-defaults.test.ts[2m > 
[22mconfig identity defaults[2m > [22mkeeps ackReaction unset when identity 
is missing
[31m[1mAssertionError[22m: expected undefined to be 'group-mentions' // 
Object.is equality[39m

[32m- Expected:[39m 
"group-mentions"

[31m+ Received:[39m 
undefined

[36m [2mΓ¥»[22m 
src/config/config.identity-defaults.test.ts:[2m113:46[22m[39m
    [90m111| [39m
    [90m112| [39m      [34mexpect[39m(cfg[33m.[39mmessages[33m?.[39mack
Reaction)[33m.[39m[34mtoBeUndefined[39m()[33m;[39m
    [90m113| [39m      [34mexpect[39m(cfg[33m.[39mmessages[33m?.[39mack
ReactionScope)[33m.[39m[34mtoBe[39m([32m"group-mentions"[39m)[33m;[39m
    [90m   | [39m                                             [31m^[39m
    [90m114| [39m    })[33m;[39m
    [90m115| [39m  })[33m;[39m
[90m [2mΓ¥»[22m withTempHome test/helpers/temp-home.ts:[2m103:12[22m[39m
[90m [2mΓ¥»[22m 
src/config/config.identity-defaults.test.ts:[2m93:5[22m[39m

[31m[2mΓÄ»ΓÄ»ΓÄ»ΓÄ»ΓÄ»ΓÄ»ΓÄ»ΓÄ»ΓÄ»ΓÄ»ΓÄ»ΓÄ»ΓÄ»ΓÄ»ΓÄ»ΓÄ»ΓÄ»ΓÄ»ΓÄ»ΓÄ»ΓÄ»[77/130
]ΓÄ»[22m[39m

[41m[1m FAIL [22m[49m src/config/config.identity-defaults.test.ts[2m > 
[22mconfig identity defaults[2m > [22mdoes not override explicit values
[31m[1mAssertionError[22m: expected undefined to be 'Γ£à' // Object.is 
equality[39m

[32m- Expected:[39m 
"Γ£à"

[31m+ Received:[39m 
undefined

[36m [2mΓ¥»[22m 
src/config/config.identity-defaults.test.ts:[2m152:44[22m[39m
    [90m150| [39m      [35mconst[39m cfg [33m=[39m 
[34mloadConfig[39m()[33m;[39m
    [90m151| [39m
    [90m152| [39m      [34mexpect[39m(cfg[33m.[39mmessages[33m?.[39mres
ponsePrefix)[33m.[39m[34mtoBe[39m([32m"Γ£à"[39m)[33m;[39m
    [90m   | [39m                                           [31m^[39m
    [90m153| [39m      
expect(cfg.agents?.list?.[0]?.groupChat?.mentionPatterns).toEquaΓÇª
    [90m154| [39m    })[33m;[39m
[90m [2mΓ¥»[22m withTempHome test/helpers/temp-home.ts:[2m103:12[22m[39m
[90m [2mΓ¥»[22m 
src/config/config.identity-defaults.test.ts:[2m118:5[22m[39m

[31m[2mΓÄ»ΓÄ»ΓÄ»ΓÄ»ΓÄ»ΓÄ»ΓÄ»ΓÄ»ΓÄ»ΓÄ»ΓÄ»ΓÄ»ΓÄ»ΓÄ»ΓÄ»ΓÄ»ΓÄ»ΓÄ»ΓÄ»ΓÄ»ΓÄ»[78/130
]ΓÄ»[22m[39m

[41m[1m FAIL [22m[49m src/config/config.identity-defaults.test.ts[2m > 
[22mconfig identity defaults[2m > [22msupports provider textChunkLimit 
config
[31m[1mAssertionError[22m: expected undefined to be 4444 // Object.is 
equality[39m

[32m- Expected:[39m 
4444

[31m+ Received:[39m 
undefined

[36m [2mΓ¥»[22m 
src/config/config.identity-defaults.test.ts:[2m191:54[22m[39m
    [90m189| [39m      [35mconst[39m cfg [33m=[39m 
[34mloadConfig[39m()[33m;[39m
    [90m190| [39m
    [90m191| [39m      [34mexpect[39m(cfg[33m.[39mchannels[33m?.[39mwha
tsapp[33m?.[39mtextChunkLimit)[33m.[39m[34mtoBe[39m([34m4444[39m)[33m;
[39m
    [90m   | [39m                                                     
[31m^[39m
    [90m192| [39m      [34mexpect[39m(cfg[33m.[39mchannels[33m?.[39mtel
egram[33m?.[39mtextChunkLimit)[33m.[39m[34mtoBe[39m([34m3333[39m)[33m;
[39m
    [90m193| [39m      [34mexpect[39m(cfg[33m.[39mchannels[33m?.[39mdis
cord[33m?.[39mtextChunkLimit)[33m.[39m[34mtoBe[39m([34m1999[39m)[33m;
[39m
[90m [2mΓ¥»[22m withTempHome test/helpers/temp-home.ts:[2m103:12[22m[39m
[90m [2mΓ¥»[22m 
src/config/config.identity-defaults.test.ts:[2m158:5[22m[39m

[31m[2mΓÄ»ΓÄ»ΓÄ»ΓÄ»ΓÄ»ΓÄ»ΓÄ»ΓÄ»ΓÄ»ΓÄ»ΓÄ»ΓÄ»ΓÄ»ΓÄ»ΓÄ»ΓÄ»ΓÄ»ΓÄ»ΓÄ»ΓÄ»ΓÄ»[79/130
]ΓÄ»[22m[39m

[41m[1m FAIL [22m[49m src/config/config.identity-defaults.test.ts[2m > 
[22mconfig identity defaults[2m > [22maccepts blank model provider apiKey 
values
[31m[1mAssertionError[22m: expected undefined to be 
'https://api.minimax.io/anthropic' // Object.is equality[39m

[32m- Expected:[39m 
"https://api.minimax.io/anthropic"

[31m+ Received:[39m 
undefined

[36m [2mΓ¥»[22m 
src/config/config.identity-defaults.test.ts:[2m248:55[22m[39m
    [90m246| [39m      [35mconst[39m cfg [33m=[39m 
[34mloadConfig[39m()[33m;[39m
    [90m247| [39m
    [90m248| [39m      
expect(cfg.models?.providers?.minimax?.baseUrl).toBe("https://apΓÇª
    [90m   | [39m                                                      
[31m^[39m
    [90m249| [39m    })[33m;[39m
    [90m250| [39m  })[33m;[39m
[90m [2mΓ¥»[22m withTempHome test/helpers/temp-home.ts:[2m103:12[22m[39m
[90m [2mΓ¥»[22m 
src/config/config.identity-defaults.test.ts:[2m204:5[22m[39m

[31m[2mΓÄ»ΓÄ»ΓÄ»ΓÄ»ΓÄ»ΓÄ»ΓÄ»ΓÄ»ΓÄ»ΓÄ»ΓÄ»ΓÄ»ΓÄ»ΓÄ»ΓÄ»ΓÄ»ΓÄ»ΓÄ»ΓÄ»ΓÄ»ΓÄ»[80/130
]ΓÄ»[22m[39m

[41m[1m FAIL [22m[49m src/config/config.identity-defaults.test.ts[2m > 
[22mconfig identity defaults[2m > [22mrespects empty responsePrefix to 
disable identity defaults
[31m[1mAssertionError[22m: expected undefined to be '' // Object.is 
equality[39m

[32m- Expected:[39m 
""

[31m+ Received:[39m 
undefined

[36m [2mΓ¥»[22m 
src/config/config.identity-defaults.test.ts:[2m284:44[22m[39m
    [90m282| [39m      [35mconst[39m cfg [33m=[39m 
[34mloadConfig[39m()[33m;[39m
    [90m283| [39m
    [90m284| [39m      [34mexpect[39m(cfg[33m.[39mmessages[33m?.[39mres
ponsePrefix)[33m.[39m[34mtoBe[39m([32m""[39m)[33m;[39m
    [90m   | [39m                                           [31m^[39m
    [90m285| [39m    })[33m;[39m
    [90m286| [39m  })[33m;[39m
[90m [2mΓ¥»[22m withTempHome test/helpers/temp-home.ts:[2m103:12[22m[39m
[90m [2mΓ¥»[22m 
src/config/config.identity-defaults.test.ts:[2m253:5[22m[39m

[31m[2mΓÄ»ΓÄ»ΓÄ»ΓÄ»ΓÄ»ΓÄ»ΓÄ»ΓÄ»ΓÄ»ΓÄ»ΓÄ»ΓÄ»ΓÄ»ΓÄ»ΓÄ»ΓÄ»ΓÄ»ΓÄ»ΓÄ»ΓÄ»ΓÄ»[81/130
]ΓÄ»[22m[39m

[41m[1m FAIL [22m[49m src/config/config.identity-defaults.test.ts[2m > 
[22mconfig identity defaults[2m > [22mdoes not synthesize agent 
list/session when absent
[31m[1mAssertionError[22m: expected undefined to be 4 // Object.is 
equality[39m

[32m- Expected:[39m 
4

[31m+ Received:[39m 
undefined

[36m [2mΓ¥»[22m 
src/config/config.identity-defaults.test.ts:[2m311:51[22m[39m
    [90m309| [39m      [34mexpect[39m(cfg[33m.[39mmessages[33m?.[39mgro
upChat[33m?.[39mmentionPatterns)[33m.[39m[34mtoBeUndefined[39m()[33m;[3
9m
    [90m310| [39m      [34mexpect[39m(cfg[33m.[39magents[33m?.[39mlist)
[33m.[39m[34mtoBeUndefined[39m()[33m;[39m
    [90m311| [39m      
expect(cfg.agents?.defaults?.maxConcurrent).toBe(DEFAULT_AGENT_MΓÇª
    [90m   | [39m                                                  
[31m^[39m
    [90m312| [39m      
expect(cfg.agents?.defaults?.subagents?.maxConcurrent).toBe(DEFAΓÇª
    [90m313| [39m      [34mexpect[39m(cfg[33m.[39msession)[33m.[39m[34
mtoBeUndefined[39m()[33m;[39m
[90m [2mΓ¥»[22m withTempHome test/helpers/temp-home.ts:[2m103:12[22m[39m
[90m [2mΓ¥»[22m 
src/config/config.identity-defaults.test.ts:[2m289:5[22m[39m

[31m[2mΓÄ»ΓÄ»ΓÄ»ΓÄ»ΓÄ»ΓÄ»ΓÄ»ΓÄ»ΓÄ»ΓÄ»ΓÄ»ΓÄ»ΓÄ»ΓÄ»ΓÄ»ΓÄ»ΓÄ»ΓÄ»ΓÄ»ΓÄ»ΓÄ»[82/130
]ΓÄ»[22m[39m

[41m[1m FAIL [22m[49m src/config/config.legacy-config-detection.accepts-ime
ssage-dmpolicy.test.ts[2m > [22mlegacy config detection[2m > [22mflags 
legacy config in snapshot
[31m[1mAssertionError[22m: expected true to be false // Object.is 
equality[39m

[32m- Expected[39m
[31m+ Received[39m

[32m- false[39m
[31m+ true[39m

[36m [2mΓ¥»[22m src/config/config.legacy-config-detection.accepts-imessage-d
mpolicy.test.ts:[2m191:26[22m[39m
    [90m189| [39m      [35mconst[39m snap [33m=[39m [35mawait[39m 
[34mreadConfigFileSnapshot[39m()[33m;[39m
    [90m190| [39m
    [90m191| [39m      [34mexpect[39m(snap[33m.[39mvalid)[33m.[39m[34m
toBe[39m([35mfalse[39m)[33m;[39m
    [90m   | [39m                         [31m^[39m
    [90m192| [39m      expect(snap.legacyIssues.some((issue) => issue.path 
=== "routingΓÇª
    [90m193| [39m
[90m [2mΓ¥»[22m withTempHome test/helpers/temp-home.ts:[2m103:12[22m[39m
[90m [2mΓ¥»[22m src/config/config.legacy-config-detection.accepts-imessage-d
mpolicy.test.ts:[2m178:5[22m[39m

[31m[2mΓÄ»ΓÄ»ΓÄ»ΓÄ»ΓÄ»ΓÄ»ΓÄ»ΓÄ»ΓÄ»ΓÄ»ΓÄ»ΓÄ»ΓÄ»ΓÄ»ΓÄ»ΓÄ»ΓÄ»ΓÄ»ΓÄ»ΓÄ»ΓÄ»[83/130
]ΓÄ»[22m[39m

[41m[1m FAIL [22m[49m src/config/config.legacy-config-detection.accepts-ime
ssage-dmpolicy.test.ts[2m > [22mlegacy config detection[2m > [22mdoes not 
auto-migrate claude-cli auth profile mode on load
[31m[1mAssertionError[22m: expected undefined to be 'token' // Object.is 
equality[39m

[32m- Expected:[39m 
"token"

[31m+ Received:[39m 
undefined

[36m [2mΓ¥»[22m src/config/config.legacy-config-detection.accepts-imessage-d
mpolicy.test.ts:[2m226:66[22m[39m
    [90m224| [39m      [35mconst[39m { loadConfig } [33m=[39m 
[35mawait[39m [35mimport[39m([32m"./config.js"[39m)[33m;[39m
    [90m225| [39m      [35mconst[39m cfg [33m=[39m 
[34mloadConfig[39m()[33m;[39m
    [90m226| [39m      
expect(cfg.auth?.profiles?.["anthropic:claude-cli"]?.mode).toBe(ΓÇª
    [90m   | [39m                                                            
     [31m^[39m
    [90m227| [39m
    [90m228| [39m      [35mconst[39m raw [33m=[39m [35mawait[39m 
fs[33m.[39m[34mreadFile[39m(configPath[33m,[39m 
[32m"utf-8"[39m)[33m;[39m
[90m [2mΓ¥»[22m withTempHome test/helpers/temp-home.ts:[2m103:12[22m[39m
[90m [2mΓ¥»[22m src/config/config.legacy-config-detection.accepts-imessage-d
mpolicy.test.ts:[2m204:5[22m[39m

[31m[2mΓÄ»ΓÄ»ΓÄ»ΓÄ»ΓÄ»ΓÄ»ΓÄ»ΓÄ»ΓÄ»ΓÄ»ΓÄ»ΓÄ»ΓÄ»ΓÄ»ΓÄ»ΓÄ»ΓÄ»ΓÄ»ΓÄ»ΓÄ»ΓÄ»[84/130
]ΓÄ»[22m[39m

[41m[1m FAIL [22m[49m src/config/config.legacy-config-detection.accepts-ime
ssage-dmpolicy.test.ts[2m > [22mlegacy config detection[2m > [22mflags 
legacy provider sections in snapshot
[31m[1mAssertionError[22m: expected true to be false // Object.is 
equality[39m

[32m- Expected[39m
[31m+ Received[39m

[32m- false[39m
[31m+ true[39m

[36m [2mΓ¥»[22m src/config/config.legacy-config-detection.accepts-imessage-d
mpolicy.test.ts:[2m249:26[22m[39m
    [90m247| [39m      [35mconst[39m snap [33m=[39m [35mawait[39m 
[34mreadConfigFileSnapshot[39m()[33m;[39m
    [90m248| [39m
    [90m249| [39m      [34mexpect[39m(snap[33m.[39mvalid)[33m.[39m[34m
toBe[39m([35mfalse[39m)[33m;[39m
    [90m   | [39m                         [31m^[39m
    [90m250| [39m      expect(snap.legacyIssues.some((issue) => issue.path 
=== "whatsapΓÇª
    [90m251| [39m
[90m [2mΓ¥»[22m withTempHome test/helpers/temp-home.ts:[2m103:12[22m[39m
[90m [2mΓ¥»[22m src/config/config.legacy-config-detection.accepts-imessage-d
mpolicy.test.ts:[2m236:5[22m[39m

[31m[2mΓÄ»ΓÄ»ΓÄ»ΓÄ»ΓÄ»ΓÄ»ΓÄ»ΓÄ»ΓÄ»ΓÄ»ΓÄ»ΓÄ»ΓÄ»ΓÄ»ΓÄ»ΓÄ»ΓÄ»ΓÄ»ΓÄ»ΓÄ»ΓÄ»[85/130
]ΓÄ»[22m[39m

[41m[1m FAIL [22m[49m src/config/config.legacy-config-detection.accepts-ime
ssage-dmpolicy.test.ts[2m > [22mlegacy config detection[2m > [22mflags 
routing.allowFrom in snapshot
[31m[1mAssertionError[22m: expected true to be false // Object.is 
equality[39m

[32m- Expected[39m
[31m+ Received[39m

[32m- false[39m
[31m+ true[39m

[36m [2mΓ¥»[22m src/config/config.legacy-config-detection.accepts-imessage-d
mpolicy.test.ts:[2m275:26[22m[39m
    [90m273| [39m      [35mconst[39m snap [33m=[39m [35mawait[39m 
[34mreadConfigFileSnapshot[39m()[33m;[39m
    [90m274| [39m
    [90m275| [39m      [34mexpect[39m(snap[33m.[39mvalid)[33m.[39m[34m
toBe[39m([35mfalse[39m)[33m;[39m
    [90m   | [39m                         [31m^[39m
    [90m276| [39m      expect(snap.legacyIssues.some((issue) => issue.path 
=== "routingΓÇª
    [90m277| [39m
[90m [2mΓ¥»[22m withTempHome test/helpers/temp-home.ts:[2m103:12[22m[39m
[90m [2mΓ¥»[22m src/config/config.legacy-config-detection.accepts-imessage-d
mpolicy.test.ts:[2m262:5[22m[39m

[31m[2mΓÄ»ΓÄ»ΓÄ»ΓÄ»ΓÄ»ΓÄ»ΓÄ»ΓÄ»ΓÄ»ΓÄ»ΓÄ»ΓÄ»ΓÄ»ΓÄ»ΓÄ»ΓÄ»ΓÄ»ΓÄ»ΓÄ»ΓÄ»ΓÄ»[86/130
]ΓÄ»[22m[39m

[41m[1m FAIL [22m[49m src/config/config.legacy-config-detection.accepts-ime
ssage-dmpolicy.test.ts[2m > [22mlegacy config detection[2m > [22mrejects 
bindings[].match.provider on load
[31m[1mAssertionError[22m: expected true to be false // Object.is 
equality[39m

[32m- Expected[39m
[31m+ Received[39m

[32m- false[39m
[31m+ true[39m

[36m [2mΓ¥»[22m src/config/config.legacy-config-detection.accepts-imessage-d
mpolicy.test.ts:[2m307:26[22m[39m
    [90m305| [39m      [35mconst[39m snap [33m=[39m [35mawait[39m 
[34mreadConfigFileSnapshot[39m()[33m;[39m
    [90m306| [39m
    [90m307| [39m      [34mexpect[39m(snap[33m.[39mvalid)[33m.[39m[34m
toBe[39m([35mfalse[39m)[33m;[39m
    [90m   | [39m                         [31m^[39m
    [90m308| [39m      [34mexpect[39m(snap[33m.[39missues[33m.[39mlengt
h)[33m.[39m[34mtoBeGreaterThan[39m([34m0[39m)[33m;[39m
    [90m309| [39m
[90m [2mΓ¥»[22m withTempHome test/helpers/temp-home.ts:[2m103:12[22m[39m
[90m [2mΓ¥»[22m src/config/config.legacy-config-detection.accepts-imessage-d
mpolicy.test.ts:[2m288:5[22m[39m

[31m[2mΓÄ»ΓÄ»ΓÄ»ΓÄ»ΓÄ»ΓÄ»ΓÄ»ΓÄ»ΓÄ»ΓÄ»ΓÄ»ΓÄ»ΓÄ»ΓÄ»ΓÄ»ΓÄ»ΓÄ»ΓÄ»ΓÄ»ΓÄ»ΓÄ»[87/130
]ΓÄ»[22m[39m

[41m[1m FAIL [22m[49m src/config/config.legacy-config-detection.accepts-ime
ssage-dmpolicy.test.ts[2m > [22mlegacy config detection[2m > [22mrejects 
bindings[].match.accountID on load
[31m[1mAssertionError[22m: expected true to be false // Object.is 
equality[39m

[32m- Expected[39m
[31m+ Received[39m

[32m- false[39m
[31m+ true[39m

[36m [2mΓ¥»[22m src/config/config.legacy-config-detection.accepts-imessage-d
mpolicy.test.ts:[2m337:26[22m[39m
    [90m335| [39m      [35mconst[39m snap [33m=[39m [35mawait[39m 
[34mreadConfigFileSnapshot[39m()[33m;[39m
    [90m336| [39m
    [90m337| [39m      [34mexpect[39m(snap[33m.[39mvalid)[33m.[39m[34m
toBe[39m([35mfalse[39m)[33m;[39m
    [90m   | [39m                         [31m^[39m
    [90m338| [39m      [34mexpect[39m(snap[33m.[39missues[33m.[39mlengt
h)[33m.[39m[34mtoBeGreaterThan[39m([34m0[39m)[33m;[39m
    [90m339| [39m
[90m [2mΓ¥»[22m withTempHome test/helpers/temp-home.ts:[2m103:12[22m[39m
[90m [2mΓ¥»[22m src/config/config.legacy-config-detection.accepts-imessage-d
mpolicy.test.ts:[2m318:5[22m[39m

[31m[2mΓÄ»ΓÄ»ΓÄ»ΓÄ»ΓÄ»ΓÄ»ΓÄ»ΓÄ»ΓÄ»ΓÄ»ΓÄ»ΓÄ»ΓÄ»ΓÄ»ΓÄ»ΓÄ»ΓÄ»ΓÄ»ΓÄ»ΓÄ»ΓÄ»[88/130
]ΓÄ»[22m[39m

[41m[1m FAIL [22m[49m src/config/config.legacy-config-detection.accepts-ime
ssage-dmpolicy.test.ts[2m > [22mlegacy config detection[2m > [22mrejects 
session.sendPolicy.rules[].match.provider on load
[31m[1mAssertionError[22m: expected true to be false // Object.is 
equality[39m

[32m- Expected[39m
[31m+ Received[39m

[32m- false[39m
[31m+ true[39m

[36m [2mΓ¥»[22m src/config/config.legacy-config-detection.accepts-imessage-d
mpolicy.test.ts:[2m371:26[22m[39m
    [90m369| [39m      [35mconst[39m snap [33m=[39m [35mawait[39m 
[34mreadConfigFileSnapshot[39m()[33m;[39m
    [90m370| [39m
    [90m371| [39m      [34mexpect[39m(snap[33m.[39mvalid)[33m.[39m[34m
toBe[39m([35mfalse[39m)[33m;[39m
    [90m   | [39m                         [31m^[39m
    [90m372| [39m      [34mexpect[39m(snap[33m.[39missues[33m.[39mlengt
h)[33m.[39m[34mtoBeGreaterThan[39m([34m0[39m)[33m;[39m
    [90m373| [39m
[90m [2mΓ¥»[22m withTempHome test/helpers/temp-home.ts:[2m103:12[22m[39m
[90m [2mΓ¥»[22m src/config/config.legacy-config-detection.accepts-imessage-d
mpolicy.test.ts:[2m348:5[22m[39m

[31m[2mΓÄ»ΓÄ»ΓÄ»ΓÄ»ΓÄ»ΓÄ»ΓÄ»ΓÄ»ΓÄ»ΓÄ»ΓÄ»ΓÄ»ΓÄ»ΓÄ»ΓÄ»ΓÄ»ΓÄ»ΓÄ»ΓÄ»ΓÄ»ΓÄ»[89/130
]ΓÄ»[22m[39m

[41m[1m FAIL [22m[49m src/config/config.legacy-config-detection.accepts-ime
ssage-dmpolicy.test.ts[2m > [22mlegacy config detection[2m > [22mrejects 
messages.queue.byProvider on load
[31m[1mAssertionError[22m: expected true to be false // Object.is 
equality[39m

[32m- Expected[39m
[31m+ Received[39m

[32m- false[39m
[31m+ true[39m

[36m [2mΓ¥»[22m src/config/config.legacy-config-detection.accepts-imessage-d
mpolicy.test.ts:[2m395:26[22m[39m
    [90m393| [39m      [35mconst[39m snap [33m=[39m [35mawait[39m 
[34mreadConfigFileSnapshot[39m()[33m;[39m
    [90m394| [39m
    [90m395| [39m      [34mexpect[39m(snap[33m.[39mvalid)[33m.[39m[34m
toBe[39m([35mfalse[39m)[33m;[39m
    [90m   | [39m                         [31m^[39m
    [90m396| [39m      [34mexpect[39m(snap[33m.[39missues[33m.[39mlengt
h)[33m.[39m[34mtoBeGreaterThan[39m([34m0[39m)[33m;[39m
    [90m397| [39m
[90m [2mΓ¥»[22m withTempHome test/helpers/temp-home.ts:[2m103:12[22m[39m
[90m [2mΓ¥»[22m src/config/config.legacy-config-detection.accepts-imessage-d
mpolicy.test.ts:[2m382:5[22m[39m

[31m[2mΓÄ»ΓÄ»ΓÄ»ΓÄ»ΓÄ»ΓÄ»ΓÄ»ΓÄ»ΓÄ»ΓÄ»ΓÄ»ΓÄ»ΓÄ»ΓÄ»ΓÄ»ΓÄ»ΓÄ»ΓÄ»ΓÄ»ΓÄ»ΓÄ»[90/130
]ΓÄ»[22m[39m

[41m[1m FAIL [22m[49m 
src/config/config.multi-agent-agentdir-validation.test.ts[2m > 
[22mmulti-agent agentDir validation[2m > [22mthrows on shared agentDir 
during loadConfig()
[31m[1mAssertionError[22m: expected [Function] to throw an error[39m

[32m- Expected:[39m 
null

[31m+ Received:[39m 
undefined

[36m [2mΓ¥»[22m 
src/config/config.multi-agent-agentdir-validation.test.ts:[2m52:34[22m[39m
    [90m 50| [39m      const spy = vi.spyOn(console, 
"error").mockImplementation(() => ΓÇª
    [90m 51| [39m      [35mconst[39m { loadConfig } [33m=[39m 
[35mawait[39m [35mimport[39m([32m"./config.js"[39m)[33m;[39m
    [90m 52| [39m      [34mexpect[39m(() [33m=>[39m 
[34mloadConfig[39m())[33m.[39m[34mtoThrow[39m([36m/duplicate 
agentDir/i[39m)[33m;[39m
    [90m   | [39m                                 [31m^[39m
    [90m 53| [39m      expect(spy.mock.calls.flat().join(" 
")).toMatch(/Duplicate agentΓÇª
    [90m 54| [39m      spy[33m.[39m[34mmockRestore[39m()[33m;[39m
[90m [2mΓ¥»[22m withTempHome test/helpers/temp-home.ts:[2m103:12[22m[39m
[90m [2mΓ¥»[22m 
src/config/config.multi-agent-agentdir-validation.test.ts:[2m28:5[22m[39m

[31m[2mΓÄ»ΓÄ»ΓÄ»ΓÄ»ΓÄ»ΓÄ»ΓÄ»ΓÄ»ΓÄ»ΓÄ»ΓÄ»ΓÄ»ΓÄ»ΓÄ»ΓÄ»ΓÄ»ΓÄ»ΓÄ»ΓÄ»ΓÄ»ΓÄ»[91/130
]ΓÄ»[22m[39m

[41m[1m FAIL [22m[49m 
src/config/config.nix-integration-u3-u5-u9.test.ts[2m > [22mNix integration 
(U3, U5, U9)[2m > [22mU5: CONFIG_PATH and STATE_DIR env var overrides[2m > 
[22mSTATE_DIR defaults to ~/.openclaw when env not set
[31m[1mAssertionError[22m: expected 
'C:\Users\Shubham\AppData\Local\Temp\gΓÇª' to match /\.openclaw$/[39m

[32m- Expected:[39m 
/\.openclaw$/

[31m+ Received:[39m 
"C:\\Users\\Shubham\\AppData\\Local\\Temp\\gensparx-test-home-8z5ZMN\\.gensparx
"

[36m [2mΓ¥»[22m 
src/config/config.nix-integration-u3-u5-u9.test.ts:[2m41:27[22m[39m
    [90m 39| [39m      await withEnvOverride({ OPENCLAW_STATE_DIR: undefined 
}, async (ΓÇª
    [90m 40| [39m        [35mconst[39m { [33mSTATE_DIR[39m } [33m=[39m 
[35mawait[39m [35mimport[39m([32m"./config.js"[39m)[33m;[39m
    [90m 41| [39m        [34mexpect[39m([33mSTATE_DIR[39m)[33m.[39m[34
mtoMatch[39m([36m/\.openclaw$/[39m)[33m;[39m
    [90m   | [39m                          [31m^[39m
    [90m 42| [39m      })[33m;[39m
    [90m 43| [39m    })[33m;[39m
[90m [2mΓ¥»[22m withEnvOverride 
src/config/test-helpers.ts:[2m26:12[22m[39m
[90m [2mΓ¥»[22m 
src/config/config.nix-integration-u3-u5-u9.test.ts:[2m39:7[22m[39m

[31m[2mΓÄ»ΓÄ»ΓÄ»ΓÄ»ΓÄ»ΓÄ»ΓÄ»ΓÄ»ΓÄ»ΓÄ»ΓÄ»ΓÄ»ΓÄ»ΓÄ»ΓÄ»ΓÄ»ΓÄ»ΓÄ»ΓÄ»ΓÄ»ΓÄ»[92/130
]ΓÄ»[22m[39m

[41m[1m FAIL [22m[49m 
src/config/config.nix-integration-u3-u5-u9.test.ts[2m > [22mNix integration 
(U3, U5, U9)[2m > [22mU5: CONFIG_PATH and STATE_DIR env var overrides[2m > 
[22mSTATE_DIR respects OPENCLAW_STATE_DIR override
[31m[1mAssertionError[22m: expected 
'C:\Users\Shubham\AppData\Local\Temp\gΓÇª' to be 'C:\custom\state\dir' // 
Object.is equality[39m

Expected: [32m"C:\[7mcustom\state\dir[27m"[39m
Received: [31m"C:\[7mUsers\Shubham\AppData\Local\Temp\gensparx-test-home-8z5Z
MN\.gensparx[27m"[39m

[36m [2mΓ¥»[22m 
src/config/config.nix-integration-u3-u5-u9.test.ts:[2m48:27[22m[39m
    [90m 46| [39m      await withEnvOverride({ OPENCLAW_STATE_DIR: 
"/custom/state/dir" ΓÇª
    [90m 47| [39m        [35mconst[39m { [33mSTATE_DIR[39m } [33m=[39m 
[35mawait[39m [35mimport[39m([32m"./config.js"[39m)[33m;[39m
    [90m 48| [39m        [34mexpect[39m([33mSTATE_DIR[39m)[33m.[39m[34
mtoBe[39m(path[33m.[39m[34mresolve[39m([32m"/custom/state/dir"[39m))[33
m;[39m
    [90m   | [39m                          [31m^[39m
    [90m 49| [39m      })[33m;[39m
    [90m 50| [39m    })[33m;[39m
[90m [2mΓ¥»[22m withEnvOverride 
src/config/test-helpers.ts:[2m26:12[22m[39m
[90m [2mΓ¥»[22m 
src/config/config.nix-integration-u3-u5-u9.test.ts:[2m46:7[22m[39m

[31m[2mΓÄ»ΓÄ»ΓÄ»ΓÄ»ΓÄ»ΓÄ»ΓÄ»ΓÄ»ΓÄ»ΓÄ»ΓÄ»ΓÄ»ΓÄ»ΓÄ»ΓÄ»ΓÄ»ΓÄ»ΓÄ»ΓÄ»ΓÄ»ΓÄ»[93/130
]ΓÄ»[22m[39m

[41m[1m FAIL [22m[49m 
src/config/config.nix-integration-u3-u5-u9.test.ts[2m > [22mNix integration 
(U3, U5, U9)[2m > [22mU5: CONFIG_PATH and STATE_DIR env var overrides[2m > 
[22mCONFIG_PATH defaults to ~/.openclaw/openclaw.json when env not set
[31m[1mAssertionError[22m: expected 
'C:\Users\Shubham\AppData\Local\Temp\gΓÇª' to match 
/\.openclaw[\\/]openclΓÇª/]openclaw\.json$[39m

[32m- Expected:[39m 
/\.openclaw[\\/]openclaw\.json$/

[31m+ Received:[39m 
"C:\\Users\\Shubham\\AppData\\Local\\Temp\\gensparx-test-home-8z5ZMN\\.gensparx
\\gensparx.json"

[36m [2mΓ¥»[22m 
src/config/config.nix-integration-u3-u5-u9.test.ts:[2m57:31[22m[39m
    [90m 55| [39m        [35masync[39m () [33m=>[39m {
    [90m 56| [39m          [35mconst[39m { [33mCONFIG_PATH[39m } 
[33m=[39m [35mawait[39m 
[35mimport[39m([32m"./config.js"[39m)[33m;[39m
    [90m 57| [39m          
expect(CONFIG_PATH).toMatch(/\.openclaw[\\/]openclaw\.json$/ΓÇª
    [90m   | [39m                              [31m^[39m
    [90m 58| [39m        }[33m,[39m
    [90m 59| [39m      )[33m;[39m
[90m [2mΓ¥»[22m withEnvOverride 
src/config/test-helpers.ts:[2m26:12[22m[39m
[90m [2mΓ¥»[22m 
src/config/config.nix-integration-u3-u5-u9.test.ts:[2m53:7[22m[39m

[31m[2mΓÄ»ΓÄ»ΓÄ»ΓÄ»ΓÄ»ΓÄ»ΓÄ»ΓÄ»ΓÄ»ΓÄ»ΓÄ»ΓÄ»ΓÄ»ΓÄ»ΓÄ»ΓÄ»ΓÄ»ΓÄ»ΓÄ»ΓÄ»ΓÄ»[94/130
]ΓÄ»[22m[39m

[41m[1m FAIL [22m[49m 
src/config/config.nix-integration-u3-u5-u9.test.ts[2m > [22mNix integration 
(U3, U5, U9)[2m > [22mU5: CONFIG_PATH and STATE_DIR env var overrides[2m > 
[22mCONFIG_PATH uses STATE_DIR when only state dir is overridden
[31m[1mAssertionError[22m: expected 
'C:\Users\Shubham\AppData\Local\Temp\gΓÇª' to be 
'C:\custom\state\openclaw.json' // Object.is equality[39m

Expected: [32m"C:\[7mcustom\state\openclaw[27m.json"[39m
Received: [31m"C:\[7mUsers\Shubham\AppData\Local\Temp\gensparx-test-home-8z5Z
MN\.gensparx\gensparx[27m.json"[39m

[36m [2mΓ¥»[22m 
src/config/config.nix-integration-u3-u5-u9.test.ts:[2m86:31[22m[39m
    [90m 84| [39m        [35masync[39m () [33m=>[39m {
    [90m 85| [39m          [35mconst[39m { [33mCONFIG_PATH[39m } 
[33m=[39m [35mawait[39m 
[35mimport[39m([32m"./config.js"[39m)[33m;[39m
    [90m 86| [39m          
expect(CONFIG_PATH).toBe(path.join(path.resolve("/custom/staΓÇª
    [90m   | [39m                              [31m^[39m
    [90m 87| [39m        }[33m,[39m
    [90m 88| [39m      )[33m;[39m
[90m [2mΓ¥»[22m withEnvOverride 
src/config/test-helpers.ts:[2m26:12[22m[39m
[90m [2mΓ¥»[22m 
src/config/config.nix-integration-u3-u5-u9.test.ts:[2m79:7[22m[39m

[31m[2mΓÄ»ΓÄ»ΓÄ»ΓÄ»ΓÄ»ΓÄ»ΓÄ»ΓÄ»ΓÄ»ΓÄ»ΓÄ»ΓÄ»ΓÄ»ΓÄ»ΓÄ»ΓÄ»ΓÄ»ΓÄ»ΓÄ»ΓÄ»ΓÄ»[95/130
]ΓÄ»[22m[39m

[41m[1m FAIL [22m[49m 
src/config/config.nix-integration-u3-u5-u9.test.ts[2m > [22mNix integration 
(U3, U5, U9)[2m > [22mU5b: tilde expansion for config paths[2m > 
[22mexpands ~ in common path-ish config fields
[31m[1mAssertionError[22m: expected undefined to be 
'C:\Users\Shubham\AppData\Local\Temp\oΓÇª' // Object.is equality[39m

[32m- Expected:[39m 
"C:\\Users\\Shubham\\AppData\\Local\\Temp\\openclaw-config-0TEYsL\\plugins\\dem
o-plugin"

[31m+ Received:[39m 
undefined

[36m [2mΓ¥»[22m 
src/config/config.nix-integration-u3-u5-u9.test.ts:[2m156:47[22m[39m
    [90m154| [39m        [35mconst[39m cfg [33m=[39m 
[34mloadConfig[39m()[33m;[39m
    [90m155| [39m
    [90m156| [39m        
expect(cfg.plugins?.load?.paths?.[0]).toBe(path.join(home, "plΓÇª
    [90m   | [39m                                              [31m^[39m
    [90m157| [39m        
expect(cfg.agents?.defaults?.workspace).toBe(path.join(home, "ΓÇª
    [90m158| [39m        
expect(cfg.agents?.list?.[0]?.workspace).toBe(path.join(home, ΓÇª
[90m [2mΓ¥»[22m withTempHome test/helpers/temp-home.ts:[2m103:12[22m[39m
[90m [2mΓ¥»[22m 
src/config/config.nix-integration-u3-u5-u9.test.ts:[2m94:7[22m[39m

[31m[2mΓÄ»ΓÄ»ΓÄ»ΓÄ»ΓÄ»ΓÄ»ΓÄ»ΓÄ»ΓÄ»ΓÄ»ΓÄ»ΓÄ»ΓÄ»ΓÄ»ΓÄ»ΓÄ»ΓÄ»ΓÄ»ΓÄ»ΓÄ»ΓÄ»[96/130
]ΓÄ»[22m[39m

[41m[1m FAIL [22m[49m 
src/config/config.nix-integration-u3-u5-u9.test.ts[2m > [22mNix integration 
(U3, U5, U9)[2m > [22mU9: telegram.tokenFile schema validation[2m > 
[22maccepts config with only botToken
[31m[1mAssertionError[22m: expected undefined to be '123:ABC' // Object.is 
equality[39m

[32m- Expected:[39m 
"123:ABC"

[31m+ Received:[39m 
undefined

[36m [2mΓ¥»[22m 
src/config/config.nix-integration-u3-u5-u9.test.ts:[2m209:50[22m[39m
    [90m207| [39m        [35mconst[39m { loadConfig } [33m=[39m 
[35mawait[39m [35mimport[39m([32m"./config.js"[39m)[33m;[39m
    [90m208| [39m        [35mconst[39m cfg [33m=[39m 
[34mloadConfig[39m()[33m;[39m
    [90m209| [39m        [34mexpect[39m(cfg[33m.[39mchannels[33m?.[39mt
elegram[33m?.[39mbotToken)[33m.[39m[34mtoBe[39m([32m"123:ABC"[39m)[33m
;[39m
    [90m   | [39m                                                 [31m^[39m
    [90m210| [39m        [34mexpect[39m(cfg[33m.[39mchannels[33m?.[39mt
elegram[33m?.[39mtokenFile)[33m.[39m[34mtoBeUndefined[39m()[33m;[39m
    [90m211| [39m      })[33m;[39m
[90m [2mΓ¥»[22m withTempHome test/helpers/temp-home.ts:[2m103:12[22m[39m
[90m [2mΓ¥»[22m 
src/config/config.nix-integration-u3-u5-u9.test.ts:[2m195:7[22m[39m

[31m[2mΓÄ»ΓÄ»ΓÄ»ΓÄ»ΓÄ»ΓÄ»ΓÄ»ΓÄ»ΓÄ»ΓÄ»ΓÄ»ΓÄ»ΓÄ»ΓÄ»ΓÄ»ΓÄ»ΓÄ»ΓÄ»ΓÄ»ΓÄ»ΓÄ»[97/130
]ΓÄ»[22m[39m

[41m[1m FAIL [22m[49m 
src/config/config.nix-integration-u3-u5-u9.test.ts[2m > [22mNix integration 
(U3, U5, U9)[2m > [22mU9: telegram.tokenFile schema validation[2m > 
[22maccepts config with only tokenFile
[31m[1mAssertionError[22m: expected undefined to be 
'/run/agenix/telegram-token' // Object.is equality[39m

[32m- Expected:[39m 
"/run/agenix/telegram-token"

[31m+ Received:[39m 
undefined

[36m [2mΓ¥»[22m 
src/config/config.nix-integration-u3-u5-u9.test.ts:[2m229:51[22m[39m
    [90m227| [39m        [35mconst[39m { loadConfig } [33m=[39m 
[35mawait[39m [35mimport[39m([32m"./config.js"[39m)[33m;[39m
    [90m228| [39m        [35mconst[39m cfg [33m=[39m 
[34mloadConfig[39m()[33m;[39m
    [90m229| [39m        
expect(cfg.channels?.telegram?.tokenFile).toBe("/run/agenix/teΓÇª
    [90m   | [39m                                                  
[31m^[39m
    [90m230| [39m        [34mexpect[39m(cfg[33m.[39mchannels[33m?.[39mt
elegram[33m?.[39mbotToken)[33m.[39m[34mtoBeUndefined[39m()[33m;[39m
    [90m231| [39m      })[33m;[39m
[90m [2mΓ¥»[22m withTempHome test/helpers/temp-home.ts:[2m103:12[22m[39m
[90m [2mΓ¥»[22m 
src/config/config.nix-integration-u3-u5-u9.test.ts:[2m215:7[22m[39m

[31m[2mΓÄ»ΓÄ»ΓÄ»ΓÄ»ΓÄ»ΓÄ»ΓÄ»ΓÄ»ΓÄ»ΓÄ»ΓÄ»ΓÄ»ΓÄ»ΓÄ»ΓÄ»ΓÄ»ΓÄ»ΓÄ»ΓÄ»ΓÄ»ΓÄ»[98/130
]ΓÄ»[22m[39m

[41m[1m FAIL [22m[49m 
src/config/config.nix-integration-u3-u5-u9.test.ts[2m > [22mNix integration 
(U3, U5, U9)[2m > [22mU9: telegram.tokenFile schema validation[2m > 
[22maccepts config with both botToken and tokenFile
[31m[1mAssertionError[22m: expected undefined to be 'fallback:token' // 
Object.is equality[39m

[32m- Expected:[39m 
"fallback:token"

[31m+ Received:[39m 
undefined

[36m [2mΓ¥»[22m 
src/config/config.nix-integration-u3-u5-u9.test.ts:[2m254:50[22m[39m
    [90m252| [39m        [35mconst[39m { loadConfig } [33m=[39m 
[35mawait[39m [35mimport[39m([32m"./config.js"[39m)[33m;[39m
    [90m253| [39m        [35mconst[39m cfg [33m=[39m 
[34mloadConfig[39m()[33m;[39m
    [90m254| [39m        
expect(cfg.channels?.telegram?.botToken).toBe("fallback:token"ΓÇª
    [90m   | [39m                                                 [31m^[39m
    [90m255| [39m        
expect(cfg.channels?.telegram?.tokenFile).toBe("/run/agenix/teΓÇª
    [90m256| [39m      })[33m;[39m
[90m [2mΓ¥»[22m withTempHome test/helpers/temp-home.ts:[2m103:12[22m[39m
[90m [2mΓ¥»[22m 
src/config/config.nix-integration-u3-u5-u9.test.ts:[2m235:7[22m[39m

[31m[2mΓÄ»ΓÄ»ΓÄ»ΓÄ»ΓÄ»ΓÄ»ΓÄ»ΓÄ»ΓÄ»ΓÄ»ΓÄ»ΓÄ»ΓÄ»ΓÄ»ΓÄ»ΓÄ»ΓÄ»ΓÄ»ΓÄ»ΓÄ»ΓÄ»[99/130
]ΓÄ»[22m[39m

[41m[1m FAIL [22m[49m 
src/config/config.preservation-on-validation-failure.test.ts[2m > [22mconfig 
strict validation[2m > [22mflags legacy config entries without auto-migrating
[31m[1mAssertionError[22m: expected true to be false // Object.is 
equality[39m

[32m- Expected[39m
[31m+ Received[39m

[32m- false[39m
[31m+ true[39m

[36m [2mΓ¥»[22m src/config/config.preservation-on-validation-failure.test.ts
:[2m34:26[22m[39m
    [90m 32| [39m      [35mconst[39m snap [33m=[39m [35mawait[39m 
[34mreadConfigFileSnapshot[39m()[33m;[39m
    [90m 33| [39m
    [90m 34| [39m      [34mexpect[39m(snap[33m.[39mvalid)[33m.[39m[34m
toBe[39m([35mfalse[39m)[33m;[39m
    [90m   | [39m                         [31m^[39m
    [90m 35| [39m      [34mexpect[39m(snap[33m.[39mlegacyIssues)[33m.[3
9mnot[33m.[39m[34mtoHaveLength[39m([34m0[39m)[33m;[39m
    [90m 36| [39m    })[33m;[39m
[90m [2mΓ¥»[22m withTempHome test/helpers/temp-home.ts:[2m103:12[22m[39m
[90m [2mΓ¥»[22m 
src/config/config.preservation-on-validation-failure.test.ts:[2m18:5[22m[39m

[31m[2mΓÄ»ΓÄ»ΓÄ»ΓÄ»ΓÄ»ΓÄ»ΓÄ»ΓÄ»ΓÄ»ΓÄ»ΓÄ»ΓÄ»ΓÄ»ΓÄ»ΓÄ»ΓÄ»ΓÄ»ΓÄ»ΓÄ»ΓÄ»[100/130]Γ
Ä»[22m[39m

[41m[1m FAIL [22m[49m src/config/config.pruning-defaults.test.ts[2m > 
[22mconfig pruning defaults[2m > [22menables cache-ttl pruning + 1h 
heartbeat for Anthropic OAuth
[31m[1mAssertionError[22m: expected undefined to be 'cache-ttl' // 
Object.is equality[39m

[32m- Expected:[39m 
"cache-ttl"

[31m+ Received:[39m 
undefined

[36m [2mΓ¥»[22m 
src/config/config.pruning-defaults.test.ts:[2m64:58[22m[39m
    [90m 62| [39m      [35mconst[39m cfg [33m=[39m 
[34mloadConfig[39m()[33m;[39m
    [90m 63| [39m
    [90m 64| [39m      
expect(cfg.agents?.defaults?.contextPruning?.mode).toBe("cache-tΓÇª
    [90m   | [39m                                                         
[31m^[39m
    [90m 65| [39m      [34mexpect[39m(cfg[33m.[39magents[33m?.[39mdefau
lts[33m?.[39mcontextPruning[33m?.[39mttl)[33m.[39m[34mtoBe[39m([32m"1h
"[39m)[33m;[39m
    [90m 66| [39m      [34mexpect[39m(cfg[33m.[39magents[33m?.[39mdefau
lts[33m?.[39mheartbeat[33m?.[39mevery)[33m.[39m[34mtoBe[39m([32m"1h"[
39m)[33m;[39m
[90m [2mΓ¥»[22m withTempHome test/helpers/temp-home.ts:[2m103:12[22m[39m
[90m [2mΓ¥»[22m 
src/config/config.pruning-defaults.test.ts:[2m40:5[22m[39m

[31m[2mΓÄ»ΓÄ»ΓÄ»ΓÄ»ΓÄ»ΓÄ»ΓÄ»ΓÄ»ΓÄ»ΓÄ»ΓÄ»ΓÄ»ΓÄ»ΓÄ»ΓÄ»ΓÄ»ΓÄ»ΓÄ»ΓÄ»ΓÄ»[101/130]Γ
Ä»[22m[39m

[41m[1m FAIL [22m[49m src/config/config.pruning-defaults.test.ts[2m > 
[22mconfig pruning defaults[2m > [22menables cache-ttl pruning + 1h cache 
TTL for Anthropic API keys
[31m[1mAssertionError[22m: expected undefined to be 'cache-ttl' // 
Object.is equality[39m

[32m- Expected:[39m 
"cache-ttl"

[31m+ Received:[39m 
undefined

[36m [2mΓ¥»[22m 
src/config/config.pruning-defaults.test.ts:[2m99:58[22m[39m
    [90m 97| [39m      [35mconst[39m cfg [33m=[39m 
[34mloadConfig[39m()[33m;[39m
    [90m 98| [39m
    [90m 99| [39m      
expect(cfg.agents?.defaults?.contextPruning?.mode).toBe("cache-tΓÇª
    [90m   | [39m                                                         
[31m^[39m
    [90m100| [39m      [34mexpect[39m(cfg[33m.[39magents[33m?.[39mdefau
lts[33m?.[39mcontextPruning[33m?.[39mttl)[33m.[39m[34mtoBe[39m([32m"1h
"[39m)[33m;[39m
    [90m101| [39m      [34mexpect[39m(cfg[33m.[39magents[33m?.[39mdefau
lts[33m?.[39mheartbeat[33m?.[39mevery)[33m.[39m[34mtoBe[39m([32m"30m"
[39m)[33m;[39m
[90m [2mΓ¥»[22m withTempHome test/helpers/temp-home.ts:[2m103:12[22m[39m
[90m [2mΓ¥»[22m 
src/config/config.pruning-defaults.test.ts:[2m71:5[22m[39m

[31m[2mΓÄ»ΓÄ»ΓÄ»ΓÄ»ΓÄ»ΓÄ»ΓÄ»ΓÄ»ΓÄ»ΓÄ»ΓÄ»ΓÄ»ΓÄ»ΓÄ»ΓÄ»ΓÄ»ΓÄ»ΓÄ»ΓÄ»ΓÄ»[102/130]Γ
Ä»[22m[39m

[41m[1m FAIL [22m[49m src/config/config.pruning-defaults.test.ts[2m > 
[22mconfig pruning defaults[2m > [22mdoes not override explicit 
contextPruning mode
[31m[1mAssertionError[22m: expected undefined to be 'off' // Object.is 
equality[39m

[32m- Expected:[39m 
"off"

[31m+ Received:[39m 
undefined

[36m [2mΓ¥»[22m 
src/config/config.pruning-defaults.test.ts:[2m122:58[22m[39m
    [90m120| [39m      [35mconst[39m cfg [33m=[39m 
[34mloadConfig[39m()[33m;[39m
    [90m121| [39m
    [90m122| [39m      [34mexpect[39m(cfg[33m.[39magents[33m?.[39mdefau
lts[33m?.[39mcontextPruning[33m?.[39mmode)[33m.[39m[34mtoBe[39m([32m"o
ff"[39m)[33m;[39m
    [90m   | [39m                                                         
[31m^[39m
    [90m123| [39m    })[33m;[39m
    [90m124| [39m  })[33m;[39m
[90m [2mΓ¥»[22m withTempHome test/helpers/temp-home.ts:[2m103:12[22m[39m
[90m [2mΓ¥»[22m 
src/config/config.pruning-defaults.test.ts:[2m109:5[22m[39m

[31m[2mΓÄ»ΓÄ»ΓÄ»ΓÄ»ΓÄ»ΓÄ»ΓÄ»ΓÄ»ΓÄ»ΓÄ»ΓÄ»ΓÄ»ΓÄ»ΓÄ»ΓÄ»ΓÄ»ΓÄ»ΓÄ»ΓÄ»ΓÄ»[103/130]Γ
Ä»[22m[39m

[41m[1m FAIL [22m[49m src/config/io.compat.test.ts[2m > [22mconfig io 
paths[2m > [22muses ~/.openclaw/openclaw.json when config exists
[31m[1mAssertionError[22m: expected 
'C:\Users\Shubham\AppData\Local\Temp\oΓÇª' to be 
'C:\Users\Shubham\AppData\Local\Temp\oΓÇª' // Object.is equality[39m

Expected: [32m"C:\Users\Shubham\AppData\Local\Temp\openclaw-config-Pv0CM3\.[7
mopenclaw\openclaw[27m.json"[39m
Received: [31m"C:\Users\Shubham\AppData\Local\Temp\openclaw-config-Pv0CM3\.[7
mgensparx\gensparx[27m.json"[39m

[36m [2mΓ¥»[22m src/config/io.compat.test.ts:[2m37:29[22m[39m
    [90m 35| [39m        homedir[33m:[39m () [33m=>[39m home[33m,[39m
    [90m 36| [39m      })[33m;[39m
    [90m 37| [39m      [34mexpect[39m(io[33m.[39mconfigPath)[33m.[39m[
34mtoBe[39m(configPath)[33m;[39m
    [90m   | [39m                            [31m^[39m
    [90m 38| [39m      [34mexpect[39m(io[33m.[39m[34mloadConfig[39m()[
33m.[39mgateway[33m?.[39mport)[33m.[39m[34mtoBe[39m([34m19001[39m)[33
m;[39m
    [90m 39| [39m    })[33m;[39m
[90m [2mΓ¥»[22m withTempHome src/config/io.compat.test.ts:[2m10:5[22m[39m
[90m [2mΓ¥»[22m src/config/io.compat.test.ts:[2m31:5[22m[39m

[31m[2mΓÄ»ΓÄ»ΓÄ»ΓÄ»ΓÄ»ΓÄ»ΓÄ»ΓÄ»ΓÄ»ΓÄ»ΓÄ»ΓÄ»ΓÄ»ΓÄ»ΓÄ»ΓÄ»ΓÄ»ΓÄ»ΓÄ»ΓÄ»[104/130]Γ
Ä»[22m[39m

[41m[1m FAIL [22m[49m src/config/io.compat.test.ts[2m > [22mconfig io 
paths[2m > [22mdefaults to ~/.openclaw/openclaw.json when config is missing
[31m[1mAssertionError[22m: expected 
'C:\Users\Shubham\AppData\Local\Temp\oΓÇª' to be 
'C:\Users\Shubham\AppData\Local\Temp\oΓÇª' // Object.is equality[39m

Expected: [32m"C:\Users\Shubham\AppData\Local\Temp\openclaw-config-N1I8Rk\.[7
mopenclaw\openclaw[27m.json"[39m
Received: [31m"C:\Users\Shubham\AppData\Local\Temp\openclaw-config-N1I8Rk\.[7
mgensparx\gensparx[27m.json"[39m

[36m [2mΓ¥»[22m src/config/io.compat.test.ts:[2m48:29[22m[39m
    [90m 46| [39m        homedir[33m:[39m () [33m=>[39m home[33m,[39m
    [90m 47| [39m      })[33m;[39m
    [90m 48| [39m      expect(io.configPath).toBe(path.join(home, 
".openclaw", "openclaΓÇª
    [90m   | [39m                            [31m^[39m
    [90m 49| [39m    })[33m;[39m
    [90m 50| [39m  })[33m;[39m
[90m [2mΓ¥»[22m withTempHome 
src/config/io.compat.test.ts:[2m10:11[22m[39m
[90m [2mΓ¥»[22m src/config/io.compat.test.ts:[2m43:5[22m[39m

[31m[2mΓÄ»ΓÄ»ΓÄ»ΓÄ»ΓÄ»ΓÄ»ΓÄ»ΓÄ»ΓÄ»ΓÄ»ΓÄ»ΓÄ»ΓÄ»ΓÄ»ΓÄ»ΓÄ»ΓÄ»ΓÄ»ΓÄ»ΓÄ»[105/130]Γ
Ä»[22m[39m

[41m[1m FAIL [22m[49m src/config/paths.test.ts[2m > [22mstate + config 
path candidates[2m > [22morders default config candidates in a stable order
[31m[1mAssertionError[22m: expected [ ΓÇª(16) ] to deeply equal [ ΓÇª(16) 
][39m

[32m- Expected[39m
[31m+ Received[39m

[2m  [[22m
[32m-   "\\home\\test\\.openclaw\\openclaw.json",[39m
[32m-   "\\home\\test\\.openclaw\\clawdbot.json",[39m
[32m-   "\\home\\test\\.openclaw\\moltbot.json",[39m
[32m-   "\\home\\test\\.openclaw\\moldbot.json",[39m
[32m-   "\\home\\test\\.clawdbot\\openclaw.json",[39m
[31m+   "\\home\\test\\.gensparx\\gensparx.json",[39m
[31m+   "\\home\\test\\.gensparx\\clawdbot.json",[39m
[31m+   "\\home\\test\\.gensparx\\moltbot.json",[39m
[31m+   "\\home\\test\\.gensparx\\moldbot.json",[39m
[31m+   "\\home\\test\\.clawdbot\\gensparx.json",[39m
[2m    "\\home\\test\\.clawdbot\\clawdbot.json",[22m
[2m    "\\home\\test\\.clawdbot\\moltbot.json",[22m
[2m    "\\home\\test\\.clawdbot\\moldbot.json",[22m
[32m-   "\\home\\test\\.moltbot\\openclaw.json",[39m
[31m+   "\\home\\test\\.moltbot\\gensparx.json",[39m
[2m    "\\home\\test\\.moltbot\\clawdbot.json",[22m
[2m    "\\home\\test\\.moltbot\\moltbot.json",[22m
[2m    "\\home\\test\\.moltbot\\moldbot.json",[22m
[32m-   "\\home\\test\\.moldbot\\openclaw.json",[39m
[31m+   "\\home\\test\\.moldbot\\gensparx.json",[39m
[2m    "\\home\\test\\.moldbot\\clawdbot.json",[22m
[2m    "\\home\\test\\.moldbot\\moltbot.json",[22m
[2m    "\\home\\test\\.moldbot\\moldbot.json",[22m
[2m  ][22m

[36m [2mΓ¥»[22m src/config/paths.test.ts:[2m68:24[22m[39m
    [90m 66| [39m      path[33m.[39m[34mjoin[39m(home[33m,[39m 
[32m".moldbot"[39m[33m,[39m [32m"moldbot.json"[39m)[33m,[39m
    [90m 67| [39m    ][33m;[39m
    [90m 68| [39m    
[34mexpect[39m(candidates)[33m.[39m[34mtoEqual[39m(expected)[33m;[39m
    [90m   | [39m                       [31m^[39m
    [90m 69| [39m  })[33m;[39m
    [90m 70| [39m

[31m[2mΓÄ»ΓÄ»ΓÄ»ΓÄ»ΓÄ»ΓÄ»ΓÄ»ΓÄ»ΓÄ»ΓÄ»ΓÄ»ΓÄ»ΓÄ»ΓÄ»ΓÄ»ΓÄ»ΓÄ»ΓÄ»ΓÄ»ΓÄ»[106/130]Γ
Ä»[22m[39m

[41m[1m FAIL [22m[49m src/config/paths.test.ts[2m > [22mstate + config 
path candidates[2m > [22mprefers ~/.openclaw when it exists and legacy dir 
is missing
[31m[1mAssertionError[22m: expected 
'C:\Users\Shubham\AppData\Local\Temp\oΓÇª' to be 
'C:\Users\Shubham\AppData\Local\Temp\oΓÇª' // Object.is equality[39m

Expected: [32m"C:\Users\Shubham\AppData\Local\Temp\openclaw-state-oZ9fJT\.[7m
openclaw[27m"[39m
Received: [31m"C:\Users\Shubham\AppData\Local\Temp\openclaw-state-oZ9fJT\.[7m
gensparx[27m"[39m

[36m [2mΓ¥»[22m src/config/paths.test.ts:[2m77:24[22m[39m
    [90m 75| [39m      [35mawait[39m 
fs[33m.[39m[34mmkdir[39m(newDir[33m,[39m { recursive[33m:[39m 
[35mtrue[39m })[33m;[39m
    [90m 76| [39m      const resolved = resolveStateDir({} as 
NodeJS.ProcessEnv, () => ΓÇª
    [90m 77| [39m      
[34mexpect[39m(resolved)[33m.[39m[34mtoBe[39m(newDir)[33m;[39m
    [90m   | [39m                       [31m^[39m
    [90m 78| [39m    } [35mfinally[39m {
    [90m 79| [39m      [35mawait[39m 
fs[33m.[39m[34mrm[39m(root[33m,[39m { recursive[33m:[39m 
[35mtrue[39m[33m,[39m force[33m:[39m [35mtrue[39m })[33m;[39m

[31m[2mΓÄ»ΓÄ»ΓÄ»ΓÄ»ΓÄ»ΓÄ»ΓÄ»ΓÄ»ΓÄ»ΓÄ»ΓÄ»ΓÄ»ΓÄ»ΓÄ»ΓÄ»ΓÄ»ΓÄ»ΓÄ»ΓÄ»ΓÄ»[107/130]Γ
Ä»[22m[39m

[41m[1m FAIL [22m[49m src/config/paths.test.ts[2m > [22mstate + config 
path candidates[2m > [22mCONFIG_PATH prefers existing config when present
[31m[1mAssertionError[22m: expected 
'C:\Users\Shubham\AppData\Local\Temp\gΓÇª' to be 
'C:\Users\Shubham\AppData\Local\Temp\oΓÇª' // Object.is equality[39m

Expected: [32m"C:\Users\Shubham\AppData\Local\Temp\[7mopenclaw-config-TMfAfY\
.openclaw\openclaw[27m.json"[39m
Received: [31m"C:\Users\Shubham\AppData\Local\Temp\[7mgensparx-test-home-zaam
ee\.gensparx\gensparx[27m.json"[39m

[36m [2mΓ¥»[22m src/config/paths.test.ts:[2m109:27[22m[39m
    [90m107| [39m      vi[33m.[39m[34mresetModules[39m()[33m;[39m
    [90m108| [39m      [35mconst[39m { [33mCONFIG_PATH[39m } [33m=[39m 
[35mawait[39m [35mimport[39m([32m"./paths.js"[39m)[33m;[39m
    [90m109| [39m      [34mexpect[39m([33mCONFIG_PATH[39m)[33m.[39m[34
mtoBe[39m(legacyPath)[33m;[39m
    [90m   | [39m                          [31m^[39m
    [90m110| [39m    } [35mfinally[39m {
    [90m111| [39m      [35mif[39m (previousHome [33m===[39m undefined) {

[31m[2mΓÄ»ΓÄ»ΓÄ»ΓÄ»ΓÄ»ΓÄ»ΓÄ»ΓÄ»ΓÄ»ΓÄ»ΓÄ»ΓÄ»ΓÄ»ΓÄ»ΓÄ»ΓÄ»ΓÄ»ΓÄ»ΓÄ»ΓÄ»[108/130]Γ
Ä»[22m[39m

[41m[1m FAIL [22m[49m src/config/paths.test.ts[2m > [22mstate + config 
path candidates[2m > [22mrespects state dir overrides when config is missing
[31m[1mAssertionError[22m: expected 
'C:\Users\Shubham\AppData\Local\Temp\oΓÇª' to be 
'C:\Users\Shubham\AppData\Local\Temp\oΓÇª' // Object.is equality[39m

Expected: [32m"C:\Users\Shubham\AppData\Local\Temp\openclaw-config-override-ef
cYXw\override\[7mopenclaw[27m.json"[39m
Received: [31m"C:\Users\Shubham\AppData\Local\Temp\openclaw-config-override-ef
cYXw\override\[7mgensparx[27m.json"[39m

[36m [2mΓ¥»[22m src/config/paths.test.ts:[2m167:24[22m[39m
    [90m165| [39m      const env = { OPENCLAW_STATE_DIR: overrideDir } as 
NodeJS.ProcesΓÇª
    [90m166| [39m      [35mconst[39m resolved [33m=[39m 
[34mresolveConfigPath[39m(env[33m,[39m overrideDir[33m,[39m () 
[33m=>[39m root)[33m;[39m
    [90m167| [39m      [34mexpect[39m(resolved)[33m.[39m[34mtoBe[39m(pa
th[33m.[39m[34mjoin[39m(overrideDir[33m,[39m 
[32m"openclaw.json"[39m))[33m;[39m
    [90m   | [39m                       [31m^[39m
    [90m168| [39m    } [35mfinally[39m {
    [90m169| [39m      [35mawait[39m 
fs[33m.[39m[34mrm[39m(root[33m,[39m { recursive[33m:[39m 
[35mtrue[39m[33m,[39m force[33m:[39m [35mtrue[39m })[33m;[39m

[31m[2mΓÄ»ΓÄ»ΓÄ»ΓÄ»ΓÄ»ΓÄ»ΓÄ»ΓÄ»ΓÄ»ΓÄ»ΓÄ»ΓÄ»ΓÄ»ΓÄ»ΓÄ»ΓÄ»ΓÄ»ΓÄ»ΓÄ»ΓÄ»[109/130]Γ
Ä»[22m[39m

[41m[1m FAIL [22m[49m src/config/sessions.test.ts[2m > [22msessions[2m 
> [22mincludes topic ids in session transcript filenames
[31m[1mAssertionError[22m: expected 
'C:\Users\Shubham\AppData\Local\Temp\gΓÇª' to be 
'C:\custom\state\agents\main\sessions\ΓÇª' // Object.is equality[39m

Expected: [32m"C:\[7mcustom\state[27m\agents\main\sessions\sess-1-topic-123.
jsonl"[39m
Received: [31m"C:\[7mUsers\Shubham\AppData\Local\Temp\gensparx-test-home-dm4J
1u\.gensparx[27m\agents\main\sessions\sess-1-topic-123.jsonl"[39m

[36m [2mΓ¥»[22m src/config/sessions.test.ts:[2m375:27[22m[39m
    [90m373| [39m    [35mtry[39m {
    [90m374| [39m      const sessionFile = 
resolveSessionTranscriptPath("sess-1", "mainΓÇª
    [90m375| [39m      
[34mexpect[39m(sessionFile)[33m.[39m[34mtoBe[39m(
    [90m   | [39m                          [31m^[39m
    [90m376| [39m        path[33m.[39m[34mjoin[39m(
    [90m377| [39m          
path[33m.[39m[34mresolve[39m([32m"/custom/state"[39m)[33m,[39m

[31m[2mΓÄ»ΓÄ»ΓÄ»ΓÄ»ΓÄ»ΓÄ»ΓÄ»ΓÄ»ΓÄ»ΓÄ»ΓÄ»ΓÄ»ΓÄ»ΓÄ»ΓÄ»ΓÄ»ΓÄ»ΓÄ»ΓÄ»ΓÄ»[110/130]Γ
Ä»[22m[39m

[41m[1m FAIL [22m[49m src/config/sessions.test.ts[2m > [22msessions[2m 
> [22muses agent id when resolving session file fallback paths
[31m[1mAssertionError[22m: expected 
'C:\Users\Shubham\AppData\Local\Temp\gΓÇª' to be 
'C:\custom\state\agents\codex\sessionsΓÇª' // Object.is equality[39m

Expected: 
[32m"C:\[7mcustom\state[27m\agents\codex\sessions\sess-2.jsonl"[39m
Received: [31m"C:\[7mUsers\Shubham\AppData\Local\Temp\gensparx-test-home-dm4J
1u\.gensparx[27m\agents\codex\sessions\sess-2.jsonl"[39m

[36m [2mΓ¥»[22m src/config/sessions.test.ts:[2m400:27[22m[39m
    [90m398| [39m        agentId[33m:[39m [32m"codex"[39m[33m,[39m
    [90m399| [39m      })[33m;[39m
    [90m400| [39m      
[34mexpect[39m(sessionFile)[33m.[39m[34mtoBe[39m(
    [90m   | [39m                          [31m^[39m
    [90m401| [39m        path.join(path.resolve("/custom/state"), "agents", 
"codex", "sΓÇª
    [90m402| [39m      )[33m;[39m

[31m[2mΓÄ»ΓÄ»ΓÄ»ΓÄ»ΓÄ»ΓÄ»ΓÄ»ΓÄ»ΓÄ»ΓÄ»ΓÄ»ΓÄ»ΓÄ»ΓÄ»ΓÄ»ΓÄ»ΓÄ»ΓÄ»ΓÄ»ΓÄ»[111/130]Γ
Ä»[22m[39m

[41m[1m FAIL [22m[49m src/infra/dotenv.test.ts[2m > [22mloadDotEnv[2m > 
[22mloads ~/.openclaw/.env as fallback without overriding CWD .env
[31m[1mAssertionError[22m: expected undefined to be '1' // Object.is 
equality[39m

[32m- Expected:[39m 
"1"

[31m+ Received:[39m 
undefined

[36m [2mΓ¥»[22m src/infra/dotenv.test.ts:[2m33:29[22m[39m
    [90m 31| [39m
    [90m 32| [39m    [34mexpect[39m(process[33m.[39menv[33m.[39m[33mFO
O[39m)[33m.[39m[34mtoBe[39m([32m"from-cwd"[39m)[33m;[39m
    [90m 33| [39m    [34mexpect[39m(process[33m.[39menv[33m.[39m[33mBA
R[39m)[33m.[39m[34mtoBe[39m([32m"1"[39m)[33m;[39m
    [90m   | [39m                            [31m^[39m
    [90m 34| [39m
    [90m 35| [39m    process[33m.[39m[34mchdir[39m(prevCwd)[33m;[39m

[31m[2mΓÄ»ΓÄ»ΓÄ»ΓÄ»ΓÄ»ΓÄ»ΓÄ»ΓÄ»ΓÄ»ΓÄ»ΓÄ»ΓÄ»ΓÄ»ΓÄ»ΓÄ»ΓÄ»ΓÄ»ΓÄ»ΓÄ»ΓÄ»[112/130]Γ
Ä»[22m[39m

[41m[1m FAIL [22m[49m src/infra/session-cost-usage.test.ts[2m > 
[22msession cost usage[2m > [22maggregates daily totals with log cost and 
pricing fallback
[31m[1mAssertionError[22m: expected +0 to be 1 // Object.is equality[39m

[32m- Expected[39m
[31m+ Received[39m

[32m- 1[39m
[31m+ 0[39m

[36m [2mΓ¥»[22m src/infra/session-cost-usage.test.ts:[2m99:36[22m[39m
    [90m 97| [39m    [35mtry[39m {
    [90m 98| [39m      [35mconst[39m summary [33m=[39m [35mawait[39m 
[34mloadCostUsageSummary[39m({ days[33m:[39m [34m30[39m[33m,[39m 
config })[33m;[39m
    [90m 99| [39m      [34mexpect[39m(summary[33m.[39mdaily[33m.[39mlen
gth)[33m.[39m[34mtoBe[39m([34m1[39m)[33m;[39m
    [90m   | [39m                                   [31m^[39m
    [90m100| [39m      [34mexpect[39m(summary[33m.[39mtotals[33m.[39mto
talTokens)[33m.[39m[34mtoBe[39m([34m50[39m)[33m;[39m
    [90m101| [39m      [34mexpect[39m(summary[33m.[39mtotals[33m.[39mto
talCost)[33m.[39m[34mtoBeCloseTo[39m([34m0.03003[39m[33m,[39m 
[34m5[39m)[33m;[39m

[31m[2mΓÄ»ΓÄ»ΓÄ»ΓÄ»ΓÄ»ΓÄ»ΓÄ»ΓÄ»ΓÄ»ΓÄ»ΓÄ»ΓÄ»ΓÄ»ΓÄ»ΓÄ»ΓÄ»ΓÄ»ΓÄ»ΓÄ»ΓÄ»[113/130]Γ
Ä»[22m[39m

[41m[1m FAIL [22m[49m src/infra/update-startup.test.ts[2m > 
[22mupdate-startup[2m > [22mlogs update hint for npm installs when newer 
tag exists
[31m[1mError[22m: ENOENT: no such file or directory, open 'C:\Users\Shubham\
AppData\Local\Temp\openclaw-update-check-NGnmfA\update-check.json'[39m
[36m [2mΓ¥»[22m src/infra/update-startup.test.ts:[2m73:17[22m[39m
    [90m 71| [39m
    [90m 72| [39m    [35mconst[39m statePath [33m=[39m 
path[33m.[39m[34mjoin[39m(tempDir[33m,[39m 
[32m"update-check.json"[39m)[33m;[39m
    [90m 73| [39m    [35mconst[39m raw [33m=[39m [35mawait[39m 
fs[33m.[39m[34mreadFile[39m(statePath[33m,[39m 
[32m"utf-8"[39m)[33m;[39m
    [90m   | [39m                [31m^[39m
    [90m 74| [39m    [35mconst[39m parsed [33m=[39m 
[33mJSON[39m[33m.[39m[34mparse[39m(raw) [35mas[39m { 
lastNotifiedVersion[33m?[39m[33m:[39m string }[33m;[39m
    [90m 75| [39m    [34mexpect[39m(parsed[33m.[39mlastNotifiedVersion)[
33m.[39m[34mtoBe[39m([32m"2.0.0"[39m)[33m;[39m

[31m[2mΓÄ»ΓÄ»ΓÄ»ΓÄ»ΓÄ»ΓÄ»ΓÄ»ΓÄ»ΓÄ»ΓÄ»ΓÄ»ΓÄ»ΓÄ»ΓÄ»ΓÄ»ΓÄ»ΓÄ»ΓÄ»ΓÄ»ΓÄ»[114/130]Γ
Ä»[22m[39m

[41m[1m FAIL [22m[49m src/infra/update-startup.test.ts[2m > 
[22mupdate-startup[2m > [22muses latest when beta tag is older than release
[31m[1mAssertionError[22m: expected "vi.fn()" to be called with arguments: 
[ StringContaining{ΓÇª} ][90m

Number of calls: [1m0[22m
[31m[39m
[36m [2mΓ¥»[22m src/infra/update-startup.test.ts:[2m102:22[22m[39m
    [90m100| [39m    })[33m;[39m
    [90m101| [39m
    [90m102| [39m    
[34mexpect[39m(log[33m.[39minfo)[33m.[39m[34mtoHaveBeenCalledWith[39m(
    [90m   | [39m                     [31m^[39m
    [90m103| [39m      
expect[33m.[39m[34mstringContaining[39m([32m"update available (latest): 
v2.0.0"[39m)[33m,[39m
    [90m104| [39m    )[33m;[39m

[31m[2mΓÄ»ΓÄ»ΓÄ»ΓÄ»ΓÄ»ΓÄ»ΓÄ»ΓÄ»ΓÄ»ΓÄ»ΓÄ»ΓÄ»ΓÄ»ΓÄ»ΓÄ»ΓÄ»ΓÄ»ΓÄ»ΓÄ»ΓÄ»[115/130]Γ
Ä»[22m[39m

[41m[1m FAIL [22m[49m src/media/server.test.ts[2m > [22mmedia server[2m 
> [22mserves media and cleans up after send
[31m[1mAssertionError[22m: expected 400 to be 200 // Object.is equality[39m

[32m- Expected[39m
[31m+ Received[39m

[32m- 200[39m
[31m+ 400[39m

[36m [2mΓ¥»[22m src/media/server.test.ts:[2m50:24[22m[39m
    [90m 48| [39m    [35mconst[39m port [33m=[39m 
(server[33m.[39m[34maddress[39m() [35mas[39m 
[33mAddressInfo[39m)[33m.[39mport[33m;[39m
    [90m 49| [39m    [35mconst[39m res [33m=[39m [35mawait[39m [34mfet
ch[39m([32m`http://localhost:[39m[36m${[39mport[36m}[39m[32m/media/file
1`[39m)[33m;[39m
    [90m 50| [39m    [34mexpect[39m(res[33m.[39mstatus)[33m.[39m[34mto
Be[39m([34m200[39m)[33m;[39m
    [90m   | [39m                       [31m^[39m
    [90m 51| [39m    [34mexpect[39m([35mawait[39m res[33m.[39m[34mtext
[39m())[33m.[39m[34mtoBe[39m([32m"hello"[39m)[33m;[39m
    [90m 52| [39m    [35mawait[39m 
[34mwaitForFileRemoval[39m(file)[33m;[39m

[31m[2mΓÄ»ΓÄ»ΓÄ»ΓÄ»ΓÄ»ΓÄ»ΓÄ»ΓÄ»ΓÄ»ΓÄ»ΓÄ»ΓÄ»ΓÄ»ΓÄ»ΓÄ»ΓÄ»ΓÄ»ΓÄ»ΓÄ»ΓÄ»[116/130]Γ
Ä»[22m[39m

[41m[1m FAIL [22m[49m src/media/server.test.ts[2m > [22mmedia server[2m 
> [22mexpires old media
[31m[1mAssertionError[22m: expected 400 to be 410 // Object.is equality[39m

[32m- Expected[39m
[31m+ Received[39m

[32m- 410[39m
[31m+ 400[39m

[36m [2mΓ¥»[22m src/media/server.test.ts:[2m64:24[22m[39m
    [90m 62| [39m    [35mconst[39m port [33m=[39m 
(server[33m.[39m[34maddress[39m() [35mas[39m 
[33mAddressInfo[39m)[33m.[39mport[33m;[39m
    [90m 63| [39m    [35mconst[39m res [33m=[39m [35mawait[39m [34mfet
ch[39m([32m`http://localhost:[39m[36m${[39mport[36m}[39m[32m/media/old`
[39m)[33m;[39m
    [90m 64| [39m    [34mexpect[39m(res[33m.[39mstatus)[33m.[39m[34mto
Be[39m([34m410[39m)[33m;[39m
    [90m   | [39m                       [31m^[39m
    [90m 65| [39m    [35mawait[39m [34mexpect[39m(fs[33m.[39m[34mstat
[39m(file))[33m.[39mrejects[33m.[39m[34mtoThrow[39m()[33m;[39m
    [90m 66| [39m    [35mawait[39m [35mnew[39m [33mPromise[39m((r) 
[33m=>[39m server[33m.[39m[34mclose[39m(r))[33m;[39m

[31m[2mΓÄ»ΓÄ»ΓÄ»ΓÄ»ΓÄ»ΓÄ»ΓÄ»ΓÄ»ΓÄ»ΓÄ»ΓÄ»ΓÄ»ΓÄ»ΓÄ»ΓÄ»ΓÄ»ΓÄ»ΓÄ»ΓÄ»ΓÄ»[117/130]Γ
Ä»[22m[39m

[41m[1m FAIL [22m[49m src/media/server.test.ts[2m > [22mmedia server[2m 
> [22mblocks symlink escaping outside media dir
[31m[1mError[22m: EPERM: operation not permitted, symlink 
'C:\Users\Shubham\OneDrive\Desktop\openclaw\package.json' -> 
'C:\Users\Shubham\OneDrive\Desktop\openclaw\tmp-media-test\link-out'[39m
[36m [2mΓ¥»[22m src/media/server.test.ts:[2m82:5[22m[39m
    [90m 80| [39m    const target = path.join(process.cwd(), 
"package.json"); // outsidΓÇª
    [90m 81| [39m    [35mconst[39m link [33m=[39m 
path[33m.[39m[34mjoin[39m([33mMEDIA_DIR[39m[33m,[39m 
[32m"link-out"[39m)[33m;[39m
    [90m 82| [39m    [35mawait[39m 
fs[33m.[39m[34msymlink[39m(target[33m,[39m link)[33m;[39m
    [90m   | [39m    [31m^[39m
    [90m 83| [39m
    [90m 84| [39m    [35mconst[39m server [33m=[39m [35mawait[39m 
[34mstartMediaServer[39m([34m0[39m[33m,[39m [34m5_000[39m)[33m;[39m

[31m[2mΓÄ»ΓÄ»ΓÄ»ΓÄ»ΓÄ»ΓÄ»ΓÄ»ΓÄ»ΓÄ»ΓÄ»ΓÄ»ΓÄ»ΓÄ»ΓÄ»ΓÄ»ΓÄ»ΓÄ»ΓÄ»ΓÄ»ΓÄ»[118/130]Γ
Ä»[22m[39m

[41m[1m FAIL [22m[49m src/media/server.test.ts[2m > [22mmedia server[2m 
> [22mrejects oversized media files
[31m[1mAssertionError[22m: expected 400 to be 413 // Object.is equality[39m

[32m- Expected[39m
[31m+ Received[39m

[32m- 413[39m
[31m+ 400[39m

[36m [2mΓ¥»[22m src/media/server.test.ts:[2m110:24[22m[39m
    [90m108| [39m    [35mconst[39m port [33m=[39m 
(server[33m.[39m[34maddress[39m() [35mas[39m 
[33mAddressInfo[39m)[33m.[39mport[33m;[39m
    [90m109| [39m    [35mconst[39m res [33m=[39m [35mawait[39m [34mfet
ch[39m([32m`http://localhost:[39m[36m${[39mport[36m}[39m[32m/media/big`
[39m)[33m;[39m
    [90m110| [39m    [34mexpect[39m(res[33m.[39mstatus)[33m.[39m[34mto
Be[39m([34m413[39m)[33m;[39m
    [90m   | [39m                       [31m^[39m
    [90m111| [39m    [34mexpect[39m([35mawait[39m 
res[33m.[39m[34mtext[39m())[33m.[39m[34mtoBe[39m([32m"too 
large"[39m)[33m;[39m
    [90m112| [39m    [35mawait[39m [35mnew[39m [33mPromise[39m((r) 
[33m=>[39m server[33m.[39m[34mclose[39m(r))[33m;[39m

[31m[2mΓÄ»ΓÄ»ΓÄ»ΓÄ»ΓÄ»ΓÄ»ΓÄ»ΓÄ»ΓÄ»ΓÄ»ΓÄ»ΓÄ»ΓÄ»ΓÄ»ΓÄ»ΓÄ»ΓÄ»ΓÄ»ΓÄ»ΓÄ»[119/130]Γ
Ä»[22m[39m

[41m[1m FAIL [22m[49m src/media/store.test.ts[2m > [22mmedia store[2m > 
[22mcreates and returns media directory
[31m[1mAssertionError[22m: expected false to be true // Object.is 
equality[39m

[32m- Expected[39m
[31m+ Received[39m

[32m- true[39m
[31m+ false[39m

[36m [2mΓ¥»[22m src/media/store.test.ts:[2m65:43[22m[39m
    [90m 63| [39m    [35mawait[39m [34mwithTempStore[39m([35masync[39m 
(store[33m,[39m home) [33m=>[39m {
    [90m 64| [39m      [35mconst[39m dir [33m=[39m [35mawait[39m 
store[33m.[39m[34mensureMediaDir[39m()[33m;[39m
    [90m 65| [39m      
[34mexpect[39m([34misPathWithinBase[39m(home[33m,[39m 
dir))[33m.[39m[34mtoBe[39m([35mtrue[39m)[33m;[39m
    [90m   | [39m                                          [31m^[39m
    [90m 66| [39m      
expect(path.normalize(dir)).toContain(`${path.sep}.openclaw${patΓÇª
    [90m 67| [39m      [35mconst[39m stat [33m=[39m [35mawait[39m 
fs[33m.[39m[34mstat[39m(dir)[33m;[39m
[90m [2mΓ¥»[22m withTempStore src/media/store.test.ts:[2m59:12[22m[39m
[90m [2mΓ¥»[22m src/media/store.test.ts:[2m63:5[22m[39m

[31m[2mΓÄ»ΓÄ»ΓÄ»ΓÄ»ΓÄ»ΓÄ»ΓÄ»ΓÄ»ΓÄ»ΓÄ»ΓÄ»ΓÄ»ΓÄ»ΓÄ»ΓÄ»ΓÄ»ΓÄ»ΓÄ»ΓÄ»ΓÄ»[120/130]Γ
Ä»[22m[39m

[41m[1m FAIL [22m[49m src/memory/qmd-manager.test.ts[2m > 
[22mQmdMemoryManager[2m > [22mblocks non-markdown or symlink reads for qmd 
paths
[31m[1mError[22m: EPERM: operation not permitted, symlink 'C:\Users\Shubham\
AppData\Local\Temp\qmd-manager-test-6z22m1\workspace\target.md' -> 'C:\Users\Sh
ubham\AppData\Local\Temp\qmd-manager-test-6z22m1\workspace\link.md'[39m
[36m [2mΓ¥»[22m src/memory/qmd-manager.test.ts:[2m148:5[22m[39m
    [90m146| [39m    [35mawait[39m 
fs[33m.[39m[34mwriteFile[39m(target[33m,[39m [32m"ok"[39m[33m,[39m 
[32m"utf-8"[39m)[33m;[39m
    [90m147| [39m    [35mconst[39m link [33m=[39m 
path[33m.[39m[34mjoin[39m(workspaceDir[33m,[39m 
[32m"link.md"[39m)[33m;[39m
    [90m148| [39m    [35mawait[39m 
fs[33m.[39m[34msymlink[39m(target[33m,[39m link)[33m;[39m
    [90m   | [39m    [31m^[39m
    [90m149| [39m    await expect(manager.readFile({ relPath: 
"qmd/workspace/link.md" }ΓÇª
    [90m150| [39m      [32m"path required"[39m[33m,[39m

[31m[2mΓÄ»ΓÄ»ΓÄ»ΓÄ»ΓÄ»ΓÄ»ΓÄ»ΓÄ»ΓÄ»ΓÄ»ΓÄ»ΓÄ»ΓÄ»ΓÄ»ΓÄ»ΓÄ»ΓÄ»ΓÄ»ΓÄ»ΓÄ»[121/130]Γ
Ä»[22m[39m

[41m[1m FAIL [22m[49m src/pairing/pairing-store.test.ts[2m > [22mpairing 
store[2m > [22mexpires pending requests after TTL
[31m[1mError[22m: ENOENT: no such file or directory, open 'C:\Users\Shubham\
AppData\Local\Temp\openclaw-pairing-1iiloa\credentials\signal-pairing.json'[39
m
[36m [2mΓ¥»[22m src/pairing/pairing-store.test.ts:[2m56:19[22m[39m
    [90m 54| [39m      [35mconst[39m oauthDir [33m=[39m 
[34mresolveOAuthDir[39m(process[33m.[39menv[33m,[39m stateDir)[33m;[39m
    [90m 55| [39m      [35mconst[39m filePath [33m=[39m 
path[33m.[39m[34mjoin[39m(oauthDir[33m,[39m 
[32m"signal-pairing.json"[39m)[33m;[39m
    [90m 56| [39m      [35mconst[39m raw [33m=[39m [35mawait[39m 
fs[33m.[39m[34mreadFile[39m(filePath[33m,[39m 
[32m"utf8"[39m)[33m;[39m
    [90m   | [39m                  [31m^[39m
    [90m 57| [39m      [35mconst[39m parsed [33m=[39m 
[33mJSON[39m[33m.[39m[34mparse[39m(raw) [35mas[39m {
    [90m 58| [39m        requests[33m?[39m[33m:[39m 
[33mArray[39m[33m<[39m[33mRecord[39m[33m<[39mstring[33m,[39m 
unknown[33m>>[39m[33m;[39m
[90m [2mΓ¥»[22m withTempStateDir 
src/pairing/pairing-store.test.ts:[2m14:12[22m[39m
[90m [2mΓ¥»[22m src/pairing/pairing-store.test.ts:[2m47:5[22m[39m

[31m[2mΓÄ»ΓÄ»ΓÄ»ΓÄ»ΓÄ»ΓÄ»ΓÄ»ΓÄ»ΓÄ»ΓÄ»ΓÄ»ΓÄ»ΓÄ»ΓÄ»ΓÄ»ΓÄ»ΓÄ»ΓÄ»ΓÄ»ΓÄ»[122/130]Γ
Ä»[22m[39m

[41m[1m FAIL [22m[49m src/plugins/discovery.test.ts[2m > 
[22mdiscoverOpenClawPlugins[2m > [22mdiscovers global and workspace 
extensions
[31m[1mAssertionError[22m: expected [ 'beta' ] to include 'alpha'[39m
[36m [2mΓ¥»[22m src/plugins/discovery.test.ts:[2m68:17[22m[39m
    [90m 66| [39m
    [90m 67| [39m    [35mconst[39m ids [33m=[39m 
candidates[33m.[39m[34mmap[39m((c) [33m=>[39m 
c[33m.[39midHint)[33m;[39m
    [90m 68| [39m    [34mexpect[39m(ids)[33m.[39m[34mtoContain[39m([32
m"alpha"[39m)[33m;[39m
    [90m   | [39m                [31m^[39m
    [90m 69| [39m    [34mexpect[39m(ids)[33m.[39m[34mtoContain[39m([32
m"beta"[39m)[33m;[39m
    [90m 70| [39m  })[33m;[39m

[31m[2mΓÄ»ΓÄ»ΓÄ»ΓÄ»ΓÄ»ΓÄ»ΓÄ»ΓÄ»ΓÄ»ΓÄ»ΓÄ»ΓÄ»ΓÄ»ΓÄ»ΓÄ»ΓÄ»ΓÄ»ΓÄ»ΓÄ»ΓÄ»[123/130]Γ
Ä»[22m[39m

[41m[1m FAIL [22m[49m src/plugins/discovery.test.ts[2m > 
[22mdiscoverOpenClawPlugins[2m > [22mloads package extension packs
[31m[1mAssertionError[22m: expected [] to include 'pack/one'[39m
[36m [2mΓ¥»[22m src/plugins/discovery.test.ts:[2m102:17[22m[39m
    [90m100| [39m
    [90m101| [39m    [35mconst[39m ids [33m=[39m 
candidates[33m.[39m[34mmap[39m((c) [33m=>[39m 
c[33m.[39midHint)[33m;[39m
    [90m102| [39m    [34mexpect[39m(ids)[33m.[39m[34mtoContain[39m([32
m"pack/one"[39m)[33m;[39m
    [90m   | [39m                [31m^[39m
    [90m103| [39m    [34mexpect[39m(ids)[33m.[39m[34mtoContain[39m([32
m"pack/two"[39m)[33m;[39m
    [90m104| [39m  })[33m;[39m

[31m[2mΓÄ»ΓÄ»ΓÄ»ΓÄ»ΓÄ»ΓÄ»ΓÄ»ΓÄ»ΓÄ»ΓÄ»ΓÄ»ΓÄ»ΓÄ»ΓÄ»ΓÄ»ΓÄ»ΓÄ»ΓÄ»ΓÄ»ΓÄ»[124/130]Γ
Ä»[22m[39m

[41m[1m FAIL [22m[49m src/plugins/discovery.test.ts[2m > 
[22mdiscoverOpenClawPlugins[2m > [22mderives unscoped ids for scoped 
packages
[31m[1mAssertionError[22m: expected [] to include 'voice-call'[39m
[36m [2mΓ¥»[22m src/plugins/discovery.test.ts:[2m131:17[22m[39m
    [90m129| [39m
    [90m130| [39m    [35mconst[39m ids [33m=[39m 
candidates[33m.[39m[34mmap[39m((c) [33m=>[39m 
c[33m.[39midHint)[33m;[39m
    [90m131| [39m    [34mexpect[39m(ids)[33m.[39m[34mtoContain[39m([32
m"voice-call"[39m)[33m;[39m
    [90m   | [39m                [31m^[39m
    [90m132| [39m  })[33m;[39m
    [90m133| [39m

[31m[2mΓÄ»ΓÄ»ΓÄ»ΓÄ»ΓÄ»ΓÄ»ΓÄ»ΓÄ»ΓÄ»ΓÄ»ΓÄ»ΓÄ»ΓÄ»ΓÄ»ΓÄ»ΓÄ»ΓÄ»ΓÄ»ΓÄ»ΓÄ»[125/130]Γ
Ä»[22m[39m

[41m[1m FAIL [22m[49m src/security/fix.test.ts[2m > [22msecurity fix[2m 
> [22mtightens groupPolicy + filesystem perms
[31m[1mAssertionError[22m: expected false to be true // Object.is 
equality[39m

[32m- Expected[39m
[31m+ Received[39m

[32m- true[39m
[31m+ false[39m

[36m [2mΓ¥»[22m src/security/fix.test.ts:[2m61:31[22m[39m
    [90m 59| [39m    [35mconst[39m res [33m=[39m [35mawait[39m 
[34mfixSecurityFootguns[39m({ env })[33m;[39m
    [90m 60| [39m    [34mexpect[39m(res[33m.[39mok)[33m.[39m[34mtoBe[
39m([35mtrue[39m)[33m;[39m
    [90m 61| [39m    [34mexpect[39m(res[33m.[39mconfigWritten)[33m.[39m
[34mtoBe[39m([35mtrue[39m)[33m;[39m
    [90m   | [39m                              [31m^[39m
    [90m 62| [39m    
[34mexpect[39m(res[33m.[39mchanges)[33m.[39m[34mtoEqual[39m(
    [90m 63| [39m      expect[33m.[39m[34marrayContaining[39m([

[31m[2mΓÄ»ΓÄ»ΓÄ»ΓÄ»ΓÄ»ΓÄ»ΓÄ»ΓÄ»ΓÄ»ΓÄ»ΓÄ»ΓÄ»ΓÄ»ΓÄ»ΓÄ»ΓÄ»ΓÄ»ΓÄ»ΓÄ»ΓÄ»[126/130]Γ
Ä»[22m[39m

[41m[1m FAIL [22m[49m src/security/fix.test.ts[2m > [22msecurity fix[2m 
> [22mapplies allowlist per-account and seeds WhatsApp groupAllowFrom from 
store
[31m[1mAssertionError[22m: expected 'open' to be 'allowlist' // Object.is 
equality[39m

Expected: [32m"allowlist"[39m
Received: [31m"open"[39m

[36m [2mΓ¥»[22m src/security/fix.test.ts:[2m136:37[22m[39m
    [90m134| [39m    const accounts = whatsapp.accounts as Record<string, 
Record<stringΓÇª
    [90m135| [39m
    [90m136| [39m    [34mexpect[39m(accounts[33m.[39ma1[33m.[39mgroupPo
licy)[33m.[39m[34mtoBe[39m([32m"allowlist"[39m)[33m;[39m
    [90m   | [39m                                    [31m^[39m
    [90m137| [39m    [34mexpect[39m(accounts[33m.[39ma1[33m.[39mgroupAl
lowFrom)[33m.[39m[34mtoEqual[39m([[32m"+15550001111"[39m])[33m;[39m

[2m Test Files [22m [1m[31m47 failed[39m[22m[2m | [22m[1m[32m775 passed[39m[22m[2m | [22m[33m1 skipped[39m[90m (824)[39m
    [90m138| [39m  })[33m;[39m

[31m[2mΓÄ»ΓÄ»ΓÄ»ΓÄ»ΓÄ»ΓÄ»ΓÄ»ΓÄ»ΓÄ»ΓÄ»ΓÄ»ΓÄ»ΓÄ»ΓÄ»ΓÄ»ΓÄ»ΓÄ»ΓÄ»ΓÄ»ΓÄ»[127/130]Γ
Ä»[22m[39m

[41m[1m FAIL [22m[49m src/security/fix.test.ts[2m > [22msecurity fix[2m 
> [22mdoes not seed WhatsApp groupAllowFrom if allowFrom is set
[31m[1mAssertionError[22m: expected 'open' to be 'allowlist' // Object.is 
equality[39m

Expected: [32m"allowlist"[39m
Received: [31m"open"[39m

[36m [2mΓ¥»[22m src/security/fix.test.ts:[2m179:43[22m[39m
    [90m177| [39m    const parsed = JSON.parse(await fs.readFile(configPath, 
"utf-8")) ΓÇª
    [90m178| [39m    const channels = parsed.channels as Record<string, 
Record<string, ΓÇª
    [90m179| [39m    [34mexpect[39m(channels[33m.[39mwhatsapp[33m.[39mg
roupPolicy)[33m.[39m[34mtoBe[39m([32m"allowlist"[39m)[33m;[39m
    [90m   | [39m                                          [31m^[39m
    [90m180| [39m    [34mexpect[39m(channels[33m.[39mwhatsapp[33m.[39mg
roupAllowFrom)[33m.[39m[34mtoBeUndefined[39m()[33m;[39m
    [90m181| [39m  })[33m;[39m

[31m[2mΓÄ»ΓÄ»ΓÄ»ΓÄ»ΓÄ»ΓÄ»ΓÄ»ΓÄ»ΓÄ»ΓÄ»ΓÄ»ΓÄ»ΓÄ»ΓÄ»ΓÄ»ΓÄ»ΓÄ»ΓÄ»ΓÄ»ΓÄ»[128/130]Γ
Ä»[22m[39m

[41m[1m FAIL [22m[49m src/security/fix.test.ts[2m > [22msecurity fix[2m 
> [22mreturns ok=false for invalid config but still tightens perms
[31m[1mAssertionError[22m: expected true to be false // Object.is 
equality[39m

[32m- Expected[39m
[31m+ Received[39m

[32m- false[39m
[31m+ true[39m

[36m [2mΓ¥»[22m src/security/fix.test.ts:[2m200:20[22m[39m
    [90m198| [39m
    [90m199| [39m    [35mconst[39m res [33m=[39m [35mawait[39m 
[34mfixSecurityFootguns[39m({ env })[33m;[39m
    [90m200| [39m    [34mexpect[39m(res[33m.[39mok)[33m.[39m[34mtoBe[
39m([35mfalse[39m)[33m;[39m
    [90m   | [39m                   [31m^[39m
    [90m201| [39m
    [90m202| [39m    [35mconst[39m stateMode [33m=[39m ([35mawait[39m 
fs[33m.[39m[34mstat[39m(stateDir))[33m.[39mmode [33m&[39m 
[34m0o777[39m[33m;[39m

[31m[2mΓÄ»ΓÄ»ΓÄ»ΓÄ»ΓÄ»ΓÄ»ΓÄ»ΓÄ»ΓÄ»ΓÄ»ΓÄ»ΓÄ»ΓÄ»ΓÄ»ΓÄ»ΓÄ»ΓÄ»ΓÄ»ΓÄ»ΓÄ»[129/130]Γ
Ä»[22m[39m

[41m[1m FAIL [22m[49m src/web/session.test.ts[2m > [22mweb session[2m > 
[22mrotates creds backup when creds.json is valid JSON
[31m[1mAssertionError[22m: expected "copyFileSync" to be called 1 times, 
but got 0 times[39m
[36m [2mΓ¥»[22m src/web/session.test.ts:[2m225:21[22m[39m
    [90m223| [39m    [35mawait[39m [35mnew[39m 
[33mPromise[39m[33m<[39m[35mvoid[39m[33m>[39m((resolve) [33m=>[39m 
[34msetImmediate[39m(resolve))[33m;[39m
    [90m224| [39m
    [90m225| [39m    [34mexpect[39m(copySpy)[33m.[39m[34mtoHaveBeenCalle
dTimes[39m([34m1[39m)[33m;[39m
    [90m   | [39m                    [31m^[39m
    [90m226| [39m    [35mconst[39m args [33m=[39m 
copySpy[33m.[39mmock[33m.[39mcalls[[34m0[39m] [33m??[39m [][33m;[39m
    [90m227| [39m    [34mexpect[39m([33mString[39m(args[[34m0[39m] 
[33m??[39m 
[32m""[39m))[33m.[39m[34mtoContain[39m(credsSuffix)[33m;[39m

[31m[2mΓÄ»ΓÄ»ΓÄ»ΓÄ»ΓÄ»ΓÄ»ΓÄ»ΓÄ»ΓÄ»ΓÄ»ΓÄ»ΓÄ»ΓÄ»ΓÄ»ΓÄ»ΓÄ»ΓÄ»ΓÄ»ΓÄ»ΓÄ»[130/130]Γ
Ä»[22m[39m

[31mΓÄ»ΓÄ»ΓÄ»ΓÄ»ΓÄ»ΓÄ»[39m[1m[41m Unhandled Errors 
[49m[22m[31mΓÄ»ΓÄ»ΓÄ»ΓÄ»ΓÄ»ΓÄ»[39m
[31m[1m
Vitest caught 1 unhandled error during the test run.
[2m      Tests [22m [1m[31m130 failed[39m[22m[2m | [22m[1m[32m5053 passed[39m[22m[2m | [22m[33m3 skipped[39m[90m (5194)[39m
[2m     Errors [22m [1m[31m1 error[39m[22m
[2m   Start at [22m 01:20:29
[2m   Duration [22m 377.11s[2m (transform 160.43s, setup 1351.25s, import 737.94s, tests 662.02s, environment 162ms)[22m

This might cause false positive tests. Resolve unhandled errors to make sure 
your tests are not affected.[22m[39m

[31mΓÄ»ΓÄ»ΓÄ»ΓÄ»ΓÄ»ΓÄ»[39m[1m[41m Unhandled Error 
[49m[22m[31mΓÄ»ΓÄ»ΓÄ»ΓÄ»ΓÄ»ΓÄ»ΓÄ»[39m
[31m[1mError[22m: [vitest-pool]: Worker forks emitted error.[39m
[90m [2mΓ¥»[22m EventEmitter.<anonymous> node_modules/.pnpm/vitest@4.0.18_@o
pentelemetr_79cf94950a9c67c30a8346a395238c2f/node_modules/vitest/dist/chunks/cl
i-api.B7PN_QUv.js:[2m8043:22[22m[39m
[90m [2mΓ¥»[22m EventEmitter.emit node:events:[2m524:28[22m[39m
[90m [2mΓ¥»[22m ChildProcess.emitUnexpectedExit node_modules/.pnpm/vitest@4.
0.18_@opentelemetr_79cf94950a9c67c30a8346a395238c2f/node_modules/vitest/dist/ch
unks/cli-api.B7PN_QUv.js:[2m7610:22[22m[39m
[90m [2mΓ¥»[22m ChildProcess.emit node:events:[2m524:28[22m[39m
[90m [2mΓ¥»[22m Process.ChildProcess._handle.onexit 
node:internal/child_process:[2m293:12[22m[39m

[31m[1mCaused by: Error[22m: Worker exited unexpectedly[39m
[90m [2mΓ¥»[22m ChildProcess.emitUnexpectedExit node_modules/.pnpm/vitest@4.
0.18_@opentelemetr_79cf94950a9c67c30a8346a395238c2f/node_modules/vitest/dist/ch
unks/cli-api.B7PN_QUv.js:[2m7609:33[22m[39m
[90m [2mΓ¥»[22m ChildProcess.emit node:events:[2m524:28[22m[39m
[90m [2mΓ¥»[22m Process.ChildProcess._handle.onexit 
node:internal/child_process:[2m293:12[22m[39m

[31mΓÄ»ΓÄ»ΓÄ»ΓÄ»ΓÄ»ΓÄ»ΓÄ»ΓÄ»ΓÄ»ΓÄ»ΓÄ»ΓÄ»ΓÄ»ΓÄ»ΓÄ»ΓÄ»ΓÄ»ΓÄ»ΓÄ»ΓÄ»ΓÄ»ΓÄ»ΓÄ»ΓÄ»ΓÄ
»ΓÄ»ΓÄ»ΓÄ»ΓÄ»ΓÄ»[39m

ΓÇëELIFECYCLEΓÇë Test failed. See above for more details.
